ARM GAS  C:\Users\zhmis\AppData\Local\Temp\ccLFr0PG.s 			page 1


   1              		.cpu cortex-m4
   2              		.arch armv7e-m
   3              		.fpu fpv4-sp-d16
   4              		.eabi_attribute 27, 1
   5              		.eabi_attribute 28, 1
   6              		.eabi_attribute 20, 1
   7              		.eabi_attribute 21, 1
   8              		.eabi_attribute 23, 3
   9              		.eabi_attribute 24, 1
  10              		.eabi_attribute 25, 1
  11              		.eabi_attribute 26, 1
  12              		.eabi_attribute 30, 1
  13              		.eabi_attribute 34, 1
  14              		.eabi_attribute 18, 4
  15              		.file	"font24.c"
  16              		.text
  17              	.Ltext0:
  18              		.cfi_sections	.debug_frame
  19              		.file 1 "Core/Src/font24.c"
  20              		.global	Font24
  21              		.section	.data.Font24,"aw"
  22              		.align	2
  25              	Font24:
  26 0000 00000000 		.word	Font24_Table
  27 0004 1100     		.short	17
  28 0006 1800     		.short	24
  29 0008 03       		.byte	3
  30 0009 000000   		.space	3
  31              		.global	Font24_Table
  32              		.section	.rodata.Font24_Table,"a"
  33              		.align	2
  36              	Font24_Table:
  37 0000 00000000 		.ascii	"\000\000\000\000\000\000\000\000\000\000\000\000\000"
  37      00000000 
  37      00000000 
  37      00
  38 000d 00000000 		.ascii	"\000\000\000\000\000\000\000\000\000\000\000\000\000"
  38      00000000 
  38      00000000 
  38      00
  39 001a 00000000 		.ascii	"\000\000\000\000\000\000\000\000\000\000\000\000\000"
  39      00000000 
  39      00000000 
  39      00
  40 0027 00000000 		.ascii	"\000\000\000\000\000\000\000\000\000\000\000\000\000"
  40      00000000 
  40      00000000 
  40      00
  41 0034 00000000 		.ascii	"\000\000\000\000\000\000\000\000\000\000\000\000\000"
  41      00000000 
  41      00000000 
  41      00
  42 0041 00000000 		.ascii	"\000\000\000\000\000\000\000\000\000\000\000\000\000"
  42      00000000 
  42      00000000 
  42      00
  43 004e 03800003 		.ascii	"\003\200\000\003\200\000\003\200\000\003\200\000\003"
ARM GAS  C:\Users\zhmis\AppData\Local\Temp\ccLFr0PG.s 			page 2


  43      80000380 
  43      00038000 
  43      03
  44 005b 80000380 		.ascii	"\200\000\003\200\000\003\200\000\003\200\000\003\200"
  44      00038000 
  44      03800003 
  44      80
  45 0068 00010000 		.ascii	"\000\001\000\000\001\000\000\000\000\000\000\000\000"
  45      01000000 
  45      00000000 
  45      00
  46 0075 03800003 		.ascii	"\003\200\000\003\200\000\000\000\000\000\000\000\000"
  46      80000000 
  46      00000000 
  46      00
  47 0082 00000000 		.ascii	"\000\000\000\000\000\000\000\000\000\000\000\000\000"
  47      00000000 
  47      00000000 
  47      00
  48 008f 00000000 		.ascii	"\000\000\000\000\000\000\000\000\000\000\016p\000\016"
  48      00000000 
  48      00000E70 
  48      000E
  49 009d 70000E70 		.ascii	"p\000\016p\000\004 \000\004 \000\004 \000\004 \000\000"
  49      00042000 
  49      04200004 
  49      20000420 
  49      0000
  50 00af 00000000 		.ascii	"\000\000\000\000\000\000\000\000\000\000\000\000\000"
  50      00000000 
  50      00000000 
  50      00
  51 00bc 00000000 		.ascii	"\000\000\000\000\000\000\000\000\000\000\000\000\000"
  51      00000000 
  51      00000000 
  51      00
  52 00c9 00000000 		.ascii	"\000\000\000\000\000\000\000\000\000\000\000\000\000"
  52      00000000 
  52      00000000 
  52      00
  53 00d6 00000000 		.ascii	"\000\000\000\000\000\000\000\000\006`\000\006`\000\006"
  53      00000000 
  53      06600006 
  53      600006
  54 00e5 60000660 		.ascii	"`\000\006`\000\006`\000?\370\000?\370\000\006`\000\014"
  54      00066000 
  54      3FF8003F 
  54      F8000660 
  54      000C
  55 00f7 C0003FF8 		.ascii	"\300\000?\370\000?\370\000\014\300\000\014\300\000\014"
  55      003FF800 
  55      0CC0000C 
  55      C0000C
  56 0106 C0000CC0 		.ascii	"\300\000\014\300\000\014\300\000\000\000\000\000\000"
  56      000CC000 
  56      00000000 
  56      00
ARM GAS  C:\Users\zhmis\AppData\Local\Temp\ccLFr0PG.s 			page 3


  57 0113 00000000 		.ascii	"\000\000\000\000\000\000\000\000\000\000\000\000\000"
  57      00000000 
  57      00000000 
  57      00
  58 0120 00000001 		.ascii	"\000\000\000\001\200\000\001\200\000\007\260\000\017"
  58      80000180 
  58      0007B000 
  58      0F
  59 012d F0001870 		.ascii	"\360\000\030p\000\030p\000\034\000\000\017\200\000\007"
  59      00187000 
  59      1C00000F 
  59      800007
  60 013c E00000F0 		.ascii	"\340\000\000\360\000\0300\000\0340\000\034p\000\037"
  60      00183000 
  60      1C30001C 
  60      70001F
  61 014b E0001BC0 		.ascii	"\340\000\033\300\000\001\200\000\001\200\000\001\200"
  61      00018000 
  61      01800001 
  61      80
  62 0158 00018000 		.ascii	"\000\001\200\000\000\000\000\000\000\000\000\000\000"
  62      00000000 
  62      00000000 
  62      00
  63 0165 00000000 		.ascii	"\000\000\000\000\000\000\000\000\000\007\200\000\017"
  63      00000000 
  63      00078000 
  63      0F
  64 0172 C0001CE0 		.ascii	"\300\000\034\340\000\030`\000\030`\000\034\340\000\017"
  64      00186000 
  64      1860001C 
  64      E0000F
  65 0181 F80007E0 		.ascii	"\370\000\007\340\000\037\360\000\0078\000\006\030\000"
  65      001FF000 
  65      07380006 
  65      1800
  66 018f 06180007 		.ascii	"\006\030\000\0078\000\003\360\000\001\340\000\000\000"
  66      380003F0 
  66      0001E000 
  66      0000
  67 019d 00000000 		.ascii	"\000\000\000\000\000\000\000\000\000\000\000\000\000"
  67      00000000 
  67      00000000 
  67      00
  68 01aa 00000000 		.ascii	"\000\000\000\000\000\000\000\000\000\000\000\000\000"
  68      00000000 
  68      00000000 
  68      00
  69 01b7 00000000 		.ascii	"\000\000\000\000\000\003\360\000\007\360\000\014`\000"
  69      0003F000 
  69      07F0000C 
  69      6000
  70 01c5 0C00000C 		.ascii	"\014\000\000\014\000\000\006\000\000\007\000\000\017"
  70      00000600 
  70      00070000 
  70      0F
  71 01d2 9C001DFC 		.ascii	"\234\000\035\374\000\030\360\000\030p\000\017\374\000"
ARM GAS  C:\Users\zhmis\AppData\Local\Temp\ccLFr0PG.s 			page 4


  71      0018F000 
  71      1870000F 
  71      FC00
  72 01e0 07DC0000 		.ascii	"\007\334\000\000\000\000\000\000\000\000\000\000\000"
  72      00000000 
  72      00000000 
  72      00
  73 01ed 00000000 		.ascii	"\000\000\000\000\000\000\000\000\000\000\000\000\000"
  73      00000000 
  73      00000000 
  73      00
  74 01fa 00000000 		.ascii	"\000\000\000\000\000\000\000\003\200\000\003\200\000"
  74      00000003 
  74      80000380 
  74      00
  75 0207 03800001 		.ascii	"\003\200\000\001\000\000\001\000\000\001\000\000\001"
  75      00000100 
  75      00010000 
  75      01
  76 0214 00000000 		.ascii	"\000\000\000\000\000\000\000\000\000\000\000\000\000"
  76      00000000 
  76      00000000 
  76      00
  77 0221 00000000 		.ascii	"\000\000\000\000\000\000\000\000\000\000\000\000\000"
  77      00000000 
  77      00000000 
  77      00
  78 022e 00000000 		.ascii	"\000\000\000\000\000\000\000\000\000\000\000\000\000"
  78      00000000 
  78      00000000 
  78      00
  79 023b 00000000 		.ascii	"\000\000\000\000\000\000\000\000\000\000\000\000\030"
  79      00000000 
  79      00000000 
  79      18
  80 0248 00003800 		.ascii	"\000\0008\000\000p\000\000\360\000\000\340\000\000\340"
  80      00700000 
  80      F00000E0 
  80      0000E0
  81 0257 0001C000 		.ascii	"\000\001\300\000\001\300\000\001\300\000\001\300\000"
  81      01C00001 
  81      C00001C0 
  81      00
  82 0264 01C00001 		.ascii	"\001\300\000\001\300\000\000\340\000\000\340\000\000"
  82      C00000E0 
  82      0000E000 
  82      00
  83 0271 70000070 		.ascii	"p\000\000p\000\0008\000\000\030\000\000\000\000\000"
  83      00003800 
  83      00180000 
  83      000000
  84 0280 00000000 		.ascii	"\000\000\000\000\000\000\000\000\000\000\000\000\000"
  84      00000000 
  84      00000000 
  84      00
  85 028d 00180000 		.ascii	"\000\030\000\000\034\000\000\016\000\000\016\000\000"
  85      1C00000E 
ARM GAS  C:\Users\zhmis\AppData\Local\Temp\ccLFr0PG.s 			page 5


  85      00000E00 
  85      00
  86 029a 07000007 		.ascii	"\007\000\000\007\000\000\003\200\000\003\200\000\003"
  86      00000380 
  86      00038000 
  86      03
  87 02a7 80000380 		.ascii	"\200\000\003\200\000\003\200\000\003\200\000\007\000"
  87      00038000 
  87      03800007 
  87      00
  88 02b4 00070000 		.ascii	"\000\007\000\000\017\000\000\016\000\000\034\000\000"
  88      0F00000E 
  88      00001C00 
  88      00
  89 02c1 18000000 		.ascii	"\030\000\000\000\000\000\000\000\000\000\000\000\000"
  89      00000000 
  89      00000000 
  89      00
  90 02ce 00000000 		.ascii	"\000\000\000\000\000\000\000\000\001\200\000\001\200"
  90      00000000 
  90      01800001 
  90      80
  91 02db 00018000 		.ascii	"\000\001\200\000\035\270\000\037\370\000\007\340\000"
  91      1DB8001F 
  91      F80007E0 
  91      00
  92 02e8 03C00003 		.ascii	"\003\300\000\003\300\000\006`\000\006`\000\000\000\000"
  92      C0000660 
  92      00066000 
  92      000000
  93 02f7 00000000 		.ascii	"\000\000\000\000\000\000\000\000\000\000\000\000\000"
  93      00000000 
  93      00000000 
  93      00
  94 0304 00000000 		.ascii	"\000\000\000\000\000\000\000\000\000\000\000\000\000"
  94      00000000 
  94      00000000 
  94      00
  95 0311 00000000 		.ascii	"\000\000\000\000\000\000\000\000\000\000\000\000\000"
  95      00000000 
  95      00000000 
  95      00
  96 031e 00000000 		.ascii	"\000\000\000\000\000\000\001\200\000\001\200\000\001"
  96      00000180 
  96      00018000 
  96      01
  97 032b 80000180 		.ascii	"\200\000\001\200\000\001\200\000?\374\000?\374\000\001"
  97      00018000 
  97      3FFC003F 
  97      FC0001
  98 033a 80000180 		.ascii	"\200\000\001\200\000\001\200\000\001\200\000\001\200"
  98      00018000 
  98      01800001 
  98      80
  99 0347 00000000 		.ascii	"\000\000\000\000\000\000\000\000\000\000\000\000\000"
  99      00000000 
  99      00000000 
ARM GAS  C:\Users\zhmis\AppData\Local\Temp\ccLFr0PG.s 			page 6


  99      00
 100 0354 00000000 		.ascii	"\000\000\000\000\000\000\000\000\000\000\000\000\000"
 100      00000000 
 100      00000000 
 100      00
 101 0361 00000000 		.ascii	"\000\000\000\000\000\000\000\000\000\000\000\000\000"
 101      00000000 
 101      00000000 
 101      00
 102 036e 00000000 		.ascii	"\000\000\000\000\000\000\000\000\000\000\000\000\000"
 102      00000000 
 102      00000000 
 102      00
 103 037b 00000000 		.ascii	"\000\000\000\000\000\000\000\000\000\000\000\000\000"
 103      00000000 
 103      00000000 
 103      00
 104 0388 000000E0 		.ascii	"\000\000\000\340\000\000\300\000\001\300\000\001\200"
 104      0000C000 
 104      01C00001 
 104      80
 105 0395 00018000 		.ascii	"\000\001\200\000\003\000\000\003\000\000\000\000\000"
 105      03000003 
 105      00000000 
 105      00
 106 03a2 00000000 		.ascii	"\000\000\000\000\000\000\000\000\000\000\000\000\000"
 106      00000000 
 106      00000000 
 106      00
 107 03af 00000000 		.ascii	"\000\000\000\000\000\000\000\000\000\000\000\000\000"
 107      00000000 
 107      00000000 
 107      00
 108 03bc 00000000 		.ascii	"\000\000\000\000\000\000\000\037\370\000\037\370\000"
 108      0000001F 
 108      F8001FF8 
 108      00
 109 03c9 00000000 		.ascii	"\000\000\000\000\000\000\000\000\000\000\000\000\000"
 109      00000000 
 109      00000000 
 109      00
 110 03d6 00000000 		.ascii	"\000\000\000\000\000\000\000\000\000\000\000\000\000"
 110      00000000 
 110      00000000 
 110      00
 111 03e3 00000000 		.ascii	"\000\000\000\000\000\000\000\000\000\000\000\000\000"
 111      00000000 
 111      00000000 
 111      00
 112 03f0 00000000 		.ascii	"\000\000\000\000\000\000\000\000\000\000\000\000\000"
 112      00000000 
 112      00000000 
 112      00
 113 03fd 00000000 		.ascii	"\000\000\000\000\000\000\000\000\000\000\000\000\000"
 113      00000000 
 113      00000000 
 113      00
ARM GAS  C:\Users\zhmis\AppData\Local\Temp\ccLFr0PG.s 			page 7


 114 040a 00000000 		.ascii	"\000\000\000\000\000\000\000\000\000\000\000\000\000"
 114      00000000 
 114      00000000 
 114      00
 115 0417 00000003 		.ascii	"\000\000\000\003\300\000\003\300\000\003\300\000\000"
 115      C00003C0 
 115      0003C000 
 115      00
 116 0424 00000000 		.ascii	"\000\000\000\000\000\000\000\000\000\000\000\000\000"
 116      00000000 
 116      00000000 
 116      00
 117 0431 00000000 		.ascii	"\000\000\000\000\000\000\000\000\030\000\000\030\000"
 117      00000000 
 117      18000018 
 117      00
 118 043e 00380000 		.ascii	"\0008\000\0000\000\000p\000\000`\000\000`\000\000\300"
 118      30000070 
 118      00006000 
 118      00600000 
 118      C0
 119 044f 0000C000 		.ascii	"\000\000\300\000\001\200\000\001\200\000\003\000\000"
 119      01800001 
 119      80000300 
 119      00
 120 045c 03000006 		.ascii	"\003\000\000\006\000\000\006\000\000\016\000\000\014"
 120      00000600 
 120      000E0000 
 120      0C
 121 0469 00001C00 		.ascii	"\000\000\034\000\000\030\000\000\030\000\000\000\000"
 121      00180000 
 121      18000000 
 121      00
 122 0476 00000000 		.ascii	"\000\000\000\000\000\000\000\000\000\000\000\000\000"
 122      00000000 
 122      00000000 
 122      00
 123 0483 00000003 		.ascii	"\000\000\000\003\300\000\007\340\000\0140\000\0140\000"
 123      C00007E0 
 123      000C3000 
 123      0C3000
 124 0492 18180018 		.ascii	"\030\030\000\030\030\000\030\030\000\030\030\000\030"
 124      18001818 
 124      00181800 
 124      18
 125 049f 18001818 		.ascii	"\030\000\030\030\000\030\030\000\0140\000\0140\000\007"
 125      00181800 
 125      0C30000C 
 125      300007
 126 04ae E00003C0 		.ascii	"\340\000\003\300\000\000\000\000\000\000\000\000\000"
 126      00000000 
 126      00000000 
 126      00
 127 04bb 00000000 		.ascii	"\000\000\000\000\000\000\000\000\000\000\000\000\000"
 127      00000000 
 127      00000000 
 127      00
ARM GAS  C:\Users\zhmis\AppData\Local\Temp\ccLFr0PG.s 			page 8


 128 04c8 00000000 		.ascii	"\000\000\000\000\000\000\000\200\000\007\200\000\037"
 128      00000080 
 128      00078000 
 128      1F
 129 04d5 80001D80 		.ascii	"\200\000\035\200\000\001\200\000\001\200\000\001\200"
 129      00018000 
 129      01800001 
 129      80
 130 04e2 00018000 		.ascii	"\000\001\200\000\001\200\000\001\200\000\001\200\000"
 130      01800001 
 130      80000180 
 130      00
 131 04ef 01800001 		.ascii	"\001\200\000\001\200\000\037\370\000\037\370\000\000"
 131      80001FF8 
 131      001FF800 
 131      00
 132 04fc 00000000 		.ascii	"\000\000\000\000\000\000\000\000\000\000\000\000\000"
 132      00000000 
 132      00000000 
 132      00
 133 0509 00000000 		.ascii	"\000\000\000\000\000\000\000\000\000\000\000\000\000"
 133      00000000 
 133      00000000 
 133      00
 134 0516 07C0001F 		.ascii	"\007\300\000\037\360\00080\0000\030\0000\030\000\000"
 134      F0003830 
 134      00301800 
 134      30180000 
 135 0526 18000030 		.ascii	"\030\000\0000\000\000`\000\001\300\000\003\200\000\006"
 135      00006000 
 135      01C00003 
 135      800006
 136 0535 00000C00 		.ascii	"\000\000\014\000\000\030\000\000?\370\000?\370\000\000"
 136      00180000 
 136      3FF8003F 
 136      F80000
 137 0544 00000000 		.ascii	"\000\000\000\000\000\000\000\000\000\000\000\000\000"
 137      00000000 
 137      00000000 
 137      00
 138 0551 00000000 		.ascii	"\000\000\000\000\000\000\000\000\000\000\000\000\000"
 138      00000000 
 138      00000000 
 138      00
 139 055e 03C0000F 		.ascii	"\003\300\000\017\340\000\014p\000\0000\000\0000\000"
 139      E0000C70 
 139      00003000 
 139      003000
 140 056d 00600003 		.ascii	"\000`\000\003\300\000\003\340\000\000p\000\000\030\000"
 140      C00003E0 
 140      00007000 
 140      001800
 141 057c 00180000 		.ascii	"\000\030\000\000\030\000\0308\000\037\360\000\017\300"
 141      18001838 
 141      001FF000 
 141      0FC0
 142 058a 00000000 		.ascii	"\000\000\000\000\000\000\000\000\000\000\000\000\000"
ARM GAS  C:\Users\zhmis\AppData\Local\Temp\ccLFr0PG.s 			page 9


 142      00000000 
 142      00000000 
 142      00
 143 0597 00000000 		.ascii	"\000\000\000\000\000\000\000\000\000\000\000\000\000"
 143      00000000 
 143      00000000 
 143      00
 144 05a4 000000E0 		.ascii	"\000\000\000\340\000\001\340\000\001\340\000\003`\000"
 144      0001E000 
 144      01E00003 
 144      6000
 145 05b2 06600006 		.ascii	"\006`\000\006`\000\014`\000\014`\000\030`\0000`\000"
 145      60000C60 
 145      000C6000 
 145      18600030 
 145      6000
 146 05c4 3FF8003F 		.ascii	"?\370\000?\370\000\000`\000\003\370\000\003\370\000"
 146      F8000060 
 146      0003F800 
 146      03F800
 147 05d3 00000000 		.ascii	"\000\000\000\000\000\000\000\000\000\000\000\000\000"
 147      00000000 
 147      00000000 
 147      00
 148 05e0 00000000 		.ascii	"\000\000\000\000\000\000\000\000\000\000\000\000\000"
 148      00000000 
 148      00000000 
 148      00
 149 05ed 001FF000 		.ascii	"\000\037\360\000\037\360\000\030\000\000\030\000\000"
 149      1FF00018 
 149      00001800 
 149      00
 150 05fa 1800001B 		.ascii	"\030\000\000\033\300\000\037\360\000\0340\000\000\030"
 150      C0001FF0 
 150      001C3000 
 150      0018
 151 0608 00001800 		.ascii	"\000\000\030\000\000\030\000\000\030\00000\000?\360"
 151      00180000 
 151      18003030 
 151      003FF0
 152 0617 000FC000 		.ascii	"\000\017\300\000\000\000\000\000\000\000\000\000\000"
 152      00000000 
 152      00000000 
 152      00
 153 0624 00000000 		.ascii	"\000\000\000\000\000\000\000\000\000\000\000\000\000"
 153      00000000 
 153      00000000 
 153      00
 154 0631 00000000 		.ascii	"\000\000\000\000\000\000\370\000\003\370\000\007\000"
 154      0000F800 
 154      03F80007 
 154      00
 155 063e 000E0000 		.ascii	"\000\016\000\000\014\000\000\030\000\000\033\300\000"
 155      0C000018 
 155      00001BC0 
 155      00
 156 064b 1FF0001C 		.ascii	"\037\360\000\0340\000\030\030\000\030\030\000\030\030"
ARM GAS  C:\Users\zhmis\AppData\Local\Temp\ccLFr0PG.s 			page 10


 156      30001818 
 156      00181800 
 156      1818
 157 0659 000C3800 		.ascii	"\000\0148\000\017\360\000\003\340\000\000\000\000\000"
 157      0FF00003 
 157      E0000000 
 157      0000
 158 0667 00000000 		.ascii	"\000\000\000\000\000\000\000\000\000\000\000\000\000"
 158      00000000 
 158      00000000 
 158      00
 159 0674 00000000 		.ascii	"\000\000\000\000\000\000\000\000\000\000\037\370\000"
 159      00000000 
 159      00001FF8 
 159      00
 160 0681 1FF80018 		.ascii	"\037\370\000\030\030\000\0308\000\0000\000\0000\000"
 160      18001838 
 160      00003000 
 160      003000
 161 0690 00700000 		.ascii	"\000p\000\000`\000\000`\000\000\340\000\000\300\000"
 161      60000060 
 161      0000E000 
 161      00C000
 162 069f 00C00001 		.ascii	"\000\300\000\001\300\000\001\200\000\001\200\000\000"
 162      C0000180 
 162      00018000 
 162      00
 163 06ac 00000000 		.ascii	"\000\000\000\000\000\000\000\000\000\000\000\000\000"
 163      00000000 
 163      00000000 
 163      00
 164 06b9 00000000 		.ascii	"\000\000\000\000\000\000\000\000\000\000\000\000\000"
 164      00000000 
 164      00000000 
 164      00
 165 06c6 07E0000F 		.ascii	"\007\340\000\017\360\000\0348\000\030\030\000\030\030"
 165      F0001C38 
 165      00181800 
 165      1818
 166 06d4 000C3000 		.ascii	"\000\0140\000\007\340\000\007\340\000\0140\000\030\030"
 166      07E00007 
 166      E0000C30 
 166      001818
 167 06e3 00181800 		.ascii	"\000\030\030\000\030\030\000\0348\000\017\360\000\007"
 167      1818001C 
 167      38000FF0 
 167      0007
 168 06f1 E0000000 		.ascii	"\340\000\000\000\000\000\000\000\000\000\000\000\000"
 168      00000000 
 168      00000000 
 168      00
 169 06fe 00000000 		.ascii	"\000\000\000\000\000\000\000\000\000\000\000\000\000"
 169      00000000 
 169      00000000 
 169      00
 170 070b 00000007 		.ascii	"\000\000\000\007\300\000\017\360\000\0340\000\030\030"
 170      C0000FF0 
ARM GAS  C:\Users\zhmis\AppData\Local\Temp\ccLFr0PG.s 			page 11


 170      001C3000 
 170      1818
 171 0719 00181800 		.ascii	"\000\030\030\000\030\030\000\0148\000\017\370\000\003"
 171      1818000C 
 171      38000FF8 
 171      0003
 172 0727 D8000018 		.ascii	"\330\000\000\030\000\0000\000\000p\000\000\340\000\037"
 172      00003000 
 172      00700000 
 172      E0001F
 173 0736 C0001F00 		.ascii	"\300\000\037\000\000\000\000\000\000\000\000\000\000"
 173      00000000 
 173      00000000 
 173      00
 174 0743 00000000 		.ascii	"\000\000\000\000\000\000\000\000\000\000\000\000\000"
 174      00000000 
 174      00000000 
 174      00
 175 0750 00000000 		.ascii	"\000\000\000\000\000\000\000\000\000\000\000\000\000"
 175      00000000 
 175      00000000 
 175      00
 176 075d 00000000 		.ascii	"\000\000\000\000\000\003\300\000\003\300\000\003\300"
 176      0003C000 
 176      03C00003 
 176      C0
 177 076a 00000000 		.ascii	"\000\000\000\000\000\000\000\000\000\000\000\000\000"
 177      00000000 
 177      00000000 
 177      00
 178 0777 00000003 		.ascii	"\000\000\000\003\300\000\003\300\000\003\300\000\000"
 178      C00003C0 
 178      0003C000 
 178      00
 179 0784 00000000 		.ascii	"\000\000\000\000\000\000\000\000\000\000\000\000\000"
 179      00000000 
 179      00000000 
 179      00
 180 0791 00000000 		.ascii	"\000\000\000\000\000\000\000\000\000\000\000\000\000"
 180      00000000 
 180      00000000 
 180      00
 181 079e 00000000 		.ascii	"\000\000\000\000\000\000\000\000\000\000\000\000\000"
 181      00000000 
 181      00000000 
 181      00
 182 07ab F00000F0 		.ascii	"\360\000\000\360\000\000\360\000\000\000\000\000\000"
 182      0000F000 
 182      00000000 
 182      00
 183 07b8 00000000 		.ascii	"\000\000\000\000\000\000\000\000\340\000\001\300\000"
 183      00000000 
 183      E00001C0 
 183      00
 184 07c5 01800001 		.ascii	"\001\200\000\001\200\000\003\000\000\002\000"
 184      80000300 
 184      000200
ARM GAS  C:\Users\zhmis\AppData\Local\Temp\ccLFr0PG.s 			page 12


 185 07d0 00000000 		.ascii	"\000\000\000\000\000\000\000\000\000\000\000\000\000"
 185      00000000 
 185      00000000 
 185      00
 186 07dd 00000000 		.ascii	"\000\000\000\000\000\000\000\000\000\000\000\000\000"
 186      00000000 
 186      00000000 
 186      00
 187 07ea 0000001C 		.ascii	"\000\000\000\034\000\000<\000\000\360\000\003\300\000"
 187      00003C00 
 187      00F00003 
 187      C000
 188 07f8 0F00003C 		.ascii	"\017\000\000<\000\000\360\000\000<\000\000\017\000\000"
 188      0000F000 
 188      003C0000 
 188      0F0000
 189 0807 03C00000 		.ascii	"\003\300\000\000\360\000\000<\000\000\034\000\000\000"
 189      F000003C 
 189      00001C00 
 189      0000
 190 0815 00000000 		.ascii	"\000\000\000\000\000\000\000\000\000\000\000\000\000"
 190      00000000 
 190      00000000 
 190      00
 191 0822 00000000 		.ascii	"\000\000\000\000\000\000\000\000\000\000\000\000\000"
 191      00000000 
 191      00000000 
 191      00
 192 082f 00000000 		.ascii	"\000\000\000\000\000\000\000\000\000\000\000\000\000"
 192      00000000 
 192      00000000 
 192      00
 193 083c 007FFC00 		.ascii	"\000\177\374\000\177\374\000\000\000\000\000\000\000"
 193      7FFC0000 
 193      00000000 
 193      00
 194 0849 7FFC007F 		.ascii	"\177\374\000\177\374\000\000\000\000\000\000\000\000"
 194      FC000000 
 194      00000000 
 194      00
 195 0856 00000000 		.ascii	"\000\000\000\000\000\000\000\000\000\000\000\000\000"
 195      00000000 
 195      00000000 
 195      00
 196 0863 00000000 		.ascii	"\000\000\000\000\000\000\000\000\000\000\000\000\000"
 196      00000000 
 196      00000000 
 196      00
 197 0870 00000000 		.ascii	"\000\000\000\000\000\000\000\000\000\000\000\000p\000"
 197      00000000 
 197      00000000 
 197      7000
 198 087e 00780000 		.ascii	"\000x\000\000\036\000\000\007\200\000\001\340\000\000"
 198      1E000007 
 198      800001E0 
 198      0000
 199 088c 7800001E 		.ascii	"x\000\000\036\000\000x\000\001\340\000\007\200\000\036"
ARM GAS  C:\Users\zhmis\AppData\Local\Temp\ccLFr0PG.s 			page 13


 199      00007800 
 199      01E00007 
 199      80001E
 200 089b 00007800 		.ascii	"\000\000x\000\000p\000\000\000\000\000\000\000\000\000"
 200      00700000 
 200      00000000 
 200      000000
 201 08aa 00000000 		.ascii	"\000\000\000\000\000\000\000\000\000\000\000\000\000"
 201      00000000 
 201      00000000 
 201      00
 202 08b7 00000000 		.ascii	"\000\000\000\000\000\000\000\000\000\000\007\300\000"
 202      00000000 
 202      000007C0 
 202      00
 203 08c4 0FE00018 		.ascii	"\017\340\000\030p\000\0300\000\0300\000\000p\000\000"
 203      70001830 
 203      00183000 
 203      00700000 
 204 08d4 E00003C0 		.ascii	"\340\000\003\300\000\003\200\000\003\000\000\000\000"
 204      00038000 
 204      03000000 
 204      00
 205 08e1 00000000 		.ascii	"\000\000\000\000\007\000\000\007\000\000\000\000\000"
 205      07000007 
 205      00000000 
 205      00
 206 08ee 00000000 		.ascii	"\000\000\000\000\000\000\000\000\000\000\000\000\000"
 206      00000000 
 206      00000000 
 206      00
 207 08fb 00000000 		.ascii	"\000\000\000\000\000\000\000\000\000\000\000\003\340"
 207      00000000 
 207      00000003 
 207      E0
 208 0908 0007F000 		.ascii	"\000\007\360\000\0168\000\014\030\000\030x\000\030\370"
 208      0E38000C 
 208      18001878 
 208      0018F8
 209 0917 0019D800 		.ascii	"\000\031\330\000\031\230\000\031\230\000\031\230\000"
 209      19980019 
 209      98001998 
 209      00
 210 0924 18F80018 		.ascii	"\030\370\000\030x\000\030\000\000\014\000\000\016\030"
 210      78001800 
 210      000C0000 
 210      0E18
 211 0932 0007F800 		.ascii	"\000\007\370\000\003\340\000\000\000\000\000\000\000"
 211      03E00000 
 211      00000000 
 211      00
 212 093f 00000000 		.ascii	"\000\000\000\000\000\000\000\000\000\000\000\000\000"
 212      00000000 
 212      00000000 
 212      00
 213 094c 00000000 		.ascii	"\000\000\000\000\000\037\200\000\037\300\000\001\300"
 213      001F8000 
ARM GAS  C:\Users\zhmis\AppData\Local\Temp\ccLFr0PG.s 			page 14


 213      1FC00001 
 213      C0
 214 0959 00036000 		.ascii	"\000\003`\000\003`\000\0060\000\0060\000\0140\000\017"
 214      03600006 
 214      30000630 
 214      000C3000 
 214      0F
 215 096a F8001FF8 		.ascii	"\370\000\037\370\000\030\014\0000\014\000\374\177\000"
 215      00180C00 
 215      300C00FC 
 215      7F00
 216 0978 FC7F0000 		.ascii	"\374\177\000\000\000\000\000\000\000\000\000\000\000"
 216      00000000 
 216      00000000 
 216      00
 217 0985 00000000 		.ascii	"\000\000\000\000\000\000\000\000\000\000\000\000\000"
 217      00000000 
 217      00000000 
 217      00
 218 0992 00000000 		.ascii	"\000\000\000\000\000\000\000\177\340\000\177\360\000"
 218      0000007F 
 218      E0007FF0 
 218      00
 219 099f 18380018 		.ascii	"\0308\000\030\030\000\030\030\000\0308\000\037\360\000"
 219      18001818 
 219      00183800 
 219      1FF000
 220 09ae 1FF80018 		.ascii	"\037\370\000\030\034\000\030\014\000\030\014\000\030"
 220      1C00180C 
 220      00180C00 
 220      18
 221 09bb 0C007FF8 		.ascii	"\014\000\177\370\000\177\360\000\000\000\000\000\000"
 221      007FF000 
 221      00000000 
 221      00
 222 09c8 00000000 		.ascii	"\000\000\000\000\000\000\000\000\000\000\000\000\000"
 222      00000000 
 222      00000000 
 222      00
 223 09d5 00000000 		.ascii	"\000\000\000\000\000\000\000\000\000\000\000\000\003"
 223      00000000 
 223      00000000 
 223      03
 224 09e2 EC000FFC 		.ascii	"\354\000\017\374\000\034\034\000\030\014\0000\014\000"
 224      001C1C00 
 224      180C0030 
 224      0C00
 225 09f0 30000030 		.ascii	"0\000\0000\000\0000\000\0000\000\0000\000\000\030\014"
 225      00003000 
 225      00300000 
 225      30000018 
 225      0C
 226 0a01 001C1C00 		.ascii	"\000\034\034\000\017\370\000\003\360\000\000\000\000"
 226      0FF80003 
 226      F0000000 
 226      00
 227 0a0e 00000000 		.ascii	"\000\000\000\000\000\000\000\000\000\000\000\000\000"
ARM GAS  C:\Users\zhmis\AppData\Local\Temp\ccLFr0PG.s 			page 15


 227      00000000 
 227      00000000 
 227      00
 228 0a1b 00000000 		.ascii	"\000\000\000\000\000\000\000\000\000\000\000\000\000"
 228      00000000 
 228      00000000 
 228      00
 229 0a28 007FC000 		.ascii	"\000\177\300\000\177\360\000\0308\000\030\030\000\030"
 229      7FF00018 
 229      38001818 
 229      0018
 230 0a36 0C00180C 		.ascii	"\014\000\030\014\000\030\014\000\030\014\000\030\014"
 230      00180C00 
 230      180C0018 
 230      0C
 231 0a43 00180C00 		.ascii	"\000\030\014\000\030\030\000\0308\000\177\360\000\177"
 231      18180018 
 231      38007FF0 
 231      007F
 232 0a51 E0000000 		.ascii	"\340\000\000\000\000\000\000\000\000\000\000\000\000"
 232      00000000 
 232      00000000 
 232      00
 233 0a5e 00000000 		.ascii	"\000\000\000\000\000\000\000\000\000\000\000\000\000"
 233      00000000 
 233      00000000 
 233      00
 234 0a6b 00000000 		.ascii	"\000\000\000\000\000\000\177\370\000\177\370\000\030"
 234      00007FF8 
 234      007FF800 
 234      18
 235 0a78 18001818 		.ascii	"\030\000\030\030\000\031\230\000\031\200\000\037\200"
 235      00199800 
 235      1980001F 
 235      80
 236 0a85 001F8000 		.ascii	"\000\037\200\000\031\200\000\031\230\000\030\030\000"
 236      19800019 
 236      98001818 
 236      00
 237 0a92 1818007F 		.ascii	"\030\030\000\177\370\000\177\370\000\000\000\000\000"
 237      F8007FF8 
 237      00000000 
 237      00
 238 0a9f 00000000 		.ascii	"\000\000\000\000\000\000\000\000\000\000\000\000\000"
 238      00000000 
 238      00000000 
 238      00
 239 0aac 00000000 		.ascii	"\000\000\000\000\000\000\000\000\000\000\000\000\000"
 239      00000000 
 239      00000000 
 239      00
 240 0ab9 3FFC003F 		.ascii	"?\374\000?\374\000\014\014\000\014\014\000\014\314\000"
 240      FC000C0C 
 240      000C0C00 
 240      0CCC00
 241 0ac8 0CC0000F 		.ascii	"\014\300\000\017\300\000\017\300\000\014\300\000\014"
 241      C0000FC0 
ARM GAS  C:\Users\zhmis\AppData\Local\Temp\ccLFr0PG.s 			page 16


 241      000CC000 
 241      0C
 242 0ad5 C0000C00 		.ascii	"\300\000\014\000\000\014\000\000?\300\000?\300\000\000"
 242      000C0000 
 242      3FC0003F 
 242      C00000
 243 0ae4 00000000 		.ascii	"\000\000\000\000\000\000\000\000\000\000\000\000\000"
 243      00000000 
 243      00000000 
 243      00
 244 0af1 00000000 		.ascii	"\000\000\000\000\000\000\000\000\000\000\000\000\000"
 244      00000000 
 244      00000000 
 244      00
 245 0afe 00000003 		.ascii	"\000\000\000\003\354\000\017\374\000\034\034\000\030"
 245      EC000FFC 
 245      001C1C00 
 245      18
 246 0b0b 0C00300C 		.ascii	"\014\0000\014\0000\000\0000\000\0000\376\0000\376\000"
 246      00300000 
 246      30000030 
 246      FE0030FE 
 246      00
 247 0b1c 300C0038 		.ascii	"0\014\0008\014\000\034\034\000\017\374\000\003\360\000"
 247      0C001C1C 
 247      000FFC00 
 247      03F000
 248 0b2b 00000000 		.ascii	"\000\000\000\000\000\000\000\000\000\000\000\000\000"
 248      00000000 
 248      00000000 
 248      00
 249 0b38 00000000 		.ascii	"\000\000\000\000\000\000\000\000\000\000\000\000\000"
 249      00000000 
 249      00000000 
 249      00
 250 0b45 00000000 		.ascii	"\000\000\000\000~~\000~~\000\030\030\000\030\030\000"
 250      7E7E007E 
 250      7E001818 
 250      00181800 
 251 0b55 18180018 		.ascii	"\030\030\000\030\030\000\037\370\000\037\370\000\030"
 251      18001FF8 
 251      001FF800 
 251      18
 252 0b62 18001818 		.ascii	"\030\000\030\030\000\030\030\000\030\030\000~~\000~"
 252      00181800 
 252      1818007E 
 252      7E007E
 253 0b71 7E000000 		.ascii	"~\000\000\000\000\000\000\000\000\000\000\000\000\000"
 253      00000000 
 253      00000000 
 253      0000
 254 0b7f 00000000 		.ascii	"\000\000\000\000\000\000\000\000\000\000\000\000\000"
 254      00000000 
 254      00000000 
 254      00
 255 0b8c 00000000 		.ascii	"\000\000\000\000\000\037\370\000\037\370\000\001\200"
 255      001FF800 
ARM GAS  C:\Users\zhmis\AppData\Local\Temp\ccLFr0PG.s 			page 17


 255      1FF80001 
 255      80
 256 0b99 00018000 		.ascii	"\000\001\200\000\001\200\000\001\200\000\001\200\000"
 256      01800001 
 256      80000180 
 256      00
 257 0ba6 01800001 		.ascii	"\001\200\000\001\200\000\001\200\000\001\200\000\001"
 257      80000180 
 257      00018000 
 257      01
 258 0bb3 80001FF8 		.ascii	"\200\000\037\370\000\037\370\000\000\000\000\000\000"
 258      001FF800 
 258      00000000 
 258      00
 259 0bc0 00000000 		.ascii	"\000\000\000\000\000\000\000\000\000\000\000\000\000"
 259      00000000 
 259      00000000 
 259      00
 260 0bcd 00000000 		.ascii	"\000\000\000\000\000\000\000\000\000\000\000\000\007"
 260      00000000 
 260      00000000 
 260      07
 261 0bda FE0007FE 		.ascii	"\376\000\007\376\000\0000\000\0000\000\0000\000\000"
 261      00003000 
 261      00300000 
 261      300000
 262 0be9 30000030 		.ascii	"0\000\0000\00000\00000\00000\00000\0000`\000?\340\000"
 262      00303000 
 262      30300030 
 262      30003030 
 262      00306000 
 263 0c00 0F800000 		.ascii	"\017\200\000\000\000\000\000\000\000\000\000\000\000"
 263      00000000 
 263      00000000 
 263      00
 264 0c0d 00000000 		.ascii	"\000\000\000\000\000\000\000\000\000\000\000\000\000"
 264      00000000 
 264      00000000 
 264      00
 265 0c1a 00000000 		.ascii	"\000\000\000\000\000\000\000\177>\000\177>\000\0300"
 265      0000007F 
 265      3E007F3E 
 265      001830
 266 0c29 00186000 		.ascii	"\000\030`\000\030\300\000\031\200\000\033\200\000\037"
 266      18C00019 
 266      80001B80 
 266      001F
 267 0c37 C0001CE0 		.ascii	"\300\000\034\340\000\030p\000\0300\000\0308\000\177"
 267      00187000 
 267      18300018 
 267      38007F
 268 0c46 1F007F1F 		.ascii	"\037\000\177\037\000\000\000\000\000\000\000\000\000"
 268      00000000 
 268      00000000 
 268      00
 269 0c53 00000000 		.ascii	"\000\000\000\000\000\000\000\000\000\000\000\000\000"
 269      00000000 
ARM GAS  C:\Users\zhmis\AppData\Local\Temp\ccLFr0PG.s 			page 18


 269      00000000 
 269      00
 270 0c60 00000000 		.ascii	"\000\000\000\000\000\000\000\000\000\177\200\000\177"
 270      00000000 
 270      007F8000 
 270      7F
 271 0c6d 80000C00 		.ascii	"\200\000\014\000\000\014\000\000\014\000\000\014\000"
 271      000C0000 
 271      0C00000C 
 271      00
 272 0c7a 000C0000 		.ascii	"\000\014\000\000\014\000\000\014\014\000\014\014\000"
 272      0C00000C 
 272      0C000C0C 
 272      00
 273 0c87 0C0C000C 		.ascii	"\014\014\000\014\014\000\177\374\000\177\374\000\000"
 273      0C007FFC 
 273      007FFC00 
 273      00
 274 0c94 00000000 		.ascii	"\000\000\000\000\000\000\000\000\000\000\000\000\000"
 274      00000000 
 274      00000000 
 274      00
 275 0ca1 00000000 		.ascii	"\000\000\000\000\000\000\000\000\000\000\000\000\000"
 275      00000000 
 275      00000000 
 275      00
 276 0cae 000000F0 		.ascii	"\000\000\000\360\017\000\370\037\0008\034\000<<\000"
 276      0F00F81F 
 276      00381C00 
 276      3C3C00
 277 0cbd 3C3C0036 		.ascii	"<<\0006l\0006l\0003\314\0003\314\0001\214\0000\014\000"
 277      6C00366C 
 277      0033CC00 
 277      33CC0031 
 277      8C00300C 
 278 0cd2 300C00FE 		.ascii	"0\014\000\376\177\000\376\177\000\000\000\000\000\000"
 278      7F00FE7F 
 278      00000000 
 278      0000
 279 0ce0 00000000 		.ascii	"\000\000\000\000\000\000\000\000\000\000\000\000\000"
 279      00000000 
 279      00000000 
 279      00
 280 0ced 00000000 		.ascii	"\000\000\000\000\000\000\000\000\000\000\000\000x\376"
 280      00000000 
 280      00000000 
 280      78FE
 281 0cfb 0078FE00 		.ascii	"\000x\376\000\034\030\000\036\030\000\037\030\000\033"
 281      1C18001E 
 281      18001F18 
 281      001B
 282 0d09 18001B98 		.ascii	"\030\000\033\230\000\031\330\000\030\330\000\030\370"
 282      0019D800 
 282      18D80018 
 282      F8
 283 0d16 00187800 		.ascii	"\000\030x\000\0308\000\177\030\000\177\030\000\000\000"
 283      1838007F 
ARM GAS  C:\Users\zhmis\AppData\Local\Temp\ccLFr0PG.s 			page 19


 283      18007F18 
 283      000000
 284 0d25 00000000 		.ascii	"\000\000\000\000\000\000\000\000\000\000\000\000\000"
 284      00000000 
 284      00000000 
 284      00
 285 0d32 00000000 		.ascii	"\000\000\000\000\000\000\000\000\000\000\000\000\000"
 285      00000000 
 285      00000000 
 285      00
 286 0d3f 000003C0 		.ascii	"\000\000\003\300\000\017\360\000\0348\000\030\030\000"
 286      000FF000 
 286      1C380018 
 286      1800
 287 0d4d 381C0030 		.ascii	"8\034\0000\014\0000\014\0000\014\0000\014\0008\034\000"
 287      0C00300C 
 287      00300C00 
 287      300C0038 
 287      1C00
 288 0d5f 1818001C 		.ascii	"\030\030\000\0348\000\017\360\000\003\300\000\000\000"
 288      38000FF0 
 288      0003C000 
 288      0000
 289 0d6d 00000000 		.ascii	"\000\000\000\000\000\000\000\000\000\000\000\000\000"
 289      00000000 
 289      00000000 
 289      00
 290 0d7a 00000000 		.ascii	"\000\000\000\000\000\000\000\000\000\000\000\000\000"
 290      00000000 
 290      00000000 
 290      00
 291 0d87 00003FF0 		.ascii	"\000\000?\360\000?\370\000\014\034\000\014\014\000\014"
 291      003FF800 
 291      0C1C000C 
 291      0C000C
 292 0d96 0C000C0C 		.ascii	"\014\000\014\014\000\014\030\000\017\370\000\017\340"
 292      000C1800 
 292      0FF8000F 
 292      E0
 293 0da3 000C0000 		.ascii	"\000\014\000\000\014\000\000\014\000\000?\300\000?\300"
 293      0C00000C 
 293      00003FC0 
 293      003FC0
 294 0db2 00000000 		.ascii	"\000\000\000\000\000\000\000\000\000\000\000\000\000"
 294      00000000 
 294      00000000 
 294      00
 295 0dbf 00000000 		.ascii	"\000\000\000\000\000\000\000\000\000\000\000\000\000"
 295      00000000 
 295      00000000 
 295      00
 296 0dcc 00000000 		.ascii	"\000\000\000\000\000\003\300\000\017\360\000\0348\000"
 296      0003C000 
 296      0FF0001C 
 296      3800
 297 0dda 18180038 		.ascii	"\030\030\0008\034\0000\014\0000\014\0000\014\0000\014"
 297      1C00300C 
ARM GAS  C:\Users\zhmis\AppData\Local\Temp\ccLFr0PG.s 			page 20


 297      00300C00 
 297      300C0030 
 297      0C
 298 0deb 00381C00 		.ascii	"\0008\034\000\030\030\000\0348\000\017\360\000\007\300"
 298      1818001C 
 298      38000FF0 
 298      0007C0
 299 0dfa 0007CC00 		.ascii	"\000\007\314\000\017\374\000\0148\000\000\000\000\000"
 299      0FFC000C 
 299      38000000 
 299      0000
 300 0e08 00000000 		.ascii	"\000\000\000\000\000\000\000\000\000\000\000\000\000"
 300      00000000 
 300      00000000 
 300      00
 301 0e15 00000000 		.ascii	"\000\000\000\000\177\340\000\177\360\000\0308\000\030"
 301      7FE0007F 
 301      F0001838 
 301      0018
 302 0e23 18001818 		.ascii	"\030\000\030\030\000\0308\000\037\360\000\037\300\000"
 302      00183800 
 302      1FF0001F 
 302      C000
 303 0e31 18E00018 		.ascii	"\030\340\000\030p\000\0300\000\0308\000\177\036\000"
 303      70001830 
 303      00183800 
 303      7F1E00
 304 0e40 7F0E0000 		.ascii	"\177\016\000\000\000\000\000\000\000\000\000\000\000"
 304      00000000 
 304      00000000 
 304      00
 305 0e4d 00000000 		.ascii	"\000\000\000\000\000\000\000\000\000\000\000\000\000"
 305      00000000 
 305      00000000 
 305      00
 306 0e5a 00000000 		.ascii	"\000\000\000\000\000\000\000\007\330\000\017\370\000"
 306      00000007 
 306      D8000FF8 
 306      00
 307 0e67 1C380018 		.ascii	"\0348\000\030\030\000\030\030\000\036\000\000\017\300"
 307      18001818 
 307      001E0000 
 307      0FC0
 308 0e75 0003F000 		.ascii	"\000\003\360\000\000x\000\030\030\000\030\030\000\034"
 308      00780018 
 308      18001818 
 308      001C
 309 0e83 38001FF0 		.ascii	"8\000\037\360\000\033\340\000\000\000\000\000\000\000"
 309      001BE000 
 309      00000000 
 309      0000
 310 0e91 00000000 		.ascii	"\000\000\000\000\000\000\000\000\000\000\000\000\000"
 310      00000000 
 310      00000000 
 310      00
 311 0e9e 00000000 		.ascii	"\000\000\000\000\000\000\000\000\000\000\000?\374\000"
 311      00000000 
ARM GAS  C:\Users\zhmis\AppData\Local\Temp\ccLFr0PG.s 			page 21


 311      0000003F 
 311      FC00
 312 0eac 3FFC0031 		.ascii	"?\374\0001\214\0001\214\0001\214\0001\214\000\001\200"
 312      8C00318C 
 312      00318C00 
 312      318C0001 
 312      80
 313 0ebd 00018000 		.ascii	"\000\001\200\000\001\200\000\001\200\000\001\200\000"
 313      01800001 
 313      80000180 
 313      00
 314 0eca 0180000F 		.ascii	"\001\200\000\017\360\000\017\360\000\000\000\000\000"
 314      F0000FF0 
 314      00000000 
 314      00
 315 0ed7 00000000 		.ascii	"\000\000\000\000\000\000\000\000\000\000\000\000\000"
 315      00000000 
 315      00000000 
 315      00
 316 0ee4 00000000 		.ascii	"\000\000\000\000\000\000\000\000\000\000\000\000\000"
 316      00000000 
 316      00000000 
 316      00
 317 0ef1 7E7E007E 		.ascii	"~~\000~~\000\030\030\000\030\030\000\030\030\000\030"
 317      7E001818 
 317      00181800 
 317      18180018 
 318 0f01 18001818 		.ascii	"\030\000\030\030\000\030\030\000\030\030\000\030\030"
 318      00181800 
 318      18180018 
 318      18
 319 0f0e 00181800 		.ascii	"\000\030\030\000\0140\000\017\360\000\003\300\000\000"
 319      0C30000F 
 319      F00003C0 
 319      0000
 320 0f1c 00000000 		.ascii	"\000\000\000\000\000\000\000\000\000\000\000\000\000"
 320      00000000 
 320      00000000 
 320      00
 321 0f29 00000000 		.ascii	"\000\000\000\000\000\000\000\000\000\000\000\000\000"
 321      00000000 
 321      00000000 
 321      00
 322 0f36 0000007F 		.ascii	"\000\000\000\177\177\000\177\177\000\030\014\000\014"
 322      7F007F7F 
 322      00180C00 
 322      0C
 323 0f43 18000C18 		.ascii	"\030\000\014\030\000\014\030\000\0060\000\0060\000\003"
 323      000C1800 
 323      06300006 
 323      300003
 324 0f52 60000360 		.ascii	"`\000\003`\000\003`\000\001\300\000\001\300\000\000"
 324      00036000 
 324      01C00001 
 324      C00000
 325 0f61 80000000 		.ascii	"\200\000\000\000\000\000\000\000\000\000\000\000\000"
 325      00000000 
ARM GAS  C:\Users\zhmis\AppData\Local\Temp\ccLFr0PG.s 			page 22


 325      00000000 
 325      00
 326 0f6e 00000000 		.ascii	"\000\000\000\000\000\000\000\000\000\000\000\000\000"
 326      00000000 
 326      00000000 
 326      00
 327 0f7b 00000000 		.ascii	"\000\000\000\000\000\000\376?\200\376?\2000\006\000"
 327      0000FE3F 
 327      80FE3F80 
 327      300600
 328 0f8a 30060030 		.ascii	"0\006\0000\206\000\031\314\000\031\314\000\033l\000"
 328      860019CC 
 328      0019CC00 
 328      1B6C00
 329 0f99 1B6C001E 		.ascii	"\033l\000\036|\000\016"
 329      7C000E
 330 0fa0 38000E38 		.ascii	"8\000\0168\000\014\030\000\014\030\000\000\000\000\000"
 330      000C1800 
 330      0C180000 
 330      000000
 331 0faf 00000000 		.ascii	"\000\000\000\000\000\000\000\000\000\000\000\000\000"
 331      00000000 
 331      00000000 
 331      00
 332 0fbc 00000000 		.ascii	"\000\000\000\000\000\000\000\000\000\000\000\000\000"
 332      00000000 
 332      00000000 
 332      00
 333 0fc9 7E7E007E 		.ascii	"~~\000~~\000\030\030\000\0140\000\006`\000\003\300\000"
 333      7E001818 
 333      000C3000 
 333      06600003 
 333      C000
 334 0fdb 01800001 		.ascii	"\001\200\000\001\200\000\003\300\000\006`\000\0140\000"
 334      800003C0 
 334      00066000 
 334      0C3000
 335 0fea 1818007E 		.ascii	"\030\030\000~~\000~~\000\000\000\000\000\000\000\000"
 335      7E007E7E 
 335      00000000 
 335      00000000 
 336 0ffa 00000000 		.ascii	"\000\000\000\000\000\000\000\000\000\000\000\000\000"
 336      00000000 
 336      00000000 
 336      00
 337 1007 00000000 		.ascii	"\000\000\000\000\000\000\000\000\000\000|~\000|~\000"
 337      00000000 
 337      00007C7E 
 337      007C7E00 
 338 1017 1818000C 		.ascii	"\030\030\000\0140\000\006`\000\006`\000\003\300\000"
 338      30000660 
 338      00066000 
 338      03C000
 339 1026 01800001 		.ascii	"\001\200\000\001\200\000\001\200\000\001\200\000\001"
 339      80000180 
 339      00018000 
 339      01
ARM GAS  C:\Users\zhmis\AppData\Local\Temp\ccLFr0PG.s 			page 23


 340 1033 80000FF0 		.ascii	"\200\000\017\360\000\017\360\000\000\000\000\000\000"
 340      000FF000 
 340      00000000 
 340      00
 341 1040 00000000 		.ascii	"\000\000\000\000\000\000\000\000\000\000\000\000\000"
 341      00000000 
 341      00000000 
 341      00
 342 104d 00000000 		.ascii	"\000\000\000\000\000\000\000\000\000\000\000\000\037"
 342      00000000 
 342      00000000 
 342      1F
 343 105a F8001FF8 		.ascii	"\370\000\037\370\000\030\030\000\0300\000\030`\000\030"
 343      00181800 
 343      18300018 
 343      600018
 344 1069 C0000180 		.ascii	"\300\000\001\200\000\003\000\000\006\030\000\014\030"
 344      00030000 
 344      0618000C 
 344      18
 345 1076 00181800 		.ascii	"\000\030\030\0000\030\000?\370\000?\370\000\000\000"
 345      3018003F 
 345      F8003FF8 
 345      000000
 346 1085 00000000 		.ascii	"\000\000\000\000\000\000\000\000\000\000\000\000\000"
 346      00000000 
 346      00000000 
 346      00
 347 1092 00000000 		.ascii	"\000\000\000\000\000\000\000\000\000\000\000\000\001"
 347      00000000 
 347      00000000 
 347      01
 348 109f F00001F0 		.ascii	"\360\000\001\360\000\001\200\000\001\200\000\001\200"
 348      00018000 
 348      01800001 
 348      80
 349 10ac 00018000 		.ascii	"\000\001\200\000\001\200\000\001\200\000\001\200\000"
 349      01800001 
 349      80000180 
 349      00
 350 10b9 01800001 		.ascii	"\001\200\000\001\200\000\001\200\000\001\200\000\001"
 350      80000180 
 350      00018000 
 350      01
 351 10c6 80000180 		.ascii	"\200\000\001\200\000\001\200\000\001\360\000\001\360"
 351      00018000 
 351      01F00001 
 351      F0
 352 10d3 00000000 		.ascii	"\000\000\000\000\000\000\000\000\000\000\000\000\000"
 352      00000000 
 352      00000000 
 352      00
 353 10e0 18000018 		.ascii	"\030\000\000\030\000\000\034\000\000\014\000\000\016"
 353      00001C00 
 353      000C0000 
 353      0E
 354 10ed 00000600 		.ascii	"\000\000\006\000\000\006\000\000\003\000\000\003\000"
ARM GAS  C:\Users\zhmis\AppData\Local\Temp\ccLFr0PG.s 			page 24


 354      00060000 
 354      03000003 
 354      00
 355 10fa 00018000 		.ascii	"\000\001\200\000\001\200\000\000\300\000\000\300\000"
 355      01800000 
 355      C00000C0 
 355      00
 356 1107 00600000 		.ascii	"\000`\000\000`\000\000p\000\0000\000\0008\000\000\030"
 356      60000070 
 356      00003000 
 356      00380000 
 356      18
 357 1118 00001800 		.ascii	"\000\000\030\000\000\000\000\000\000\000\000\000\000"
 357      00000000 
 357      00000000 
 357      00
 358 1125 00000000 		.ascii	"\000\000\000\000\000\000\000\000\000\017\200\000\017"
 358      00000000 
 358      000F8000 
 358      0F
 359 1132 80000180 		.ascii	"\200\000\001\200\000\001\200\000\001\200\000\001\200"
 359      00018000 
 359      01800001 
 359      80
 360 113f 00018000 		.ascii	"\000\001\200\000\001\200\000\001\200\000\001\200\000"
 360      01800001 
 360      80000180 
 360      00
 361 114c 01800001 		.ascii	"\001\200\000\001\200\000\001\200\000\001\200\000\001"
 361      80000180 
 361      00018000 
 361      01
 362 1159 80000180 		.ascii	"\200\000\001\200\000\017\200\000\017\200\000\000\000"
 362      000F8000 
 362      0F800000 
 362      00
 363 1166 00000000 		.ascii	"\000\000\000\000\000\000\000\000\000\000\000\000\000"
 363      00000000 
 363      00000000 
 363      00
 364 1173 00800001 		.ascii	"\000\200\000\001\300\000\003\340\000\007p\000\0060\000"
 364      C00003E0 
 364      00077000 
 364      063000
 365 1182 0C180018 		.ascii	"\014\030\000\030\014\000\020\004\000\000\000\000\000"
 365      0C001004 
 365      00000000 
 365      00
 366 118f 00000000 		.ascii	"\000\000\000\000\000\000\000\000\000\000\000\000\000"
 366      00000000 
 366      00000000 
 366      00
 367 119c 00000000 		.ascii	"\000\000\000\000\000\000\000\000\000\000\000\000\000"
 367      00000000 
 367      00000000 
 367      00
 368 11a9 00000000 		.ascii	"\000\000\000\000\000\000\000\000\000\000\000\000\000"
ARM GAS  C:\Users\zhmis\AppData\Local\Temp\ccLFr0PG.s 			page 25


 368      00000000 
 368      00000000 
 368      00
 369 11b6 00000000 		.ascii	"\000\000\000\000\000\000\000\000\000\000\000\000\000"
 369      00000000 
 369      00000000 
 369      00
 370 11c3 00000000 		.ascii	"\000\000\000\000\000\000\000\000\000\000\000\000\000"
 370      00000000 
 370      00000000 
 370      00
 371 11d0 00000000 		.ascii	"\000\000\000\000\000\000\000\000\000\000\000\000\000"
 371      00000000 
 371      00000000 
 371      00
 372 11dd 00000000 		.ascii	"\000\000\000\000\000\000\000\000\000\000\000\000\000"
 372      00000000 
 372      00000000 
 372      00
 373 11ea 00000000 		.ascii	"\000\000\000\000\000\000\000\000\000\000\000\000\000"
 373      00000000 
 373      00000000 
 373      00
 374 11f7 000000FF 		.ascii	"\000\000\000\377\377\000\377\377\000\000\000\000\003"
 374      FF00FFFF 
 374      00000000 
 374      03
 375 1204 00000380 		.ascii	"\000\000\003\200\000\000\340\000\000`\000\000\000\000"
 375      0000E000 
 375      00600000 
 375      0000
 376 1212 00000000 		.ascii	"\000\000\000\000\000\000\000\000\000\000\000\000\000"
 376      00000000 
 376      00000000 
 376      00
 377 121f 00000000 		.ascii	"\000\000\000\000\000\000\000\000\000\000\000\000\000"
 377      00000000 
 377      00000000 
 377      00
 378 122c 00000000 		.ascii	"\000\000\000\000\000\000\000\000\000\000\000\000\000"
 378      00000000 
 378      00000000 
 378      00
 379 1239 00000000 		.ascii	"\000\000\000\000\000\000\000\000\000\000\000\000\000"
 379      00000000 
 379      00000000 
 379      00
 380 1246 00000000 		.ascii	"\000\000\000\000\000\000\000\000\000\000\000\000\000"
 380      00000000 
 380      00000000 
 380      00
 381 1253 00000000 		.ascii	"\000\000\000\000\000\000\000\017\300\000\037\340\000"
 381      0000000F 
 381      C0001FE0 
 381      00
 382 1260 00300000 		.ascii	"\0000\000\0000\000\007\360\000\037\360\00080\00000\000"
 382      300007F0 
ARM GAS  C:\Users\zhmis\AppData\Local\Temp\ccLFr0PG.s 			page 26


 382      001FF000 
 382      38300030 
 382      3000
 383 1272 3070001F 		.ascii	"0p\000\037\374\000\017\274\000\000\000\000\000\000\000"
 383      FC000FBC 
 383      00000000 
 383      000000
 384 1281 00000000 		.ascii	"\000\000\000\000\000\000\000\000\000\000\000\000\000"
 384      00000000 
 384      00000000 
 384      00
 385 128e 00000000 		.ascii	"\000\000\000\000\000\000\000\000x\000\000x\000\000\030"
 385      00000000 
 385      78000078 
 385      000018
 386 129d 00001800 		.ascii	"\000\000\030\000\000\033\340\000\037\370\000\034\030"
 386      001BE000 
 386      1FF8001C 
 386      18
 387 12aa 00180C00 		.ascii	"\000\030\014\000\030\014\000\030\014\000\030\014\000"
 387      180C0018 
 387      0C00180C 
 387      00
 388 12b7 180C001C 		.ascii	"\030\014\000\034\030\000\177\370\000{\340\000\000\000"
 388      18007FF8 
 388      007BE000 
 388      0000
 389 12c5 00000000 		.ascii	"\000\000\000\000\000\000\000\000\000\000\000\000\000"
 389      00000000 
 389      00000000 
 389      00
 390 12d2 00000000 		.ascii	"\000\000\000\000\000\000\000\000\000\000\000\000\000"
 390      00000000 
 390      00000000 
 390      00
 391 12df 00000000 		.ascii	"\000\000\000\000\000\000\000\000\000\000\000\003\354"
 391      00000000 
 391      00000003 
 391      EC
 392 12ec 000FFC00 		.ascii	"\000\017\374\000\034\034\0008\014\0000\014\0000\000"
 392      1C1C0038 
 392      0C00300C 
 392      003000
 393 12fb 00300000 		.ascii	"\0000\000\0008\014\000\034\034\000\017\370\000\003\360"
 393      380C001C 
 393      1C000FF8 
 393      0003F0
 394 130a 00000000 		.ascii	"\000\000\000\000\000\000\000\000\000\000\000\000\000"
 394      00000000 
 394      00000000 
 394      00
 395 1317 00000000 		.ascii	"\000\000\000\000\000\000\000\000\000\000\000\000\000"
 395      00000000 
 395      00000000 
 395      00
 396 1324 00000078 		.ascii	"\000\000\000x\000\000x\000\000\030\000\000\030\000\007"
 396      00007800 
ARM GAS  C:\Users\zhmis\AppData\Local\Temp\ccLFr0PG.s 			page 27


 396      00180000 
 396      180007
 397 1333 D8001FF8 		.ascii	"\330\000\037\370\000\0308\0000\030\0000\030\0000\030"
 397      00183800 
 397      30180030 
 397      18003018 
 398 1343 00301800 		.ascii	"\0000\030\0000\030\000\0308\000\037\376\000\007\336"
 398      30180018 
 398      38001FFE 
 398      0007DE
 399 1352 00000000 		.ascii	"\000\000\000\000\000\000\000\000\000\000\000\000\000"
 399      00000000 
 399      00000000 
 399      00
 400 135f 00000000 		.ascii	"\000\000\000\000\000\000\000\000\000\000\000\000\000"
 400      00000000 
 400      00000000 
 400      00
 401 136c 00000000 		.ascii	"\000\000\000\000\000\000\000\000\000\000\000\000\000"
 401      00000000 
 401      00000000 
 401      00
 402 1379 0007E000 		.ascii	"\000\007\340\000\037\370\000\030\030\0000\014\000?\374"
 402      1FF80018 
 402      1800300C 
 402      003FFC
 403 1388 003FFC00 		.ascii	"\000?\374\0000\000\0000\000\000\030\014\000\037\374"
 403      30000030 
 403      0000180C 
 403      001FFC
 404 1397 0007F000 		.ascii	"\000\007\360\000\000\000\000\000\000\000\000\000\000"
 404      00000000 
 404      00000000 
 404      00
 405 13a4 00000000 		.ascii	"\000\000\000\000\000\000\000\000\000\000\000\000\000"
 405      00000000 
 405      00000000 
 405      00
 406 13b1 00000000 		.ascii	"\000\000\000\000\000\001\374\000\003\374\000\006\000"
 406      0001FC00 
 406      03FC0006 
 406      00
 407 13be 00060000 		.ascii	"\000\006\000\000?\370\000?\370\000\006\000\000\006\000"
 407      3FF8003F 
 407      F8000600 
 407      000600
 408 13cd 00060000 		.ascii	"\000\006\000\000\006\000\000\006\000\000\006\000\000"
 408      06000006 
 408      00000600 
 408      00
 409 13da 0600003F 		.ascii	"\006\000\000?\360\000?\360\000\000\000\000\000\000\000"
 409      F0003FF0 
 409      00000000 
 409      000000
 410 13e9 00000000 		.ascii	"\000\000\000\000\000\000\000\000\000\000\000\000\000"
 410      00000000 
 410      00000000 
ARM GAS  C:\Users\zhmis\AppData\Local\Temp\ccLFr0PG.s 			page 28


 410      00
 411 13f6 00000000 		.ascii	"\000\000\000\000\000\000\000\000\000\000\000\000\000"
 411      00000000 
 411      00000000 
 411      00
 412 1403 00000000 		.ascii	"\000\000\000\000\000\000\000\007\336\000\037\376\000"
 412      00000007 
 412      DE001FFE 
 412      00
 413 1410 18380030 		.ascii	"\0308\0000\030\0000\030\0000\030\0000\030\0000\030\000"
 413      18003018 
 413      00301800 
 413      30180030 
 413      1800
 414 1422 1838001F 		.ascii	"\0308\000\037\370\000\007\330\000\000\030\000\000\030"
 414      F80007D8 
 414      00001800 
 414      0018
 415 1430 00003800 		.ascii	"\000\0008\000\017\360\000\017\300\000\000\000\000\000"
 415      0FF0000F 
 415      C0000000 
 415      0000
 416 143e 00000000 		.ascii	"\000\000\000\000\000\000\000\000x\000\000x\000\000\030"
 416      00000000 
 416      78000078 
 416      000018
 417 144d 00001800 		.ascii	"\000\000\030\000\000\033\340\000\037\360\000\0348\000"
 417      001BE000 
 417      1FF0001C 
 417      3800
 418 145b 18180018 		.ascii	"\030\030\000\030\030\000\030\030\000\030\030\000\030"
 418      18001818 
 418      00181800 
 418      18
 419 1468 18001818 		.ascii	"\030\000\030\030\000~~\000~~\000\000\000\000\000\000"
 419      007E7E00 
 419      7E7E0000 
 419      00000000 
 420 1478 00000000 		.ascii	"\000\000\000\000\000\000\000\000\000\000\000\000\000"
 420      00000000 
 420      00000000 
 420      00
 421 1485 00000000 		.ascii	"\000\000\000\000\000\000\000\000\000\001\200\000\001"
 421      00000000 
 421      00018000 
 421      01
 422 1492 80000000 		.ascii	"\200\000\000\000\000\000\000\000\037\200\000\037\200"
 422      00000000 
 422      1F80001F 
 422      80
 423 149f 00018000 		.ascii	"\000\001\200\000\001\200\000\001\200\000\001\200\000"
 423      01800001 
 423      80000180 
 423      00
 424 14ac 01800001 		.ascii	"\001\200\000\001\200\000\001\200\000?\374\000?\374\000"
 424      80000180 
 424      003FFC00 
ARM GAS  C:\Users\zhmis\AppData\Local\Temp\ccLFr0PG.s 			page 29


 424      3FFC00
 425 14bb 00000000 		.ascii	"\000\000\000\000\000\000\000\000\000\000\000\000\000"
 425      00000000 
 425      00000000 
 425      00
 426 14c8 00000000 		.ascii	"\000\000\000\000\000\000\000\000\000\000\000\000\000"
 426      00000000 
 426      00000000 
 426      00
 427 14d5 0000C000 		.ascii	"\000\000\300\000\000\300\000\000\000\000\000\000\000"
 427      00C00000 
 427      00000000 
 427      00
 428 14e2 1FF0001F 		.ascii	"\037\360\000\037\360\000\0000\000\0000\000\0000\000"
 428      F0000030 
 428      00003000 
 428      003000
 429 14f1 00300000 		.ascii	"\0000\000\0000\000\0000\000\0000\000\0000\000\0000\000"
 429      30000030 
 429      00003000 
 429      00300000 
 429      3000
 430 1503 00300000 		.ascii	"\0000\000\0000\000\000p\000\037\340\000\037\200\000"
 430      30000070 
 430      001FE000 
 430      1F8000
 431 1512 00000000 		.ascii	"\000\000\000\000\000\000\000\000\000\000\000\000<\000"
 431      00000000 
 431      00000000 
 431      3C00
 432 1520 003C0000 		.ascii	"\000<\000\000\014\000\000\014\000\000\014\370\000\014"
 432      0C00000C 
 432      00000CF8 
 432      000C
 433 152e F8000CC0 		.ascii	"\370\000\014\300\000\015\200\000\017\200\000\017\000"
 433      000D8000 
 433      0F80000F 
 433      00
 434 153b 000F8000 		.ascii	"\000\017\200\000\015\300\000\014\340\000<|\000<|\000"
 434      0DC0000C 
 434      E0003C7C 
 434      003C7C00 
 435 154b 00000000 		.ascii	"\000\000\000\000\000\000\000\000\000\000\000\000\000"
 435      00000000 
 435      00000000 
 435      00
 436 1558 00000000 		.ascii	"\000\000\000\000\000\000\000\000\000\000\000\000\000"
 436      00000000 
 436      00000000 
 436      00
 437 1565 001F8000 		.ascii	"\000\037\200\000\037\200\000\001\200\000\001\200\000"
 437      1F800001 
 437      80000180 
 437      00
 438 1572 01800001 		.ascii	"\001\200\000\001\200\000\001\200\000\001\200\000\001"
 438      80000180 
 438      00018000 
ARM GAS  C:\Users\zhmis\AppData\Local\Temp\ccLFr0PG.s 			page 30


 438      01
 439 157f 80000180 		.ascii	"\200\000\001\200\000\001\200\000\001\200\000\001\200"
 439      00018000 
 439      01800001 
 439      80
 440 158c 003FFC00 		.ascii	"\000?\374\000?\374\000\000\000\000\000\000\000\000\000"
 440      3FFC0000 
 440      00000000 
 440      000000
 441 159b 00000000 		.ascii	"\000\000\000\000\000\000\000\000\000\000\000\000\000"
 441      00000000 
 441      00000000 
 441      00
 442 15a8 00000000 		.ascii	"\000\000\000\000\000\000\000\000\000\000\000\000\000"
 442      00000000 
 442      00000000 
 442      00
 443 15b5 00000000 		.ascii	"\000\000\000\000\000\367x\000\377\374\0009\314\0001"
 443      00F77800 
 443      FFFC0039 
 443      CC0031
 444 15c4 8C00318C 		.ascii	"\214\0001\214\0001\214\0001\214\0001\214\0001\214\000"
 444      00318C00 
 444      318C0031 
 444      8C00318C 
 444      00
 445 15d5 FDEF00FD 		.ascii	"\375\357\000\375\357\000\000\000\000\000\000\000\000"
 445      EF000000 
 445      00000000 
 445      00
 446 15e2 00000000 		.ascii	"\000\000\000\000\000\000\000\000\000\000\000\000\000"
 446      00000000 
 446      00000000 
 446      00
 447 15ef 00000000 		.ascii	"\000\000\000\000\000\000\000\000\000\000\000\000\000"
 447      00000000 
 447      00000000 
 447      00
 448 15fc 00000000 		.ascii	"\000\000\000\000\000\000{\340\000\177\360\000\0348\000"
 448      00007BE0 
 448      007FF000 
 448      1C3800
 449 160b 18180018 		.ascii	"\030\030\000\030\030\000\030\030\000\030\030\000\030"
 449      18001818 
 449      00181800 
 449      18
 450 1618 18001818 		.ascii	"\030\000\030\030\000~~\000~~\000\000\000\000\000\000"
 450      007E7E00 
 450      7E7E0000 
 450      00000000 
 451 1628 00000000 		.ascii	"\000\000\000\000\000\000\000\000\000\000\000\000\000"
 451      00000000 
 451      00000000 
 451      00
 452 1635 00000000 		.ascii	"\000\000\000\000\000\000\000\000\000\000\000\000\000"
 452      00000000 
 452      00000000 
ARM GAS  C:\Users\zhmis\AppData\Local\Temp\ccLFr0PG.s 			page 31


 452      00
 453 1642 00000000 		.ascii	"\000\000\000\000\000\000\000\000\003\300\000\017\360"
 453      00000000 
 453      03C0000F 
 453      F0
 454 164f 001C3800 		.ascii	"\000\0348\0008\034\0000\014\0000\014\0000\014\0008\034"
 454      381C0030 
 454      0C00300C 
 454      00300C00 
 454      381C
 455 1661 001C3800 		.ascii	"\000\0348\000\017\360\000\003\300\000\000\000\000\000"
 455      0FF00003 
 455      C0000000 
 455      0000
 456 166f 00000000 		.ascii	"\000\000\000\000\000\000\000\000\000\000\000\000\000"
 456      00000000 
 456      00000000 
 456      00
 457 167c 00000000 		.ascii	"\000\000\000\000\000\000\000\000\000\000\000\000\000"
 457      00000000 
 457      00000000 
 457      00
 458 1689 00000000 		.ascii	"\000\000\000\000\000\000\000\000\000{\340\000\177\370"
 458      00000000 
 458      007BE000 
 458      7FF8
 459 1697 001C1800 		.ascii	"\000\034\030\000\030\014\000\030\014\000\030\014\000"
 459      180C0018 
 459      0C00180C 
 459      00
 460 16a4 180C0018 		.ascii	"\030\014\000\030\014\000\034\030\000\037\370\000\033"
 460      0C001C18 
 460      001FF800 
 460      1B
 461 16b1 E0001800 		.ascii	"\340\000\030\000\000\030\000\000\030\000\000\177\000"
 461      00180000 
 461      1800007F 
 461      00
 462 16be 007F0000 		.ascii	"\000\177\000\000\000\000\000\000\000\000\000\000\000"
 462      00000000 
 462      00000000 
 462      00
 463 16cb 00000000 		.ascii	"\000\000\000\000\000\000\000\000\000\000\000\000\000"
 463      00000000 
 463      00000000 
 463      00
 464 16d8 000007DE 		.ascii	"\000\000\007\336\000\037\376\000\0308\0000\030\0000"
 464      001FFE00 
 464      18380030 
 464      180030
 465 16e7 18003018 		.ascii	"\030\0000\030\0000\030\0000\030\000\0308\000\037\370"
 465      00301800 
 465      30180018 
 465      38001FF8 
 466 16f7 0007D800 		.ascii	"\000\007\330\000\000\030\000\000\030\000\000\030\000"
 466      00180000 
 466      18000018 
ARM GAS  C:\Users\zhmis\AppData\Local\Temp\ccLFr0PG.s 			page 32


 466      00
 467 1704 00FE0000 		.ascii	"\000\376\000\000\376\000\000\000\000\000\000\000\000"
 467      FE000000 
 467      00000000 
 467      00
 468 1711 00000000 		.ascii	"\000\000\000\000\000\000\000\000\000\000\000\000\000"
 468      00000000 
 468      00000000 
 468      00
 469 171e 00000000 		.ascii	"\000\000\000\000>x\000>\374\000\007\314\000\007\000"
 469      3E78003E 
 469      FC0007CC 
 469      000700
 470 172d 00060000 		.ascii	"\000\006\000\000\006\000\000\006\000\000\006\000\000"
 470      06000006 
 470      00000600 
 470      00
 471 173a 0600003F 		.ascii	"\006\000\000?\360\000?\360\000\000\000\000\000\000\000"
 471      F0003FF0 
 471      00000000 
 471      000000
 472 1749 00000000 		.ascii	"\000\000\000\000\000\000\000\000\000\000\000\000\000"
 472      00000000 
 472      00000000 
 472      00
 473 1756 00000000 		.ascii	"\000\000\000\000\000\000\000\000\000\000\000\000\000"
 473      00000000 
 473      00000000 
 473      00
 474 1763 00000000 		.ascii	"\000\000\000\000\000\000\000\007\370\000\017\370\000"
 474      00000007 
 474      F8000FF8 
 474      00
 475 1770 18180018 		.ascii	"\030\030\000\030\030\000\037\200\000\017\360\000\000"
 475      18001F80 
 475      000FF000 
 475      00
 476 177d F8001818 		.ascii	"\370\000\030\030\000\0308\000\037\360\000\037\340\000"
 476      00183800 
 476      1FF0001F 
 476      E000
 477 178b 00000000 		.ascii	"\000\000\000\000\000\000\000\000\000\000\000\000\000"
 477      00000000 
 477      00000000 
 477      00
 478 1798 00000000 		.ascii	"\000\000\000\000\000\000\000\000\000\000\000\000\000"
 478      00000000 
 478      00000000 
 478      00
 479 17a5 000C0000 		.ascii	"\000\014\000\000\014\000\000\014\000\000\014\000\000"
 479      0C00000C 
 479      00000C00 
 479      00
 480 17b2 3FF0003F 		.ascii	"?\360\000?\360\000\014\000\000\014\000\000\014\000\000"
 480      F0000C00 
 480      000C0000 
 480      0C0000
ARM GAS  C:\Users\zhmis\AppData\Local\Temp\ccLFr0PG.s 			page 33


 481 17c1 0C00000C 		.ascii	"\014\000\000\014\000\000\014\000\000\014\034\000\007"
 481      00000C00 
 481      000C1C00 
 481      07
 482 17ce FC0003F0 		.ascii	"\374\000\003\360\000\000\000\000\000\000\000\000\000"
 482      00000000 
 482      00000000 
 482      00
 483 17db 00000000 		.ascii	"\000\000\000\000\000\000\000\000\000\000\000\000\000"
 483      00000000 
 483      00000000 
 483      00
 484 17e8 00000000 		.ascii	"\000\000\000\000\000\000\000\000\000\000\000\000\000"
 484      00000000 
 484      00000000 
 484      00
 485 17f5 00000000 		.ascii	"\000\000\000\000\000xx\000xx\000\030\030\000\030\030"
 485      00787800 
 485      78780018 
 485      18001818 
 486 1805 00181800 		.ascii	"\000\030\030\000\030\030\000\030\030\000\030\030\000"
 486      18180018 
 486      18001818 
 486      00
 487 1812 1838000F 		.ascii	"\0308\000\017\376\000\007\336\000\000\000\000\000\000"
 487      FE0007DE 
 487      00000000 
 487      0000
 488 1820 00000000 		.ascii	"\000\000\000\000\000\000\000\000\000\000\000\000\000"
 488      00000000 
 488      00000000 
 488      00
 489 182d 00000000 		.ascii	"\000\000\000\000\000\000\000\000\000\000\000\000\000"
 489      00000000 
 489      00000000 
 489      00
 490 183a 00000000 		.ascii	"\000\000\000\000\000\000\000\000|>\000|>\000\030\030"
 490      00000000 
 490      7C3E007C 
 490      3E001818 
 491 184a 00181800 		.ascii	"\000\030\030\000\0140\000\0140\000\006`\000\006`\000"
 491      0C30000C 
 491      30000660 
 491      00066000 
 492 185a 07E00003 		.ascii	"\007\340\000\003\300\000\003\300\000\000\000\000\000"
 492      C00003C0 
 492      00000000 
 492      00
 493 1867 00000000 		.ascii	"\000\000\000\000\000\000\000\000\000\000\000\000\000"
 493      00000000 
 493      00000000 
 493      00
 494 1874 00000000 		.ascii	"\000\000\000\000\000\000\000\000\000\000\000\000\000"
 494      00000000 
 494      00000000 
 494      00
 495 1881 00000000 		.ascii	"\000\000\000\000\000\000\000\000\000x<\000x<\0001\030"
ARM GAS  C:\Users\zhmis\AppData\Local\Temp\ccLFr0PG.s 			page 34


 495      00000000 
 495      00783C00 
 495      783C0031 
 495      18
 496 1892 00339800 		.ascii	"\0003\230\0003\230\000\032\260\000\036\360\000\036\360"
 496      3398001A 
 496      B0001EF0 
 496      001EF0
 497 18a1 001C6000 		.ascii	"\000\034`\000\014`\000\014`\000\000\000\000\000\000"
 497      0C60000C 
 497      60000000 
 497      000000
 498 18b0 00000000 		.ascii	"\000\000\000\000\000\000\000\000\000\000\000\000\000"
 498      00000000 
 498      00000000 
 498      00
 499 18bd 00000000 		.ascii	"\000\000\000\000\000\000\000\000\000\000\000\000\000"
 499      00000000 
 499      00000000 
 499      00
 500 18ca 00000000 		.ascii	"\000\000\000\000\000\000\000\000>|\000>|\000\0140\000"
 500      00000000 
 500      3E7C003E 
 500      7C000C30 
 500      00
 501 18db 06600003 		.ascii	"\006`\000\003\300\000\001\200\000\003\300\000\006`\000"
 501      C0000180 
 501      0003C000 
 501      066000
 502 18ea 0C30003E 		.ascii	"\0140\000>|\000>|\000\000\000\000\000\000\000\000\000"
 502      7C003E7C 
 502      00000000 
 502      00000000 
 502      00
 503 18fb 00000000 		.ascii	"\000\000\000\000\000\000\000\000\000\000\000\000\000"
 503      00000000 
 503      00000000 
 503      00
 504 1908 00000000 		.ascii	"\000\000\000\000\000\000\000\000\000\000\000\000\000"
 504      00000000 
 504      00000000 
 504      00
 505 1915 00000000 		.ascii	"\000\000\000\000\000~\037\000~\037\000\030\014\000\014"
 505      007E1F00 
 505      7E1F0018 
 505      0C000C
 506 1924 18000C18 		.ascii	"\030\000\014\030\000\0060\000\0060\000\003`\000\003"
 506      00063000 
 506      06300003 
 506      600003
 507 1933 E00001C0 		.ascii	"\340\000\001\300\000\000\300\000\001\200\000\001\200"
 507      0000C000 
 507      01800001 
 507      80
 508 1940 00030000 		.ascii	"\000\003\000\000?\300\000?\300\000\000\000\000\000\000"
 508      3FC0003F 
 508      C0000000 
ARM GAS  C:\Users\zhmis\AppData\Local\Temp\ccLFr0PG.s 			page 35


 508      000000
 509 194f 00000000 		.ascii	"\000\000\000\000\000\000\000\000\000\000\000\000\000"
 509      00000000 
 509      00000000 
 509      00
 510 195c 00000000 		.ascii	"\000\000\000\000\000\000\037\370\000\037\370\000\030"
 510      00001FF8 
 510      001FF800 
 510      18
 511 1969 30001860 		.ascii	"0\000\030`\000\000\300\000\001\200\000\003\000\000\006"
 511      0000C000 
 511      01800003 
 511      000006
 512 1978 18000C18 		.ascii	"\030\000\014\030\000\037\370\000\037\370\000\000\000"
 512      001FF800 
 512      1FF80000 
 512      00
 513 1985 00000000 		.ascii	"\000\000\000\000\000\000\000\000\000\000\000\000\000"
 513      00000000 
 513      00000000 
 513      00
 514 1992 00000000 		.ascii	"\000\000\000\000\000\000\000\000\000\000\000\000\000"
 514      00000000 
 514      00000000 
 514      00
 515 199f E00001E0 		.ascii	"\340\000\001\340\000\001\200\000\001\200\000\001\200"
 515      00018000 
 515      01800001 
 515      80
 516 19ac 00018000 		.ascii	"\000\001\200\000\001\200\000\001\200\000\003\200\000"
 516      01800001 
 516      80000380 
 516      00
 517 19b9 07000003 		.ascii	"\007\000\000\003\200\000\001\200\000\001\200\000\001"
 517      80000180 
 517      00018000 
 517      01
 518 19c6 80000180 		.ascii	"\200\000\001\200\000\001\200\000\001\340\000\000\340"
 518      00018000 
 518      01E00000 
 518      E0
 519 19d3 00000000 		.ascii	"\000\000\000\000\000\000\000\000\000\000\000\000\000"
 519      00000000 
 519      00000000 
 519      00
 520 19e0 00000000 		.ascii	"\000\000\000\000\000\000\001\200\000\001\200\000\001"
 520      00000180 
 520      00018000 
 520      01
 521 19ed 80000180 		.ascii	"\200\000\001\200\000\001\200\000\001\200\000\001\200"
 521      00018000 
 521      01800001 
 521      80
 522 19fa 00018000 		.ascii	"\000\001\200\000\001\200\000\001\200\000\001\200\000"
 522      01800001 
 522      80000180 
 522      00
ARM GAS  C:\Users\zhmis\AppData\Local\Temp\ccLFr0PG.s 			page 36


 523 1a07 01800001 		.ascii	"\001\200\000\001\200\000\001\200\000\001\200\000\001"
 523      80000180 
 523      00018000 
 523      01
 524 1a14 80000180 		.ascii	"\200\000\001\200\000\001\200\000\000\000\000\000\000"
 524      00018000 
 524      00000000 
 524      00
 525 1a21 00000000 		.ascii	"\000\000\000\000\000\000\000\000\000\000\000\000\000"
 525      00000000 
 525      00000000 
 525      00
 526 1a2e 07000007 		.ascii	"\007\000\000\007\200\000\001\200\000\001\200\000\001"
 526      80000180 
 526      00018000 
 526      01
 527 1a3b 80000180 		.ascii	"\200\000\001\200\000\001\200\000\001\200\000\001\300"
 527      00018000 
 527      01800001 
 527      C0
 528 1a48 0000E000 		.ascii	"\000\000\340\000\001\300\000\001\200\000\001\200\000"
 528      01C00001 
 528      80000180 
 528      00
 529 1a55 01800001 		.ascii	"\001\200\000\001\200\000\001\200\000\007\200\000\007"
 529      80000180 
 529      00078000 
 529      07
 530 1a62 00000000 		.ascii	"\000\000\000\000\000\000\000\000\000\000\000\000\000"
 530      00000000 
 530      00000000 
 530      00
 531 1a6f 00000000 		.ascii	"\000\000\000\000\000\000\000\000\000\000\000\000\000"
 531      00000000 
 531      00000000 
 531      00
 532 1a7c 00000000 		.ascii	"\000\000\000\000\000\000\000\000\000\000\000\000\016"
 532      00000000 
 532      00000000 
 532      0E
 533 1a89 00001F18 		.ascii	"\000\000\037\030\000;\270\0001\360\000\000\340\000\000"
 533      003BB800 
 533      31F00000 
 533      E00000
 534 1a98 00000000 		.ascii	"\000\000\000\000\000\000\000\000\000\000\000\000\000"
 534      00000000 
 534      00000000 
 534      00
 535 1aa5 00000000 		.ascii	"\000\000\000\000\000\000\000\000\000\000\000\000\000"
 535      00000000 
 535      00000000 
 535      00
 536 1ab2 00000000 		.ascii	"\000\000\000\000\000\000"
 536      0000
 537              		.text
 538              	.Letext0:
 539              		.file 2 "C:/Users/zhmis/AppData/Roaming/Code/User/globalStorage/bmd.stm32-for-vscode/@xpack-dev-to
ARM GAS  C:\Users\zhmis\AppData\Local\Temp\ccLFr0PG.s 			page 37


 540              		.file 3 "C:/Users/zhmis/AppData/Roaming/Code/User/globalStorage/bmd.stm32-for-vscode/@xpack-dev-to
 541              		.file 4 "Core/Inc/fonts.h"
ARM GAS  C:\Users\zhmis\AppData\Local\Temp\ccLFr0PG.s 			page 38


DEFINED SYMBOLS
                            *ABS*:00000000 font24.c
C:\Users\zhmis\AppData\Local\Temp\ccLFr0PG.s:25     .data.Font24:00000000 Font24
C:\Users\zhmis\AppData\Local\Temp\ccLFr0PG.s:22     .data.Font24:00000000 $d
C:\Users\zhmis\AppData\Local\Temp\ccLFr0PG.s:36     .rodata.Font24_Table:00000000 Font24_Table
C:\Users\zhmis\AppData\Local\Temp\ccLFr0PG.s:33     .rodata.Font24_Table:00000000 $d

NO UNDEFINED SYMBOLS
