ARM GAS  C:\Users\zhmis\AppData\Local\Temp\cc9JKCKy.s 			page 1


   1              		.cpu cortex-m4
   2              		.arch armv7e-m
   3              		.fpu fpv4-sp-d16
   4              		.eabi_attribute 27, 1
   5              		.eabi_attribute 28, 1
   6              		.eabi_attribute 20, 1
   7              		.eabi_attribute 21, 1
   8              		.eabi_attribute 23, 3
   9              		.eabi_attribute 24, 1
  10              		.eabi_attribute 25, 1
  11              		.eabi_attribute 26, 1
  12              		.eabi_attribute 30, 1
  13              		.eabi_attribute 34, 1
  14              		.eabi_attribute 18, 4
  15              		.file	"font16.c"
  16              		.text
  17              	.Ltext0:
  18              		.cfi_sections	.debug_frame
  19              		.file 1 "Core/Src/font16.c"
  20              		.global	Font16
  21              		.section	.data.Font16,"aw"
  22              		.align	2
  25              	Font16:
  26 0000 00000000 		.word	Font16_Table
  27 0004 0B00     		.short	11
  28 0006 1000     		.short	16
  29 0008 02       		.byte	2
  30 0009 000000   		.space	3
  31              		.global	Font16_Table
  32              		.section	.rodata.Font16_Table,"a"
  33              		.align	2
  36              	Font16_Table:
  37 0000 00000000 		.ascii	"\000\000\000\000\000\000\000\000\000\000\000\000\000"
  37      00000000 
  37      00000000 
  37      00
  38 000d 00000000 		.ascii	"\000\000\000\000\000\000\000\000\000\000\000\000\000"
  38      00000000 
  38      00000000 
  38      00
  39 001a 00000000 		.ascii	"\000\000\000\000\000\000\000\000\014\000\014\000\014"
  39      00000000 
  39      0C000C00 
  39      0C
  40 0027 000C000C 		.ascii	"\000\014\000\014\000\014\000\014\000\014\000\000\000"
  40      000C000C 
  40      000C0000 
  40      00
  41 0034 0C000000 		.ascii	"\014\000\000\000\000\000\000\000\000\000\000\000\000"
  41      00000000 
  41      00000000 
  41      00
  42 0041 0000001D 		.ascii	"\000\000\000\035\300\035\300\010\200\010\200\010\200"
  42      C01DC008 
  42      80088008 
  42      80
  43 004e 00000000 		.ascii	"\000\000\000\000\000\000\000\000\000\000\000\000\000"
ARM GAS  C:\Users\zhmis\AppData\Local\Temp\cc9JKCKy.s 			page 2


  43      00000000 
  43      00000000 
  43      00
  44 005b 00000000 		.ascii	"\000\000\000\000\000\000\000\015\200\015\200\015\200"
  44      0000000D 
  44      800D800D 
  44      80
  45 0068 0D803FC0 		.ascii	"\015\200?\300\033\000?\300\033\000\033\000\033\000\033"
  45      1B003FC0 
  45      1B001B00 
  45      1B001B
  46 0077 00000000 		.ascii	"\000\000\000\000\000\000\000\000\000\004\000\037\200"
  46      00000000 
  46      0004001F 
  46      80
  47 0084 31803180 		.ascii	"1\2001\2008\000\036\000\017\000\003\2001\2001\200?\000"
  47      38001E00 
  47      0F000380 
  47      31803180 
  47      3F00
  48 0096 04000400 		.ascii	"\004\000\004\000\000\000\000\000\000\000\000\000\030"
  48      00000000 
  48      00000000 
  48      18
  49 00a3 00240024 		.ascii	"\000$\000$\000\030\300\007\200\036\0001\200\002@\002"
  49      0018C007 
  49      801E0031 
  49      80024002 
  50 00b3 40018000 		.ascii	"@\001\200\000\000\000\000\000\000\000\000\000\000\000"
  50      00000000 
  50      00000000 
  50      0000
  51 00c1 0000000F 		.ascii	"\000\000\000\017\000\030\000\030\000\030\000\014\000"
  51      00180018 
  51      0018000C 
  51      00
  52 00ce 1D803700 		.ascii	"\035\2007\0003\000\035\200\000\000\000\000\000\000\000"
  52      33001D80 
  52      00000000 
  52      000000
  53 00dd 00000000 		.ascii	"\000\000\000\000\000\000\000\007\000\007\000\002\000"
  53      00000007 
  53      00070002 
  53      00
  54 00ea 02000200 		.ascii	"\002\000\002\000\000\000\000\000\000\000\000\000\000"
  54      00000000 
  54      00000000 
  54      00
  55 00f7 00000000 		.ascii	"\000\000\000\000\000\000\000\000\000\000\000\003\000"
  55      00000000 
  55      00000003 
  55      00
  56 0104 03000600 		.ascii	"\003\000\006\000\016\000\014\000\014\000\014\000\014"
  56      0E000C00 
  56      0C000C00 
  56      0C
  57 0111 000E0006 		.ascii	"\000\016\000\006\000\003\000\003\000\000\000\000\000"
ARM GAS  C:\Users\zhmis\AppData\Local\Temp\cc9JKCKy.s 			page 3


  57      00030003 
  57      00000000 
  57      00
  58 011e 00000000 		.ascii	"\000\000\000\000\030\000\030\000\014\000\006\000\006"
  58      18001800 
  58      0C000600 
  58      06
  59 012b 00060006 		.ascii	"\000\006\000\006\000\006\000\006\000\014\000\034\000"
  59      00060006 
  59      000C001C 
  59      00
  60 0138 18000000 		.ascii	"\030\000\000\000\000\000\000\000\000\000\006\000\006"
  60      00000000 
  60      00000600 
  60      06
  61 0145 003FC03F 		.ascii	"\000?\300?\300\017\000\037\200\031\200\000\000\000\000"
  61      C00F001F 
  61      80198000 
  61      000000
  62 0154 00000000 		.ascii	"\000\000\000\000\000\000\000\000\000\000\000\000\000"
  62      00000000 
  62      00000000 
  62      00
  63 0161 00000000 		.ascii	"\000\000\000\000\000\004\000\004\000\004\000?\200\004"
  63      00040004 
  63      0004003F 
  63      8004
  64 016f 00040004 		.ascii	"\000\004\000\004\000\000\000\000\000\000\000\000\000"
  64      00000000 
  64      00000000 
  64      00
  65 017c 00000000 		.ascii	"\000\000\000\000\000\000\000\000\000\000\000\000\000"
  65      00000000 
  65      00000000 
  65      00
  66 0189 00000000 		.ascii	"\000\000\000\000\000\000\000\000\000\006\000\004\000"
  66      00000000 
  66      00060004 
  66      00
  67 0196 0C000800 		.ascii	"\014\000\010\000\010\000\000\000\000\000\000\000\000"
  67      08000000 
  67      00000000 
  67      00
  68 01a3 00000000 		.ascii	"\000\000\000\000\000\000\000\000\000?\200\000\000\000"
  68      00000000 
  68      003F8000 
  68      0000
  69 01b1 00000000 		.ascii	"\000\000\000\000\000\000\000\000\000\000\000\000\000"
  69      00000000 
  69      00000000 
  69      00
  70 01be 00000000 		.ascii	"\000\000\000\000\000\000\000\000\000\000\000\000\000"
  70      00000000 
  70      00000000 
  70      00
  71 01cb 00000000 		.ascii	"\000\000\000\000\000\000\000\014\000\014\000\000\000"
  71      0000000C 
ARM GAS  C:\Users\zhmis\AppData\Local\Temp\cc9JKCKy.s 			page 4


  71      000C0000 
  71      00
  72 01d8 00000000 		.ascii	"\000\000\000\000\000\000\000\000\000\300\000\300\001"
  72      00000000 
  72      00C000C0 
  72      01
  73 01e5 80018003 		.ascii	"\200\001\200\003\000\003\000\006\000\014\000\014\000"
  73      00030006 
  73      000C000C 
  73      00
  74 01f2 18001800 		.ascii	"\030\000\030\0000\0000\000\000\000\000\000\000\000\000"
  74      30003000 
  74      00000000 
  74      000000
  75 0201 000E001B 		.ascii	"\000\016\000\033\0001\2001\2001\2001\2001\2001\200\033"
  75      00318031 
  75      80318031 
  75      80318031 
  75      801B
  76 0213 000E0000 		.ascii	"\000\016\000\000\000\000\000\000\000\000\000\000\000"
  76      00000000 
  76      00000000 
  76      00
  77 0220 00000600 		.ascii	"\000\000\006\000>\000\006\000\006\000\006\000\006\000"
  77      3E000600 
  77      06000600 
  77      0600
  78 022e 06000600 		.ascii	"\006\000\006\000\006\000?\300\000\000\000\000\000\000"
  78      06003FC0 
  78      00000000 
  78      0000
  79 023c 00000000 		.ascii	"\000\000\000\000\000\000\017\000\031\2001\2001\200\003"
  79      00000F00 
  79      19803180 
  79      318003
  80 024b 0006000C 		.ascii	"\000\006\000\014\000\030\0000\000?\200\000\000\000\000"
  80      00180030 
  80      003F8000 
  80      000000
  81 025a 00000000 		.ascii	"\000\000\000\000\000\000\000\000?\000a\200\001\200\003"
  81      00000000 
  81      3F006180 
  81      018003
  82 0269 001F0003 		.ascii	"\000\037\000\003\200\001\200\001\200a\200?\000\000\000"
  82      80018001 
  82      8061803F 
  82      000000
  83 0278 00000000 		.ascii	"\000\000\000\000\000\000\000\000\000\000\007\000\007"
  83      00000000 
  83      00000700 
  83      07
  84 0285 000F000B 		.ascii	"\000\017\000\013\000\033\000\023\0003\000?\200\003\000"
  84      001B0013 
  84      0033003F 
  84      800300
  85 0294 0F800000 		.ascii	"\017\200\000\000\000\000\000\000\000\000\000\000\000"
  85      00000000 
ARM GAS  C:\Users\zhmis\AppData\Local\Temp\cc9JKCKy.s 			page 5


  85      00000000 
  85      00
  86 02a1 001F8018 		.ascii	"\000\037\200\030\000\030\000\030\000\037\000\021\200"
  86      00180018 
  86      001F0011 
  86      80
  87 02ae 01800180 		.ascii	"\001\200\001\200!\200\037\000\000\000\000\000\000\000"
  87      21801F00 
  87      00000000 
  87      0000
  88 02bc 00000000 		.ascii	"\000\000\000\000\000\000\007\200\034\000\030\0000\000"
  88      00000780 
  88      1C001800 
  88      3000
  89 02ca 37003980 		.ascii	"7\0009\2001\2001\200\031\200\017\000\000\000\000\000"
  89      31803180 
  89      19800F00 
  89      00000000 
  90 02da 00000000 		.ascii	"\000\000\000\000\000\000\000\000\177\000C\000\003\000"
  90      00000000 
  90      7F004300 
  90      0300
  91 02e8 06000600 		.ascii	"\006\000\006\000\006\000\006\000\014\000\014\000\014"
  91      06000600 
  91      0C000C00 
  91      0C
  92 02f5 00000000 		.ascii	"\000\000\000\000\000\000\000\000\000\000\000\000\000"
  92      00000000 
  92      00000000 
  92      00
  93 0302 1F003180 		.ascii	"\037\0001\2001\2001\200\037\0001\2001\2001\2001\200"
  93      31803180 
  93      1F003180 
  93      31803180 
  93      3180
  94 0314 1F000000 		.ascii	"\037\000\000\000\000\000\000\000\000\000\000\000\000"
  94      00000000 
  94      00000000 
  94      00
  95 0321 001E0033 		.ascii	"\000\036\0003\0001\2001\2003\200\035\200\001\200\003"
  95      00318031 
  95      8033801D 
  95      80018003 
  96 0331 0007003C 		.ascii	"\000\007\000<\000\000\000\000\000\000\000\000\000\000"
  96      00000000 
  96      00000000 
  96      0000
  97 033f 00000000 		.ascii	"\000\000\000\000\000\000\000\000\000\014\000\014\000"
  97      00000000 
  97      000C000C 
  97      00
  98 034c 00000000 		.ascii	"\000\000\000\000\000\000\014\000\014\000\000\000\000"
  98      00000C00 
  98      0C000000 
  98      00
  99 0359 00000000 		.ascii	"\000\000\000\000\000\000\000\000\000\000\000\000\000"
  99      00000000 
ARM GAS  C:\Users\zhmis\AppData\Local\Temp\cc9JKCKy.s 			page 6


  99      00000000 
  99      00
 100 0366 00000300 		.ascii	"\000\000\003\000\003\000\000\000\000\000\000\000\006"
 100      03000000 
 100      00000000 
 100      06
 101 0373 00040008 		.ascii	"\000\004\000\010\000\010\000\000\000\000\000\000\000"
 101      00080000 
 101      00000000 
 101      00
 102 0380 00000000 		.ascii	"\000\000\000\000\000\300\003\000\004\000\030\000`\000"
 102      00C00300 
 102      04001800 
 102      6000
 103 038e 18000400 		.ascii	"\030\000\004\000\003\000\000\300\000\000\000\000\000"
 103      030000C0 
 103      00000000 
 103      00
 104 039b 00000000 		.ascii	"\000\000\000\000\000\000\000\000\000\000\000\000\000"
 104      00000000 
 104      00000000 
 104      00
 105 03a8 00007FC0 		.ascii	"\000\000\177\300\000\000\177\300\000\000\000\000\000"
 105      00007FC0 
 105      00000000 
 105      00
 106 03b5 00000000 		.ascii	"\000\000\000\000\000\000\000\000\000\000\000\000\000"
 106      00000000 
 106      00000000 
 106      00
 107 03c2 00006000 		.ascii	"\000\000`\000\030\000\004\000\003\000\000\300\003\000"
 107      18000400 
 107      030000C0 
 107      0300
 108 03d0 04001800 		.ascii	"\004\000\030\000`\000\000\000\000\000\000\000\000\000"
 108      60000000 
 108      00000000 
 108      0000
 109 03de 00000000 		.ascii	"\000\000\000\000\000\000\037\0001\2001\200\001\200\007"
 109      00001F00 
 109      31803180 
 109      018007
 110 03ed 000C000C 		.ascii	"\000\014\000\014\000\000\000\014\000\000\000\000\000"
 110      0000000C 
 110      00000000 
 110      00
 111 03fa 00000000 		.ascii	"\000\000\000\000\000\000\000\000\016\000\021\000!\000"
 111      00000000 
 111      0E001100 
 111      2100
 112 0408 21002700 		.ascii	"!\000'\000)\000)\000'\000 \000\021\000\016\000\000\000"
 112      29002900 
 112      27002000 
 112      11000E00 
 112      0000
 113 041a 00000000 		.ascii	"\000\000\000\000\000\000\000\000\000\000?\000\017\000"
 113      00000000 
ARM GAS  C:\Users\zhmis\AppData\Local\Temp\cc9JKCKy.s 			page 7


 113      00003F00 
 113      0F00
 114 0428 09001980 		.ascii	"\011\000\031\200\031\200\037\2000\3000\300y\340\000"
 114      19801F80 
 114      30C030C0 
 114      79E000
 115 0437 00000000 		.ascii	"\000\000\000\000\000\000\000\000\000\000\000\000\000"
 115      00000000 
 115      00000000 
 115      00
 116 0444 7F003180 		.ascii	"\177\0001\2001\2001\200?\0001\2001\2001\200\177\000"
 116      31803180 
 116      3F003180 
 116      31803180 
 116      7F00
 117 0456 00000000 		.ascii	"\000\000\000\000\000\000\000\000\000\000\000\000\000"
 117      00000000 
 117      00000000 
 117      00
 118 0463 001F4030 		.ascii	"\000\037@0\300`@`\000`\000`\000`@0\200\037\000\000\000"
 118      C0604060 
 118      00600060 
 118      00604030 
 118      801F0000 
 119 0478 00000000 		.ascii	"\000\000\000\000\000\000\000\000\000\000\000\000\177"
 119      00000000 
 119      00000000 
 119      7F
 120 0485 00318030 		.ascii	"\0001\2000\3000\3000\3000\3000\3001\200\177\000\000"
 120      C030C030 
 120      C030C030 
 120      C031807F 
 120      0000
 121 0497 00000000 		.ascii	"\000\000\000\000\000\000\000\000\000\000\000\000\000"
 121      00000000 
 121      00000000 
 121      00
 122 04a4 7F803080 		.ascii	"\177\2000\2000\2002\000>\0002\0000\2000\200\177\200"
 122      30803200 
 122      3E003200 
 122      30803080 
 122      7F80
 123 04b6 00000000 		.ascii	"\000\000\000\000\000\000\000\000\000\000\000\000\000"
 123      00000000 
 123      00000000 
 123      00
 124 04c3 007FC030 		.ascii	"\000\177\3000@0@2\000>\0002\0000\0000\000|\000\000\000"
 124      40304032 
 124      003E0032 
 124      00300030 
 124      007C0000 
 125 04d8 00000000 		.ascii	"\000\000\000\000\000\000\000\000\000\000\000\000\036"
 125      00000000 
 125      00000000 
 125      1E
 126 04e5 80318060 		.ascii	"\2001\200`\200`\000`\000g\300a\2001\200\037\000\000"
 126      80600060 
ARM GAS  C:\Users\zhmis\AppData\Local\Temp\cc9JKCKy.s 			page 8


 126      0067C061 
 126      8031801F 
 126      0000
 127 04f7 00000000 		.ascii	"\000\000\000\000\000\000\000\000\000\000\000\000\000"
 127      00000000 
 127      00000000 
 127      00
 128 0504 7BC03180 		.ascii	"{\3001\2001\2001\200?\2001\2001\2001\200{\300\000\000"
 128      31803180 
 128      3F803180 
 128      31803180 
 128      7BC00000 
 129 0518 00000000 		.ascii	"\000\000\000\000\000\000\000\000\000\000\000\000?\300"
 129      00000000 
 129      00000000 
 129      3FC0
 130 0526 06000600 		.ascii	"\006\000\006\000\006\000\006\000\006\000\006\000\006"
 130      06000600 
 130      06000600 
 130      06
 131 0533 003FC000 		.ascii	"\000?\300\000\000\000\000\000\000\000\000\000\000\000"
 131      00000000 
 131      00000000 
 131      0000
 132 0541 0000001F 		.ascii	"\000\000\000\037\300\003\000\003\000\003\000\003\000"
 132      C0030003 
 132      00030003 
 132      00
 133 054e 63006300 		.ascii	"c\000c\000c\000>\000\000\000\000\000\000\000\000\000"
 133      63003E00 
 133      00000000 
 133      00000000 
 134 055e 00000000 		.ascii	"\000\000\000\000\000\000{\3001\2003\0006\000<\000>\000"
 134      00007BC0 
 134      31803300 
 134      36003C00 
 134      3E00
 135 0570 33003180 		.ascii	"3\0001\200y\300\000\000\000\000\000\000\000\000\000"
 135      79C00000 
 135      00000000 
 135      000000
 136 057f 00000000 		.ascii	"\000\000\000\000\000~\000\030\000\030\000\030\000\030"
 136      007E0018 
 136      00180018 
 136      0018
 137 058d 00184018 		.ascii	"\000\030@\030@\030@\177\300\000\000\000\000\000\000"
 137      4018407F 
 137      C0000000 
 137      000000
 138 059c 00000000 		.ascii	"\000\000\000\000\000\000\000\000\340\340`\300q\300{"
 138      00000000 
 138      E0E060C0 
 138      71C07B
 139 05ab C06AC06E 		.ascii	"\300j\300n\300d\300`\300\373\340\000\000\000\000\000"
 139      C064C060 
 139      C0FBE000 
 139      00000000 
ARM GAS  C:\Users\zhmis\AppData\Local\Temp\cc9JKCKy.s 			page 9


 140 05bb 00000000 		.ascii	"\000\000\000\000\000\000\000\000\000s\3001\2009\200"
 140      00000000 
 140      0073C031 
 140      803980
 141 05ca 3D803580 		.ascii	"=\2005\2007\2003\2001\200y\200\000\000\000\000\000\000"
 141      37803380 
 141      31807980 
 141      00000000 
 141      0000
 142 05dc 00000000 		.ascii	"\000\000\000\000\000\000\000\000\037\0001\200`\300`"
 142      00000000 
 142      1F003180 
 142      60C060
 143 05eb C060C060 		.ascii	"\300`\300`\300`\3001\200\037\000\000\000\000\000\000"
 143      C060C031 
 143      801F0000 
 143      00000000 
 144 05fb 00000000 		.ascii	"\000\000\000\000\000\000\000\000\000\177\0001\2001\200"
 144      00000000 
 144      007F0031 
 144      803180
 145 060a 31803180 		.ascii	"1\2001\200?\0000\0000\000~\000\000\000\000\000\000\000"
 145      3F003000 
 145      30007E00 
 145      00000000 
 145      0000
 146 061c 00000000 		.ascii	"\000\000\000\000\000\000\000\000\037\0001\200`\300`"
 146      00000000 
 146      1F003180 
 146      60C060
 147 062b C060C060 		.ascii	"\300`\300`\300`\3001\200\037\000\014\300\037\200\000"
 147      C060C031 
 147      801F000C 
 147      C01F8000 
 148 063b 00000000 		.ascii	"\000\000\000\000\000\000\000\000\000\177\0001\2001\200"
 148      00000000 
 148      007F0031 
 148      803180
 149 064a 31803E00 		.ascii	"1\200>\0003\0001\2001\200|\340\000\000\000\000\000\000"
 149      33003180 
 149      31807CE0 
 149      00000000 
 149      0000
 150 065c 00000000 		.ascii	"\000\000\000\000\000\000\000\000\037\2001\2001\2008"
 150      00000000 
 150      1F803180 
 150      318038
 151 066b 001F0003 		.ascii	"\000\037\000\003\2001\2001\200?\000\000\000\000\000"
 151      80318031 
 151      803F0000 
 151      000000
 152 067a 00000000 		.ascii	"\000\000\000\000\000\000\000\000\000\000\177\200L\200"
 152      00000000 
 152      00007F80 
 152      4C80
 153 0688 4C804C80 		.ascii	"L\200L\200\014\000\014\000\014\000\014\000?\000\000"
 153      0C000C00 
ARM GAS  C:\Users\zhmis\AppData\Local\Temp\cc9JKCKy.s 			page 10


 153      0C000C00 
 153      3F0000
 154 0697 00000000 		.ascii	"\000\000\000\000\000\000\000\000\000\000\000\000\000"
 154      00000000 
 154      00000000 
 154      00
 155 06a4 7BC03180 		.ascii	"{\3001\2001\2001\2001\2001\2001\2001\200\037\000\000"
 155      31803180 
 155      31803180 
 155      31803180 
 155      1F0000
 156 06b7 00000000 		.ascii	"\000\000\000\000\000\000\000\000\000\000\000\000\000"
 156      00000000 
 156      00000000 
 156      00
 157 06c4 7BC03180 		.ascii	"{\3001\2001\200\033\000\033\000\033\000\012\000\016"
 157      31801B00 
 157      1B001B00 
 157      0A000E
 158 06d3 000E0000 		.ascii	"\000\016\000\000\000\000\000\000\000\000\000\000\000"
 158      00000000 
 158      00000000 
 158      00
 159 06e0 00000000 		.ascii	"\000\000\000\000\373\340`\300d\300n\300n\300*\200;\200"
 159      FBE060C0 
 159      64C06EC0 
 159      6EC02A80 
 159      3B80
 160 06f2 3B803180 		.ascii	";\2001\200\000\000\000\000\000\000\000\000\000\000\000"
 160      00000000 
 160      00000000 
 160      000000
 161 0701 0000007B 		.ascii	"\000\000\000{\3001\200\033\000\016\000\016\000\016\000"
 161      C031801B 
 161      000E000E 
 161      000E00
 162 0710 1B003180 		.ascii	"\033\0001\200{\300\000\000\000\000\000\000\000\000\000"
 162      7BC00000 
 162      00000000 
 162      000000
 163 071f 00000000 		.ascii	"\000\000\000\000\000y\3400\300\031\200\017\000\006\000"
 163      0079E030 
 163      C019800F 
 163      000600
 164 072e 06000600 		.ascii	"\006\000\006\000\006\000\037\200\000\000\000\000\000"
 164      06001F80 
 164      00000000 
 164      00
 165 073b 00000000 		.ascii	"\000\000\000\000\000\000\000\000\000?\200!\200#\000"
 165      00000000 
 165      003F8021 
 165      802300
 166 074a 06000400 		.ascii	"\006\000\004\000\014\000\030\2000\200?\200\000\000\000"
 166      0C001880 
 166      30803F80 
 166      000000
 167 0759 00000000 		.ascii	"\000\000\000\000\000\000\000\000\000\007\200\006\000"
ARM GAS  C:\Users\zhmis\AppData\Local\Temp\cc9JKCKy.s 			page 11


 167      00000000 
 167      00078006 
 167      00
 168 0766 06000600 		.ascii	"\006\000\006\000\006\000\006\000\006\000\006\000\006"
 168      06000600 
 168      06000600 
 168      06
 169 0773 00060006 		.ascii	"\000\006\000\006\000\007\200\000\000\000\000\000\000"
 169      00078000 
 169      00000000 
 169      00
 170 0780 30003000 		.ascii	"0\0000\000\030\000\030\000\014\000\014\000\006\000\003"
 170      18001800 
 170      0C000C00 
 170      060003
 171 078f 00030001 		.ascii	"\000\003\000\001\200\001\200\000\300\000\300\000\000"
 171      80018000 
 171      C000C000 
 171      00
 172 079c 00000000 		.ascii	"\000\000\000\000\000\000\036\000\006\000\006\000\006"
 172      00001E00 
 172      06000600 
 172      06
 173 07a9 00060006 		.ascii	"\000\006\000\006\000\006\000\006\000\006\000\006\000"
 173      00060006 
 173      00060006 
 173      00
 174 07b6 06001E00 		.ascii	"\006\000\036\000\000\000\000\000\000\000\004\000\012"
 174      00000000 
 174      00000400 
 174      0A
 175 07c3 000A0011 		.ascii	"\000\012\000\021\000 \200 \200\000\000\000\000"
 175      00208020 
 175      80000000 
 175      00
 176 07d0 00000000 		.ascii	"\000\000\000\000\000\000\000\000\000\000\000\000\000"
 176      00000000 
 176      00000000 
 176      00
 177 07dd 00000000 		.ascii	"\000\000\000\000\000\000\000\000\000\000\000\000\000"
 177      00000000 
 177      00000000 
 177      00
 178 07ea 00000000 		.ascii	"\000\000\000\000\000\000\000\000\000\000\000\000\000"
 178      00000000 
 178      00000000 
 178      00
 179 07f7 00000000 		.ascii	"\000\000\000\000\000\000\000\377\340\010\000\004\000"
 179      000000FF 
 179      E0080004 
 179      00
 180 0804 02000000 		.ascii	"\002\000\000\000\000\000\000\000\000\000\000\000\000"
 180      00000000 
 180      00000000 
 180      00
 181 0811 00000000 		.ascii	"\000\000\000\000\000\000\000\000\000\000\000\000\000"
 181      00000000 
ARM GAS  C:\Users\zhmis\AppData\Local\Temp\cc9JKCKy.s 			page 12


 181      00000000 
 181      00
 182 081e 00000000 		.ascii	"\000\000\000\000\000\000\000\000\000\000\037\000\001"
 182      00000000 
 182      00001F00 
 182      01
 183 082b 8001801F 		.ascii	"\200\001\200\037\2001\2003\200\035\300\000\000\000\000"
 183      80318033 
 183      801DC000 
 183      000000
 184 083a 00000000 		.ascii	"\000\000\000\000\000\000\000\000p\0000\0000\0007\000"
 184      00000000 
 184      70003000 
 184      30003700 
 185 084a 398030C0 		.ascii	"9\2000\3000\3000\3009\200w\000\000\000\000\000\000\000"
 185      30C030C0 
 185      39807700 
 185      00000000 
 185      0000
 186 085c 00000000 		.ascii	"\000\000\000\000\000\000\000\000\000\000\000\000\036"
 186      00000000 
 186      00000000 
 186      1E
 187 0869 80318060 		.ascii	"\2001\200`\200`\000`\2001\200\037\000\000\000\000\000"
 187      80600060 
 187      8031801F 
 187      00000000 
 187      00
 188 087a 00000000 		.ascii	"\000\000\000\000\000\000\000\000\003\200\001\200\001"
 188      00000000 
 188      03800180 
 188      01
 189 0887 801D8033 		.ascii	"\200\035\2003\200a\200a\200a\2003\200\035\300\000\000"
 189      80618061 
 189      80618033 
 189      801DC000 
 189      00
 190 0898 00000000 		.ascii	"\000\000\000\000\000\000\000\000\000\000\000\000\000"
 190      00000000 
 190      00000000 
 190      00
 191 08a5 0000001F 		.ascii	"\000\000\000\037\0001\200`\300\177\300`\0000\300\037"
 191      00318060 
 191      C07FC060 
 191      0030C01F 
 192 08b5 80000000 		.ascii	"\200\000\000\000\000\000\000\000\000\000\000\000\000"
 192      00000000 
 192      00000000 
 192      00
 193 08c2 07E00C00 		.ascii	"\007\340\014\000\014\000?\200\014\000\014\000\014\000"
 193      0C003F80 
 193      0C000C00 
 193      0C00
 194 08d0 0C000C00 		.ascii	"\014\000\014\000?\200\000\000\000\000\000\000\000\000"
 194      3F800000 
 194      00000000 
 194      0000
ARM GAS  C:\Users\zhmis\AppData\Local\Temp\cc9JKCKy.s 			page 13


 195 08de 00000000 		.ascii	"\000\000\000\000\000\000\000\000\000\000\035\3003\200"
 195      00000000 
 195      00001DC0 
 195      3380
 196 08ec 61806180 		.ascii	"a\200a\200a\2003\200\035\200\001\200\001\200\037\000"
 196      61803380 
 196      1D800180 
 196      01801F00 
 197 08fc 00000000 		.ascii	"\000\000\000\000\000\000p\0000\0000\0007\0009\2001\200"
 197      00007000 
 197      30003000 
 197      37003980 
 197      3180
 198 090e 31803180 		.ascii	"1\2001\2001\200{\300\000\000\000\000\000\000\000\000"
 198      31807BC0 
 198      00000000 
 198      00000000 
 199 091e 00000000 		.ascii	"\000\000\000\000\006\000\006\000\000\000\036\000\006"
 199      06000600 
 199      00001E00 
 199      06
 200 092b 00060006 		.ascii	"\000\006\000\006\000\006\000\006\000?\300\000\000\000"
 200      00060006 
 200      003FC000 
 200      0000
 201 0939 00000000 		.ascii	"\000\000\000\000\000\000\000\000\000\006\000\006\000"
 201      00000000 
 201      00060006 
 201      00
 202 0946 00003F00 		.ascii	"\000\000?\000\003\000\003\000\003\000\003\000\003\000"
 202      03000300 
 202      03000300 
 202      0300
 203 0954 03000300 		.ascii	"\003\000\003\000\003\000>\000\000\000\000\000\000\000"
 203      03003E00 
 203      00000000 
 203      0000
 204 0962 70003000 		.ascii	"p\0000\0000\0007\2006\000<\000<\0006\0003\000w\300\000"
 204      30003780 
 204      36003C00 
 204      3C003600 
 204      330077C0 
 205 0977 00000000 		.ascii	"\000\000\000\000\000\000\000\000\000\000\000\036\000"
 205      00000000 
 205      0000001E 
 205      00
 206 0984 06000600 		.ascii	"\006\000\006\000\006\000\006\000\006\000\006\000\006"
 206      06000600 
 206      06000600 
 206      06
 207 0991 0006003F 		.ascii	"\000\006\000?\300\000\000\000\000\000\000\000\000\000"
 207      C0000000 
 207      00000000 
 207      0000
 208 099f 00000000 		.ascii	"\000\000\000\000\000\000\000\000\000\177\2006\3006\300"
 208      00000000 
 208      007F8036 
ARM GAS  C:\Users\zhmis\AppData\Local\Temp\cc9JKCKy.s 			page 14


 208      C036C0
 209 09ae 36C036C0 		.ascii	"6\3006\3006\300v\340\000\000\000\000\000\000\000\000"
 209      36C076E0 
 209      00000000 
 209      00000000 
 210 09be 00000000 		.ascii	"\000\000\000\000\000\000\000\000\000\000w\0009\2001"
 210      00000000 
 210      00007700 
 210      398031
 211 09cd 80318031 		.ascii	"\2001\2001\2001\200{\300\000\000\000\000\000\000\000"
 211      8031807B 
 211      C0000000 
 211      00000000 
 212 09dd 00000000 		.ascii	"\000\000\000\000\000\000\000\000\000\000\000\037\000"
 212      00000000 
 212      0000001F 
 212      00
 213 09ea 318060C0 		.ascii	"1\200`\300`\300`\3001\200\037\000\000\000\000\000\000"
 213      60C060C0 
 213      31801F00 
 213      00000000 
 213      00
 214 09fb 00000000 		.ascii	"\000\000\000\000\000\000\000\000\000\000\000\000\000"
 214      00000000 
 214      00000000 
 214      00
 215 0a08 77003980 		.ascii	"w\0009\2000\3000\3000\3009\2007\0000\0000\000|\000\000"
 215      30C030C0 
 215      30C03980 
 215      37003000 
 215      30007C00 
 216 0a1d 00000000 		.ascii	"\000\000\000\000\000\000\000\000\000\000\000\035\300"
 216      00000000 
 216      0000001D 
 216      C0
 217 0a2a 33806180 		.ascii	"3\200a\200a\200a\2003\200\035\200\001\200\001\200\007"
 217      61806180 
 217      33801D80 
 217      01800180 
 217      07
 218 0a3b C0000000 		.ascii	"\300\000\000\000\000\000\000\000\000\000\000\000\000"
 218      00000000 
 218      00000000 
 218      00
 219 0a48 7B801CC0 		.ascii	"{\200\034\300\030\000\030\000\030\000\030\000\177\000"
 219      18001800 
 219      18001800 
 219      7F00
 220 0a56 00000000 		.ascii	"\000\000\000\000\000\000\000\000\000\000\000\000\000"
 220      00000000 
 220      00000000 
 220      00
 221 0a63 00000000 		.ascii	"\000\000\000\000\000\037\2001\200<\000\037\000\003\200"
 221      001F8031 
 221      803C001F 
 221      000380
 222 0a72 31803F00 		.ascii	"1\200?\000\000\000\000\000\000\000\000\000\000\000\000"
ARM GAS  C:\Users\zhmis\AppData\Local\Temp\cc9JKCKy.s 			page 15


 222      00000000 
 222      00000000 
 222      000000
 223 0a81 00180018 		.ascii	"\000\030\000\030\000\030\000\177\000\030\000\030\000"
 223      0018007F 
 223      00180018 
 223      00
 224 0a8e 18001800 		.ascii	"\030\000\030\000\030\200\017\000\000\000\000\000\000"
 224      18800F00 
 224      00000000 
 224      00
 225 0a9b 00000000 		.ascii	"\000\000\000\000\000\000\000\000\000\000\000\000\000"
 225      00000000 
 225      00000000 
 225      00
 226 0aa8 73803180 		.ascii	"s\2001\2001\2001\2001\2003\200\035\300\000\000\000\000"
 226      31803180 
 226      31803380 
 226      1DC00000 
 226      0000
 227 0aba 00000000 		.ascii	"\000\000\000\000\000\000\000\000\000\000\000\000\000"
 227      00000000 
 227      00000000 
 227      00
 228 0ac7 007BC031 		.ascii	"\000{\3001\2001\200\033\000\033\000\016\000\016\000"
 228      8031801B 
 228      001B000E 
 228      000E00
 229 0ad6 00000000 		.ascii	"\000\000\000\000\000\000\000\000\000\000\000\000\000"
 229      00000000 
 229      00000000 
 229      00
 230 0ae3 00000000 		.ascii	"\000\000\000\000\000\361\340`\300d\300n\300;\200;\200"
 230      00F1E060 
 230      C064C06E 
 230      C03B803B 
 230      80
 231 0af4 31800000 		.ascii	"1\200\000\000\000\000\000\000\000\000\000\000\000\000"
 231      00000000 
 231      00000000 
 231      0000
 232 0b02 00000000 		.ascii	"\000\000\000\000\000\000{\300\033\000\016\000\016\000"
 232      00007BC0 
 232      1B000E00 
 232      0E00
 233 0b10 0E001B00 		.ascii	"\016\000\033\000{\300\000\000\000\000\000\000\000\000"
 233      7BC00000 
 233      00000000 
 233      0000
 234 0b1e 00000000 		.ascii	"\000\000\000\000\000\000\000\000\000\000y\3400\300\031"
 234      00000000 
 234      000079E0 
 234      30C019
 235 0b2d 8019800B 		.ascii	"\200\031\200\013\000\017\000\006\000\006\000\014\000"
 235      000F0006 
 235      0006000C 
 235      00
ARM GAS  C:\Users\zhmis\AppData\Local\Temp\cc9JKCKy.s 			page 16


 236 0b3a 3E000000 		.ascii	">\000\000\000\000\000\000\000\000\000\000\000\000\000"
 236      00000000 
 236      00000000 
 236      0000
 237 0b48 3F802180 		.ascii	"?\200!\200\003\000\016\000\030\0000\200?\200\000\000"
 237      03000E00 
 237      18003080 
 237      3F800000 
 238 0b58 00000000 		.ascii	"\000\000\000\000\000\000\000\000\000\000\006\000\014"
 238      00000000 
 238      00000600 
 238      0C
 239 0b65 000C000C 		.ascii	"\000\014\000\014\000\014\000\014\000\030\000\014\000"
 239      000C000C 
 239      0018000C 
 239      00
 240 0b72 0C000C00 		.ascii	"\014\000\014\000\014\000\006\000\000\000\000\000\000"
 240      0C000600 
 240      00000000 
 240      00
 241 0b7f 00000006 		.ascii	"\000\000\000\006\000\006\000\006\000\006\000\006\000"
 241      00060006 
 241      00060006 
 241      00
 242 0b8c 06000600 		.ascii	"\006\000\006\000\006\000\006\000\006\000\006\000\006"
 242      06000600 
 242      06000600 
 242      06
 243 0b99 00000000 		.ascii	"\000\000\000\000\000\000\000\000\000\014\000\006\000"
 243      00000000 
 243      000C0006 
 243      00
 244 0ba6 06000600 		.ascii	"\006\000\006\000\006\000\006\000\003\000\006\000\006"
 244      06000600 
 244      03000600 
 244      06
 245 0bb3 00060006 		.ascii	"\000\006\000\006\000\014\000\000\000\000\000\000\000"
 245      000C0000 
 245      00000000 
 245      00
 246 0bc0 00000000 		.ascii	"\000\000\000\000\000\000\000\000\000\000\030\000$\200"
 246      00000000 
 246      00001800 
 246      2480
 247 0bce 03000000 		.ascii	"\003\000\000\000\000\000\000\000\000\000\000\000\000"
 247      00000000 
 247      00000000 
 247      00
 248 0bdb 00000000 		.ascii	"\000\000\000\000\000"
 248      00
 249              		.text
 250              	.Letext0:
 251              		.file 2 "C:/Users/zhmis/AppData/Roaming/Code/User/globalStorage/bmd.stm32-for-vscode/@xpack-dev-to
 252              		.file 3 "C:/Users/zhmis/AppData/Roaming/Code/User/globalStorage/bmd.stm32-for-vscode/@xpack-dev-to
 253              		.file 4 "Core/Inc/fonts.h"
ARM GAS  C:\Users\zhmis\AppData\Local\Temp\cc9JKCKy.s 			page 17


DEFINED SYMBOLS
                            *ABS*:00000000 font16.c
C:\Users\zhmis\AppData\Local\Temp\cc9JKCKy.s:25     .data.Font16:00000000 Font16
C:\Users\zhmis\AppData\Local\Temp\cc9JKCKy.s:22     .data.Font16:00000000 $d
C:\Users\zhmis\AppData\Local\Temp\cc9JKCKy.s:36     .rodata.Font16_Table:00000000 Font16_Table
C:\Users\zhmis\AppData\Local\Temp\cc9JKCKy.s:33     .rodata.Font16_Table:00000000 $d

NO UNDEFINED SYMBOLS
