ARM GAS  C:\Users\zhmis\AppData\Local\Temp\cc8JAIjv.s 			page 1


   1              		.cpu cortex-m4
   2              		.arch armv7e-m
   3              		.fpu fpv4-sp-d16
   4              		.eabi_attribute 27, 1
   5              		.eabi_attribute 28, 1
   6              		.eabi_attribute 20, 1
   7              		.eabi_attribute 21, 1
   8              		.eabi_attribute 23, 3
   9              		.eabi_attribute 24, 1
  10              		.eabi_attribute 25, 1
  11              		.eabi_attribute 26, 1
  12              		.eabi_attribute 30, 1
  13              		.eabi_attribute 34, 1
  14              		.eabi_attribute 18, 4
  15              		.file	"gpio.c"
  16              		.text
  17              	.Ltext0:
  18              		.cfi_sections	.debug_frame
  19              		.file 1 "Core/Src/gpio.c"
  20              		.section	.text.MX_GPIO_Init,"ax",%progbits
  21              		.align	1
  22              		.global	MX_GPIO_Init
  23              		.syntax unified
  24              		.thumb
  25              		.thumb_func
  27              	MX_GPIO_Init:
  28              	.LFB134:
   1:Core/Src/gpio.c **** /* USER CODE BEGIN Header */
   2:Core/Src/gpio.c **** /**
   3:Core/Src/gpio.c ****   ******************************************************************************
   4:Core/Src/gpio.c ****   * @file    gpio.c
   5:Core/Src/gpio.c ****   * @brief   This file provides code for the configuration
   6:Core/Src/gpio.c ****   *          of all used GPIO pins.
   7:Core/Src/gpio.c ****   ******************************************************************************
   8:Core/Src/gpio.c ****   * @attention
   9:Core/Src/gpio.c ****   *
  10:Core/Src/gpio.c ****   * Copyright (c) 2024 STMicroelectronics.
  11:Core/Src/gpio.c ****   * All rights reserved.
  12:Core/Src/gpio.c ****   *
  13:Core/Src/gpio.c ****   * This software is licensed under terms that can be found in the LICENSE file
  14:Core/Src/gpio.c ****   * in the root directory of this software component.
  15:Core/Src/gpio.c ****   * If no LICENSE file comes with this software, it is provided AS-IS.
  16:Core/Src/gpio.c ****   *
  17:Core/Src/gpio.c ****   ******************************************************************************
  18:Core/Src/gpio.c ****   */
  19:Core/Src/gpio.c **** /* USER CODE END Header */
  20:Core/Src/gpio.c **** 
  21:Core/Src/gpio.c **** /* Includes ------------------------------------------------------------------*/
  22:Core/Src/gpio.c **** #include "gpio.h"
  23:Core/Src/gpio.c **** 
  24:Core/Src/gpio.c **** /* USER CODE BEGIN 0 */
  25:Core/Src/gpio.c **** 
  26:Core/Src/gpio.c **** /* USER CODE END 0 */
  27:Core/Src/gpio.c **** 
  28:Core/Src/gpio.c **** /*----------------------------------------------------------------------------*/
  29:Core/Src/gpio.c **** /* Configure GPIO                                                             */
  30:Core/Src/gpio.c **** /*----------------------------------------------------------------------------*/
ARM GAS  C:\Users\zhmis\AppData\Local\Temp\cc8JAIjv.s 			page 2


  31:Core/Src/gpio.c **** /* USER CODE BEGIN 1 */
  32:Core/Src/gpio.c **** 
  33:Core/Src/gpio.c **** /* USER CODE END 1 */
  34:Core/Src/gpio.c **** 
  35:Core/Src/gpio.c **** /** Configure pins as
  36:Core/Src/gpio.c ****         * Analog
  37:Core/Src/gpio.c ****         * Input
  38:Core/Src/gpio.c ****         * Output
  39:Core/Src/gpio.c ****         * EVENT_OUT
  40:Core/Src/gpio.c ****         * EXTI
  41:Core/Src/gpio.c **** */
  42:Core/Src/gpio.c **** void MX_GPIO_Init(void)
  43:Core/Src/gpio.c **** {
  29              		.loc 1 43 1 view -0
  30              		.cfi_startproc
  31              		@ args = 0, pretend = 0, frame = 40
  32              		@ frame_needed = 0, uses_anonymous_args = 0
  33 0000 2DE9F041 		push	{r4, r5, r6, r7, r8, lr}
  34              		.cfi_def_cfa_offset 24
  35              		.cfi_offset 4, -24
  36              		.cfi_offset 5, -20
  37              		.cfi_offset 6, -16
  38              		.cfi_offset 7, -12
  39              		.cfi_offset 8, -8
  40              		.cfi_offset 14, -4
  41 0004 8AB0     		sub	sp, sp, #40
  42              		.cfi_def_cfa_offset 64
  44:Core/Src/gpio.c **** 
  45:Core/Src/gpio.c ****   GPIO_InitTypeDef GPIO_InitStruct = {0};
  43              		.loc 1 45 3 view .LVU1
  44              		.loc 1 45 20 is_stmt 0 view .LVU2
  45 0006 0024     		movs	r4, #0
  46 0008 0594     		str	r4, [sp, #20]
  47 000a 0694     		str	r4, [sp, #24]
  48 000c 0794     		str	r4, [sp, #28]
  49 000e 0894     		str	r4, [sp, #32]
  50 0010 0994     		str	r4, [sp, #36]
  46:Core/Src/gpio.c **** 
  47:Core/Src/gpio.c ****   /* GPIO Ports Clock Enable */
  48:Core/Src/gpio.c ****   __HAL_RCC_GPIOH_CLK_ENABLE();
  51              		.loc 1 48 3 is_stmt 1 view .LVU3
  52              	.LBB2:
  53              		.loc 1 48 3 view .LVU4
  54 0012 0194     		str	r4, [sp, #4]
  55              		.loc 1 48 3 view .LVU5
  56 0014 254B     		ldr	r3, .L3
  57 0016 1A6B     		ldr	r2, [r3, #48]
  58 0018 42F08002 		orr	r2, r2, #128
  59 001c 1A63     		str	r2, [r3, #48]
  60              		.loc 1 48 3 view .LVU6
  61 001e 1A6B     		ldr	r2, [r3, #48]
  62 0020 02F08002 		and	r2, r2, #128
  63 0024 0192     		str	r2, [sp, #4]
  64              		.loc 1 48 3 view .LVU7
  65 0026 019A     		ldr	r2, [sp, #4]
  66              	.LBE2:
  67              		.loc 1 48 3 view .LVU8
ARM GAS  C:\Users\zhmis\AppData\Local\Temp\cc8JAIjv.s 			page 3


  49:Core/Src/gpio.c ****   __HAL_RCC_GPIOA_CLK_ENABLE();
  68              		.loc 1 49 3 view .LVU9
  69              	.LBB3:
  70              		.loc 1 49 3 view .LVU10
  71 0028 0294     		str	r4, [sp, #8]
  72              		.loc 1 49 3 view .LVU11
  73 002a 1A6B     		ldr	r2, [r3, #48]
  74 002c 42F00102 		orr	r2, r2, #1
  75 0030 1A63     		str	r2, [r3, #48]
  76              		.loc 1 49 3 view .LVU12
  77 0032 1A6B     		ldr	r2, [r3, #48]
  78 0034 02F00102 		and	r2, r2, #1
  79 0038 0292     		str	r2, [sp, #8]
  80              		.loc 1 49 3 view .LVU13
  81 003a 029A     		ldr	r2, [sp, #8]
  82              	.LBE3:
  83              		.loc 1 49 3 view .LVU14
  50:Core/Src/gpio.c ****   __HAL_RCC_GPIOC_CLK_ENABLE();
  84              		.loc 1 50 3 view .LVU15
  85              	.LBB4:
  86              		.loc 1 50 3 view .LVU16
  87 003c 0394     		str	r4, [sp, #12]
  88              		.loc 1 50 3 view .LVU17
  89 003e 1A6B     		ldr	r2, [r3, #48]
  90 0040 42F00402 		orr	r2, r2, #4
  91 0044 1A63     		str	r2, [r3, #48]
  92              		.loc 1 50 3 view .LVU18
  93 0046 1A6B     		ldr	r2, [r3, #48]
  94 0048 02F00402 		and	r2, r2, #4
  95 004c 0392     		str	r2, [sp, #12]
  96              		.loc 1 50 3 view .LVU19
  97 004e 039A     		ldr	r2, [sp, #12]
  98              	.LBE4:
  99              		.loc 1 50 3 view .LVU20
  51:Core/Src/gpio.c ****   __HAL_RCC_GPIOB_CLK_ENABLE();
 100              		.loc 1 51 3 view .LVU21
 101              	.LBB5:
 102              		.loc 1 51 3 view .LVU22
 103 0050 0494     		str	r4, [sp, #16]
 104              		.loc 1 51 3 view .LVU23
 105 0052 1A6B     		ldr	r2, [r3, #48]
 106 0054 42F00202 		orr	r2, r2, #2
 107 0058 1A63     		str	r2, [r3, #48]
 108              		.loc 1 51 3 view .LVU24
 109 005a 1B6B     		ldr	r3, [r3, #48]
 110 005c 03F00203 		and	r3, r3, #2
 111 0060 0493     		str	r3, [sp, #16]
 112              		.loc 1 51 3 view .LVU25
 113 0062 049B     		ldr	r3, [sp, #16]
 114              	.LBE5:
 115              		.loc 1 51 3 view .LVU26
  52:Core/Src/gpio.c **** 
  53:Core/Src/gpio.c ****   /*Configure GPIO pin Output Level */
  54:Core/Src/gpio.c ****   HAL_GPIO_WritePin(GPIOC, DISPL_LED_Pin|DISPL_DC_Pin, GPIO_PIN_RESET);
 116              		.loc 1 54 3 view .LVU27
 117 0064 DFF84C80 		ldr	r8, .L3+8
 118 0068 2246     		mov	r2, r4
ARM GAS  C:\Users\zhmis\AppData\Local\Temp\cc8JAIjv.s 			page 4


 119 006a 3021     		movs	r1, #48
 120 006c 4046     		mov	r0, r8
 121 006e FFF7FEFF 		bl	HAL_GPIO_WritePin
 122              	.LVL0:
  55:Core/Src/gpio.c **** 
  56:Core/Src/gpio.c ****   /*Configure GPIO pin Output Level */
  57:Core/Src/gpio.c ****   HAL_GPIO_WritePin(DISPL_RST_GPIO_Port, DISPL_RST_Pin, GPIO_PIN_RESET);
 123              		.loc 1 57 3 view .LVU28
 124 0072 0F4E     		ldr	r6, .L3+4
 125 0074 2246     		mov	r2, r4
 126 0076 0121     		movs	r1, #1
 127 0078 3046     		mov	r0, r6
 128 007a FFF7FEFF 		bl	HAL_GPIO_WritePin
 129              	.LVL1:
  58:Core/Src/gpio.c **** 
  59:Core/Src/gpio.c ****   /*Configure GPIO pins : PCPin PCPin */
  60:Core/Src/gpio.c ****   GPIO_InitStruct.Pin = DISPL_LED_Pin|DISPL_DC_Pin;
 130              		.loc 1 60 3 view .LVU29
 131              		.loc 1 60 23 is_stmt 0 view .LVU30
 132 007e 3023     		movs	r3, #48
 133 0080 0593     		str	r3, [sp, #20]
  61:Core/Src/gpio.c ****   GPIO_InitStruct.Mode = GPIO_MODE_OUTPUT_PP;
 134              		.loc 1 61 3 is_stmt 1 view .LVU31
 135              		.loc 1 61 24 is_stmt 0 view .LVU32
 136 0082 0125     		movs	r5, #1
 137 0084 0695     		str	r5, [sp, #24]
  62:Core/Src/gpio.c ****   GPIO_InitStruct.Pull = GPIO_NOPULL;
 138              		.loc 1 62 3 is_stmt 1 view .LVU33
 139              		.loc 1 62 24 is_stmt 0 view .LVU34
 140 0086 0794     		str	r4, [sp, #28]
  63:Core/Src/gpio.c ****   GPIO_InitStruct.Speed = GPIO_SPEED_FREQ_VERY_HIGH;
 141              		.loc 1 63 3 is_stmt 1 view .LVU35
 142              		.loc 1 63 25 is_stmt 0 view .LVU36
 143 0088 0327     		movs	r7, #3
 144 008a 0897     		str	r7, [sp, #32]
  64:Core/Src/gpio.c ****   HAL_GPIO_Init(GPIOC, &GPIO_InitStruct);
 145              		.loc 1 64 3 is_stmt 1 view .LVU37
 146 008c 05A9     		add	r1, sp, #20
 147 008e 4046     		mov	r0, r8
 148 0090 FFF7FEFF 		bl	HAL_GPIO_Init
 149              	.LVL2:
  65:Core/Src/gpio.c **** 
  66:Core/Src/gpio.c ****   /*Configure GPIO pin : PtPin */
  67:Core/Src/gpio.c ****   GPIO_InitStruct.Pin = DISPL_RST_Pin;
 150              		.loc 1 67 3 view .LVU38
 151              		.loc 1 67 23 is_stmt 0 view .LVU39
 152 0094 0595     		str	r5, [sp, #20]
  68:Core/Src/gpio.c ****   GPIO_InitStruct.Mode = GPIO_MODE_OUTPUT_PP;
 153              		.loc 1 68 3 is_stmt 1 view .LVU40
 154              		.loc 1 68 24 is_stmt 0 view .LVU41
 155 0096 0695     		str	r5, [sp, #24]
  69:Core/Src/gpio.c ****   GPIO_InitStruct.Pull = GPIO_NOPULL;
 156              		.loc 1 69 3 is_stmt 1 view .LVU42
 157              		.loc 1 69 24 is_stmt 0 view .LVU43
 158 0098 0794     		str	r4, [sp, #28]
  70:Core/Src/gpio.c ****   GPIO_InitStruct.Speed = GPIO_SPEED_FREQ_VERY_HIGH;
 159              		.loc 1 70 3 is_stmt 1 view .LVU44
ARM GAS  C:\Users\zhmis\AppData\Local\Temp\cc8JAIjv.s 			page 5


 160              		.loc 1 70 25 is_stmt 0 view .LVU45
 161 009a 0897     		str	r7, [sp, #32]
  71:Core/Src/gpio.c ****   HAL_GPIO_Init(DISPL_RST_GPIO_Port, &GPIO_InitStruct);
 162              		.loc 1 71 3 is_stmt 1 view .LVU46
 163 009c 05A9     		add	r1, sp, #20
 164 009e 3046     		mov	r0, r6
 165 00a0 FFF7FEFF 		bl	HAL_GPIO_Init
 166              	.LVL3:
  72:Core/Src/gpio.c **** 
  73:Core/Src/gpio.c **** }
 167              		.loc 1 73 1 is_stmt 0 view .LVU47
 168 00a4 0AB0     		add	sp, sp, #40
 169              		.cfi_def_cfa_offset 24
 170              		@ sp needed
 171 00a6 BDE8F081 		pop	{r4, r5, r6, r7, r8, pc}
 172              	.L4:
 173 00aa 00BF     		.align	2
 174              	.L3:
 175 00ac 00380240 		.word	1073887232
 176 00b0 00040240 		.word	1073873920
 177 00b4 00080240 		.word	1073874944
 178              		.cfi_endproc
 179              	.LFE134:
 181              		.text
 182              	.Letext0:
 183              		.file 2 "C:/Users/zhmis/AppData/Roaming/Code/User/globalStorage/bmd.stm32-for-vscode/@xpack-dev-to
 184              		.file 3 "C:/Users/zhmis/AppData/Roaming/Code/User/globalStorage/bmd.stm32-for-vscode/@xpack-dev-to
 185              		.file 4 "Drivers/CMSIS/Device/ST/STM32F4xx/Include/stm32f407xx.h"
 186              		.file 5 "Drivers/STM32F4xx_HAL_Driver/Inc/stm32f4xx_hal_gpio.h"
ARM GAS  C:\Users\zhmis\AppData\Local\Temp\cc8JAIjv.s 			page 6


DEFINED SYMBOLS
                            *ABS*:00000000 gpio.c
C:\Users\zhmis\AppData\Local\Temp\cc8JAIjv.s:21     .text.MX_GPIO_Init:00000000 $t
C:\Users\zhmis\AppData\Local\Temp\cc8JAIjv.s:27     .text.MX_GPIO_Init:00000000 MX_GPIO_Init
C:\Users\zhmis\AppData\Local\Temp\cc8JAIjv.s:175    .text.MX_GPIO_Init:000000ac $d

UNDEFINED SYMBOLS
HAL_GPIO_WritePin
HAL_GPIO_Init
