ARM GAS  C:\Users\zhmis\AppData\Local\Temp\ccIQIJ1a.s 			page 1


   1              		.cpu cortex-m4
   2              		.arch armv7e-m
   3              		.fpu fpv4-sp-d16
   4              		.eabi_attribute 27, 1
   5              		.eabi_attribute 28, 1
   6              		.eabi_attribute 20, 1
   7              		.eabi_attribute 21, 1
   8              		.eabi_attribute 23, 3
   9              		.eabi_attribute 24, 1
  10              		.eabi_attribute 25, 1
  11              		.eabi_attribute 26, 1
  12              		.eabi_attribute 30, 1
  13              		.eabi_attribute 34, 1
  14              		.eabi_attribute 18, 4
  15              		.file	"alrm.c"
  16              		.text
  17              	.Ltext0:
  18              		.cfi_sections	.debug_frame
  19              		.file 1 "Core/Src/alrm.c"
  20              		.section	.text.alrm_SetTime,"ax",%progbits
  21              		.align	1
  22              		.global	alrm_SetTime
  23              		.syntax unified
  24              		.thumb
  25              		.thumb_func
  27              	alrm_SetTime:
  28              	.LVL0:
  29              	.LFB134:
   1:Core/Src/alrm.c **** #include "alrm.h"
   2:Core/Src/alrm.c **** 
   3:Core/Src/alrm.c **** RTC_TimeTypeDef sTime;
   4:Core/Src/alrm.c **** RTC_DateTypeDef sDate;
   5:Core/Src/alrm.c **** RTC_AlarmTypeDef sAlarm;
   6:Core/Src/alrm.c **** 
   7:Core/Src/alrm.c **** uint16_t alarm_A_flag;
   8:Core/Src/alrm.c **** 
   9:Core/Src/alrm.c **** HAL_StatusTypeDef alrm_SetTime(uint8_t hours, uint8_t minutes, uint8_t seconds){
  30              		.loc 1 9 80 view -0
  31              		.cfi_startproc
  32              		@ args = 0, pretend = 0, frame = 0
  33              		@ frame_needed = 0, uses_anonymous_args = 0
  34              		.loc 1 9 80 is_stmt 0 view .LVU1
  35 0000 08B5     		push	{r3, lr}
  36              		.cfi_def_cfa_offset 8
  37              		.cfi_offset 3, -8
  38              		.cfi_offset 14, -4
  10:Core/Src/alrm.c **** 	HAL_StatusTypeDef status_code;
  39              		.loc 1 10 2 is_stmt 1 view .LVU2
  11:Core/Src/alrm.c **** 	sTime.Hours = hours;
  40              		.loc 1 11 2 view .LVU3
  41              		.loc 1 11 14 is_stmt 0 view .LVU4
  42 0002 064B     		ldr	r3, .L3
  43 0004 1870     		strb	r0, [r3]
  12:Core/Src/alrm.c ****   sTime.Minutes = minutes;
  44              		.loc 1 12 3 is_stmt 1 view .LVU5
  45              		.loc 1 12 17 is_stmt 0 view .LVU6
  46 0006 5970     		strb	r1, [r3, #1]
ARM GAS  C:\Users\zhmis\AppData\Local\Temp\ccIQIJ1a.s 			page 2


  13:Core/Src/alrm.c ****   sTime.Seconds = seconds;
  47              		.loc 1 13 3 is_stmt 1 view .LVU7
  48              		.loc 1 13 17 is_stmt 0 view .LVU8
  49 0008 9A70     		strb	r2, [r3, #2]
  14:Core/Src/alrm.c ****   sTime.DayLightSaving = RTC_DAYLIGHTSAVING_NONE;
  50              		.loc 1 14 3 is_stmt 1 view .LVU9
  51              		.loc 1 14 24 is_stmt 0 view .LVU10
  52 000a 0022     		movs	r2, #0
  53              	.LVL1:
  54              		.loc 1 14 24 view .LVU11
  55 000c DA60     		str	r2, [r3, #12]
  15:Core/Src/alrm.c ****   sTime.StoreOperation = RTC_STOREOPERATION_RESET;
  56              		.loc 1 15 3 is_stmt 1 view .LVU12
  57              		.loc 1 15 24 is_stmt 0 view .LVU13
  58 000e 1A61     		str	r2, [r3, #16]
  16:Core/Src/alrm.c ****   status_code = HAL_RTC_SetTime(&hrtc, &sTime, RTC_FORMAT_BCD);
  59              		.loc 1 16 3 is_stmt 1 view .LVU14
  60              		.loc 1 16 17 is_stmt 0 view .LVU15
  61 0010 0122     		movs	r2, #1
  62 0012 1946     		mov	r1, r3
  63              	.LVL2:
  64              		.loc 1 16 17 view .LVU16
  65 0014 0248     		ldr	r0, .L3+4
  66              	.LVL3:
  67              		.loc 1 16 17 view .LVU17
  68 0016 FFF7FEFF 		bl	HAL_RTC_SetTime
  69              	.LVL4:
  17:Core/Src/alrm.c **** 	
  18:Core/Src/alrm.c **** 	return status_code;
  70              		.loc 1 18 2 is_stmt 1 view .LVU18
  19:Core/Src/alrm.c **** }
  71              		.loc 1 19 1 is_stmt 0 view .LVU19
  72 001a 08BD     		pop	{r3, pc}
  73              	.L4:
  74              		.align	2
  75              	.L3:
  76 001c 00000000 		.word	sTime
  77 0020 00000000 		.word	hrtc
  78              		.cfi_endproc
  79              	.LFE134:
  81              		.section	.text.alrm_SetAlarm,"ax",%progbits
  82              		.align	1
  83              		.global	alrm_SetAlarm
  84              		.syntax unified
  85              		.thumb
  86              		.thumb_func
  88              	alrm_SetAlarm:
  89              	.LVL5:
  90              	.LFB135:
  20:Core/Src/alrm.c **** 
  21:Core/Src/alrm.c **** 
  22:Core/Src/alrm.c **** HAL_StatusTypeDef alrm_SetAlarm(uint8_t hours, uint8_t minutes, uint8_t seconds){
  91              		.loc 1 22 81 is_stmt 1 view -0
  92              		.cfi_startproc
  93              		@ args = 0, pretend = 0, frame = 0
  94              		@ frame_needed = 0, uses_anonymous_args = 0
  95              		.loc 1 22 81 is_stmt 0 view .LVU21
ARM GAS  C:\Users\zhmis\AppData\Local\Temp\ccIQIJ1a.s 			page 3


  96 0000 08B5     		push	{r3, lr}
  97              		.cfi_def_cfa_offset 8
  98              		.cfi_offset 3, -8
  99              		.cfi_offset 14, -4
  23:Core/Src/alrm.c **** 	HAL_StatusTypeDef status_code;
 100              		.loc 1 23 2 is_stmt 1 view .LVU22
  24:Core/Src/alrm.c **** 	
  25:Core/Src/alrm.c **** 	sAlarm.AlarmTime.Hours = hours;
 101              		.loc 1 25 2 view .LVU23
 102              		.loc 1 25 25 is_stmt 0 view .LVU24
 103 0002 0C4B     		ldr	r3, .L7
 104 0004 1870     		strb	r0, [r3]
  26:Core/Src/alrm.c ****   sAlarm.AlarmTime.Minutes = minutes;
 105              		.loc 1 26 3 is_stmt 1 view .LVU25
 106              		.loc 1 26 28 is_stmt 0 view .LVU26
 107 0006 5970     		strb	r1, [r3, #1]
  27:Core/Src/alrm.c ****   sAlarm.AlarmTime.Seconds = seconds;
 108              		.loc 1 27 3 is_stmt 1 view .LVU27
 109              		.loc 1 27 28 is_stmt 0 view .LVU28
 110 0008 9A70     		strb	r2, [r3, #2]
  28:Core/Src/alrm.c ****   sAlarm.AlarmTime.SubSeconds = 0x0;
 111              		.loc 1 28 3 is_stmt 1 view .LVU29
 112              		.loc 1 28 31 is_stmt 0 view .LVU30
 113 000a 0022     		movs	r2, #0
 114              	.LVL6:
 115              		.loc 1 28 31 view .LVU31
 116 000c 5A60     		str	r2, [r3, #4]
  29:Core/Src/alrm.c ****   sAlarm.AlarmTime.DayLightSaving = RTC_DAYLIGHTSAVING_NONE;
 117              		.loc 1 29 3 is_stmt 1 view .LVU32
 118              		.loc 1 29 35 is_stmt 0 view .LVU33
 119 000e DA60     		str	r2, [r3, #12]
  30:Core/Src/alrm.c ****   sAlarm.AlarmTime.StoreOperation = RTC_STOREOPERATION_RESET;
 120              		.loc 1 30 3 is_stmt 1 view .LVU34
 121              		.loc 1 30 35 is_stmt 0 view .LVU35
 122 0010 1A61     		str	r2, [r3, #16]
  31:Core/Src/alrm.c ****   sAlarm.AlarmMask = RTC_ALARMMASK_DATEWEEKDAY;
 123              		.loc 1 31 3 is_stmt 1 view .LVU36
 124              		.loc 1 31 20 is_stmt 0 view .LVU37
 125 0012 4FF00041 		mov	r1, #-2147483648
 126              	.LVL7:
 127              		.loc 1 31 20 view .LVU38
 128 0016 5961     		str	r1, [r3, #20]
  32:Core/Src/alrm.c ****   sAlarm.AlarmSubSecondMask = RTC_ALARMSUBSECONDMASK_ALL;
 129              		.loc 1 32 3 is_stmt 1 view .LVU39
 130              		.loc 1 32 29 is_stmt 0 view .LVU40
 131 0018 9A61     		str	r2, [r3, #24]
  33:Core/Src/alrm.c ****   sAlarm.AlarmDateWeekDaySel = RTC_ALARMDATEWEEKDAYSEL_DATE;
 132              		.loc 1 33 3 is_stmt 1 view .LVU41
 133              		.loc 1 33 30 is_stmt 0 view .LVU42
 134 001a DA61     		str	r2, [r3, #28]
  34:Core/Src/alrm.c ****   sAlarm.AlarmDateWeekDay = 0x1;
 135              		.loc 1 34 3 is_stmt 1 view .LVU43
 136              		.loc 1 34 27 is_stmt 0 view .LVU44
 137 001c 0122     		movs	r2, #1
 138 001e 83F82020 		strb	r2, [r3, #32]
  35:Core/Src/alrm.c ****   sAlarm.Alarm = RTC_ALARM_A;
 139              		.loc 1 35 3 is_stmt 1 view .LVU45
ARM GAS  C:\Users\zhmis\AppData\Local\Temp\ccIQIJ1a.s 			page 4


 140              		.loc 1 35 16 is_stmt 0 view .LVU46
 141 0022 4FF48071 		mov	r1, #256
 142 0026 5962     		str	r1, [r3, #36]
  36:Core/Src/alrm.c ****   status_code = HAL_RTC_SetAlarm_IT(&hrtc, &sAlarm, RTC_FORMAT_BCD);
 143              		.loc 1 36 3 is_stmt 1 view .LVU47
 144              		.loc 1 36 17 is_stmt 0 view .LVU48
 145 0028 1946     		mov	r1, r3
 146 002a 0348     		ldr	r0, .L7+4
 147              	.LVL8:
 148              		.loc 1 36 17 view .LVU49
 149 002c FFF7FEFF 		bl	HAL_RTC_SetAlarm_IT
 150              	.LVL9:
  37:Core/Src/alrm.c **** 	
  38:Core/Src/alrm.c **** 	return status_code;
 151              		.loc 1 38 2 is_stmt 1 view .LVU50
  39:Core/Src/alrm.c **** };
 152              		.loc 1 39 1 is_stmt 0 view .LVU51
 153 0030 08BD     		pop	{r3, pc}
 154              	.L8:
 155 0032 00BF     		.align	2
 156              	.L7:
 157 0034 00000000 		.word	sAlarm
 158 0038 00000000 		.word	hrtc
 159              		.cfi_endproc
 160              	.LFE135:
 162              		.section	.text.HAL_RTC_AlarmAEventCallback,"ax",%progbits
 163              		.align	1
 164              		.global	HAL_RTC_AlarmAEventCallback
 165              		.syntax unified
 166              		.thumb
 167              		.thumb_func
 169              	HAL_RTC_AlarmAEventCallback:
 170              	.LVL10:
 171              	.LFB136:
  40:Core/Src/alrm.c **** 
  41:Core/Src/alrm.c **** 
  42:Core/Src/alrm.c **** void HAL_RTC_AlarmAEventCallback(RTC_HandleTypeDef *hrtc)
  43:Core/Src/alrm.c **** {
 172              		.loc 1 43 1 is_stmt 1 view -0
 173              		.cfi_startproc
 174              		@ args = 0, pretend = 0, frame = 0
 175              		@ frame_needed = 0, uses_anonymous_args = 0
 176              		@ link register save eliminated.
  44:Core/Src/alrm.c **** 	alarm_A_flag = 1;
 177              		.loc 1 44 2 view .LVU53
 178              		.loc 1 44 15 is_stmt 0 view .LVU54
 179 0000 014B     		ldr	r3, .L10
 180 0002 0122     		movs	r2, #1
 181 0004 1A80     		strh	r2, [r3]	@ movhi
  45:Core/Src/alrm.c **** }
 182              		.loc 1 45 1 view .LVU55
 183 0006 7047     		bx	lr
 184              	.L11:
 185              		.align	2
 186              	.L10:
 187 0008 00000000 		.word	alarm_A_flag
 188              		.cfi_endproc
ARM GAS  C:\Users\zhmis\AppData\Local\Temp\ccIQIJ1a.s 			page 5


 189              	.LFE136:
 191              		.section	.text.increment_bcd,"ax",%progbits
 192              		.align	1
 193              		.global	increment_bcd
 194              		.syntax unified
 195              		.thumb
 196              		.thumb_func
 198              	increment_bcd:
 199              	.LVL11:
 200              	.LFB137:
  46:Core/Src/alrm.c **** 
  47:Core/Src/alrm.c **** 
  48:Core/Src/alrm.c **** // Special increment func for BCD format
  49:Core/Src/alrm.c **** uint8_t increment_bcd(uint8_t bcd_val, uint8_t max_val) {
 201              		.loc 1 49 57 is_stmt 1 view -0
 202              		.cfi_startproc
 203              		@ args = 0, pretend = 0, frame = 0
 204              		@ frame_needed = 0, uses_anonymous_args = 0
 205              		@ link register save eliminated.
 206              		.loc 1 49 57 is_stmt 0 view .LVU57
 207 0000 0346     		mov	r3, r0
  50:Core/Src/alrm.c ****     // Increment the BCD value
  51:Core/Src/alrm.c ****     bcd_val++;
 208              		.loc 1 51 5 is_stmt 1 view .LVU58
 209              		.loc 1 51 12 is_stmt 0 view .LVU59
 210 0002 421C     		adds	r2, r0, #1
 211 0004 D0B2     		uxtb	r0, r2
 212              	.LVL12:
  52:Core/Src/alrm.c ****     
  53:Core/Src/alrm.c ****     // If ones place is greater than 9, convert to BCD tens place
  54:Core/Src/alrm.c ****     if ((bcd_val & 0x0F) > 0x09) {
 213              		.loc 1 54 5 is_stmt 1 view .LVU60
 214              		.loc 1 54 8 is_stmt 0 view .LVU61
 215 0006 02F00F02 		and	r2, r2, #15
 216 000a 092A     		cmp	r2, #9
 217 000c 01D9     		bls	.L13
  55:Core/Src/alrm.c ****         bcd_val += 0x06; // This skips invalid BCD values
 218              		.loc 1 55 9 is_stmt 1 view .LVU62
 219              		.loc 1 55 17 is_stmt 0 view .LVU63
 220 000e 0733     		adds	r3, r3, #7
 221 0010 D8B2     		uxtb	r0, r3
 222              	.LVL13:
 223              	.L13:
  56:Core/Src/alrm.c ****     }
  57:Core/Src/alrm.c ****     
  58:Core/Src/alrm.c ****     // Handle overflow
  59:Core/Src/alrm.c ****     if (bcd_val > max_val) {
 224              		.loc 1 59 5 is_stmt 1 view .LVU64
 225              		.loc 1 59 8 is_stmt 0 view .LVU65
 226 0012 8842     		cmp	r0, r1
 227 0014 00D9     		bls	.L14
  60:Core/Src/alrm.c ****         bcd_val = 0x00; // Reset to 0 if the max BCD value is exceeded
 228              		.loc 1 60 17 view .LVU66
 229 0016 0020     		movs	r0, #0
 230              	.LVL14:
 231              	.L14:
  61:Core/Src/alrm.c ****     }
ARM GAS  C:\Users\zhmis\AppData\Local\Temp\ccIQIJ1a.s 			page 6


  62:Core/Src/alrm.c **** 
  63:Core/Src/alrm.c ****     return bcd_val;
 232              		.loc 1 63 5 is_stmt 1 view .LVU67
  64:Core/Src/alrm.c **** }
 233              		.loc 1 64 1 is_stmt 0 view .LVU68
 234 0018 7047     		bx	lr
 235              		.cfi_endproc
 236              	.LFE137:
 238              		.global	alarm_A_flag
 239              		.section	.bss.alarm_A_flag,"aw",%nobits
 240              		.align	1
 243              	alarm_A_flag:
 244 0000 0000     		.space	2
 245              		.global	sAlarm
 246              		.section	.bss.sAlarm,"aw",%nobits
 247              		.align	2
 250              	sAlarm:
 251 0000 00000000 		.space	40
 251      00000000 
 251      00000000 
 251      00000000 
 251      00000000 
 252              		.global	sDate
 253              		.section	.bss.sDate,"aw",%nobits
 254              		.align	2
 257              	sDate:
 258 0000 00000000 		.space	4
 259              		.global	sTime
 260              		.section	.bss.sTime,"aw",%nobits
 261              		.align	2
 264              	sTime:
 265 0000 00000000 		.space	20
 265      00000000 
 265      00000000 
 265      00000000 
 265      00000000 
 266              		.text
 267              	.Letext0:
 268              		.file 2 "C:/Users/zhmis/AppData/Roaming/Code/User/globalStorage/bmd.stm32-for-vscode/@xpack-dev-to
 269              		.file 3 "C:/Users/zhmis/AppData/Roaming/Code/User/globalStorage/bmd.stm32-for-vscode/@xpack-dev-to
 270              		.file 4 "Drivers/CMSIS/Device/ST/STM32F4xx/Include/stm32f407xx.h"
 271              		.file 5 "Drivers/STM32F4xx_HAL_Driver/Inc/stm32f4xx_hal_def.h"
 272              		.file 6 "Drivers/STM32F4xx_HAL_Driver/Inc/stm32f4xx_hal_rtc.h"
 273              		.file 7 "Core/Inc/rtc.h"
 274              		.file 8 "Core/Inc/alrm.h"
ARM GAS  C:\Users\zhmis\AppData\Local\Temp\ccIQIJ1a.s 			page 7


DEFINED SYMBOLS
                            *ABS*:00000000 alrm.c
C:\Users\zhmis\AppData\Local\Temp\ccIQIJ1a.s:21     .text.alrm_SetTime:00000000 $t
C:\Users\zhmis\AppData\Local\Temp\ccIQIJ1a.s:27     .text.alrm_SetTime:00000000 alrm_SetTime
C:\Users\zhmis\AppData\Local\Temp\ccIQIJ1a.s:76     .text.alrm_SetTime:0000001c $d
C:\Users\zhmis\AppData\Local\Temp\ccIQIJ1a.s:264    .bss.sTime:00000000 sTime
C:\Users\zhmis\AppData\Local\Temp\ccIQIJ1a.s:82     .text.alrm_SetAlarm:00000000 $t
C:\Users\zhmis\AppData\Local\Temp\ccIQIJ1a.s:88     .text.alrm_SetAlarm:00000000 alrm_SetAlarm
C:\Users\zhmis\AppData\Local\Temp\ccIQIJ1a.s:157    .text.alrm_SetAlarm:00000034 $d
C:\Users\zhmis\AppData\Local\Temp\ccIQIJ1a.s:250    .bss.sAlarm:00000000 sAlarm
C:\Users\zhmis\AppData\Local\Temp\ccIQIJ1a.s:163    .text.HAL_RTC_AlarmAEventCallback:00000000 $t
C:\Users\zhmis\AppData\Local\Temp\ccIQIJ1a.s:169    .text.HAL_RTC_AlarmAEventCallback:00000000 HAL_RTC_AlarmAEventCallback
C:\Users\zhmis\AppData\Local\Temp\ccIQIJ1a.s:187    .text.HAL_RTC_AlarmAEventCallback:00000008 $d
C:\Users\zhmis\AppData\Local\Temp\ccIQIJ1a.s:243    .bss.alarm_A_flag:00000000 alarm_A_flag
C:\Users\zhmis\AppData\Local\Temp\ccIQIJ1a.s:192    .text.increment_bcd:00000000 $t
C:\Users\zhmis\AppData\Local\Temp\ccIQIJ1a.s:198    .text.increment_bcd:00000000 increment_bcd
C:\Users\zhmis\AppData\Local\Temp\ccIQIJ1a.s:240    .bss.alarm_A_flag:00000000 $d
C:\Users\zhmis\AppData\Local\Temp\ccIQIJ1a.s:247    .bss.sAlarm:00000000 $d
C:\Users\zhmis\AppData\Local\Temp\ccIQIJ1a.s:257    .bss.sDate:00000000 sDate
C:\Users\zhmis\AppData\Local\Temp\ccIQIJ1a.s:254    .bss.sDate:00000000 $d
C:\Users\zhmis\AppData\Local\Temp\ccIQIJ1a.s:261    .bss.sTime:00000000 $d

UNDEFINED SYMBOLS
HAL_RTC_SetTime
hrtc
HAL_RTC_SetAlarm_IT
