ARM GAS  C:\Users\zhmis\AppData\Local\Temp\ccb7l4pl.s 			page 1


   1              		.cpu cortex-m4
   2              		.arch armv7e-m
   3              		.fpu fpv4-sp-d16
   4              		.eabi_attribute 27, 1
   5              		.eabi_attribute 28, 1
   6              		.eabi_attribute 20, 1
   7              		.eabi_attribute 21, 1
   8              		.eabi_attribute 23, 3
   9              		.eabi_attribute 24, 1
  10              		.eabi_attribute 25, 1
  11              		.eabi_attribute 26, 1
  12              		.eabi_attribute 30, 1
  13              		.eabi_attribute 34, 1
  14              		.eabi_attribute 18, 4
  15              		.file	"alrm_logic.c"
  16              		.text
  17              	.Ltext0:
  18              		.cfi_sections	.debug_frame
  19              		.file 1 "Core/Src/alrm_logic.c"
  20              		.section	.text.alarm_init_components,"ax",%progbits
  21              		.align	1
  22              		.global	alarm_init_components
  23              		.syntax unified
  24              		.thumb
  25              		.thumb_func
  27              	alarm_init_components:
  28              	.LFB134:
   1:Core/Src/alrm_logic.c **** #include "alrm_logic.h"
   2:Core/Src/alrm_logic.c **** alarm_t halarm;
   3:Core/Src/alrm_logic.c **** alarm_t* alarm_p = &halarm; // Pointer to alarm data structure
   4:Core/Src/alrm_logic.c **** 
   5:Core/Src/alrm_logic.c **** // alarm_t* alarm_p;
   6:Core/Src/alrm_logic.c **** 
   7:Core/Src/alrm_logic.c **** void alarm_init_components(){
  29              		.loc 1 7 29 view -0
  30              		.cfi_startproc
  31              		@ args = 0, pretend = 0, frame = 0
  32              		@ frame_needed = 0, uses_anonymous_args = 0
  33 0000 08B5     		push	{r3, lr}
  34              		.cfi_def_cfa_offset 8
  35              		.cfi_offset 3, -8
  36              		.cfi_offset 14, -4
  37 0002 2DED028B 		vpush.64	{d8}
  38              		.cfi_def_cfa_offset 16
  39              		.cfi_offset 80, -16
  40              		.cfi_offset 81, -12
   8:Core/Src/alrm_logic.c **** 	hbut0 = buttonInit(DEBOUNCE_TIME, HANDLE_FREQ);
  41              		.loc 1 8 2 view .LVU1
  42              		.loc 1 8 10 is_stmt 0 view .LVU2
  43 0006 DFED0E8A 		vldr.32	s17, .L3
  44 000a 9FED0E8A 		vldr.32	s16, .L3+4
  45 000e F0EE680A 		vmov.f32	s1, s17
  46 0012 B0EE480A 		vmov.f32	s0, s16
  47 0016 FFF7FEFF 		bl	buttonInit
  48              	.LVL0:
  49              		.loc 1 8 8 discriminator 1 view .LVU3
  50 001a 0B4B     		ldr	r3, .L3+8
ARM GAS  C:\Users\zhmis\AppData\Local\Temp\ccb7l4pl.s 			page 2


  51 001c 1860     		str	r0, [r3]
   9:Core/Src/alrm_logic.c **** 	hbut1 = buttonInit(DEBOUNCE_TIME, HANDLE_FREQ);
  52              		.loc 1 9 2 is_stmt 1 view .LVU4
  53              		.loc 1 9 10 is_stmt 0 view .LVU5
  54 001e F0EE680A 		vmov.f32	s1, s17
  55 0022 B0EE480A 		vmov.f32	s0, s16
  56 0026 FFF7FEFF 		bl	buttonInit
  57              	.LVL1:
  58              		.loc 1 9 8 discriminator 1 view .LVU6
  59 002a 084B     		ldr	r3, .L3+12
  60 002c 1860     		str	r0, [r3]
  10:Core/Src/alrm_logic.c **** 	led_init(HANDLE_FREQ, LED_BLINK_FREQ, LED_BLINK_TIME);
  61              		.loc 1 10 2 is_stmt 1 view .LVU7
  62 002e 0A22     		movs	r2, #10
  63 0030 0521     		movs	r1, #5
  64 0032 6420     		movs	r0, #100
  65 0034 FFF7FEFF 		bl	led_init
  66              	.LVL2:
  11:Core/Src/alrm_logic.c **** }
  67              		.loc 1 11 1 is_stmt 0 view .LVU8
  68 0038 BDEC028B 		vldm	sp!, {d8}
  69              		.cfi_restore 80
  70              		.cfi_restore 81
  71              		.cfi_def_cfa_offset 8
  72 003c 08BD     		pop	{r3, pc}
  73              	.L4:
  74 003e 00BF     		.align	2
  75              	.L3:
  76 0040 0000C842 		.word	1120403456
  77 0044 0AD7233C 		.word	1008981770
  78 0048 00000000 		.word	hbut0
  79 004c 00000000 		.word	hbut1
  80              		.cfi_endproc
  81              	.LFE134:
  83              		.section	.text.alarm_periph_handler,"ax",%progbits
  84              		.align	1
  85              		.global	alarm_periph_handler
  86              		.syntax unified
  87              		.thumb
  88              		.thumb_func
  90              	alarm_periph_handler:
  91              	.LFB135:
  12:Core/Src/alrm_logic.c **** 
  13:Core/Src/alrm_logic.c **** void alarm_periph_handler(){
  92              		.loc 1 13 28 is_stmt 1 view -0
  93              		.cfi_startproc
  94              		@ args = 0, pretend = 0, frame = 0
  95              		@ frame_needed = 0, uses_anonymous_args = 0
  96 0000 38B5     		push	{r3, r4, r5, lr}
  97              		.cfi_def_cfa_offset 16
  98              		.cfi_offset 3, -16
  99              		.cfi_offset 4, -12
 100              		.cfi_offset 5, -8
 101              		.cfi_offset 14, -4
  14:Core/Src/alrm_logic.c **** 		// Polling and debouncing of buttons (integrator + trigger)
  15:Core/Src/alrm_logic.c **** 		But0_State = getDebouncedButton(hbut0, !HAL_GPIO_ReadPin(BUT0_GPIO_Port, BUT0_Pin));
 102              		.loc 1 15 3 view .LVU10
ARM GAS  C:\Users\zhmis\AppData\Local\Temp\ccb7l4pl.s 			page 3


 103              		.loc 1 15 16 is_stmt 0 view .LVU11
 104 0002 1D4B     		ldr	r3, .L7
 105 0004 1D68     		ldr	r5, [r3]
 106              		.loc 1 15 43 view .LVU12
 107 0006 1D4C     		ldr	r4, .L7+4
 108 0008 1021     		movs	r1, #16
 109 000a 2046     		mov	r0, r4
 110 000c FFF7FEFF 		bl	HAL_GPIO_ReadPin
 111              	.LVL3:
 112              		.loc 1 15 16 discriminator 1 view .LVU13
 113 0010 B0FA80F1 		clz	r1, r0
 114 0014 4909     		lsrs	r1, r1, #5
 115 0016 2846     		mov	r0, r5
 116 0018 FFF7FEFF 		bl	getDebouncedButton
 117              	.LVL4:
 118              		.loc 1 15 14 discriminator 2 view .LVU14
 119 001c 184B     		ldr	r3, .L7+8
 120 001e 1870     		strb	r0, [r3]
  16:Core/Src/alrm_logic.c **** 		But1_State = getDebouncedButton(hbut1, !HAL_GPIO_ReadPin(BUT1_GPIO_Port, BUT1_Pin));
 121              		.loc 1 16 3 is_stmt 1 view .LVU15
 122              		.loc 1 16 16 is_stmt 0 view .LVU16
 123 0020 184B     		ldr	r3, .L7+12
 124 0022 1D68     		ldr	r5, [r3]
 125              		.loc 1 16 43 view .LVU17
 126 0024 0821     		movs	r1, #8
 127 0026 2046     		mov	r0, r4
 128 0028 FFF7FEFF 		bl	HAL_GPIO_ReadPin
 129              	.LVL5:
 130              		.loc 1 16 16 discriminator 1 view .LVU18
 131 002c B0FA80F1 		clz	r1, r0
 132 0030 4909     		lsrs	r1, r1, #5
 133 0032 2846     		mov	r0, r5
 134 0034 FFF7FEFF 		bl	getDebouncedButton
 135              	.LVL6:
 136              		.loc 1 16 14 discriminator 2 view .LVU19
 137 0038 134B     		ldr	r3, .L7+16
 138 003a 1870     		strb	r0, [r3]
  17:Core/Src/alrm_logic.c **** 		
  18:Core/Src/alrm_logic.c **** 		// Process keystrokes (long/short)
  19:Core/Src/alrm_logic.c **** 		PressDetection_Update();
 139              		.loc 1 19 3 is_stmt 1 view .LVU20
 140 003c FFF7FEFF 		bl	PressDetection_Update
 141              	.LVL7:
  20:Core/Src/alrm_logic.c **** 	
  21:Core/Src/alrm_logic.c **** 		But0_prev_press_state = But0_press_state;
 142              		.loc 1 21 3 view .LVU21
 143              		.loc 1 21 25 is_stmt 0 view .LVU22
 144 0040 124D     		ldr	r5, .L7+20
 145 0042 2A78     		ldrb	r2, [r5]	@ zero_extendqisi2
 146 0044 124B     		ldr	r3, .L7+24
 147 0046 1A70     		strb	r2, [r3]
  22:Core/Src/alrm_logic.c **** 		But1_prev_press_state = But1_press_state;
 148              		.loc 1 22 3 is_stmt 1 view .LVU23
 149              		.loc 1 22 25 is_stmt 0 view .LVU24
 150 0048 124C     		ldr	r4, .L7+28
 151 004a 2278     		ldrb	r2, [r4]	@ zero_extendqisi2
 152 004c 124B     		ldr	r3, .L7+32
ARM GAS  C:\Users\zhmis\AppData\Local\Temp\ccb7l4pl.s 			page 4


 153 004e 1A70     		strb	r2, [r3]
  23:Core/Src/alrm_logic.c **** 		But0_press_state = Get_Button0_PressState();
 154              		.loc 1 23 3 is_stmt 1 view .LVU25
 155              		.loc 1 23 22 is_stmt 0 view .LVU26
 156 0050 FFF7FEFF 		bl	Get_Button0_PressState
 157              	.LVL8:
 158              		.loc 1 23 20 discriminator 1 view .LVU27
 159 0054 2870     		strb	r0, [r5]
  24:Core/Src/alrm_logic.c **** 		But1_press_state = Get_Button1_PressState();
 160              		.loc 1 24 3 is_stmt 1 view .LVU28
 161              		.loc 1 24 22 is_stmt 0 view .LVU29
 162 0056 FFF7FEFF 		bl	Get_Button1_PressState
 163              	.LVL9:
 164              		.loc 1 24 20 discriminator 1 view .LVU30
 165 005a 2070     		strb	r0, [r4]
  25:Core/Src/alrm_logic.c **** 		
  26:Core/Src/alrm_logic.c **** 		// Update time from HW RTC
  27:Core/Src/alrm_logic.c **** 		HAL_RTC_GetTime(&hrtc, &sTime, RTC_FORMAT_BCD);
 166              		.loc 1 27 3 is_stmt 1 view .LVU31
 167 005c 0F4C     		ldr	r4, .L7+36
 168 005e 0122     		movs	r2, #1
 169 0060 0F49     		ldr	r1, .L7+40
 170 0062 2046     		mov	r0, r4
 171 0064 FFF7FEFF 		bl	HAL_RTC_GetTime
 172              	.LVL10:
  28:Core/Src/alrm_logic.c **** 		HAL_RTC_GetDate(&hrtc, &sDate, RTC_FORMAT_BCD); // Necessary for proper time update
 173              		.loc 1 28 3 view .LVU32
 174 0068 0122     		movs	r2, #1
 175 006a 0E49     		ldr	r1, .L7+44
 176 006c 2046     		mov	r0, r4
 177 006e FFF7FEFF 		bl	HAL_RTC_GetDate
 178              	.LVL11:
  29:Core/Src/alrm_logic.c **** 	
  30:Core/Src/alrm_logic.c **** 		leds_calculation();
 179              		.loc 1 30 3 view .LVU33
 180 0072 FFF7FEFF 		bl	leds_calculation
 181              	.LVL12:
  31:Core/Src/alrm_logic.c **** }
 182              		.loc 1 31 1 is_stmt 0 view .LVU34
 183 0076 38BD     		pop	{r3, r4, r5, pc}
 184              	.L8:
 185              		.align	2
 186              	.L7:
 187 0078 00000000 		.word	hbut0
 188 007c 00100240 		.word	1073876992
 189 0080 00000000 		.word	But0_State
 190 0084 00000000 		.word	hbut1
 191 0088 00000000 		.word	But1_State
 192 008c 00000000 		.word	But0_press_state
 193 0090 00000000 		.word	But0_prev_press_state
 194 0094 00000000 		.word	But1_press_state
 195 0098 00000000 		.word	But1_prev_press_state
 196 009c 00000000 		.word	hrtc
 197 00a0 00000000 		.word	sTime
 198 00a4 00000000 		.word	sDate
 199              		.cfi_endproc
 200              	.LFE135:
ARM GAS  C:\Users\zhmis\AppData\Local\Temp\ccb7l4pl.s 			page 5


 202              		.section	.text.alarm_state_machine,"ax",%progbits
 203              		.align	1
 204              		.global	alarm_state_machine
 205              		.syntax unified
 206              		.thumb
 207              		.thumb_func
 209              	alarm_state_machine:
 210              	.LFB136:
  32:Core/Src/alrm_logic.c **** 
  33:Core/Src/alrm_logic.c **** void alarm_state_machine(){
 211              		.loc 1 33 27 is_stmt 1 view -0
 212              		.cfi_startproc
 213              		@ args = 0, pretend = 0, frame = 0
 214              		@ frame_needed = 0, uses_anonymous_args = 0
 215 0000 38B5     		push	{r3, r4, r5, lr}
 216              		.cfi_def_cfa_offset 16
 217              		.cfi_offset 3, -16
 218              		.cfi_offset 4, -12
 219              		.cfi_offset 5, -8
 220              		.cfi_offset 14, -4
  34:Core/Src/alrm_logic.c **** 	switch (alarm_p->alarm_state){
 221              		.loc 1 34 2 view .LVU36
 222              		.loc 1 34 17 is_stmt 0 view .LVU37
 223 0002 824B     		ldr	r3, .L63
 224 0004 1C68     		ldr	r4, [r3]
 225 0006 2378     		ldrb	r3, [r4]	@ zero_extendqisi2
 226              		.loc 1 34 2 view .LVU38
 227 0008 032B     		cmp	r3, #3
 228 000a 51D8     		bhi	.L9
 229 000c DFE813F0 		tbh	[pc, r3, lsl #1]
 230              	.L12:
 231 0010 0400     		.2byte	(.L15-.L12)/2
 232 0012 2700     		.2byte	(.L14-.L12)/2
 233 0014 5600     		.2byte	(.L13-.L12)/2
 234 0016 0E01     		.2byte	(.L11-.L12)/2
 235              		.p2align 1
 236              	.L15:
  35:Core/Src/alrm_logic.c **** 		case IDLE:{
  36:Core/Src/alrm_logic.c **** 			if (alarm_A_flag){
 237              		.loc 1 36 4 is_stmt 1 view .LVU39
 238              		.loc 1 36 8 is_stmt 0 view .LVU40
 239 0018 7D4B     		ldr	r3, .L63+4
 240 001a 1B88     		ldrh	r3, [r3]
 241              		.loc 1 36 7 view .LVU41
 242 001c 2BB1     		cbz	r3, .L16
  37:Core/Src/alrm_logic.c **** 				alarm_A_flag = 0;
 243              		.loc 1 37 5 is_stmt 1 view .LVU42
 244              		.loc 1 37 18 is_stmt 0 view .LVU43
 245 001e 7C4B     		ldr	r3, .L63+4
 246 0020 0022     		movs	r2, #0
 247 0022 1A80     		strh	r2, [r3]	@ movhi
  38:Core/Src/alrm_logic.c **** 				alarm_p->alarm_state = RING;
 248              		.loc 1 38 5 is_stmt 1 view .LVU44
 249              		.loc 1 38 26 is_stmt 0 view .LVU45
 250 0024 0123     		movs	r3, #1
 251 0026 2370     		strb	r3, [r4]
 252 0028 42E0     		b	.L9
ARM GAS  C:\Users\zhmis\AppData\Local\Temp\ccb7l4pl.s 			page 6


 253              	.L16:
  39:Core/Src/alrm_logic.c **** 			} else {
  40:Core/Src/alrm_logic.c **** 					if(But0_press_state == BUTTON_LONG_PRESS && But0_prev_press_state != BUTTON_LONG_PRESS 
 254              		.loc 1 40 6 is_stmt 1 view .LVU46
 255              		.loc 1 40 26 is_stmt 0 view .LVU47
 256 002a 7A4B     		ldr	r3, .L63+8
 257 002c 1B78     		ldrb	r3, [r3]	@ zero_extendqisi2
 258              		.loc 1 40 8 view .LVU48
 259 002e 022B     		cmp	r3, #2
 260 0030 0AD0     		beq	.L45
 261              	.L17:
  41:Core/Src/alrm_logic.c **** 					&& But1_press_state != BUTTON_LONG_PRESS){
  42:Core/Src/alrm_logic.c **** 					alarm_p->alarm_state = SET_TIME;
  43:Core/Src/alrm_logic.c **** 					} else if (But1_press_state == BUTTON_LONG_PRESS && But1_prev_press_state != BUTTON_LONG_PRESS
 262              		.loc 1 43 13 is_stmt 1 view .LVU49
 263              		.loc 1 43 34 is_stmt 0 view .LVU50
 264 0032 794B     		ldr	r3, .L63+12
 265 0034 1B78     		ldrb	r3, [r3]	@ zero_extendqisi2
 266              		.loc 1 43 16 view .LVU51
 267 0036 022B     		cmp	r3, #2
 268 0038 3AD1     		bne	.L9
 269              		.loc 1 43 80 discriminator 1 view .LVU52
 270 003a 784B     		ldr	r3, .L63+16
 271 003c 1B78     		ldrb	r3, [r3]	@ zero_extendqisi2
 272              		.loc 1 43 55 discriminator 1 view .LVU53
 273 003e 022B     		cmp	r3, #2
 274 0040 36D0     		beq	.L9
  44:Core/Src/alrm_logic.c **** 						alarm_p->alarm_state = SET_ALARM;
 275              		.loc 1 44 7 is_stmt 1 view .LVU54
 276              		.loc 1 44 28 is_stmt 0 view .LVU55
 277 0042 0323     		movs	r3, #3
 278 0044 2370     		strb	r3, [r4]
 279 0046 33E0     		b	.L9
 280              	.L45:
  40:Core/Src/alrm_logic.c **** 					&& But1_press_state != BUTTON_LONG_PRESS){
 281              		.loc 1 40 72 discriminator 1 view .LVU56
 282 0048 754B     		ldr	r3, .L63+20
 283 004a 1B78     		ldrb	r3, [r3]	@ zero_extendqisi2
  40:Core/Src/alrm_logic.c **** 					&& But1_press_state != BUTTON_LONG_PRESS){
 284              		.loc 1 40 47 discriminator 1 view .LVU57
 285 004c 022B     		cmp	r3, #2
 286 004e F0D0     		beq	.L17
  41:Core/Src/alrm_logic.c **** 					&& But1_press_state != BUTTON_LONG_PRESS){
 287              		.loc 1 41 26 view .LVU58
 288 0050 714B     		ldr	r3, .L63+12
 289 0052 1B78     		ldrb	r3, [r3]	@ zero_extendqisi2
  41:Core/Src/alrm_logic.c **** 					&& But1_press_state != BUTTON_LONG_PRESS){
 290              		.loc 1 41 6 view .LVU59
 291 0054 022B     		cmp	r3, #2
 292 0056 ECD0     		beq	.L17
  42:Core/Src/alrm_logic.c **** 					} else if (But1_press_state == BUTTON_LONG_PRESS && But1_prev_press_state != BUTTON_LONG_PRESS
 293              		.loc 1 42 6 is_stmt 1 view .LVU60
  42:Core/Src/alrm_logic.c **** 					} else if (But1_press_state == BUTTON_LONG_PRESS && But1_prev_press_state != BUTTON_LONG_PRESS
 294              		.loc 1 42 27 is_stmt 0 view .LVU61
 295 0058 0223     		movs	r3, #2
 296 005a 2370     		strb	r3, [r4]
 297 005c 28E0     		b	.L9
ARM GAS  C:\Users\zhmis\AppData\Local\Temp\ccb7l4pl.s 			page 7


 298              	.L14:
  45:Core/Src/alrm_logic.c **** 					}
  46:Core/Src/alrm_logic.c **** 			}
  47:Core/Src/alrm_logic.c **** 			break;
  48:Core/Src/alrm_logic.c **** 		}
  49:Core/Src/alrm_logic.c **** 		
  50:Core/Src/alrm_logic.c **** 		case RING:{
  51:Core/Src/alrm_logic.c **** 			if(!alarm_p->ring_flag){
 299              		.loc 1 51 4 is_stmt 1 view .LVU62
 300              		.loc 1 51 15 is_stmt 0 view .LVU63
 301 005e 6378     		ldrb	r3, [r4, #1]	@ zero_extendqisi2
 302              		.loc 1 51 6 view .LVU64
 303 0060 ABB1     		cbz	r3, .L46
 304              	.L18:
  52:Core/Src/alrm_logic.c **** 				alarm_p->ring_flag = 1;
  53:Core/Src/alrm_logic.c **** 				leds_blink_start();
  54:Core/Src/alrm_logic.c **** 			} else{}
 305              		.loc 1 54 11 is_stmt 1 view .LVU65
  55:Core/Src/alrm_logic.c **** 
  56:Core/Src/alrm_logic.c **** 			if(But0_press_state == BUTTON_SHORT_PRESS || But1_press_state == BUTTON_SHORT_PRESS || 
 306              		.loc 1 56 4 view .LVU66
 307              		.loc 1 56 24 is_stmt 0 view .LVU67
 308 0062 6C4B     		ldr	r3, .L63+8
 309 0064 1B78     		ldrb	r3, [r3]	@ zero_extendqisi2
 310              		.loc 1 56 6 view .LVU68
 311 0066 012B     		cmp	r3, #1
 312 0068 1AD0     		beq	.L19
 313              		.loc 1 56 66 discriminator 1 view .LVU69
 314 006a 6B4A     		ldr	r2, .L63+12
 315 006c 1278     		ldrb	r2, [r2]	@ zero_extendqisi2
 316              		.loc 1 56 46 discriminator 1 view .LVU70
 317 006e 012A     		cmp	r2, #1
 318 0070 16D0     		beq	.L19
 319              		.loc 1 56 88 discriminator 2 view .LVU71
 320 0072 022B     		cmp	r3, #2
 321 0074 10D0     		beq	.L47
 322              	.L20:
  57:Core/Src/alrm_logic.c **** 					(But0_press_state == BUTTON_LONG_PRESS && But0_prev_press_state != BUTTON_LONG_PRESS) || 
 323              		.loc 1 57 92 discriminator 1 view .LVU72
 324 0076 022A     		cmp	r2, #2
 325 0078 1BD0     		beq	.L48
 326              	.L21:
  58:Core/Src/alrm_logic.c **** 					(But1_press_state == BUTTON_LONG_PRESS && But1_prev_press_state != BUTTON_LONG_PRESS)){
  59:Core/Src/alrm_logic.c **** 				alarm_p->alarm_state = IDLE;
  60:Core/Src/alrm_logic.c **** 				alarm_p->ring_flag = 0;
  61:Core/Src/alrm_logic.c **** 				leds_blink_stop();
  62:Core/Src/alrm_logic.c **** 			} else if (alarm_led->led_cur_state == DIM){
 327              		.loc 1 62 11 is_stmt 1 view .LVU73
 328              		.loc 1 62 24 is_stmt 0 view .LVU74
 329 007a 6A4B     		ldr	r3, .L63+24
 330 007c 1B68     		ldr	r3, [r3]
 331 007e 1B78     		ldrb	r3, [r3]	@ zero_extendqisi2
 332              		.loc 1 62 14 view .LVU75
 333 0080 B3B9     		cbnz	r3, .L9
  63:Core/Src/alrm_logic.c **** 				alarm_p->ring_flag = 0;
 334              		.loc 1 63 5 is_stmt 1 view .LVU76
 335              		.loc 1 63 12 is_stmt 0 view .LVU77
ARM GAS  C:\Users\zhmis\AppData\Local\Temp\ccb7l4pl.s 			page 8


 336 0082 624A     		ldr	r2, .L63
 337 0084 1168     		ldr	r1, [r2]
 338              		.loc 1 63 24 view .LVU78
 339 0086 4B70     		strb	r3, [r1, #1]
  64:Core/Src/alrm_logic.c **** 				alarm_p->alarm_state = IDLE;
 340              		.loc 1 64 5 is_stmt 1 view .LVU79
 341              		.loc 1 64 12 is_stmt 0 view .LVU80
 342 0088 1268     		ldr	r2, [r2]
 343              		.loc 1 64 26 view .LVU81
 344 008a 1370     		strb	r3, [r2]
 345 008c 10E0     		b	.L9
 346              	.L46:
  52:Core/Src/alrm_logic.c **** 				leds_blink_start();
 347              		.loc 1 52 5 is_stmt 1 view .LVU82
  52:Core/Src/alrm_logic.c **** 				leds_blink_start();
 348              		.loc 1 52 24 is_stmt 0 view .LVU83
 349 008e 0123     		movs	r3, #1
 350 0090 6370     		strb	r3, [r4, #1]
  53:Core/Src/alrm_logic.c **** 			} else{}
 351              		.loc 1 53 5 is_stmt 1 view .LVU84
 352 0092 FFF7FEFF 		bl	leds_blink_start
 353              	.LVL13:
 354 0096 E4E7     		b	.L18
 355              	.L47:
  57:Core/Src/alrm_logic.c **** 					(But1_press_state == BUTTON_LONG_PRESS && But1_prev_press_state != BUTTON_LONG_PRESS)){
 356              		.loc 1 57 70 is_stmt 0 view .LVU85
 357 0098 614B     		ldr	r3, .L63+20
 358 009a 1B78     		ldrb	r3, [r3]	@ zero_extendqisi2
  57:Core/Src/alrm_logic.c **** 					(But1_press_state == BUTTON_LONG_PRESS && But1_prev_press_state != BUTTON_LONG_PRESS)){
 359              		.loc 1 57 45 view .LVU86
 360 009c 022B     		cmp	r3, #2
 361 009e EAD0     		beq	.L20
 362              	.L19:
  59:Core/Src/alrm_logic.c **** 				alarm_p->ring_flag = 0;
 363              		.loc 1 59 5 is_stmt 1 view .LVU87
  59:Core/Src/alrm_logic.c **** 				alarm_p->ring_flag = 0;
 364              		.loc 1 59 12 is_stmt 0 view .LVU88
 365 00a0 5A4A     		ldr	r2, .L63
 366 00a2 1168     		ldr	r1, [r2]
  59:Core/Src/alrm_logic.c **** 				alarm_p->ring_flag = 0;
 367              		.loc 1 59 26 view .LVU89
 368 00a4 0023     		movs	r3, #0
 369 00a6 0B70     		strb	r3, [r1]
  60:Core/Src/alrm_logic.c **** 				leds_blink_stop();
 370              		.loc 1 60 5 is_stmt 1 view .LVU90
  60:Core/Src/alrm_logic.c **** 				leds_blink_stop();
 371              		.loc 1 60 12 is_stmt 0 view .LVU91
 372 00a8 1268     		ldr	r2, [r2]
  60:Core/Src/alrm_logic.c **** 				leds_blink_stop();
 373              		.loc 1 60 24 view .LVU92
 374 00aa 5370     		strb	r3, [r2, #1]
  61:Core/Src/alrm_logic.c **** 			} else if (alarm_led->led_cur_state == DIM){
 375              		.loc 1 61 5 is_stmt 1 view .LVU93
 376 00ac FFF7FEFF 		bl	leds_blink_stop
 377              	.LVL14:
 378              	.L9:
  65:Core/Src/alrm_logic.c **** 			}
ARM GAS  C:\Users\zhmis\AppData\Local\Temp\ccb7l4pl.s 			page 9


  66:Core/Src/alrm_logic.c **** 			break;
  67:Core/Src/alrm_logic.c **** 		}
  68:Core/Src/alrm_logic.c **** 		
  69:Core/Src/alrm_logic.c **** 		case SET_TIME:{
  70:Core/Src/alrm_logic.c **** 			if(!alarm_p->time_set_flag){
  71:Core/Src/alrm_logic.c **** 				alarm_p->time_set_hours = sTime.Hours;
  72:Core/Src/alrm_logic.c **** 				alarm_p->time_set_minutes = sTime.Minutes;
  73:Core/Src/alrm_logic.c **** 				alarm_p->time_set_flag = 1;
  74:Core/Src/alrm_logic.c **** 			}
  75:Core/Src/alrm_logic.c **** 			
  76:Core/Src/alrm_logic.c **** 			// First check if we are exiting time set mode
  77:Core/Src/alrm_logic.c **** 			if (But0_press_state == BUTTON_LONG_PRESS && But1_press_state == BUTTON_LONG_PRESS){
  78:Core/Src/alrm_logic.c **** 				alarm_p->alarm_state = IDLE;
  79:Core/Src/alrm_logic.c **** 				alrm_SetTime(alarm_p->time_set_hours, alarm_p->time_set_minutes, 0); // Set time to rtc
  80:Core/Src/alrm_logic.c **** 				alarm_p->time_set_flag = 0;
  81:Core/Src/alrm_logic.c **** 				alarm_p->hours_scroll_flag = 0;
  82:Core/Src/alrm_logic.c **** 				alarm_p->minutes_scroll_flag = 0;
  83:Core/Src/alrm_logic.c **** 				alarm_p->hours_scroll_timeout_cnt = 0;
  84:Core/Src/alrm_logic.c **** 				alarm_p->minutes_scroll_timeout_cnt = 0;
  85:Core/Src/alrm_logic.c **** 				alarm_p->hours_scroll_divider_cnt = 0;
  86:Core/Src/alrm_logic.c **** 				alarm_p->minutes_scroll_divider_cnt = 0;
  87:Core/Src/alrm_logic.c **** 				return; // Skip the rest
  88:Core/Src/alrm_logic.c **** 			}
  89:Core/Src/alrm_logic.c **** 			
  90:Core/Src/alrm_logic.c **** 			// Increment hours on short press of button0
  91:Core/Src/alrm_logic.c **** 			if (But0_press_state == BUTTON_SHORT_PRESS){
  92:Core/Src/alrm_logic.c **** 				alarm_p->time_set_hours = increment_bcd(alarm_p->time_set_hours, 0x23);
  93:Core/Src/alrm_logic.c **** 			}
  94:Core/Src/alrm_logic.c **** 			
  95:Core/Src/alrm_logic.c **** 			// Increment minutes on short press of button1
  96:Core/Src/alrm_logic.c **** 			if (But1_press_state == BUTTON_SHORT_PRESS){
  97:Core/Src/alrm_logic.c **** 				alarm_p->time_set_minutes = increment_bcd(alarm_p->time_set_minutes, 0x59);
  98:Core/Src/alrm_logic.c **** 			}
  99:Core/Src/alrm_logic.c **** 			
 100:Core/Src/alrm_logic.c **** 			// Increment hours quickly on long press of button0
 101:Core/Src/alrm_logic.c **** 			if(But0_press_state == BUTTON_LONG_PRESS && But0_prev_press_state != BUTTON_LONG_PRESS){
 102:Core/Src/alrm_logic.c **** 				alarm_p->hours_scroll_flag = 1;
 103:Core/Src/alrm_logic.c **** 			} else if (But0_press_state == BUTTON_LONG_PRESS && But0_prev_press_state == BUTTON_LONG_PRESS &
 104:Core/Src/alrm_logic.c **** 									alarm_p->hours_scroll_flag){
 105:Core/Src/alrm_logic.c **** 				
 106:Core/Src/alrm_logic.c **** 				if (alarm_p->hours_scroll_timeout_cnt < BUTTON_SCROLL_TIMEOUT){
 107:Core/Src/alrm_logic.c **** 					alarm_p->hours_scroll_timeout_cnt++;
 108:Core/Src/alrm_logic.c **** 				} else {
 109:Core/Src/alrm_logic.c **** 					alarm_p->hours_scroll_divider_cnt++;
 110:Core/Src/alrm_logic.c **** 					if (alarm_p->hours_scroll_divider_cnt >= BUTTON_SCROLL_FREQ_DIV){
 111:Core/Src/alrm_logic.c **** 						alarm_p->time_set_hours = increment_bcd(alarm_p->time_set_hours, 0x23);
 112:Core/Src/alrm_logic.c **** 						alarm_p->hours_scroll_divider_cnt = 0;
 113:Core/Src/alrm_logic.c **** 					}
 114:Core/Src/alrm_logic.c **** 				}
 115:Core/Src/alrm_logic.c **** 				
 116:Core/Src/alrm_logic.c **** 			} else if (But0_press_state == IDLE){
 117:Core/Src/alrm_logic.c **** 				alarm_p->hours_scroll_flag = 0;
 118:Core/Src/alrm_logic.c **** 				alarm_p->hours_scroll_timeout_cnt = 0;
 119:Core/Src/alrm_logic.c **** 				alarm_p->hours_scroll_divider_cnt = 0;
 120:Core/Src/alrm_logic.c **** 			}
 121:Core/Src/alrm_logic.c **** 			
 122:Core/Src/alrm_logic.c **** 			// Increment minutes quickly on long press of button1
ARM GAS  C:\Users\zhmis\AppData\Local\Temp\ccb7l4pl.s 			page 10


 123:Core/Src/alrm_logic.c **** 			if(But1_press_state == BUTTON_LONG_PRESS && But1_prev_press_state != BUTTON_LONG_PRESS){
 124:Core/Src/alrm_logic.c **** 				alarm_p->minutes_scroll_flag = 1;
 125:Core/Src/alrm_logic.c **** 			} else if (But1_press_state == BUTTON_LONG_PRESS && But1_prev_press_state == BUTTON_LONG_PRESS &
 126:Core/Src/alrm_logic.c **** 									alarm_p->minutes_scroll_flag){
 127:Core/Src/alrm_logic.c **** 										
 128:Core/Src/alrm_logic.c **** 				if (alarm_p->minutes_scroll_timeout_cnt < BUTTON_SCROLL_TIMEOUT){
 129:Core/Src/alrm_logic.c **** 					alarm_p->minutes_scroll_timeout_cnt++;
 130:Core/Src/alrm_logic.c **** 				} else {
 131:Core/Src/alrm_logic.c **** 					alarm_p->minutes_scroll_divider_cnt++;
 132:Core/Src/alrm_logic.c **** 					if (alarm_p->minutes_scroll_divider_cnt >= BUTTON_SCROLL_FREQ_DIV){
 133:Core/Src/alrm_logic.c **** 						alarm_p->time_set_minutes = increment_bcd(alarm_p->time_set_minutes, 0x59);
 134:Core/Src/alrm_logic.c **** 						alarm_p->minutes_scroll_divider_cnt = 0;
 135:Core/Src/alrm_logic.c **** 					}
 136:Core/Src/alrm_logic.c **** 				}
 137:Core/Src/alrm_logic.c **** 				
 138:Core/Src/alrm_logic.c **** 			} else if (But1_press_state == IDLE){
 139:Core/Src/alrm_logic.c **** 				alarm_p->minutes_scroll_flag = 0;
 140:Core/Src/alrm_logic.c **** 				alarm_p->minutes_scroll_timeout_cnt = 0;
 141:Core/Src/alrm_logic.c **** 				alarm_p->minutes_scroll_divider_cnt = 0;
 142:Core/Src/alrm_logic.c **** 			}
 143:Core/Src/alrm_logic.c **** 			
 144:Core/Src/alrm_logic.c **** 			break;
 145:Core/Src/alrm_logic.c **** 		}
 146:Core/Src/alrm_logic.c **** 		
 147:Core/Src/alrm_logic.c **** 		case SET_ALARM:{
 148:Core/Src/alrm_logic.c **** 			
 149:Core/Src/alrm_logic.c **** //				if(!alarm_p->alarm_set_flag){
 150:Core/Src/alrm_logic.c **** //				alarm_p->alarm_set_hours = sTime.Hours;
 151:Core/Src/alrm_logic.c **** //				alarm_p->alarm_set_minutes = sTime.Minutes;
 152:Core/Src/alrm_logic.c **** //				alarm_p->alarm_set_flag = 1;
 153:Core/Src/alrm_logic.c **** //			}
 154:Core/Src/alrm_logic.c **** 			
 155:Core/Src/alrm_logic.c **** 			// First check if we are exiting alarm set mode
 156:Core/Src/alrm_logic.c **** 			if (But0_press_state == BUTTON_LONG_PRESS && But1_press_state == BUTTON_LONG_PRESS){
 157:Core/Src/alrm_logic.c **** 				alarm_p->alarm_state = IDLE;
 158:Core/Src/alrm_logic.c **** 				alrm_SetAlarm(alarm_p->alarm_set_hours, alarm_p->alarm_set_minutes, 0); // Set time to rtc
 159:Core/Src/alrm_logic.c **** //				alarm_p->alarm_set_flag = 0;
 160:Core/Src/alrm_logic.c **** 				alarm_p->hours_scroll_flag = 0;
 161:Core/Src/alrm_logic.c **** 				alarm_p->minutes_scroll_flag = 0;
 162:Core/Src/alrm_logic.c **** 				alarm_p->hours_scroll_timeout_cnt = 0;
 163:Core/Src/alrm_logic.c **** 				alarm_p->minutes_scroll_timeout_cnt = 0;
 164:Core/Src/alrm_logic.c **** 				alarm_p->hours_scroll_divider_cnt = 0;
 165:Core/Src/alrm_logic.c **** 				alarm_p->minutes_scroll_divider_cnt = 0;
 166:Core/Src/alrm_logic.c **** 				return; // Skip the rest
 167:Core/Src/alrm_logic.c **** 			}
 168:Core/Src/alrm_logic.c **** 			
 169:Core/Src/alrm_logic.c **** 			// Increment hours on short press of button0
 170:Core/Src/alrm_logic.c **** 			if (But0_press_state == BUTTON_SHORT_PRESS){
 171:Core/Src/alrm_logic.c **** 				alarm_p->alarm_set_hours = increment_bcd(alarm_p->alarm_set_hours, 0x23);
 172:Core/Src/alrm_logic.c **** 			}
 173:Core/Src/alrm_logic.c **** 			
 174:Core/Src/alrm_logic.c **** 			// Increment minutes on short press of button1
 175:Core/Src/alrm_logic.c **** 			if (But1_press_state == BUTTON_SHORT_PRESS){
 176:Core/Src/alrm_logic.c **** 				alarm_p->alarm_set_minutes = increment_bcd(alarm_p->alarm_set_minutes, 0x59);
 177:Core/Src/alrm_logic.c **** 			}
 178:Core/Src/alrm_logic.c **** 			
 179:Core/Src/alrm_logic.c **** 			// Increment hours quickly on long press of button0
ARM GAS  C:\Users\zhmis\AppData\Local\Temp\ccb7l4pl.s 			page 11


 180:Core/Src/alrm_logic.c **** 			if(But0_press_state == BUTTON_LONG_PRESS && But0_prev_press_state != BUTTON_LONG_PRESS){
 181:Core/Src/alrm_logic.c **** 				alarm_p->hours_scroll_flag = 1;
 182:Core/Src/alrm_logic.c **** 			} else if (But0_press_state == BUTTON_LONG_PRESS && But0_prev_press_state == BUTTON_LONG_PRESS &
 183:Core/Src/alrm_logic.c **** 									alarm_p->hours_scroll_flag){
 184:Core/Src/alrm_logic.c **** 				
 185:Core/Src/alrm_logic.c **** 				if (alarm_p->hours_scroll_timeout_cnt < BUTTON_SCROLL_TIMEOUT){
 186:Core/Src/alrm_logic.c **** 					alarm_p->hours_scroll_timeout_cnt++;
 187:Core/Src/alrm_logic.c **** 				} else {
 188:Core/Src/alrm_logic.c **** 					alarm_p->hours_scroll_divider_cnt++;
 189:Core/Src/alrm_logic.c **** 					if (alarm_p->hours_scroll_divider_cnt >= BUTTON_SCROLL_FREQ_DIV){
 190:Core/Src/alrm_logic.c **** 						alarm_p->alarm_set_hours = increment_bcd(alarm_p->alarm_set_hours, 0x23);
 191:Core/Src/alrm_logic.c **** 						alarm_p->hours_scroll_divider_cnt = 0;
 192:Core/Src/alrm_logic.c **** 					}
 193:Core/Src/alrm_logic.c **** 				}
 194:Core/Src/alrm_logic.c **** 				
 195:Core/Src/alrm_logic.c **** 			} else if (But0_press_state == IDLE){
 196:Core/Src/alrm_logic.c **** 				alarm_p->hours_scroll_flag = 0;
 197:Core/Src/alrm_logic.c **** 				alarm_p->hours_scroll_timeout_cnt = 0;
 198:Core/Src/alrm_logic.c **** 				alarm_p->hours_scroll_divider_cnt = 0;
 199:Core/Src/alrm_logic.c **** 			}
 200:Core/Src/alrm_logic.c **** 			
 201:Core/Src/alrm_logic.c **** 			// Increment minutes quickly on long press of button1
 202:Core/Src/alrm_logic.c **** 			if(But1_press_state == BUTTON_LONG_PRESS && But1_prev_press_state != BUTTON_LONG_PRESS){
 203:Core/Src/alrm_logic.c **** 				alarm_p->minutes_scroll_flag = 1;
 204:Core/Src/alrm_logic.c **** 			} else if (But1_press_state == BUTTON_LONG_PRESS && But1_prev_press_state == BUTTON_LONG_PRESS &
 205:Core/Src/alrm_logic.c **** 									alarm_p->minutes_scroll_flag){
 206:Core/Src/alrm_logic.c **** 										
 207:Core/Src/alrm_logic.c **** 				if (alarm_p->minutes_scroll_timeout_cnt < BUTTON_SCROLL_TIMEOUT){
 208:Core/Src/alrm_logic.c **** 					alarm_p->minutes_scroll_timeout_cnt++;
 209:Core/Src/alrm_logic.c **** 				} else {
 210:Core/Src/alrm_logic.c **** 					
 211:Core/Src/alrm_logic.c **** 					alarm_p->minutes_scroll_divider_cnt++;
 212:Core/Src/alrm_logic.c **** 					if (alarm_p->minutes_scroll_divider_cnt >= BUTTON_SCROLL_FREQ_DIV){
 213:Core/Src/alrm_logic.c **** 						alarm_p->alarm_set_minutes = increment_bcd(alarm_p->alarm_set_minutes, 0x59);
 214:Core/Src/alrm_logic.c **** 						alarm_p->minutes_scroll_divider_cnt = 0;
 215:Core/Src/alrm_logic.c **** 					}
 216:Core/Src/alrm_logic.c **** 				}
 217:Core/Src/alrm_logic.c **** 				
 218:Core/Src/alrm_logic.c **** 			} else if (But1_press_state == IDLE){
 219:Core/Src/alrm_logic.c **** 				alarm_p->minutes_scroll_flag = 0;
 220:Core/Src/alrm_logic.c **** 				alarm_p->minutes_scroll_timeout_cnt = 0;
 221:Core/Src/alrm_logic.c **** 				alarm_p->minutes_scroll_divider_cnt = 0;
 222:Core/Src/alrm_logic.c **** 			}
 223:Core/Src/alrm_logic.c **** 			
 224:Core/Src/alrm_logic.c **** 			
 225:Core/Src/alrm_logic.c **** 			break;
 226:Core/Src/alrm_logic.c **** 		}
 227:Core/Src/alrm_logic.c **** 			
 228:Core/Src/alrm_logic.c **** 	}
 229:Core/Src/alrm_logic.c **** 
 230:Core/Src/alrm_logic.c **** }...
 379              		.loc 1 230 1 is_stmt 0 view .LVU94
 380 00b0 38BD     		pop	{r3, r4, r5, pc}
 381              	.L48:
  58:Core/Src/alrm_logic.c **** 					(But1_press_state == BUTTON_LONG_PRESS && But1_prev_press_state != BUTTON_LONG_PRESS)){
 382              		.loc 1 58 70 view .LVU95
 383 00b2 5A4B     		ldr	r3, .L63+16
ARM GAS  C:\Users\zhmis\AppData\Local\Temp\ccb7l4pl.s 			page 12


 384 00b4 1B78     		ldrb	r3, [r3]	@ zero_extendqisi2
  58:Core/Src/alrm_logic.c **** 					(But1_press_state == BUTTON_LONG_PRESS && But1_prev_press_state != BUTTON_LONG_PRESS)){
 385              		.loc 1 58 45 view .LVU96
 386 00b6 022B     		cmp	r3, #2
 387 00b8 F2D1     		bne	.L19
 388 00ba DEE7     		b	.L21
 389              	.L13:
  70:Core/Src/alrm_logic.c **** 			if(!alarm_p->time_set_flag){
 390              		.loc 1 70 4 is_stmt 1 view .LVU97
  70:Core/Src/alrm_logic.c **** 			if(!alarm_p->time_set_flag){
 391              		.loc 1 70 15 is_stmt 0 view .LVU98
 392 00bc A378     		ldrb	r3, [r4, #2]	@ zero_extendqisi2
  70:Core/Src/alrm_logic.c **** 			if(!alarm_p->time_set_flag){
 393              		.loc 1 70 6 view .LVU99
 394 00be 33B9     		cbnz	r3, .L22
  71:Core/Src/alrm_logic.c **** 				alarm_p->time_set_hours = sTime.Hours;
 395              		.loc 1 71 5 is_stmt 1 view .LVU100
  71:Core/Src/alrm_logic.c **** 				alarm_p->time_set_hours = sTime.Hours;
 396              		.loc 1 71 36 is_stmt 0 view .LVU101
 397 00c0 594B     		ldr	r3, .L63+28
 398 00c2 1A78     		ldrb	r2, [r3]	@ zero_extendqisi2
  71:Core/Src/alrm_logic.c **** 				alarm_p->time_set_hours = sTime.Hours;
 399              		.loc 1 71 29 view .LVU102
 400 00c4 2271     		strb	r2, [r4, #4]
  72:Core/Src/alrm_logic.c **** 				alarm_p->time_set_minutes = sTime.Minutes;
 401              		.loc 1 72 5 is_stmt 1 view .LVU103
  72:Core/Src/alrm_logic.c **** 				alarm_p->time_set_minutes = sTime.Minutes;
 402              		.loc 1 72 38 is_stmt 0 view .LVU104
 403 00c6 5B78     		ldrb	r3, [r3, #1]	@ zero_extendqisi2
  72:Core/Src/alrm_logic.c **** 				alarm_p->time_set_minutes = sTime.Minutes;
 404              		.loc 1 72 31 view .LVU105
 405 00c8 6371     		strb	r3, [r4, #5]
  73:Core/Src/alrm_logic.c **** 				alarm_p->time_set_flag = 1;
 406              		.loc 1 73 5 is_stmt 1 view .LVU106
  73:Core/Src/alrm_logic.c **** 				alarm_p->time_set_flag = 1;
 407              		.loc 1 73 28 is_stmt 0 view .LVU107
 408 00ca 0123     		movs	r3, #1
 409 00cc A370     		strb	r3, [r4, #2]
 410              	.L22:
  77:Core/Src/alrm_logic.c **** 			if (But0_press_state == BUTTON_LONG_PRESS && But1_press_state == BUTTON_LONG_PRESS){
 411              		.loc 1 77 4 is_stmt 1 view .LVU108
  77:Core/Src/alrm_logic.c **** 			if (But0_press_state == BUTTON_LONG_PRESS && But1_press_state == BUTTON_LONG_PRESS){
 412              		.loc 1 77 25 is_stmt 0 view .LVU109
 413 00ce 514B     		ldr	r3, .L63+8
 414 00d0 1B78     		ldrb	r3, [r3]	@ zero_extendqisi2
  77:Core/Src/alrm_logic.c **** 			if (But0_press_state == BUTTON_LONG_PRESS && But1_press_state == BUTTON_LONG_PRESS){
 415              		.loc 1 77 7 view .LVU110
 416 00d2 022B     		cmp	r3, #2
 417 00d4 21D0     		beq	.L49
 418              	.L23:
  91:Core/Src/alrm_logic.c **** 			if (But0_press_state == BUTTON_SHORT_PRESS){
 419              		.loc 1 91 4 is_stmt 1 view .LVU111
  91:Core/Src/alrm_logic.c **** 			if (But0_press_state == BUTTON_SHORT_PRESS){
 420              		.loc 1 91 7 is_stmt 0 view .LVU112
 421 00d6 012B     		cmp	r3, #1
 422 00d8 37D0     		beq	.L50
 423              	.L24:
ARM GAS  C:\Users\zhmis\AppData\Local\Temp\ccb7l4pl.s 			page 13


  96:Core/Src/alrm_logic.c **** 			if (But1_press_state == BUTTON_SHORT_PRESS){
 424              		.loc 1 96 4 is_stmt 1 view .LVU113
  96:Core/Src/alrm_logic.c **** 			if (But1_press_state == BUTTON_SHORT_PRESS){
 425              		.loc 1 96 25 is_stmt 0 view .LVU114
 426 00da 4F4B     		ldr	r3, .L63+12
 427 00dc 1B78     		ldrb	r3, [r3]	@ zero_extendqisi2
  96:Core/Src/alrm_logic.c **** 			if (But1_press_state == BUTTON_SHORT_PRESS){
 428              		.loc 1 96 7 view .LVU115
 429 00de 012B     		cmp	r3, #1
 430 00e0 3BD0     		beq	.L51
 431              	.L25:
 101:Core/Src/alrm_logic.c **** 			if(But0_press_state == BUTTON_LONG_PRESS && But0_prev_press_state != BUTTON_LONG_PRESS){
 432              		.loc 1 101 4 is_stmt 1 view .LVU116
 101:Core/Src/alrm_logic.c **** 			if(But0_press_state == BUTTON_LONG_PRESS && But0_prev_press_state != BUTTON_LONG_PRESS){
 433              		.loc 1 101 24 is_stmt 0 view .LVU117
 434 00e2 4C4B     		ldr	r3, .L63+8
 435 00e4 1B78     		ldrb	r3, [r3]	@ zero_extendqisi2
 101:Core/Src/alrm_logic.c **** 			if(But0_press_state == BUTTON_LONG_PRESS && But0_prev_press_state != BUTTON_LONG_PRESS){
 436              		.loc 1 101 6 view .LVU118
 437 00e6 022B     		cmp	r3, #2
 438 00e8 3FD0     		beq	.L52
 439              	.L26:
 103:Core/Src/alrm_logic.c **** 			} else if (But0_press_state == BUTTON_LONG_PRESS && But0_prev_press_state == BUTTON_LONG_PRESS &
 440              		.loc 1 103 11 is_stmt 1 view .LVU119
 103:Core/Src/alrm_logic.c **** 			} else if (But0_press_state == BUTTON_LONG_PRESS && But0_prev_press_state == BUTTON_LONG_PRESS &
 441              		.loc 1 103 14 is_stmt 0 view .LVU120
 442 00ea 022B     		cmp	r3, #2
 443 00ec 46D0     		beq	.L53
 444              	.L28:
 116:Core/Src/alrm_logic.c **** 			} else if (But0_press_state == IDLE){
 445              		.loc 1 116 11 is_stmt 1 view .LVU121
 116:Core/Src/alrm_logic.c **** 			} else if (But0_press_state == IDLE){
 446              		.loc 1 116 14 is_stmt 0 view .LVU122
 447 00ee 2BB9     		cbnz	r3, .L27
 117:Core/Src/alrm_logic.c **** 				alarm_p->hours_scroll_flag = 0;
 448              		.loc 1 117 5 is_stmt 1 view .LVU123
 117:Core/Src/alrm_logic.c **** 				alarm_p->hours_scroll_flag = 0;
 449              		.loc 1 117 12 is_stmt 0 view .LVU124
 450 00f0 464B     		ldr	r3, .L63
 451 00f2 1B68     		ldr	r3, [r3]
 117:Core/Src/alrm_logic.c **** 				alarm_p->hours_scroll_flag = 0;
 452              		.loc 1 117 32 view .LVU125
 453 00f4 0022     		movs	r2, #0
 454 00f6 1A72     		strb	r2, [r3, #8]
 118:Core/Src/alrm_logic.c **** 				alarm_p->hours_scroll_timeout_cnt = 0;
 455              		.loc 1 118 5 is_stmt 1 view .LVU126
 118:Core/Src/alrm_logic.c **** 				alarm_p->hours_scroll_timeout_cnt = 0;
 456              		.loc 1 118 39 is_stmt 0 view .LVU127
 457 00f8 5A81     		strh	r2, [r3, #10]	@ movhi
 119:Core/Src/alrm_logic.c **** 				alarm_p->hours_scroll_divider_cnt = 0;
 458              		.loc 1 119 5 is_stmt 1 view .LVU128
 119:Core/Src/alrm_logic.c **** 				alarm_p->hours_scroll_divider_cnt = 0;
 459              		.loc 1 119 39 is_stmt 0 view .LVU129
 460 00fa 9A73     		strb	r2, [r3, #14]
 461              	.L27:
 123:Core/Src/alrm_logic.c **** 			if(But1_press_state == BUTTON_LONG_PRESS && But1_prev_press_state != BUTTON_LONG_PRESS){
 462              		.loc 1 123 4 is_stmt 1 view .LVU130
ARM GAS  C:\Users\zhmis\AppData\Local\Temp\ccb7l4pl.s 			page 14


 123:Core/Src/alrm_logic.c **** 			if(But1_press_state == BUTTON_LONG_PRESS && But1_prev_press_state != BUTTON_LONG_PRESS){
 463              		.loc 1 123 24 is_stmt 0 view .LVU131
 464 00fc 464B     		ldr	r3, .L63+12
 465 00fe 1B78     		ldrb	r3, [r3]	@ zero_extendqisi2
 123:Core/Src/alrm_logic.c **** 			if(But1_press_state == BUTTON_LONG_PRESS && But1_prev_press_state != BUTTON_LONG_PRESS){
 466              		.loc 1 123 6 view .LVU132
 467 0100 022B     		cmp	r3, #2
 468 0102 5AD0     		beq	.L54
 469              	.L30:
 125:Core/Src/alrm_logic.c **** 			} else if (But1_press_state == BUTTON_LONG_PRESS && But1_prev_press_state == BUTTON_LONG_PRESS &
 470              		.loc 1 125 11 is_stmt 1 view .LVU133
 125:Core/Src/alrm_logic.c **** 			} else if (But1_press_state == BUTTON_LONG_PRESS && But1_prev_press_state == BUTTON_LONG_PRESS &
 471              		.loc 1 125 14 is_stmt 0 view .LVU134
 472 0104 022B     		cmp	r3, #2
 473 0106 61D0     		beq	.L55
 474              	.L31:
 138:Core/Src/alrm_logic.c **** 			} else if (But1_press_state == IDLE){
 475              		.loc 1 138 11 is_stmt 1 view .LVU135
 138:Core/Src/alrm_logic.c **** 			} else if (But1_press_state == IDLE){
 476              		.loc 1 138 14 is_stmt 0 view .LVU136
 477 0108 002B     		cmp	r3, #0
 478 010a D1D1     		bne	.L9
 139:Core/Src/alrm_logic.c **** 				alarm_p->minutes_scroll_flag = 0;
 479              		.loc 1 139 5 is_stmt 1 view .LVU137
 139:Core/Src/alrm_logic.c **** 				alarm_p->minutes_scroll_flag = 0;
 480              		.loc 1 139 12 is_stmt 0 view .LVU138
 481 010c 3F4B     		ldr	r3, .L63
 482 010e 1B68     		ldr	r3, [r3]
 139:Core/Src/alrm_logic.c **** 				alarm_p->minutes_scroll_flag = 0;
 483              		.loc 1 139 34 view .LVU139
 484 0110 0022     		movs	r2, #0
 485 0112 5A72     		strb	r2, [r3, #9]
 140:Core/Src/alrm_logic.c **** 				alarm_p->minutes_scroll_timeout_cnt = 0;
 486              		.loc 1 140 5 is_stmt 1 view .LVU140
 140:Core/Src/alrm_logic.c **** 				alarm_p->minutes_scroll_timeout_cnt = 0;
 487              		.loc 1 140 41 is_stmt 0 view .LVU141
 488 0114 9A81     		strh	r2, [r3, #12]	@ movhi
 141:Core/Src/alrm_logic.c **** 				alarm_p->minutes_scroll_divider_cnt = 0;
 489              		.loc 1 141 5 is_stmt 1 view .LVU142
 141:Core/Src/alrm_logic.c **** 				alarm_p->minutes_scroll_divider_cnt = 0;
 490              		.loc 1 141 41 is_stmt 0 view .LVU143
 491 0116 DA73     		strb	r2, [r3, #15]
 492 0118 CAE7     		b	.L9
 493              	.L49:
  77:Core/Src/alrm_logic.c **** 			if (But0_press_state == BUTTON_LONG_PRESS && But1_press_state == BUTTON_LONG_PRESS){
 494              		.loc 1 77 66 discriminator 1 view .LVU144
 495 011a 3F4A     		ldr	r2, .L63+12
 496 011c 1278     		ldrb	r2, [r2]	@ zero_extendqisi2
  77:Core/Src/alrm_logic.c **** 			if (But0_press_state == BUTTON_LONG_PRESS && But1_press_state == BUTTON_LONG_PRESS){
 497              		.loc 1 77 46 discriminator 1 view .LVU145
 498 011e 022A     		cmp	r2, #2
 499 0120 D9D1     		bne	.L23
  78:Core/Src/alrm_logic.c **** 				alarm_p->alarm_state = IDLE;
 500              		.loc 1 78 5 is_stmt 1 view .LVU146
  78:Core/Src/alrm_logic.c **** 				alarm_p->alarm_state = IDLE;
 501              		.loc 1 78 12 is_stmt 0 view .LVU147
 502 0122 3A4D     		ldr	r5, .L63
ARM GAS  C:\Users\zhmis\AppData\Local\Temp\ccb7l4pl.s 			page 15


 503 0124 2B68     		ldr	r3, [r5]
  78:Core/Src/alrm_logic.c **** 				alarm_p->alarm_state = IDLE;
 504              		.loc 1 78 26 view .LVU148
 505 0126 0024     		movs	r4, #0
 506 0128 1C70     		strb	r4, [r3]
  79:Core/Src/alrm_logic.c **** 				alrm_SetTime(alarm_p->time_set_hours, alarm_p->time_set_minutes, 0); // Set time to rtc
 507              		.loc 1 79 5 is_stmt 1 view .LVU149
  79:Core/Src/alrm_logic.c **** 				alrm_SetTime(alarm_p->time_set_hours, alarm_p->time_set_minutes, 0); // Set time to rtc
 508              		.loc 1 79 25 is_stmt 0 view .LVU150
 509 012a 2B68     		ldr	r3, [r5]
  79:Core/Src/alrm_logic.c **** 				alrm_SetTime(alarm_p->time_set_hours, alarm_p->time_set_minutes, 0); // Set time to rtc
 510              		.loc 1 79 5 view .LVU151
 511 012c 2246     		mov	r2, r4
 512 012e 5979     		ldrb	r1, [r3, #5]	@ zero_extendqisi2
 513 0130 1879     		ldrb	r0, [r3, #4]	@ zero_extendqisi2
 514 0132 FFF7FEFF 		bl	alrm_SetTime
 515              	.LVL15:
  80:Core/Src/alrm_logic.c **** 				alarm_p->time_set_flag = 0;
 516              		.loc 1 80 5 is_stmt 1 view .LVU152
  80:Core/Src/alrm_logic.c **** 				alarm_p->time_set_flag = 0;
 517              		.loc 1 80 12 is_stmt 0 view .LVU153
 518 0136 2B68     		ldr	r3, [r5]
  80:Core/Src/alrm_logic.c **** 				alarm_p->time_set_flag = 0;
 519              		.loc 1 80 28 view .LVU154
 520 0138 9C70     		strb	r4, [r3, #2]
  81:Core/Src/alrm_logic.c **** 				alarm_p->hours_scroll_flag = 0;
 521              		.loc 1 81 5 is_stmt 1 view .LVU155
  81:Core/Src/alrm_logic.c **** 				alarm_p->hours_scroll_flag = 0;
 522              		.loc 1 81 12 is_stmt 0 view .LVU156
 523 013a 2B68     		ldr	r3, [r5]
  81:Core/Src/alrm_logic.c **** 				alarm_p->hours_scroll_flag = 0;
 524              		.loc 1 81 32 view .LVU157
 525 013c 1C72     		strb	r4, [r3, #8]
  82:Core/Src/alrm_logic.c **** 				alarm_p->minutes_scroll_flag = 0;
 526              		.loc 1 82 5 is_stmt 1 view .LVU158
  82:Core/Src/alrm_logic.c **** 				alarm_p->minutes_scroll_flag = 0;
 527              		.loc 1 82 34 is_stmt 0 view .LVU159
 528 013e 5C72     		strb	r4, [r3, #9]
  83:Core/Src/alrm_logic.c **** 				alarm_p->hours_scroll_timeout_cnt = 0;
 529              		.loc 1 83 5 is_stmt 1 view .LVU160
  83:Core/Src/alrm_logic.c **** 				alarm_p->hours_scroll_timeout_cnt = 0;
 530              		.loc 1 83 39 is_stmt 0 view .LVU161
 531 0140 5C81     		strh	r4, [r3, #10]	@ movhi
  84:Core/Src/alrm_logic.c **** 				alarm_p->minutes_scroll_timeout_cnt = 0;
 532              		.loc 1 84 5 is_stmt 1 view .LVU162
  84:Core/Src/alrm_logic.c **** 				alarm_p->minutes_scroll_timeout_cnt = 0;
 533              		.loc 1 84 41 is_stmt 0 view .LVU163
 534 0142 9C81     		strh	r4, [r3, #12]	@ movhi
  85:Core/Src/alrm_logic.c **** 				alarm_p->hours_scroll_divider_cnt = 0;
 535              		.loc 1 85 5 is_stmt 1 view .LVU164
  85:Core/Src/alrm_logic.c **** 				alarm_p->hours_scroll_divider_cnt = 0;
 536              		.loc 1 85 39 is_stmt 0 view .LVU165
 537 0144 9C73     		strb	r4, [r3, #14]
  86:Core/Src/alrm_logic.c **** 				alarm_p->minutes_scroll_divider_cnt = 0;
 538              		.loc 1 86 5 is_stmt 1 view .LVU166
  86:Core/Src/alrm_logic.c **** 				alarm_p->minutes_scroll_divider_cnt = 0;
 539              		.loc 1 86 41 is_stmt 0 view .LVU167
ARM GAS  C:\Users\zhmis\AppData\Local\Temp\ccb7l4pl.s 			page 16


 540 0146 DC73     		strb	r4, [r3, #15]
  87:Core/Src/alrm_logic.c **** 				return; // Skip the rest
 541              		.loc 1 87 5 is_stmt 1 view .LVU168
 542 0148 B2E7     		b	.L9
 543              	.L50:
  92:Core/Src/alrm_logic.c **** 				alarm_p->time_set_hours = increment_bcd(alarm_p->time_set_hours, 0x23);
 544              		.loc 1 92 5 view .LVU169
  92:Core/Src/alrm_logic.c **** 				alarm_p->time_set_hours = increment_bcd(alarm_p->time_set_hours, 0x23);
 545              		.loc 1 92 52 is_stmt 0 view .LVU170
 546 014a 304B     		ldr	r3, .L63
 547 014c 1C68     		ldr	r4, [r3]
  92:Core/Src/alrm_logic.c **** 				alarm_p->time_set_hours = increment_bcd(alarm_p->time_set_hours, 0x23);
 548              		.loc 1 92 31 view .LVU171
 549 014e 2321     		movs	r1, #35
 550 0150 2079     		ldrb	r0, [r4, #4]	@ zero_extendqisi2
 551 0152 FFF7FEFF 		bl	increment_bcd
 552              	.LVL16:
  92:Core/Src/alrm_logic.c **** 				alarm_p->time_set_hours = increment_bcd(alarm_p->time_set_hours, 0x23);
 553              		.loc 1 92 29 discriminator 1 view .LVU172
 554 0156 2071     		strb	r0, [r4, #4]
 555 0158 BFE7     		b	.L24
 556              	.L51:
  97:Core/Src/alrm_logic.c **** 				alarm_p->time_set_minutes = increment_bcd(alarm_p->time_set_minutes, 0x59);
 557              		.loc 1 97 5 is_stmt 1 view .LVU173
  97:Core/Src/alrm_logic.c **** 				alarm_p->time_set_minutes = increment_bcd(alarm_p->time_set_minutes, 0x59);
 558              		.loc 1 97 54 is_stmt 0 view .LVU174
 559 015a 2C4B     		ldr	r3, .L63
 560 015c 1C68     		ldr	r4, [r3]
  97:Core/Src/alrm_logic.c **** 				alarm_p->time_set_minutes = increment_bcd(alarm_p->time_set_minutes, 0x59);
 561              		.loc 1 97 33 view .LVU175
 562 015e 5921     		movs	r1, #89
 563 0160 6079     		ldrb	r0, [r4, #5]	@ zero_extendqisi2
 564 0162 FFF7FEFF 		bl	increment_bcd
 565              	.LVL17:
  97:Core/Src/alrm_logic.c **** 				alarm_p->time_set_minutes = increment_bcd(alarm_p->time_set_minutes, 0x59);
 566              		.loc 1 97 31 discriminator 1 view .LVU176
 567 0166 6071     		strb	r0, [r4, #5]
 568 0168 BBE7     		b	.L25
 569              	.L52:
 101:Core/Src/alrm_logic.c **** 			if(But0_press_state == BUTTON_LONG_PRESS && But0_prev_press_state != BUTTON_LONG_PRESS){
 570              		.loc 1 101 70 discriminator 1 view .LVU177
 571 016a 2D4A     		ldr	r2, .L63+20
 572 016c 1278     		ldrb	r2, [r2]	@ zero_extendqisi2
 101:Core/Src/alrm_logic.c **** 			if(But0_press_state == BUTTON_LONG_PRESS && But0_prev_press_state != BUTTON_LONG_PRESS){
 573              		.loc 1 101 45 discriminator 1 view .LVU178
 574 016e 022A     		cmp	r2, #2
 575 0170 BBD0     		beq	.L26
 102:Core/Src/alrm_logic.c **** 				alarm_p->hours_scroll_flag = 1;
 576              		.loc 1 102 5 is_stmt 1 view .LVU179
 102:Core/Src/alrm_logic.c **** 				alarm_p->hours_scroll_flag = 1;
 577              		.loc 1 102 12 is_stmt 0 view .LVU180
 578 0172 264B     		ldr	r3, .L63
 579 0174 1B68     		ldr	r3, [r3]
 102:Core/Src/alrm_logic.c **** 				alarm_p->hours_scroll_flag = 1;
 580              		.loc 1 102 32 view .LVU181
 581 0176 0122     		movs	r2, #1
 582 0178 1A72     		strb	r2, [r3, #8]
ARM GAS  C:\Users\zhmis\AppData\Local\Temp\ccb7l4pl.s 			page 17


 583 017a BFE7     		b	.L27
 584              	.L53:
 103:Core/Src/alrm_logic.c **** 			} else if (But0_press_state == BUTTON_LONG_PRESS && But0_prev_press_state == BUTTON_LONG_PRESS &
 585              		.loc 1 103 78 discriminator 1 view .LVU182
 586 017c 284A     		ldr	r2, .L63+20
 587 017e 1278     		ldrb	r2, [r2]	@ zero_extendqisi2
 103:Core/Src/alrm_logic.c **** 			} else if (But0_press_state == BUTTON_LONG_PRESS && But0_prev_press_state == BUTTON_LONG_PRESS &
 588              		.loc 1 103 53 discriminator 1 view .LVU183
 589 0180 022A     		cmp	r2, #2
 590 0182 B4D1     		bne	.L28
 104:Core/Src/alrm_logic.c **** 									alarm_p->hours_scroll_flag){
 591              		.loc 1 104 17 view .LVU184
 592 0184 214A     		ldr	r2, .L63
 593 0186 1468     		ldr	r4, [r2]
 594 0188 227A     		ldrb	r2, [r4, #8]	@ zero_extendqisi2
 103:Core/Src/alrm_logic.c **** 			} else if (But0_press_state == BUTTON_LONG_PRESS && But0_prev_press_state == BUTTON_LONG_PRESS &
 595              		.loc 1 103 99 discriminator 2 view .LVU185
 596 018a 002A     		cmp	r2, #0
 597 018c AFD0     		beq	.L28
 106:Core/Src/alrm_logic.c **** 				if (alarm_p->hours_scroll_timeout_cnt < BUTTON_SCROLL_TIMEOUT){
 598              		.loc 1 106 5 is_stmt 1 view .LVU186
 106:Core/Src/alrm_logic.c **** 				if (alarm_p->hours_scroll_timeout_cnt < BUTTON_SCROLL_TIMEOUT){
 599              		.loc 1 106 16 is_stmt 0 view .LVU187
 600 018e 6389     		ldrh	r3, [r4, #10]
 106:Core/Src/alrm_logic.c **** 				if (alarm_p->hours_scroll_timeout_cnt < BUTTON_SCROLL_TIMEOUT){
 601              		.loc 1 106 8 view .LVU188
 602 0190 092B     		cmp	r3, #9
 603 0192 02D8     		bhi	.L29
 107:Core/Src/alrm_logic.c **** 					alarm_p->hours_scroll_timeout_cnt++;
 604              		.loc 1 107 6 is_stmt 1 view .LVU189
 107:Core/Src/alrm_logic.c **** 					alarm_p->hours_scroll_timeout_cnt++;
 605              		.loc 1 107 39 is_stmt 0 view .LVU190
 606 0194 0133     		adds	r3, r3, #1
 607 0196 6381     		strh	r3, [r4, #10]	@ movhi
 608 0198 B0E7     		b	.L27
 609              	.L29:
 109:Core/Src/alrm_logic.c **** 					alarm_p->hours_scroll_divider_cnt++;
 610              		.loc 1 109 6 is_stmt 1 view .LVU191
 109:Core/Src/alrm_logic.c **** 					alarm_p->hours_scroll_divider_cnt++;
 611              		.loc 1 109 13 is_stmt 0 view .LVU192
 612 019a A37B     		ldrb	r3, [r4, #14]	@ zero_extendqisi2
 109:Core/Src/alrm_logic.c **** 					alarm_p->hours_scroll_divider_cnt++;
 613              		.loc 1 109 39 view .LVU193
 614 019c 0133     		adds	r3, r3, #1
 615 019e DBB2     		uxtb	r3, r3
 616 01a0 A373     		strb	r3, [r4, #14]
 110:Core/Src/alrm_logic.c **** 					if (alarm_p->hours_scroll_divider_cnt >= BUTTON_SCROLL_FREQ_DIV){
 617              		.loc 1 110 6 is_stmt 1 view .LVU194
 110:Core/Src/alrm_logic.c **** 					if (alarm_p->hours_scroll_divider_cnt >= BUTTON_SCROLL_FREQ_DIV){
 618              		.loc 1 110 9 is_stmt 0 view .LVU195
 619 01a2 092B     		cmp	r3, #9
 620 01a4 AAD9     		bls	.L27
 111:Core/Src/alrm_logic.c **** 						alarm_p->time_set_hours = increment_bcd(alarm_p->time_set_hours, 0x23);
 621              		.loc 1 111 7 is_stmt 1 view .LVU196
 111:Core/Src/alrm_logic.c **** 						alarm_p->time_set_hours = increment_bcd(alarm_p->time_set_hours, 0x23);
 622              		.loc 1 111 33 is_stmt 0 view .LVU197
 623 01a6 2321     		movs	r1, #35
ARM GAS  C:\Users\zhmis\AppData\Local\Temp\ccb7l4pl.s 			page 18


 624 01a8 2079     		ldrb	r0, [r4, #4]	@ zero_extendqisi2
 625 01aa FFF7FEFF 		bl	increment_bcd
 626              	.LVL18:
 111:Core/Src/alrm_logic.c **** 						alarm_p->time_set_hours = increment_bcd(alarm_p->time_set_hours, 0x23);
 627              		.loc 1 111 31 discriminator 1 view .LVU198
 628 01ae 2071     		strb	r0, [r4, #4]
 112:Core/Src/alrm_logic.c **** 						alarm_p->hours_scroll_divider_cnt = 0;
 629              		.loc 1 112 7 is_stmt 1 view .LVU199
 112:Core/Src/alrm_logic.c **** 						alarm_p->hours_scroll_divider_cnt = 0;
 630              		.loc 1 112 14 is_stmt 0 view .LVU200
 631 01b0 164B     		ldr	r3, .L63
 632 01b2 1B68     		ldr	r3, [r3]
 112:Core/Src/alrm_logic.c **** 						alarm_p->hours_scroll_divider_cnt = 0;
 633              		.loc 1 112 41 view .LVU201
 634 01b4 0022     		movs	r2, #0
 635 01b6 9A73     		strb	r2, [r3, #14]
 636 01b8 A0E7     		b	.L27
 637              	.L54:
 123:Core/Src/alrm_logic.c **** 			if(But1_press_state == BUTTON_LONG_PRESS && But1_prev_press_state != BUTTON_LONG_PRESS){
 638              		.loc 1 123 70 discriminator 1 view .LVU202
 639 01ba 184A     		ldr	r2, .L63+16
 640 01bc 1278     		ldrb	r2, [r2]	@ zero_extendqisi2
 123:Core/Src/alrm_logic.c **** 			if(But1_press_state == BUTTON_LONG_PRESS && But1_prev_press_state != BUTTON_LONG_PRESS){
 641              		.loc 1 123 45 discriminator 1 view .LVU203
 642 01be 022A     		cmp	r2, #2
 643 01c0 A0D0     		beq	.L30
 124:Core/Src/alrm_logic.c **** 				alarm_p->minutes_scroll_flag = 1;
 644              		.loc 1 124 5 is_stmt 1 view .LVU204
 124:Core/Src/alrm_logic.c **** 				alarm_p->minutes_scroll_flag = 1;
 645              		.loc 1 124 12 is_stmt 0 view .LVU205
 646 01c2 124B     		ldr	r3, .L63
 647 01c4 1B68     		ldr	r3, [r3]
 124:Core/Src/alrm_logic.c **** 				alarm_p->minutes_scroll_flag = 1;
 648              		.loc 1 124 34 view .LVU206
 649 01c6 0122     		movs	r2, #1
 650 01c8 5A72     		strb	r2, [r3, #9]
 651 01ca 71E7     		b	.L9
 652              	.L55:
 125:Core/Src/alrm_logic.c **** 			} else if (But1_press_state == BUTTON_LONG_PRESS && But1_prev_press_state == BUTTON_LONG_PRESS &
 653              		.loc 1 125 78 discriminator 1 view .LVU207
 654 01cc 134A     		ldr	r2, .L63+16
 655 01ce 1278     		ldrb	r2, [r2]	@ zero_extendqisi2
 125:Core/Src/alrm_logic.c **** 			} else if (But1_press_state == BUTTON_LONG_PRESS && But1_prev_press_state == BUTTON_LONG_PRESS &
 656              		.loc 1 125 53 discriminator 1 view .LVU208
 657 01d0 022A     		cmp	r2, #2
 658 01d2 99D1     		bne	.L31
 126:Core/Src/alrm_logic.c **** 									alarm_p->minutes_scroll_flag){
 659              		.loc 1 126 17 view .LVU209
 660 01d4 0D4A     		ldr	r2, .L63
 661 01d6 1468     		ldr	r4, [r2]
 662 01d8 627A     		ldrb	r2, [r4, #9]	@ zero_extendqisi2
 125:Core/Src/alrm_logic.c **** 			} else if (But1_press_state == BUTTON_LONG_PRESS && But1_prev_press_state == BUTTON_LONG_PRESS &
 663              		.loc 1 125 99 discriminator 2 view .LVU210
 664 01da 002A     		cmp	r2, #0
 665 01dc 94D0     		beq	.L31
 128:Core/Src/alrm_logic.c **** 				if (alarm_p->minutes_scroll_timeout_cnt < BUTTON_SCROLL_TIMEOUT){
 666              		.loc 1 128 5 is_stmt 1 view .LVU211
ARM GAS  C:\Users\zhmis\AppData\Local\Temp\ccb7l4pl.s 			page 19


 128:Core/Src/alrm_logic.c **** 				if (alarm_p->minutes_scroll_timeout_cnt < BUTTON_SCROLL_TIMEOUT){
 667              		.loc 1 128 16 is_stmt 0 view .LVU212
 668 01de A389     		ldrh	r3, [r4, #12]
 128:Core/Src/alrm_logic.c **** 				if (alarm_p->minutes_scroll_timeout_cnt < BUTTON_SCROLL_TIMEOUT){
 669              		.loc 1 128 8 view .LVU213
 670 01e0 092B     		cmp	r3, #9
 671 01e2 02D8     		bhi	.L32
 129:Core/Src/alrm_logic.c **** 					alarm_p->minutes_scroll_timeout_cnt++;
 672              		.loc 1 129 6 is_stmt 1 view .LVU214
 129:Core/Src/alrm_logic.c **** 					alarm_p->minutes_scroll_timeout_cnt++;
 673              		.loc 1 129 41 is_stmt 0 view .LVU215
 674 01e4 0133     		adds	r3, r3, #1
 675 01e6 A381     		strh	r3, [r4, #12]	@ movhi
 676 01e8 62E7     		b	.L9
 677              	.L32:
 131:Core/Src/alrm_logic.c **** 					alarm_p->minutes_scroll_divider_cnt++;
 678              		.loc 1 131 6 is_stmt 1 view .LVU216
 131:Core/Src/alrm_logic.c **** 					alarm_p->minutes_scroll_divider_cnt++;
 679              		.loc 1 131 13 is_stmt 0 view .LVU217
 680 01ea E37B     		ldrb	r3, [r4, #15]	@ zero_extendqisi2
 131:Core/Src/alrm_logic.c **** 					alarm_p->minutes_scroll_divider_cnt++;
 681              		.loc 1 131 41 view .LVU218
 682 01ec 0133     		adds	r3, r3, #1
 683 01ee DBB2     		uxtb	r3, r3
 684 01f0 E373     		strb	r3, [r4, #15]
 132:Core/Src/alrm_logic.c **** 					if (alarm_p->minutes_scroll_divider_cnt >= BUTTON_SCROLL_FREQ_DIV){
 685              		.loc 1 132 6 is_stmt 1 view .LVU219
 132:Core/Src/alrm_logic.c **** 					if (alarm_p->minutes_scroll_divider_cnt >= BUTTON_SCROLL_FREQ_DIV){
 686              		.loc 1 132 9 is_stmt 0 view .LVU220
 687 01f2 092B     		cmp	r3, #9
 688 01f4 7FF65CAF 		bls	.L9
 133:Core/Src/alrm_logic.c **** 						alarm_p->time_set_minutes = increment_bcd(alarm_p->time_set_minutes, 0x59);
 689              		.loc 1 133 7 is_stmt 1 view .LVU221
 133:Core/Src/alrm_logic.c **** 						alarm_p->time_set_minutes = increment_bcd(alarm_p->time_set_minutes, 0x59);
 690              		.loc 1 133 35 is_stmt 0 view .LVU222
 691 01f8 5921     		movs	r1, #89
 692 01fa 6079     		ldrb	r0, [r4, #5]	@ zero_extendqisi2
 693 01fc FFF7FEFF 		bl	increment_bcd
 694              	.LVL19:
 133:Core/Src/alrm_logic.c **** 						alarm_p->time_set_minutes = increment_bcd(alarm_p->time_set_minutes, 0x59);
 695              		.loc 1 133 33 discriminator 1 view .LVU223
 696 0200 6071     		strb	r0, [r4, #5]
 134:Core/Src/alrm_logic.c **** 						alarm_p->minutes_scroll_divider_cnt = 0;
 697              		.loc 1 134 7 is_stmt 1 view .LVU224
 134:Core/Src/alrm_logic.c **** 						alarm_p->minutes_scroll_divider_cnt = 0;
 698              		.loc 1 134 14 is_stmt 0 view .LVU225
 699 0202 024B     		ldr	r3, .L63
 700 0204 1B68     		ldr	r3, [r3]
 134:Core/Src/alrm_logic.c **** 						alarm_p->minutes_scroll_divider_cnt = 0;
 701              		.loc 1 134 43 view .LVU226
 702 0206 0022     		movs	r2, #0
 703 0208 DA73     		strb	r2, [r3, #15]
 704 020a 51E7     		b	.L9
 705              	.L64:
 706              		.align	2
 707              	.L63:
 708 020c 00000000 		.word	alarm_p
ARM GAS  C:\Users\zhmis\AppData\Local\Temp\ccb7l4pl.s 			page 20


 709 0210 00000000 		.word	alarm_A_flag
 710 0214 00000000 		.word	But0_press_state
 711 0218 00000000 		.word	But1_press_state
 712 021c 00000000 		.word	But1_prev_press_state
 713 0220 00000000 		.word	But0_prev_press_state
 714 0224 00000000 		.word	alarm_led
 715 0228 00000000 		.word	sTime
 716              	.L11:
 156:Core/Src/alrm_logic.c **** 			if (But0_press_state == BUTTON_LONG_PRESS && But1_press_state == BUTTON_LONG_PRESS){
 717              		.loc 1 156 4 is_stmt 1 view .LVU227
 156:Core/Src/alrm_logic.c **** 			if (But0_press_state == BUTTON_LONG_PRESS && But1_press_state == BUTTON_LONG_PRESS){
 718              		.loc 1 156 25 is_stmt 0 view .LVU228
 719 022c 4D4B     		ldr	r3, .L65
 720 022e 1B78     		ldrb	r3, [r3]	@ zero_extendqisi2
 156:Core/Src/alrm_logic.c **** 			if (But0_press_state == BUTTON_LONG_PRESS && But1_press_state == BUTTON_LONG_PRESS){
 721              		.loc 1 156 7 view .LVU229
 722 0230 022B     		cmp	r3, #2
 723 0232 22D0     		beq	.L56
 724              	.L33:
 170:Core/Src/alrm_logic.c **** 			if (But0_press_state == BUTTON_SHORT_PRESS){
 725              		.loc 1 170 4 is_stmt 1 view .LVU230
 170:Core/Src/alrm_logic.c **** 			if (But0_press_state == BUTTON_SHORT_PRESS){
 726              		.loc 1 170 7 is_stmt 0 view .LVU231
 727 0234 012B     		cmp	r3, #1
 728 0236 35D0     		beq	.L57
 729              	.L34:
 175:Core/Src/alrm_logic.c **** 			if (But1_press_state == BUTTON_SHORT_PRESS){
 730              		.loc 1 175 4 is_stmt 1 view .LVU232
 175:Core/Src/alrm_logic.c **** 			if (But1_press_state == BUTTON_SHORT_PRESS){
 731              		.loc 1 175 25 is_stmt 0 view .LVU233
 732 0238 4B4B     		ldr	r3, .L65+4
 733 023a 1B78     		ldrb	r3, [r3]	@ zero_extendqisi2
 175:Core/Src/alrm_logic.c **** 			if (But1_press_state == BUTTON_SHORT_PRESS){
 734              		.loc 1 175 7 view .LVU234
 735 023c 012B     		cmp	r3, #1
 736 023e 37D0     		beq	.L58
 737              	.L35:
 180:Core/Src/alrm_logic.c **** 			if(But0_press_state == BUTTON_LONG_PRESS && But0_prev_press_state != BUTTON_LONG_PRESS){
 738              		.loc 1 180 4 is_stmt 1 view .LVU235
 180:Core/Src/alrm_logic.c **** 			if(But0_press_state == BUTTON_LONG_PRESS && But0_prev_press_state != BUTTON_LONG_PRESS){
 739              		.loc 1 180 24 is_stmt 0 view .LVU236
 740 0240 484B     		ldr	r3, .L65
 741 0242 1B78     		ldrb	r3, [r3]	@ zero_extendqisi2
 180:Core/Src/alrm_logic.c **** 			if(But0_press_state == BUTTON_LONG_PRESS && But0_prev_press_state != BUTTON_LONG_PRESS){
 742              		.loc 1 180 6 view .LVU237
 743 0244 022B     		cmp	r3, #2
 744 0246 3BD0     		beq	.L59
 745              	.L36:
 182:Core/Src/alrm_logic.c **** 			} else if (But0_press_state == BUTTON_LONG_PRESS && But0_prev_press_state == BUTTON_LONG_PRESS &
 746              		.loc 1 182 11 is_stmt 1 view .LVU238
 182:Core/Src/alrm_logic.c **** 			} else if (But0_press_state == BUTTON_LONG_PRESS && But0_prev_press_state == BUTTON_LONG_PRESS &
 747              		.loc 1 182 14 is_stmt 0 view .LVU239
 748 0248 022B     		cmp	r3, #2
 749 024a 42D0     		beq	.L60
 750              	.L38:
 195:Core/Src/alrm_logic.c **** 			} else if (But0_press_state == IDLE){
 751              		.loc 1 195 11 is_stmt 1 view .LVU240
ARM GAS  C:\Users\zhmis\AppData\Local\Temp\ccb7l4pl.s 			page 21


 195:Core/Src/alrm_logic.c **** 			} else if (But0_press_state == IDLE){
 752              		.loc 1 195 14 is_stmt 0 view .LVU241
 753 024c 2BB9     		cbnz	r3, .L37
 196:Core/Src/alrm_logic.c **** 				alarm_p->hours_scroll_flag = 0;
 754              		.loc 1 196 5 is_stmt 1 view .LVU242
 196:Core/Src/alrm_logic.c **** 				alarm_p->hours_scroll_flag = 0;
 755              		.loc 1 196 12 is_stmt 0 view .LVU243
 756 024e 474B     		ldr	r3, .L65+8
 757 0250 1B68     		ldr	r3, [r3]
 196:Core/Src/alrm_logic.c **** 				alarm_p->hours_scroll_flag = 0;
 758              		.loc 1 196 32 view .LVU244
 759 0252 0022     		movs	r2, #0
 760 0254 1A72     		strb	r2, [r3, #8]
 197:Core/Src/alrm_logic.c **** 				alarm_p->hours_scroll_timeout_cnt = 0;
 761              		.loc 1 197 5 is_stmt 1 view .LVU245
 197:Core/Src/alrm_logic.c **** 				alarm_p->hours_scroll_timeout_cnt = 0;
 762              		.loc 1 197 39 is_stmt 0 view .LVU246
 763 0256 5A81     		strh	r2, [r3, #10]	@ movhi
 198:Core/Src/alrm_logic.c **** 				alarm_p->hours_scroll_divider_cnt = 0;
 764              		.loc 1 198 5 is_stmt 1 view .LVU247
 198:Core/Src/alrm_logic.c **** 				alarm_p->hours_scroll_divider_cnt = 0;
 765              		.loc 1 198 39 is_stmt 0 view .LVU248
 766 0258 9A73     		strb	r2, [r3, #14]
 767              	.L37:
 202:Core/Src/alrm_logic.c **** 			if(But1_press_state == BUTTON_LONG_PRESS && But1_prev_press_state != BUTTON_LONG_PRESS){
 768              		.loc 1 202 4 is_stmt 1 view .LVU249
 202:Core/Src/alrm_logic.c **** 			if(But1_press_state == BUTTON_LONG_PRESS && But1_prev_press_state != BUTTON_LONG_PRESS){
 769              		.loc 1 202 24 is_stmt 0 view .LVU250
 770 025a 434B     		ldr	r3, .L65+4
 771 025c 1B78     		ldrb	r3, [r3]	@ zero_extendqisi2
 202:Core/Src/alrm_logic.c **** 			if(But1_press_state == BUTTON_LONG_PRESS && But1_prev_press_state != BUTTON_LONG_PRESS){
 772              		.loc 1 202 6 view .LVU251
 773 025e 022B     		cmp	r3, #2
 774 0260 56D0     		beq	.L61
 775              	.L40:
 204:Core/Src/alrm_logic.c **** 			} else if (But1_press_state == BUTTON_LONG_PRESS && But1_prev_press_state == BUTTON_LONG_PRESS &
 776              		.loc 1 204 11 is_stmt 1 view .LVU252
 204:Core/Src/alrm_logic.c **** 			} else if (But1_press_state == BUTTON_LONG_PRESS && But1_prev_press_state == BUTTON_LONG_PRESS &
 777              		.loc 1 204 14 is_stmt 0 view .LVU253
 778 0262 022B     		cmp	r3, #2
 779 0264 5DD0     		beq	.L62
 780              	.L41:
 218:Core/Src/alrm_logic.c **** 			} else if (But1_press_state == IDLE){
 781              		.loc 1 218 11 is_stmt 1 view .LVU254
 218:Core/Src/alrm_logic.c **** 			} else if (But1_press_state == IDLE){
 782              		.loc 1 218 14 is_stmt 0 view .LVU255
 783 0266 002B     		cmp	r3, #0
 784 0268 7FF422AF 		bne	.L9
 219:Core/Src/alrm_logic.c **** 				alarm_p->minutes_scroll_flag = 0;
 785              		.loc 1 219 5 is_stmt 1 view .LVU256
 219:Core/Src/alrm_logic.c **** 				alarm_p->minutes_scroll_flag = 0;
 786              		.loc 1 219 12 is_stmt 0 view .LVU257
 787 026c 3F4B     		ldr	r3, .L65+8
 788 026e 1B68     		ldr	r3, [r3]
 219:Core/Src/alrm_logic.c **** 				alarm_p->minutes_scroll_flag = 0;
 789              		.loc 1 219 34 view .LVU258
 790 0270 0022     		movs	r2, #0
ARM GAS  C:\Users\zhmis\AppData\Local\Temp\ccb7l4pl.s 			page 22


 791 0272 5A72     		strb	r2, [r3, #9]
 220:Core/Src/alrm_logic.c **** 				alarm_p->minutes_scroll_timeout_cnt = 0;
 792              		.loc 1 220 5 is_stmt 1 view .LVU259
 220:Core/Src/alrm_logic.c **** 				alarm_p->minutes_scroll_timeout_cnt = 0;
 793              		.loc 1 220 41 is_stmt 0 view .LVU260
 794 0274 9A81     		strh	r2, [r3, #12]	@ movhi
 221:Core/Src/alrm_logic.c **** 				alarm_p->minutes_scroll_divider_cnt = 0;
 795              		.loc 1 221 5 is_stmt 1 view .LVU261
 221:Core/Src/alrm_logic.c **** 				alarm_p->minutes_scroll_divider_cnt = 0;
 796              		.loc 1 221 41 is_stmt 0 view .LVU262
 797 0276 DA73     		strb	r2, [r3, #15]
 798 0278 1AE7     		b	.L9
 799              	.L56:
 156:Core/Src/alrm_logic.c **** 			if (But0_press_state == BUTTON_LONG_PRESS && But1_press_state == BUTTON_LONG_PRESS){
 800              		.loc 1 156 66 discriminator 1 view .LVU263
 801 027a 3B4A     		ldr	r2, .L65+4
 802 027c 1278     		ldrb	r2, [r2]	@ zero_extendqisi2
 156:Core/Src/alrm_logic.c **** 			if (But0_press_state == BUTTON_LONG_PRESS && But1_press_state == BUTTON_LONG_PRESS){
 803              		.loc 1 156 46 discriminator 1 view .LVU264
 804 027e 022A     		cmp	r2, #2
 805 0280 D8D1     		bne	.L33
 157:Core/Src/alrm_logic.c **** 				alarm_p->alarm_state = IDLE;
 806              		.loc 1 157 5 is_stmt 1 view .LVU265
 157:Core/Src/alrm_logic.c **** 				alarm_p->alarm_state = IDLE;
 807              		.loc 1 157 26 is_stmt 0 view .LVU266
 808 0282 0025     		movs	r5, #0
 809 0284 2570     		strb	r5, [r4]
 158:Core/Src/alrm_logic.c **** 				alrm_SetAlarm(alarm_p->alarm_set_hours, alarm_p->alarm_set_minutes, 0); // Set time to rtc
 810              		.loc 1 158 5 is_stmt 1 view .LVU267
 158:Core/Src/alrm_logic.c **** 				alrm_SetAlarm(alarm_p->alarm_set_hours, alarm_p->alarm_set_minutes, 0); // Set time to rtc
 811              		.loc 1 158 26 is_stmt 0 view .LVU268
 812 0286 394C     		ldr	r4, .L65+8
 813 0288 2368     		ldr	r3, [r4]
 158:Core/Src/alrm_logic.c **** 				alrm_SetAlarm(alarm_p->alarm_set_hours, alarm_p->alarm_set_minutes, 0); // Set time to rtc
 814              		.loc 1 158 5 view .LVU269
 815 028a 2A46     		mov	r2, r5
 816 028c D979     		ldrb	r1, [r3, #7]	@ zero_extendqisi2
 817 028e 9879     		ldrb	r0, [r3, #6]	@ zero_extendqisi2
 818 0290 FFF7FEFF 		bl	alrm_SetAlarm
 819              	.LVL20:
 160:Core/Src/alrm_logic.c **** 				alarm_p->hours_scroll_flag = 0;
 820              		.loc 1 160 5 is_stmt 1 view .LVU270
 160:Core/Src/alrm_logic.c **** 				alarm_p->hours_scroll_flag = 0;
 821              		.loc 1 160 12 is_stmt 0 view .LVU271
 822 0294 2368     		ldr	r3, [r4]
 160:Core/Src/alrm_logic.c **** 				alarm_p->hours_scroll_flag = 0;
 823              		.loc 1 160 32 view .LVU272
 824 0296 1D72     		strb	r5, [r3, #8]
 161:Core/Src/alrm_logic.c **** 				alarm_p->minutes_scroll_flag = 0;
 825              		.loc 1 161 5 is_stmt 1 view .LVU273
 161:Core/Src/alrm_logic.c **** 				alarm_p->minutes_scroll_flag = 0;
 826              		.loc 1 161 34 is_stmt 0 view .LVU274
 827 0298 5D72     		strb	r5, [r3, #9]
 162:Core/Src/alrm_logic.c **** 				alarm_p->hours_scroll_timeout_cnt = 0;
 828              		.loc 1 162 5 is_stmt 1 view .LVU275
 162:Core/Src/alrm_logic.c **** 				alarm_p->hours_scroll_timeout_cnt = 0;
 829              		.loc 1 162 39 is_stmt 0 view .LVU276
ARM GAS  C:\Users\zhmis\AppData\Local\Temp\ccb7l4pl.s 			page 23


 830 029a 5D81     		strh	r5, [r3, #10]	@ movhi
 163:Core/Src/alrm_logic.c **** 				alarm_p->minutes_scroll_timeout_cnt = 0;
 831              		.loc 1 163 5 is_stmt 1 view .LVU277
 163:Core/Src/alrm_logic.c **** 				alarm_p->minutes_scroll_timeout_cnt = 0;
 832              		.loc 1 163 41 is_stmt 0 view .LVU278
 833 029c 9D81     		strh	r5, [r3, #12]	@ movhi
 164:Core/Src/alrm_logic.c **** 				alarm_p->hours_scroll_divider_cnt = 0;
 834              		.loc 1 164 5 is_stmt 1 view .LVU279
 164:Core/Src/alrm_logic.c **** 				alarm_p->hours_scroll_divider_cnt = 0;
 835              		.loc 1 164 39 is_stmt 0 view .LVU280
 836 029e 9D73     		strb	r5, [r3, #14]
 165:Core/Src/alrm_logic.c **** 				alarm_p->minutes_scroll_divider_cnt = 0;
 837              		.loc 1 165 5 is_stmt 1 view .LVU281
 165:Core/Src/alrm_logic.c **** 				alarm_p->minutes_scroll_divider_cnt = 0;
 838              		.loc 1 165 41 is_stmt 0 view .LVU282
 839 02a0 DD73     		strb	r5, [r3, #15]
 166:Core/Src/alrm_logic.c **** 				return; // Skip the rest
 840              		.loc 1 166 5 is_stmt 1 view .LVU283
 841 02a2 05E7     		b	.L9
 842              	.L57:
 171:Core/Src/alrm_logic.c **** 				alarm_p->alarm_set_hours = increment_bcd(alarm_p->alarm_set_hours, 0x23);
 843              		.loc 1 171 5 view .LVU284
 171:Core/Src/alrm_logic.c **** 				alarm_p->alarm_set_hours = increment_bcd(alarm_p->alarm_set_hours, 0x23);
 844              		.loc 1 171 32 is_stmt 0 view .LVU285
 845 02a4 2321     		movs	r1, #35
 846 02a6 A079     		ldrb	r0, [r4, #6]	@ zero_extendqisi2
 847 02a8 FFF7FEFF 		bl	increment_bcd
 848              	.LVL21:
 171:Core/Src/alrm_logic.c **** 				alarm_p->alarm_set_hours = increment_bcd(alarm_p->alarm_set_hours, 0x23);
 849              		.loc 1 171 30 discriminator 1 view .LVU286
 850 02ac A071     		strb	r0, [r4, #6]
 851 02ae C3E7     		b	.L34
 852              	.L58:
 176:Core/Src/alrm_logic.c **** 				alarm_p->alarm_set_minutes = increment_bcd(alarm_p->alarm_set_minutes, 0x59);
 853              		.loc 1 176 5 is_stmt 1 view .LVU287
 176:Core/Src/alrm_logic.c **** 				alarm_p->alarm_set_minutes = increment_bcd(alarm_p->alarm_set_minutes, 0x59);
 854              		.loc 1 176 55 is_stmt 0 view .LVU288
 855 02b0 2E4B     		ldr	r3, .L65+8
 856 02b2 1C68     		ldr	r4, [r3]
 176:Core/Src/alrm_logic.c **** 				alarm_p->alarm_set_minutes = increment_bcd(alarm_p->alarm_set_minutes, 0x59);
 857              		.loc 1 176 34 view .LVU289
 858 02b4 5921     		movs	r1, #89
 859 02b6 E079     		ldrb	r0, [r4, #7]	@ zero_extendqisi2
 860 02b8 FFF7FEFF 		bl	increment_bcd
 861              	.LVL22:
 176:Core/Src/alrm_logic.c **** 				alarm_p->alarm_set_minutes = increment_bcd(alarm_p->alarm_set_minutes, 0x59);
 862              		.loc 1 176 32 discriminator 1 view .LVU290
 863 02bc E071     		strb	r0, [r4, #7]
 864 02be BFE7     		b	.L35
 865              	.L59:
 180:Core/Src/alrm_logic.c **** 			if(But0_press_state == BUTTON_LONG_PRESS && But0_prev_press_state != BUTTON_LONG_PRESS){
 866              		.loc 1 180 70 discriminator 1 view .LVU291
 867 02c0 2B4A     		ldr	r2, .L65+12
 868 02c2 1278     		ldrb	r2, [r2]	@ zero_extendqisi2
 180:Core/Src/alrm_logic.c **** 			if(But0_press_state == BUTTON_LONG_PRESS && But0_prev_press_state != BUTTON_LONG_PRESS){
 869              		.loc 1 180 45 discriminator 1 view .LVU292
 870 02c4 022A     		cmp	r2, #2
ARM GAS  C:\Users\zhmis\AppData\Local\Temp\ccb7l4pl.s 			page 24


 871 02c6 BFD0     		beq	.L36
 181:Core/Src/alrm_logic.c **** 				alarm_p->hours_scroll_flag = 1;
 872              		.loc 1 181 5 is_stmt 1 view .LVU293
 181:Core/Src/alrm_logic.c **** 				alarm_p->hours_scroll_flag = 1;
 873              		.loc 1 181 12 is_stmt 0 view .LVU294
 874 02c8 284B     		ldr	r3, .L65+8
 875 02ca 1B68     		ldr	r3, [r3]
 181:Core/Src/alrm_logic.c **** 				alarm_p->hours_scroll_flag = 1;
 876              		.loc 1 181 32 view .LVU295
 877 02cc 0122     		movs	r2, #1
 878 02ce 1A72     		strb	r2, [r3, #8]
 879 02d0 C3E7     		b	.L37
 880              	.L60:
 182:Core/Src/alrm_logic.c **** 			} else if (But0_press_state == BUTTON_LONG_PRESS && But0_prev_press_state == BUTTON_LONG_PRESS &
 881              		.loc 1 182 78 discriminator 1 view .LVU296
 882 02d2 274A     		ldr	r2, .L65+12
 883 02d4 1278     		ldrb	r2, [r2]	@ zero_extendqisi2
 182:Core/Src/alrm_logic.c **** 			} else if (But0_press_state == BUTTON_LONG_PRESS && But0_prev_press_state == BUTTON_LONG_PRESS &
 884              		.loc 1 182 53 discriminator 1 view .LVU297
 885 02d6 022A     		cmp	r2, #2
 886 02d8 B8D1     		bne	.L38
 183:Core/Src/alrm_logic.c **** 									alarm_p->hours_scroll_flag){
 887              		.loc 1 183 17 view .LVU298
 888 02da 244A     		ldr	r2, .L65+8
 889 02dc 1468     		ldr	r4, [r2]
 890 02de 227A     		ldrb	r2, [r4, #8]	@ zero_extendqisi2
 182:Core/Src/alrm_logic.c **** 			} else if (But0_press_state == BUTTON_LONG_PRESS && But0_prev_press_state == BUTTON_LONG_PRESS &
 891              		.loc 1 182 99 discriminator 2 view .LVU299
 892 02e0 002A     		cmp	r2, #0
 893 02e2 B3D0     		beq	.L38
 185:Core/Src/alrm_logic.c **** 				if (alarm_p->hours_scroll_timeout_cnt < BUTTON_SCROLL_TIMEOUT){
 894              		.loc 1 185 5 is_stmt 1 view .LVU300
 185:Core/Src/alrm_logic.c **** 				if (alarm_p->hours_scroll_timeout_cnt < BUTTON_SCROLL_TIMEOUT){
 895              		.loc 1 185 16 is_stmt 0 view .LVU301
 896 02e4 6389     		ldrh	r3, [r4, #10]
 185:Core/Src/alrm_logic.c **** 				if (alarm_p->hours_scroll_timeout_cnt < BUTTON_SCROLL_TIMEOUT){
 897              		.loc 1 185 8 view .LVU302
 898 02e6 092B     		cmp	r3, #9
 899 02e8 02D8     		bhi	.L39
 186:Core/Src/alrm_logic.c **** 					alarm_p->hours_scroll_timeout_cnt++;
 900              		.loc 1 186 6 is_stmt 1 view .LVU303
 186:Core/Src/alrm_logic.c **** 					alarm_p->hours_scroll_timeout_cnt++;
 901              		.loc 1 186 39 is_stmt 0 view .LVU304
 902 02ea 0133     		adds	r3, r3, #1
 903 02ec 6381     		strh	r3, [r4, #10]	@ movhi
 904 02ee B4E7     		b	.L37
 905              	.L39:
 188:Core/Src/alrm_logic.c **** 					alarm_p->hours_scroll_divider_cnt++;
 906              		.loc 1 188 6 is_stmt 1 view .LVU305
 188:Core/Src/alrm_logic.c **** 					alarm_p->hours_scroll_divider_cnt++;
 907              		.loc 1 188 13 is_stmt 0 view .LVU306
 908 02f0 A37B     		ldrb	r3, [r4, #14]	@ zero_extendqisi2
 188:Core/Src/alrm_logic.c **** 					alarm_p->hours_scroll_divider_cnt++;
 909              		.loc 1 188 39 view .LVU307
 910 02f2 0133     		adds	r3, r3, #1
 911 02f4 DBB2     		uxtb	r3, r3
 912 02f6 A373     		strb	r3, [r4, #14]
ARM GAS  C:\Users\zhmis\AppData\Local\Temp\ccb7l4pl.s 			page 25


 189:Core/Src/alrm_logic.c **** 					if (alarm_p->hours_scroll_divider_cnt >= BUTTON_SCROLL_FREQ_DIV){
 913              		.loc 1 189 6 is_stmt 1 view .LVU308
 189:Core/Src/alrm_logic.c **** 					if (alarm_p->hours_scroll_divider_cnt >= BUTTON_SCROLL_FREQ_DIV){
 914              		.loc 1 189 9 is_stmt 0 view .LVU309
 915 02f8 092B     		cmp	r3, #9
 916 02fa AED9     		bls	.L37
 190:Core/Src/alrm_logic.c **** 						alarm_p->alarm_set_hours = increment_bcd(alarm_p->alarm_set_hours, 0x23);
 917              		.loc 1 190 7 is_stmt 1 view .LVU310
 190:Core/Src/alrm_logic.c **** 						alarm_p->alarm_set_hours = increment_bcd(alarm_p->alarm_set_hours, 0x23);
 918              		.loc 1 190 34 is_stmt 0 view .LVU311
 919 02fc 2321     		movs	r1, #35
 920 02fe A079     		ldrb	r0, [r4, #6]	@ zero_extendqisi2
 921 0300 FFF7FEFF 		bl	increment_bcd
 922              	.LVL23:
 190:Core/Src/alrm_logic.c **** 						alarm_p->alarm_set_hours = increment_bcd(alarm_p->alarm_set_hours, 0x23);
 923              		.loc 1 190 32 discriminator 1 view .LVU312
 924 0304 A071     		strb	r0, [r4, #6]
 191:Core/Src/alrm_logic.c **** 						alarm_p->hours_scroll_divider_cnt = 0;
 925              		.loc 1 191 7 is_stmt 1 view .LVU313
 191:Core/Src/alrm_logic.c **** 						alarm_p->hours_scroll_divider_cnt = 0;
 926              		.loc 1 191 14 is_stmt 0 view .LVU314
 927 0306 194B     		ldr	r3, .L65+8
 928 0308 1B68     		ldr	r3, [r3]
 191:Core/Src/alrm_logic.c **** 						alarm_p->hours_scroll_divider_cnt = 0;
 929              		.loc 1 191 41 view .LVU315
 930 030a 0022     		movs	r2, #0
 931 030c 9A73     		strb	r2, [r3, #14]
 932 030e A4E7     		b	.L37
 933              	.L61:
 202:Core/Src/alrm_logic.c **** 			if(But1_press_state == BUTTON_LONG_PRESS && But1_prev_press_state != BUTTON_LONG_PRESS){
 934              		.loc 1 202 70 discriminator 1 view .LVU316
 935 0310 184A     		ldr	r2, .L65+16
 936 0312 1278     		ldrb	r2, [r2]	@ zero_extendqisi2
 202:Core/Src/alrm_logic.c **** 			if(But1_press_state == BUTTON_LONG_PRESS && But1_prev_press_state != BUTTON_LONG_PRESS){
 937              		.loc 1 202 45 discriminator 1 view .LVU317
 938 0314 022A     		cmp	r2, #2
 939 0316 A4D0     		beq	.L40
 203:Core/Src/alrm_logic.c **** 				alarm_p->minutes_scroll_flag = 1;
 940              		.loc 1 203 5 is_stmt 1 view .LVU318
 203:Core/Src/alrm_logic.c **** 				alarm_p->minutes_scroll_flag = 1;
 941              		.loc 1 203 12 is_stmt 0 view .LVU319
 942 0318 144B     		ldr	r3, .L65+8
 943 031a 1B68     		ldr	r3, [r3]
 203:Core/Src/alrm_logic.c **** 				alarm_p->minutes_scroll_flag = 1;
 944              		.loc 1 203 34 view .LVU320
 945 031c 0122     		movs	r2, #1
 946 031e 5A72     		strb	r2, [r3, #9]
 947 0320 C6E6     		b	.L9
 948              	.L62:
 204:Core/Src/alrm_logic.c **** 			} else if (But1_press_state == BUTTON_LONG_PRESS && But1_prev_press_state == BUTTON_LONG_PRESS &
 949              		.loc 1 204 78 discriminator 1 view .LVU321
 950 0322 144A     		ldr	r2, .L65+16
 951 0324 1278     		ldrb	r2, [r2]	@ zero_extendqisi2
 204:Core/Src/alrm_logic.c **** 			} else if (But1_press_state == BUTTON_LONG_PRESS && But1_prev_press_state == BUTTON_LONG_PRESS &
 952              		.loc 1 204 53 discriminator 1 view .LVU322
 953 0326 022A     		cmp	r2, #2
 954 0328 9DD1     		bne	.L41
ARM GAS  C:\Users\zhmis\AppData\Local\Temp\ccb7l4pl.s 			page 26


 205:Core/Src/alrm_logic.c **** 									alarm_p->minutes_scroll_flag){
 955              		.loc 1 205 17 view .LVU323
 956 032a 104A     		ldr	r2, .L65+8
 957 032c 1468     		ldr	r4, [r2]
 958 032e 627A     		ldrb	r2, [r4, #9]	@ zero_extendqisi2
 204:Core/Src/alrm_logic.c **** 			} else if (But1_press_state == BUTTON_LONG_PRESS && But1_prev_press_state == BUTTON_LONG_PRESS &
 959              		.loc 1 204 99 discriminator 2 view .LVU324
 960 0330 002A     		cmp	r2, #0
 961 0332 98D0     		beq	.L41
 207:Core/Src/alrm_logic.c **** 				if (alarm_p->minutes_scroll_timeout_cnt < BUTTON_SCROLL_TIMEOUT){
 962              		.loc 1 207 5 is_stmt 1 view .LVU325
 207:Core/Src/alrm_logic.c **** 				if (alarm_p->minutes_scroll_timeout_cnt < BUTTON_SCROLL_TIMEOUT){
 963              		.loc 1 207 16 is_stmt 0 view .LVU326
 964 0334 A389     		ldrh	r3, [r4, #12]
 207:Core/Src/alrm_logic.c **** 				if (alarm_p->minutes_scroll_timeout_cnt < BUTTON_SCROLL_TIMEOUT){
 965              		.loc 1 207 8 view .LVU327
 966 0336 092B     		cmp	r3, #9
 967 0338 02D8     		bhi	.L42
 208:Core/Src/alrm_logic.c **** 					alarm_p->minutes_scroll_timeout_cnt++;
 968              		.loc 1 208 6 is_stmt 1 view .LVU328
 208:Core/Src/alrm_logic.c **** 					alarm_p->minutes_scroll_timeout_cnt++;
 969              		.loc 1 208 41 is_stmt 0 view .LVU329
 970 033a 0133     		adds	r3, r3, #1
 971 033c A381     		strh	r3, [r4, #12]	@ movhi
 972 033e B7E6     		b	.L9
 973              	.L42:
 211:Core/Src/alrm_logic.c **** 					alarm_p->minutes_scroll_divider_cnt++;
 974              		.loc 1 211 6 is_stmt 1 view .LVU330
 211:Core/Src/alrm_logic.c **** 					alarm_p->minutes_scroll_divider_cnt++;
 975              		.loc 1 211 13 is_stmt 0 view .LVU331
 976 0340 E37B     		ldrb	r3, [r4, #15]	@ zero_extendqisi2
 211:Core/Src/alrm_logic.c **** 					alarm_p->minutes_scroll_divider_cnt++;
 977              		.loc 1 211 41 view .LVU332
 978 0342 0133     		adds	r3, r3, #1
 979 0344 DBB2     		uxtb	r3, r3
 980 0346 E373     		strb	r3, [r4, #15]
 212:Core/Src/alrm_logic.c **** 					if (alarm_p->minutes_scroll_divider_cnt >= BUTTON_SCROLL_FREQ_DIV){
 981              		.loc 1 212 6 is_stmt 1 view .LVU333
 212:Core/Src/alrm_logic.c **** 					if (alarm_p->minutes_scroll_divider_cnt >= BUTTON_SCROLL_FREQ_DIV){
 982              		.loc 1 212 9 is_stmt 0 view .LVU334
 983 0348 092B     		cmp	r3, #9
 984 034a 7FF6B1AE 		bls	.L9
 213:Core/Src/alrm_logic.c **** 						alarm_p->alarm_set_minutes = increment_bcd(alarm_p->alarm_set_minutes, 0x59);
 985              		.loc 1 213 7 is_stmt 1 view .LVU335
 213:Core/Src/alrm_logic.c **** 						alarm_p->alarm_set_minutes = increment_bcd(alarm_p->alarm_set_minutes, 0x59);
 986              		.loc 1 213 36 is_stmt 0 view .LVU336
 987 034e 5921     		movs	r1, #89
 988 0350 E079     		ldrb	r0, [r4, #7]	@ zero_extendqisi2
 989 0352 FFF7FEFF 		bl	increment_bcd
 990              	.LVL24:
 213:Core/Src/alrm_logic.c **** 						alarm_p->alarm_set_minutes = increment_bcd(alarm_p->alarm_set_minutes, 0x59);
 991              		.loc 1 213 34 discriminator 1 view .LVU337
 992 0356 E071     		strb	r0, [r4, #7]
 214:Core/Src/alrm_logic.c **** 						alarm_p->minutes_scroll_divider_cnt = 0;
 993              		.loc 1 214 7 is_stmt 1 view .LVU338
 214:Core/Src/alrm_logic.c **** 						alarm_p->minutes_scroll_divider_cnt = 0;
 994              		.loc 1 214 14 is_stmt 0 view .LVU339
ARM GAS  C:\Users\zhmis\AppData\Local\Temp\ccb7l4pl.s 			page 27


 995 0358 044B     		ldr	r3, .L65+8
 996 035a 1B68     		ldr	r3, [r3]
 214:Core/Src/alrm_logic.c **** 						alarm_p->minutes_scroll_divider_cnt = 0;
 997              		.loc 1 214 43 view .LVU340
 998 035c 0022     		movs	r2, #0
 999 035e DA73     		strb	r2, [r3, #15]
 1000 0360 A6E6     		b	.L9
 1001              	.L66:
 1002 0362 00BF     		.align	2
 1003              	.L65:
 1004 0364 00000000 		.word	But0_press_state
 1005 0368 00000000 		.word	But1_press_state
 1006 036c 00000000 		.word	alarm_p
 1007 0370 00000000 		.word	But0_prev_press_state
 1008 0374 00000000 		.word	But1_prev_press_state
 1009              		.cfi_endproc
 1010              	.LFE136:
 1012              		.global	alarm_p
 1013              		.section	.data.alarm_p,"aw"
 1014              		.align	2
 1017              	alarm_p:
 1018 0000 00000000 		.word	halarm
 1019              		.global	halarm
 1020              		.section	.bss.halarm,"aw",%nobits
 1021              		.align	2
 1024              	halarm:
 1025 0000 00000000 		.space	16
 1025      00000000 
 1025      00000000 
 1025      00000000 
 1026              		.text
 1027              	.Letext0:
 1028              		.file 2 "C:/Users/zhmis/AppData/Roaming/Code/User/globalStorage/bmd.stm32-for-vscode/@xpack-dev-to
 1029              		.file 3 "C:/Users/zhmis/AppData/Roaming/Code/User/globalStorage/bmd.stm32-for-vscode/@xpack-dev-to
 1030              		.file 4 "Drivers/CMSIS/Device/ST/STM32F4xx/Include/stm32f407xx.h"
 1031              		.file 5 "Drivers/STM32F4xx_HAL_Driver/Inc/stm32f4xx_hal_def.h"
 1032              		.file 6 "Drivers/STM32F4xx_HAL_Driver/Inc/stm32f4xx_hal_gpio.h"
 1033              		.file 7 "Drivers/STM32F4xx_HAL_Driver/Inc/stm32f4xx_hal_rtc.h"
 1034              		.file 8 "Core/Inc/rtc.h"
 1035              		.file 9 "Core/Inc/alrm.h"
 1036              		.file 10 "Core/Inc/button.h"
 1037              		.file 11 "Core/Inc/press_detection.h"
 1038              		.file 12 "Core/Inc/Leds.h"
 1039              		.file 13 "Core/Inc/alrm_logic.h"
ARM GAS  C:\Users\zhmis\AppData\Local\Temp\ccb7l4pl.s 			page 28


DEFINED SYMBOLS
                            *ABS*:00000000 alrm_logic.c
C:\Users\zhmis\AppData\Local\Temp\ccb7l4pl.s:21     .text.alarm_init_components:00000000 $t
C:\Users\zhmis\AppData\Local\Temp\ccb7l4pl.s:27     .text.alarm_init_components:00000000 alarm_init_components
C:\Users\zhmis\AppData\Local\Temp\ccb7l4pl.s:76     .text.alarm_init_components:00000040 $d
C:\Users\zhmis\AppData\Local\Temp\ccb7l4pl.s:84     .text.alarm_periph_handler:00000000 $t
C:\Users\zhmis\AppData\Local\Temp\ccb7l4pl.s:90     .text.alarm_periph_handler:00000000 alarm_periph_handler
C:\Users\zhmis\AppData\Local\Temp\ccb7l4pl.s:187    .text.alarm_periph_handler:00000078 $d
C:\Users\zhmis\AppData\Local\Temp\ccb7l4pl.s:203    .text.alarm_state_machine:00000000 $t
C:\Users\zhmis\AppData\Local\Temp\ccb7l4pl.s:209    .text.alarm_state_machine:00000000 alarm_state_machine
C:\Users\zhmis\AppData\Local\Temp\ccb7l4pl.s:231    .text.alarm_state_machine:00000010 $d
C:\Users\zhmis\AppData\Local\Temp\ccb7l4pl.s:235    .text.alarm_state_machine:00000018 $t
C:\Users\zhmis\AppData\Local\Temp\ccb7l4pl.s:708    .text.alarm_state_machine:0000020c $d
C:\Users\zhmis\AppData\Local\Temp\ccb7l4pl.s:1017   .data.alarm_p:00000000 alarm_p
C:\Users\zhmis\AppData\Local\Temp\ccb7l4pl.s:719    .text.alarm_state_machine:0000022c $t
C:\Users\zhmis\AppData\Local\Temp\ccb7l4pl.s:1004   .text.alarm_state_machine:00000364 $d
C:\Users\zhmis\AppData\Local\Temp\ccb7l4pl.s:1014   .data.alarm_p:00000000 $d
C:\Users\zhmis\AppData\Local\Temp\ccb7l4pl.s:1024   .bss.halarm:00000000 halarm
C:\Users\zhmis\AppData\Local\Temp\ccb7l4pl.s:1021   .bss.halarm:00000000 $d

UNDEFINED SYMBOLS
buttonInit
led_init
hbut0
hbut1
HAL_GPIO_ReadPin
getDebouncedButton
PressDetection_Update
Get_Button0_PressState
Get_Button1_PressState
HAL_RTC_GetTime
HAL_RTC_GetDate
leds_calculation
But0_State
But1_State
But0_press_state
But0_prev_press_state
But1_press_state
But1_prev_press_state
hrtc
sTime
sDate
leds_blink_start
leds_blink_stop
alrm_SetTime
increment_bcd
alarm_A_flag
alarm_led
alrm_SetAlarm
