ARM GAS  C:\Users\zhmis\AppData\Local\Temp\ccbRYD3n.s 			page 1


   1              		.cpu cortex-m4
   2              		.arch armv7e-m
   3              		.fpu fpv4-sp-d16
   4              		.eabi_attribute 27, 1
   5              		.eabi_attribute 28, 1
   6              		.eabi_attribute 20, 1
   7              		.eabi_attribute 21, 1
   8              		.eabi_attribute 23, 3
   9              		.eabi_attribute 24, 1
  10              		.eabi_attribute 25, 1
  11              		.eabi_attribute 26, 1
  12              		.eabi_attribute 30, 1
  13              		.eabi_attribute 34, 1
  14              		.eabi_attribute 18, 4
  15              		.file	"button.c"
  16              		.text
  17              	.Ltext0:
  18              		.cfi_sections	.debug_frame
  19              		.file 1 "Core/Src/button.c"
  20              		.section	.text.buttonInit,"ax",%progbits
  21              		.align	1
  22              		.global	buttonInit
  23              		.syntax unified
  24              		.thumb
  25              		.thumb_func
  27              	buttonInit:
  28              	.LVL0:
  29              	.LFB0:
   1:Core/Src/button.c **** /*
   2:Core/Src/button.c ****  * button.h
   3:Core/Src/button.c ****  *
   4:Core/Src/button.c ****  *  Created on: Oct 23, 2023
   5:Core/Src/button.c ****  *      Author: JV4K
   6:Core/Src/button.c ****  */
   7:Core/Src/button.c **** 
   8:Core/Src/button.c **** #include "button.h"
   9:Core/Src/button.c **** #include "stdlib.h"
  10:Core/Src/button.c **** 
  11:Core/Src/button.c **** Button_Handle_t* buttonInit(float debounce_time_s, float sample_freq_hz) {
  30              		.loc 1 11 74 view -0
  31              		.cfi_startproc
  32              		@ args = 0, pretend = 0, frame = 0
  33              		@ frame_needed = 0, uses_anonymous_args = 0
  34              		.loc 1 11 74 is_stmt 0 view .LVU1
  35 0000 08B5     		push	{r3, lr}
  36              		.cfi_def_cfa_offset 8
  37              		.cfi_offset 3, -8
  38              		.cfi_offset 14, -4
  39 0002 2DED028B 		vpush.64	{d8}
  40              		.cfi_def_cfa_offset 16
  41              		.cfi_offset 80, -16
  42              		.cfi_offset 81, -12
  43 0006 B0EE408A 		vmov.f32	s16, s0
  44 000a F0EE608A 		vmov.f32	s17, s1
  12:Core/Src/button.c **** 	Button_Handle_t *button = (Button_Handle_t*)malloc(sizeof(Button_Handle_t));
  45              		.loc 1 12 2 is_stmt 1 view .LVU2
  46              		.loc 1 12 46 is_stmt 0 view .LVU3
ARM GAS  C:\Users\zhmis\AppData\Local\Temp\ccbRYD3n.s 			page 2


  47 000e 0C20     		movs	r0, #12
  48 0010 FFF7FEFF 		bl	malloc
  49              	.LVL1:
  13:Core/Src/button.c **** 	button->maximum = (unsigned int) (debounce_time_s * sample_freq_hz);
  50              		.loc 1 13 2 is_stmt 1 view .LVU4
  51              		.loc 1 13 52 is_stmt 0 view .LVU5
  52 0014 28EE288A 		vmul.f32	s16, s16, s17
  53              	.LVL2:
  54              		.loc 1 13 20 view .LVU6
  55 0018 BCEEC88A 		vcvt.u32.f32	s16, s16
  56              		.loc 1 13 18 view .LVU7
  57 001c 80ED008A 		vstr.32	s16, [r0]	@ int
  14:Core/Src/button.c **** 	return button;
  58              		.loc 1 14 2 is_stmt 1 view .LVU8
  15:Core/Src/button.c **** }
  59              		.loc 1 15 1 is_stmt 0 view .LVU9
  60 0020 BDEC028B 		vldm	sp!, {d8}
  61              		.cfi_restore 80
  62              		.cfi_restore 81
  63              		.cfi_def_cfa_offset 8
  64 0024 08BD     		pop	{r3, pc}
  65              		.cfi_endproc
  66              	.LFE0:
  68              		.section	.text.getDebouncedButton,"ax",%progbits
  69              		.align	1
  70              		.global	getDebouncedButton
  71              		.syntax unified
  72              		.thumb
  73              		.thumb_func
  75              	getDebouncedButton:
  76              	.LVL3:
  77              	.LFB1:
  16:Core/Src/button.c **** 
  17:Core/Src/button.c **** unsigned int getDebouncedButton(Button_Handle_t *button, unsigned char input) {
  78              		.loc 1 17 79 is_stmt 1 view -0
  79              		.cfi_startproc
  80              		@ args = 0, pretend = 0, frame = 0
  81              		@ frame_needed = 0, uses_anonymous_args = 0
  82              		@ link register save eliminated.
  18:Core/Src/button.c **** 	/* Step 1: Update the integrator based on the input signal.  Note that the
  19:Core/Src/button.c **** 	 integrator follows the input, decreasing or increasing towards the limits as
  20:Core/Src/button.c **** 	 determined by the input state (0 or 1). */
  21:Core/Src/button.c **** 
  22:Core/Src/button.c **** 	if (input == 0) {
  83              		.loc 1 22 2 view .LVU11
  84              		.loc 1 22 5 is_stmt 0 view .LVU12
  85 0000 41B9     		cbnz	r1, .L4
  23:Core/Src/button.c **** 		if (button->integrator > 0)
  86              		.loc 1 23 3 is_stmt 1 view .LVU13
  87              		.loc 1 23 13 is_stmt 0 view .LVU14
  88 0002 4368     		ldr	r3, [r0, #4]
  89              		.loc 1 23 6 view .LVU15
  90 0004 0BB1     		cbz	r3, .L5
  24:Core/Src/button.c **** 			button->integrator--;
  91              		.loc 1 24 4 is_stmt 1 view .LVU16
  92              		.loc 1 24 22 is_stmt 0 view .LVU17
  93 0006 013B     		subs	r3, r3, #1
ARM GAS  C:\Users\zhmis\AppData\Local\Temp\ccbRYD3n.s 			page 3


  94 0008 4360     		str	r3, [r0, #4]
  95              	.L5:
  25:Core/Src/button.c **** 	} else if (button->integrator < button->maximum)
  26:Core/Src/button.c **** 		button->integrator++;
  27:Core/Src/button.c **** 
  28:Core/Src/button.c **** 	/* Step 2: Update the output state based on the integrator.  Note that the
  29:Core/Src/button.c **** 	 output will only change states if the integrator has reached a limit, either
  30:Core/Src/button.c **** 	 0 or MAXIMUM. */
  31:Core/Src/button.c **** 
  32:Core/Src/button.c **** 	if (button->integrator == 0)
  96              		.loc 1 32 2 is_stmt 1 view .LVU18
  97              		.loc 1 32 12 is_stmt 0 view .LVU19
  98 000a 4368     		ldr	r3, [r0, #4]
  99              		.loc 1 32 5 view .LVU20
 100 000c 4BB9     		cbnz	r3, .L6
  33:Core/Src/button.c **** 		button->output = 0;
 101              		.loc 1 33 3 is_stmt 1 view .LVU21
 102              		.loc 1 33 18 is_stmt 0 view .LVU22
 103 000e 8360     		str	r3, [r0, #8]
 104              	.L7:
  34:Core/Src/button.c **** 	else if (button->integrator >= button->maximum) {
  35:Core/Src/button.c **** 		button->output = 1;
  36:Core/Src/button.c **** 		button->integrator = button->maximum; /* defensive code if integrator got corrupted */
  37:Core/Src/button.c **** 	}
  38:Core/Src/button.c **** 	return button->output;
 105              		.loc 1 38 2 is_stmt 1 view .LVU23
  39:Core/Src/button.c **** }
 106              		.loc 1 39 1 is_stmt 0 view .LVU24
 107 0010 8068     		ldr	r0, [r0, #8]
 108              	.LVL4:
 109              		.loc 1 39 1 view .LVU25
 110 0012 7047     		bx	lr
 111              	.LVL5:
 112              	.L4:
  25:Core/Src/button.c **** 		button->integrator++;
 113              		.loc 1 25 9 is_stmt 1 view .LVU26
  25:Core/Src/button.c **** 		button->integrator++;
 114              		.loc 1 25 19 is_stmt 0 view .LVU27
 115 0014 4368     		ldr	r3, [r0, #4]
  25:Core/Src/button.c **** 		button->integrator++;
 116              		.loc 1 25 40 view .LVU28
 117 0016 0268     		ldr	r2, [r0]
  25:Core/Src/button.c **** 		button->integrator++;
 118              		.loc 1 25 12 view .LVU29
 119 0018 9342     		cmp	r3, r2
 120 001a F6D2     		bcs	.L5
  26:Core/Src/button.c **** 
 121              		.loc 1 26 3 is_stmt 1 view .LVU30
  26:Core/Src/button.c **** 
 122              		.loc 1 26 21 is_stmt 0 view .LVU31
 123 001c 0133     		adds	r3, r3, #1
 124 001e 4360     		str	r3, [r0, #4]
 125 0020 F3E7     		b	.L5
 126              	.L6:
  34:Core/Src/button.c **** 		button->output = 1;
 127              		.loc 1 34 7 is_stmt 1 view .LVU32
  34:Core/Src/button.c **** 		button->output = 1;
ARM GAS  C:\Users\zhmis\AppData\Local\Temp\ccbRYD3n.s 			page 4


 128              		.loc 1 34 39 is_stmt 0 view .LVU33
 129 0022 0268     		ldr	r2, [r0]
  34:Core/Src/button.c **** 		button->output = 1;
 130              		.loc 1 34 10 view .LVU34
 131 0024 9342     		cmp	r3, r2
 132 0026 F3D3     		bcc	.L7
  35:Core/Src/button.c **** 		button->integrator = button->maximum; /* defensive code if integrator got corrupted */
 133              		.loc 1 35 3 is_stmt 1 view .LVU35
  35:Core/Src/button.c **** 		button->integrator = button->maximum; /* defensive code if integrator got corrupted */
 134              		.loc 1 35 18 is_stmt 0 view .LVU36
 135 0028 0123     		movs	r3, #1
 136 002a 8360     		str	r3, [r0, #8]
  36:Core/Src/button.c **** 	}
 137              		.loc 1 36 3 is_stmt 1 view .LVU37
  36:Core/Src/button.c **** 	}
 138              		.loc 1 36 22 is_stmt 0 view .LVU38
 139 002c 4260     		str	r2, [r0, #4]
 140 002e EFE7     		b	.L7
 141              		.cfi_endproc
 142              	.LFE1:
 144              		.text
 145              	.Letext0:
 146              		.file 2 "Core/Inc/button.h"
 147              		.file 3 "C:/Users/zhmis/AppData/Roaming/Code/User/globalStorage/bmd.stm32-for-vscode/@xpack-dev-to
 148              		.file 4 "C:/Users/zhmis/AppData/Roaming/Code/User/globalStorage/bmd.stm32-for-vscode/@xpack-dev-to
ARM GAS  C:\Users\zhmis\AppData\Local\Temp\ccbRYD3n.s 			page 5


DEFINED SYMBOLS
                            *ABS*:00000000 button.c
C:\Users\zhmis\AppData\Local\Temp\ccbRYD3n.s:21     .text.buttonInit:00000000 $t
C:\Users\zhmis\AppData\Local\Temp\ccbRYD3n.s:27     .text.buttonInit:00000000 buttonInit
C:\Users\zhmis\AppData\Local\Temp\ccbRYD3n.s:69     .text.getDebouncedButton:00000000 $t
C:\Users\zhmis\AppData\Local\Temp\ccbRYD3n.s:75     .text.getDebouncedButton:00000000 getDebouncedButton

UNDEFINED SYMBOLS
malloc
