ARM GAS  C:\Users\zhmis\AppData\Local\Temp\ccrhkWVm.s 			page 1


   1              		.cpu cortex-m4
   2              		.arch armv7e-m
   3              		.fpu fpv4-sp-d16
   4              		.eabi_attribute 27, 1
   5              		.eabi_attribute 28, 1
   6              		.eabi_attribute 20, 1
   7              		.eabi_attribute 21, 1
   8              		.eabi_attribute 23, 3
   9              		.eabi_attribute 24, 1
  10              		.eabi_attribute 25, 1
  11              		.eabi_attribute 26, 1
  12              		.eabi_attribute 30, 1
  13              		.eabi_attribute 34, 1
  14              		.eabi_attribute 18, 4
  15              		.file	"font12.c"
  16              		.text
  17              	.Ltext0:
  18              		.cfi_sections	.debug_frame
  19              		.file 1 "Core/Src/font12.c"
  20              		.global	Font12
  21              		.section	.data.Font12,"aw"
  22              		.align	2
  25              	Font12:
  26 0000 00000000 		.word	Font12_Table
  27 0004 0700     		.short	7
  28 0006 0C00     		.short	12
  29 0008 01       		.byte	1
  30 0009 000000   		.space	3
  31              		.global	Font12_Table
  32              		.section	.rodata.Font12_Table,"a"
  33              		.align	2
  36              	Font12_Table:
  37 0000 00000000 		.ascii	"\000\000\000\000\000\000\000\000\000\000\000\000\000"
  37      00000000 
  37      00000000 
  37      00
  38 000d 10101010 		.ascii	"\020\020\020\020\020\000\000\020\000\000\000\000lHH"
  38      10000010 
  38      00000000 
  38      6C4848
  39 001c 00000000 		.ascii	"\000\000\000\000\000\000\000\000\000\024\024(|(|(PP"
  39      00000000 
  39      00141428 
  39      7C287C28 
  39      5050
  40 002e 00000010 		.ascii	"\000\000\000\0208@@8Hp\020\020\000\000\000 P \014p\010"
  40      38404038 
  40      48701010 
  40      00000020 
  40      50200C70 
  41 0043 14080000 		.ascii	"\024\010\000\000\000\000\000\000\030  TH4\000\000\000"
  41      00000000 
  41      18202054 
  41      48340000 
  41      00
  42 0054 00101010 		.ascii	"\000\020\020\020\020\000\000\000\000\000\000\000\000"
  42      10000000 
ARM GAS  C:\Users\zhmis\AppData\Local\Temp\ccrhkWVm.s 			page 2


  42      00000000 
  42      00
  43 0061 08081010 		.ascii	"\010\010\020\020\020\020\020\020\010\010\000\000  \020"
  43      10101010 
  43      08080000 
  43      202010
  44 0070 10101010 		.ascii	"\020\020\020\020\020  \000\000\020|\020((\000\000\000"
  44      10202000 
  44      00107C10 
  44      28280000 
  44      00
  45 0081 00000000 		.ascii	"\000\000\000\000\000\020\020\020\376\020\020\020\000"
  45      00101010 
  45      FE101010 
  45      00
  46 008e 00000000 		.ascii	"\000\000\000\000\000\000\000\000\000\030\0200 \000\000"
  46      00000000 
  46      00181030 
  46      200000
  47 009d 00000000 		.ascii	"\000\000\000\000|\000\000\000\000\000\000\000\000\000"
  47      7C000000 
  47      00000000 
  47      0000
  48 00ab 00000000 		.ascii	"\000\000\000\00000\000\000\000\000\004\004\010\010\020"
  48      30300000 
  48      00000404 
  48      080810
  49 00ba 10202040 		.ascii	"\020  @\000\000\0008DDDDDD8\000\000\000\0000\020\020"
  49      00000038 
  49      44444444 
  49      44443800 
  49      00000030 
  50 00d0 10101010 		.ascii	"\020\020\020\020|\000\000\000\0008D\004\010\020 D|\000"
  50      7C000000 
  50      00384404 
  50      08102044 
  50      7C00
  51 00e2 00000038 		.ascii	"\000\000\0008D\004\030\004\004D8\000\000\000\000\014"
  51      44041804 
  51      04443800 
  51      0000000C 
  52 00f2 14142444 		.ascii	"\024\024$D~\004\016\000\000\000\000<  8\004\004D8\000"
  52      7E040E00 
  52      0000003C 
  52      20203804 
  52      04443800 
  53 0106 0000001C 		.ascii	"\000\000\000\034 @xDDD8\000\000\000\000|D\004\010\010"
  53      20407844 
  53      44443800 
  53      0000007C 
  53      44040808 
  54 011a 08101000 		.ascii	"\010\020\020\000\000\000\0008DD8DDD8\000\000\000\000"
  54      00000038 
  54      44443844 
  54      44443800 
  54      000000
  55 012d 38444444 		.ascii	"8DDD<\004\010p\000\000\000\000\000\00000\000\00000\000"
ARM GAS  C:\Users\zhmis\AppData\Local\Temp\ccrhkWVm.s 			page 3


  55      3C040870 
  55      00000000 
  55      00003030 
  55      00003030 
  56 0142 00000000 		.ascii	"\000\000\000\000\000\030\030\000\000\0300 \000\000\000"
  56      00181800 
  56      00183020 
  56      000000
  57 0151 000C1060 		.ascii	"\000\014\020`\200`\020\014\000\000\000\000\000\000\000"
  57      8060100C 
  57      00000000 
  57      000000
  58 0160 7C007C00 		.ascii	"|\000|\000\000\000\000\000\000\000\300 \030\004\030"
  58      00000000 
  58      0000C020 
  58      180418
  59 016f 20C00000 		.ascii	" \300\000\000\000\000\000\030$\004\010\020\0000\000"
  59      00000018 
  59      24040810 
  59      003000
  60 017e 00003844 		.ascii	"\000\0008DDLTTL@D8\000\000\0000\020(((|D\356\000\000"
  60      444C5454 
  60      4C404438 
  60      00000030 
  60      10282828 
  61 0197 0000F844 		.ascii	"\000\000\370DDxDDD\370\000\000\000\000<D@@@@D8\000\000"
  61      44784444 
  61      44F80000 
  61      00003C44 
  61      40404040 
  62 01af 0000F048 		.ascii	"\000\000\360HDDDDH\360\000\000\000\000\374DPpP@D\374"
  62      44444444 
  62      48F00000 
  62      0000FC44 
  62      50705040 
  63 01c5 00000000 		.ascii	"\000\000\000\000~\"(8(  p\000\000\000\000<D@@NDD8\000"
  63      7E222838 
  63      28202070 
  63      00000000 
  63      3C444040 
  64 01de 000000EE 		.ascii	"\000\000\000\356DD|DDD\356\000\000\000\000|\020\020"
  64      44447C44 
  64      4444EE00 
  64      0000007C 
  64      1010
  65 01f0 10101010 		.ascii	"\020\020\020\020|\000\000\000\000<\010\010\010HHH0\000"
  65      7C000000 
  65      003C0808 
  65      08484848 
  65      3000
  66 0202 000000EE 		.ascii	"\000\000\000\356DHPpHD\346\000\000\000\000p    $$|\000"
  66      44485070 
  66      4844E600 
  66      00000070 
  66      20202020 
  67 021a 000000EE 		.ascii	"\000\000\000\356llTTDD\356\000\000\000\000\356ddTTT"
  67      6C6C5454 
ARM GAS  C:\Users\zhmis\AppData\Local\Temp\ccrhkWVm.s 			page 4


  67      4444EE00 
  67      000000EE 
  67      64645454 
  68 022f 4CEC0000 		.ascii	"L\354\000\000\000\0008DDDDDD8\000\000\000\000x$$$8 "
  68      00003844 
  68      44444444 
  68      44380000 
  68      00007824 
  69 0247 20700000 		.ascii	" p\000\000\000\0008DDDDDD8\034\000\000\000\370DDDxH"
  69      00003844 
  69      44444444 
  69      44381C00 
  69      0000F844 
  70 025f 44E20000 		.ascii	"D\342\000\000\000\0004L@8\004\004dX\000\000\000\000"
  70      0000344C 
  70      40380404 
  70      64580000 
  70      0000
  71 0271 FE921010 		.ascii	"\376\222\020\020\020\020\0208\000\000\000\000\356DD"
  71      10101038 
  71      00000000 
  71      EE4444
  72 0280 44444444 		.ascii	"DDDD8\000\000\000\000\356DD(((\020\020\000\000\000\000"
  72      38000000 
  72      00EE4444 
  72      28282810 
  72      10000000 
  73 0295 EE444454 		.ascii	"\356DDTTTT(\000\000\000\000\306D(\020\020(D\306\000"
  73      54545428 
  73      00000000 
  73      C6442810 
  73      102844C6 
  74 02aa 000000EE 		.ascii	"\000\000\000\356D((\020\020\0208\000\000\000\000|D\010"
  74      44282810 
  74      10103800 
  74      0000007C 
  74      4408
  75 02bc 10102044 		.ascii	"\020\020 D|\000\000\000\0008        8\000\000@   \020"
  75      7C000000 
  75      00382020 
  75      20202020 
  75      20203800 
  76 02d6 10080808 		.ascii	"\020\010\010\010\000\000\0008\010\010\010\010\010\010"
  76      00000038 
  76      08080808 
  76      0808
  77 02e4 08083800 		.ascii	"\010\0108\000\000\020\020(D\000\000\000\000\000\000"
  77      00101028 
  77      44000000 
  77      000000
  78 02f3 00000000 		.ascii	"\000\000\000\000\000\000\000\000\000\000\000\000\376"
  78      00000000 
  78      00000000 
  78      FE
  79 0300 00100800 		.ascii	"\000\020\010\000\000\000\000\000\000\000\000\000\000"
  79      00000000 
  79      00000000 
ARM GAS  C:\Users\zhmis\AppData\Local\Temp\ccrhkWVm.s 			page 5


  79      00
  80 030d 00003844 		.ascii	"\000\0008D<DD>\000\000\000\000\300@XdDDD\370\000\000"
  80      3C44443E 
  80      00000000 
  80      C0405864 
  80      444444F8 
  81 0323 00000000 		.ascii	"\000\000\000\000<D@@D8\000\000\000\000\014\0044LDDD"
  81      3C444040 
  81      44380000 
  81      00000C04 
  81      344C4444 
  82 0338 3E000000 		.ascii	">\000\000\000\000\000\0008D|@@<\000\000\000\000\034"
  82      00000038 
  82      447C4040 
  82      3C000000 
  82      001C
  83 034a 207C2020 		.ascii	" |    |\000\000\000\000\000\0006LDDD<\0048\000\000\300"
  83      20207C00 
  83      00000000 
  83      00364C44 
  83      44443C04 
  84 0362 40586444 		.ascii	"@XdDDD\356\000\000\000\000\020\000p\020\020\020\020"
  84      4444EE00 
  84      00000010 
  84      00701010 
  84      1010
  85 0374 7C000000 		.ascii	"|\000\000\000\000\020\000x\010\010\010\010\010\010p"
  85      00100078 
  85      08080808 
  85      080870
  86 0383 0000C040 		.ascii	"\000\000\300@\\HpPH\334\000\000\000\0000\020\020\020"
  86      5C487050 
  86      48DC0000 
  86      00003010 
  86      1010
  87 0395 1010107C 		.ascii	"\020\020\020|\000\000\000\000\000\000\350TTTT\376\000"
  87      00000000 
  87      0000E854 
  87      545454FE 
  87      00
  88 03a6 00000000 		.ascii	"\000\000\000\000\000\330dDDD\356\000\000\000\000\000"
  88      00D86444 
  88      4444EE00 
  88      00000000 
  89 03b6 00384444 		.ascii	"\0008DDDD8\000\000\000\000\000\000\330dDDDx@\340\000"
  89      44443800 
  89      00000000 
  89      00D86444 
  89      44447840 
  90 03cc 00000036 		.ascii	"\000\000\0006LDDD<\004\016\000\000\000\000l0   |\000"
  90      4C444444 
  90      3C040E00 
  90      0000006C 
  90      30202020 
  91 03e2 00000000 		.ascii	"\000\000\000\000\000<D8\004Dx\000\000\000\000\000 |"
  91      003C4438 
  91      04447800 
ARM GAS  C:\Users\zhmis\AppData\Local\Temp\ccrhkWVm.s 			page 6


  91      00000000 
  91      207C
  92 03f4 20202022 		.ascii	"   \"\034\000\000\000\000\000\000\314DDDL6\000\000\000"
  92      1C000000 
  92      000000CC 
  92      4444444C 
  92      36000000 
  93 0408 000000EE 		.ascii	"\000\000\000\356DD((\020\000\000\000\000\000\000\356"
  93      44442828 
  93      10000000 
  93      000000EE 
  94 0418 44545454 		.ascii	"DTTT(\000\000\000\000\000\000\314H00H\314\000\000\000"
  94      28000000 
  94      000000CC 
  94      48303048 
  94      CC000000 
  95 042c 000000EE 		.ascii	"\000\000\000\356D$(\030\020\020x\000\000\000\000|H\020"
  95      44242818 
  95      10107800 
  95      0000007C 
  95      4810
  96 043e 20447C00 		.ascii	" D|\000\000\000\000\010\020\020\020\020 \020\020\020"
  96      00000008 
  96      10101010 
  96      20101010 
  97 044e 08000010 		.ascii	"\010\000\000\020\020\020\020\020\020\020\020\020\000"
  97      10101010 
  97      10101010 
  97      00
  98 045b 00002010 		.ascii	"\000\000 \020\020\020\020\010\020\020\020 \000\000\000"
  98      10101008 
  98      10101020 
  98      000000
  99 046a 00000024 		.ascii	"\000\000\000$X\000\000\000\000\000"
  99      58000000 
  99      0000
 100              		.text
 101              	.Letext0:
 102              		.file 2 "C:/Users/zhmis/AppData/Roaming/Code/User/globalStorage/bmd.stm32-for-vscode/@xpack-dev-to
 103              		.file 3 "C:/Users/zhmis/AppData/Roaming/Code/User/globalStorage/bmd.stm32-for-vscode/@xpack-dev-to
 104              		.file 4 "Core/Inc/fonts.h"
ARM GAS  C:\Users\zhmis\AppData\Local\Temp\ccrhkWVm.s 			page 7


DEFINED SYMBOLS
                            *ABS*:00000000 font12.c
C:\Users\zhmis\AppData\Local\Temp\ccrhkWVm.s:25     .data.Font12:00000000 Font12
C:\Users\zhmis\AppData\Local\Temp\ccrhkWVm.s:22     .data.Font12:00000000 $d
C:\Users\zhmis\AppData\Local\Temp\ccrhkWVm.s:36     .rodata.Font12_Table:00000000 Font12_Table
C:\Users\zhmis\AppData\Local\Temp\ccrhkWVm.s:33     .rodata.Font12_Table:00000000 $d

NO UNDEFINED SYMBOLS
