ARM GAS  C:\Users\zhmis\AppData\Local\Temp\ccSdrUcm.s 			page 1


   1              		.cpu cortex-m4
   2              		.arch armv7e-m
   3              		.fpu fpv4-sp-d16
   4              		.eabi_attribute 27, 1
   5              		.eabi_attribute 28, 1
   6              		.eabi_attribute 20, 1
   7              		.eabi_attribute 21, 1
   8              		.eabi_attribute 23, 3
   9              		.eabi_attribute 24, 1
  10              		.eabi_attribute 25, 1
  11              		.eabi_attribute 26, 1
  12              		.eabi_attribute 30, 1
  13              		.eabi_attribute 34, 1
  14              		.eabi_attribute 18, 4
  15              		.file	"font20.c"
  16              		.text
  17              	.Ltext0:
  18              		.cfi_sections	.debug_frame
  19              		.file 1 "Core/Src/font20.c"
  20              		.global	Font20
  21              		.section	.data.Font20,"aw"
  22              		.align	2
  25              	Font20:
  26 0000 00000000 		.word	Font20_Table
  27 0004 0E00     		.short	14
  28 0006 1400     		.short	20
  29 0008 02       		.byte	2
  30 0009 000000   		.space	3
  31              		.global	Font20_Table
  32              		.section	.rodata.Font20_Table,"a"
  33              		.align	2
  36              	Font20_Table:
  37 0000 00000000 		.ascii	"\000\000\000\000\000\000\000\000\000\000\000\000\000"
  37      00000000 
  37      00000000 
  37      00
  38 000d 00000000 		.ascii	"\000\000\000\000\000\000\000\000\000\000\000\000\000"
  38      00000000 
  38      00000000 
  38      00
  39 001a 00000000 		.ascii	"\000\000\000\000\000\000\000\000\000\000\000\000\000"
  39      00000000 
  39      00000000 
  39      00
  40 0027 00000007 		.ascii	"\000\000\000\007\000\007\000\007\000\007\000\007\000"
  40      00070007 
  40      00070007 
  40      00
  41 0034 07000700 		.ascii	"\007\000\007\000\002\000\002\000\000\000\000\000\007"
  41      02000200 
  41      00000000 
  41      07
  42 0041 00070000 		.ascii	"\000\007\000\000\000\000\000\000\000\000\000\000\000"
  42      00000000 
  42      00000000 
  42      00
  43 004e 00000000 		.ascii	"\000\000\000\000\000\000\034\340\034\340\034\340\010"
ARM GAS  C:\Users\zhmis\AppData\Local\Temp\ccSdrUcm.s 			page 2


  43      00001CE0 
  43      1CE01CE0 
  43      08
  44 005b 40084008 		.ascii	"@\010@\010@\000\000\000\000\000\000\000\000\000\000"
  44      40000000 
  44      00000000 
  44      000000
  45 006a 00000000 		.ascii	"\000\000\000\000\000\000\000\000\000\000\000\000\000"
  45      00000000 
  45      00000000 
  45      00
  46 0077 000CC00C 		.ascii	"\000\014\300\014\300\014\300\014\300\014\300?\360?\360"
  46      C00CC00C 
  46      C00CC03F 
  46      F03FF0
  47 0086 0CC00CC0 		.ascii	"\014\300\014\300?\360?\360\014\300\014\300\014\300\014"
  47      3FF03FF0 
  47      0CC00CC0 
  47      0CC00C
  48 0095 C00CC000 		.ascii	"\300\014\300\000\000\000\000\000\000\000\000\003\000"
  48      00000000 
  48      00000003 
  48      00
  49 00a2 030007E0 		.ascii	"\003\000\007\340\017\340\030`\030\000\037\000\017\300"
  49      0FE01860 
  49      18001F00 
  49      0FC0
  50 00b0 00E01860 		.ascii	"\000\340\030`\030`\037\300\037\200\003\000\003\000\003"
  50      18601FC0 
  50      1F800300 
  50      030003
  51 00bf 00000000 		.ascii	"\000\000\000\000\000\000\000\000\000\000\000\034\000"
  51      00000000 
  51      0000001C 
  51      00
  52 00cc 22002200 		.ascii	"\"\000\"\000\"\000\034`\001\340\017\200<\0001\300\002"
  52      22001C60 
  52      01E00F80 
  52      3C0031C0 
  52      02
  53 00dd 20022002 		.ascii	" \002 \002 \001\300\000\000\000\000\000\000\000\000"
  53      2001C000 
  53      00000000 
  53      000000
  54 00ec 00000000 		.ascii	"\000\000\000\000\000\000\000\000\000\000\003\340\017"
  54      00000000 
  54      000003E0 
  54      0F
  55 00f9 E00C000C 		.ascii	"\340\014\000\014\000\006\000\0170\037\360\031\340\030"
  55      0006000F 
  55      301FF019 
  55      E018
  56 0107 C01FF007 		.ascii	"\300\037\360\007\260\000\000\000\000\000\000\000\000"
  56      B0000000 
  56      00000000 
  56      00
  57 0114 00000000 		.ascii	"\000\000\000\000\000\000\000\000\003\200\003\200\003"
ARM GAS  C:\Users\zhmis\AppData\Local\Temp\ccSdrUcm.s 			page 3


  57      00000000 
  57      03800380 
  57      03
  58 0121 80010001 		.ascii	"\200\001\000\001\000\001\000\000\000\000\000\000\000"
  58      00010000 
  58      00000000 
  58      00
  59 012e 00000000 		.ascii	"\000\000\000\000\000\000\000\000\000\000\000\000\000"
  59      00000000 
  59      00000000 
  59      00
  60 013b 00000000 		.ascii	"\000\000\000\000\000\000\000\000\300\000\300\001\200"
  60      00000000 
  60      C000C001 
  60      80
  61 0148 01800180 		.ascii	"\001\200\001\200\003\000\003\000\003\000\003\000\003"
  61      03000300 
  61      03000300 
  61      03
  62 0155 00030001 		.ascii	"\000\003\000\001\200\001\200\001\200\000\300\000\300"
  62      80018001 
  62      8000C000 
  62      C0
  63 0162 00000000 		.ascii	"\000\000\000\000\000\000\000\000\014\000\014\000\006"
  63      00000000 
  63      0C000C00 
  63      06
  64 016f 00060006 		.ascii	"\000\006\000\006\000\003\000\003\000\003\000\003\000"
  64      00030003 
  64      00030003 
  64      00
  65 017c 03000300 		.ascii	"\003\000\003\000\006\000\006\000\006\000\014\000\014"
  65      06000600 
  65      06000C00 
  65      0C
  66 0189 00000000 		.ascii	"\000\000\000\000\000\000\000\000\000\003\000\003\000"
  66      00000000 
  66      00030003 
  66      00
  67 0196 03001B60 		.ascii	"\003\000\033`\037\340\007\200\007\200\017\300\014\300"
  67      1FE00780 
  67      07800FC0 
  67      0CC0
  68 01a4 00000000 		.ascii	"\000\000\000\000\000\000\000\000\000\000\000\000\000"
  68      00000000 
  68      00000000 
  68      00
  69 01b1 00000000 		.ascii	"\000\000\000\000\000\000\000\000\000\000\000\000\000"
  69      00000000 
  69      00000000 
  69      00
  70 01be 03000300 		.ascii	"\003\000\003\000\003\000\003\000?\360?\360\003\000\003"
  70      03000300 
  70      3FF03FF0 
  70      030003
  71 01cd 00030003 		.ascii	"\000\003\000\003\000\000\000\000\000\000\000\000\000"
  71      00000000 
ARM GAS  C:\Users\zhmis\AppData\Local\Temp\ccSdrUcm.s 			page 4


  71      00000000 
  71      00
  72 01da 00000000 		.ascii	"\000\000\000\000\000\000\000\000\000\000\000\000\000"
  72      00000000 
  72      00000000 
  72      00
  73 01e7 00000000 		.ascii	"\000\000\000\000\000\000\000\000\000\000\000\000\000"
  73      00000000 
  73      00000000 
  73      00
  74 01f4 00000380 		.ascii	"\000\000\003\200\003\000\003\000\006\000\006\000\004"
  74      03000300 
  74      06000600 
  74      04
  75 0201 00000000 		.ascii	"\000\000\000\000\000\000\000\000\000\000\000\000\000"
  75      00000000 
  75      00000000 
  75      00
  76 020e 00000000 		.ascii	"\000\000\000\000\000\000\000\000?\340?\340\000\000\000"
  76      00000000 
  76      3FE03FE0 
  76      000000
  77 021d 00000000 		.ascii	"\000\000\000\000\000\000\000\000\000\000\000\000\000"
  77      00000000 
  77      00000000 
  77      00
  78 022a 00000000 		.ascii	"\000\000\000\000\000\000\000\000\000\000\000\000\000"
  78      00000000 
  78      00000000 
  78      00
  79 0237 00000000 		.ascii	"\000\000\000\000\000\000\000\000\000\000\000\000\000"
  79      00000000 
  79      00000000 
  79      00
  80 0244 00000380 		.ascii	"\000\000\003\200\003\200\003\200\000\000\000\000\000"
  80      03800380 
  80      00000000 
  80      00
  81 0251 00000000 		.ascii	"\000\000\000\000\000\000\000\000`\000`\000\300\000\300"
  81      00000000 
  81      60006000 
  81      C000C0
  82 0260 00C00180 		.ascii	"\000\300\001\200\001\200\003\000\003\000\006\000\006"
  82      01800300 
  82      03000600 
  82      06
  83 026d 000C000C 		.ascii	"\000\014\000\014\000\014\000\030\000\030\000\000\000"
  83      000C0018 
  83      00180000 
  83      00
  84 027a 00000000 		.ascii	"\000\000\000\000\000\000\000\000\017\200\037\300\030"
  84      00000000 
  84      0F801FC0 
  84      18
  85 0287 C0306030 		.ascii	"\3000`0`0`0`0`0`0`\030\300\037\300\017\200\000\000\000"
  85      60306030 
  85      60306030 
ARM GAS  C:\Users\zhmis\AppData\Local\Temp\ccSdrUcm.s 			page 5


  85      60306018 
  85      C01FC00F 
  86 029f 00000000 		.ascii	"\000\000\000\000\000\000\000\000\000\000\000\003\000"
  86      00000000 
  86      00000003 
  86      00
  87 02ac 1F001F00 		.ascii	"\037\000\037\000\003\000\003\000\003\000\003\000\003"
  87      03000300 
  87      03000300 
  87      03
  88 02b9 00030003 		.ascii	"\000\003\000\003\000\003\000\037\340\037\340\000\000"
  88      0003001F 
  88      E01FE000 
  88      00
  89 02c6 00000000 		.ascii	"\000\000\000\000\000\000\000\000\000\000\000\000\017"
  89      00000000 
  89      00000000 
  89      0F
  90 02d3 801FC038 		.ascii	"\200\037\3008\3400`\000`\000\300\001\200\003\000\006"
  90      E0306000 
  90      6000C001 
  90      80030006 
  91 02e3 000C0018 		.ascii	"\000\014\000\030\000?\340?\340\000\000\000\000\000\000"
  91      003FE03F 
  91      E0000000 
  91      000000
  92 02f2 00000000 		.ascii	"\000\000\000\000\000\000\000\000\017\200?\3000\340\000"
  92      00000000 
  92      0F803FC0 
  92      30E000
  93 0301 6000E007 		.ascii	"`\000\340\007\300\007\300\000\340\000`\000``\340\177"
  93      C007C000 
  93      E0006000 
  93      6060E07F 
  94 0311 C03F8000 		.ascii	"\300?\200\000\000\000\000\000\000\000\000\000\000\000"
  94      00000000 
  94      00000000 
  94      0000
  95 031f 00000001 		.ascii	"\000\000\000\001\300\003\300\003\300\006\300\014\300"
  95      C003C003 
  95      C006C00C 
  95      C0
  96 032c 0CC018C0 		.ascii	"\014\300\030\3000\300?\340?\340\000\300\003\340\003"
  96      30C03FE0 
  96      3FE000C0 
  96      03E003
  97 033b E0000000 		.ascii	"\340\000\000\000\000\000\000\000\000\000\000\000\000"
  97      00000000 
  97      00000000 
  97      00
  98 0348 00001FC0 		.ascii	"\000\000\037\300\037\300\030\000\030\000\037\200\037"
  98      1FC01800 
  98      18001F80 
  98      1F
  99 0355 C018E000 		.ascii	"\300\030\340\000`\000`\000`0\340?\300\037\200\000\000"
  99      60006000 
  99      6030E03F 
ARM GAS  C:\Users\zhmis\AppData\Local\Temp\ccSdrUcm.s 			page 6


  99      C01F8000 
  99      00
 100 0366 00000000 		.ascii	"\000\000\000\000\000\000\000\000\000\000\000\000\003"
 100      00000000 
 100      00000000 
 100      03
 101 0373 E00FE01E 		.ascii	"\340\017\340\036\000\030\0008\0007\200?\3008\3400`0"
 101      00180038 
 101      0037803F 
 101      C038E030 
 101      6030
 102 0385 6018E01F 		.ascii	"`\030\340\037\300\007\200\000\000\000\000\000\000\000"
 102      C0078000 
 102      00000000 
 102      0000
 103 0393 00000000 		.ascii	"\000\000\000\000\000\000\000?\340?\3400`\000`\000\300"
 103      0000003F 
 103      E03FE030 
 103      60006000 
 103      C0
 104 03a4 00C000C0 		.ascii	"\000\300\000\300\001\200\001\200\001\200\003\000\003"
 104      01800180 
 104      01800300 
 104      03
 105 03b1 00030000 		.ascii	"\000\003\000\000\000\000\000\000\000\000\000\000\000"
 105      00000000 
 105      00000000 
 105      00
 106 03be 00000000 		.ascii	"\000\000\000\000\017\200\037\3008\3400`8\340\037\300"
 106      0F801FC0 
 106      38E03060 
 106      38E01FC0 
 107 03ce 1FC038E0 		.ascii	"\037\3008\3400`0`8\340\037\300\017\200\000\000\000\000"
 107      30603060 
 107      38E01FC0 
 107      0F800000 
 107      0000
 108 03e0 00000000 		.ascii	"\000\000\000\000\000\000\000\000\000\000\017\000\037"
 108      00000000 
 108      00000F00 
 108      1F
 109 03ed C038C030 		.ascii	"\3008\3000`0`8\340\037\340\017`\000\340\000\300\003"
 109      60306038 
 109      E01FE00F 
 109      6000E000 
 109      C003
 110 03ff C03F803E 		.ascii	"\300?\200>\000\000\000\000\000\000\000\000\000\000\000"
 110      00000000 
 110      00000000 
 110      000000
 111 040e 00000000 		.ascii	"\000\000\000\000\000\000\000\000\000\000\000\000\003"
 111      00000000 
 111      00000000 
 111      03
 112 041b 80038003 		.ascii	"\200\003\200\003\200\000\000\000\000\000\000\003\200"
 112      80000000 
 112      00000003 
ARM GAS  C:\Users\zhmis\AppData\Local\Temp\ccSdrUcm.s 			page 7


 112      80
 113 0428 03800380 		.ascii	"\003\200\003\200\000\000\000\000\000\000\000\000\000"
 113      00000000 
 113      00000000 
 113      00
 114 0435 00000000 		.ascii	"\000\000\000\000\000\000\000\000\000\000\000\000\000"
 114      00000000 
 114      00000000 
 114      00
 115 0442 01C001C0 		.ascii	"\001\300\001\300\001\300\000\000\000\000\000\000\003"
 115      01C00000 
 115      00000000 
 115      03
 116 044f 80030006 		.ascii	"\200\003\000\006\000\006\000\004\000\000\000\000\000"
 116      00060004 
 116      00000000 
 116      00
 117 045c 00000000 		.ascii	"\000\000\000\000\000\000\000\000\000\000\0000\000\360"
 117      00000000 
 117      00000030 
 117      00F0
 118 046a 03C00700 		.ascii	"\003\300\007\000\034\000x\000\034\000\007\000\003\300"
 118      1C007800 
 118      1C000700 
 118      03C0
 119 0478 00F00030 		.ascii	"\000\360\0000\000\000\000\000\000\000\000\000\000\000"
 119      00000000 
 119      00000000 
 119      0000
 120 0486 00000000 		.ascii	"\000\000\000\000\000\000\000\000\000\000\000\000\177"
 120      00000000 
 120      00000000 
 120      7F
 121 0493 F07FF000 		.ascii	"\360\177\360\000\000\000\000\177\360\177\360\000\000"
 121      0000007F 
 121      F07FF000 
 121      00
 122 04a0 00000000 		.ascii	"\000\000\000\000\000\000\000\000\000\000\000\000\000"
 122      00000000 
 122      00000000 
 122      00
 123 04ad 00000000 		.ascii	"\000\000\000\000\000\000\000\000\0000\000<\000\017\000"
 123      00000000 
 123      0030003C 
 123      000F00
 124 04bc 038000E0 		.ascii	"\003\200\000\340\000x\000\340\003\200\017\000<\0000"
 124      007800E0 
 124      03800F00 
 124      3C0030
 125 04cb 00000000 		.ascii	"\000\000\000\000\000\000\000\000\000\000\000\000\000"
 125      00000000 
 125      00000000 
 125      00
 126 04d8 00000000 		.ascii	"\000\000\000\000\017\200\037\300\030`\030`\000`\001"
 126      0F801FC0 
 126      18601860 
 126      006001
ARM GAS  C:\Users\zhmis\AppData\Local\Temp\ccSdrUcm.s 			page 8


 127 04e7 C0038003 		.ascii	"\300\003\200\003\000\000\000\000\000\007\000\007\000"
 127      00000000 
 127      00070007 
 127      00
 128 04f4 00000000 		.ascii	"\000\000\000\000\000\000\000\000\000\000\000\000\000"
 128      00000000 
 128      00000000 
 128      00
 129 0501 0003800C 		.ascii	"\000\003\200\014\200\010@\020@\020@\021\300\022@\022"
 129      80084010 
 129      40104011 
 129      C0124012 
 130 0511 40124011 		.ascii	"@\022@\021\300\020\000\010\000\010@\007\200\000\000"
 130      C0100008 
 130      00084007 
 130      800000
 131 0520 00000000 		.ascii	"\000\000\000\000\000\000\000\000\000\000\000\000\037"
 131      00000000 
 131      00000000 
 131      1F
 132 052d 801F8003 		.ascii	"\200\037\200\003\200\006\300\006\300\014\300\014`\037"
 132      8006C006 
 132      C00CC00C 
 132      601F
 133 053b E01FE030 		.ascii	"\340\037\34000xxxx\000\000\000\000\000\000\000\000\000"
 133      30787878 
 133      78000000 
 133      00000000 
 133      0000
 134 054d 00000000 		.ascii	"\000\000\000\000\000\000\000?\200?\300\030`\030`\030"
 134      0000003F 
 134      803FC018 
 134      60186018 
 135 055d E01FC01F 		.ascii	"\340\037\300\037\340\030p\0300\0300?\360?\340\000\000"
 135      E0187018 
 135      3018303F 
 135      F03FE000 
 135      00
 136 056e 00000000 		.ascii	"\000\000\000\000\000\000\000\000\000\000\000\000\000"
 136      00000000 
 136      00000000 
 136      00
 137 057b 0007B00F 		.ascii	"\000\007\260\017\360\034p800\0000\0000\0000\00080\034"
 137      F01C7038 
 137      30300030 
 137      00300030 
 137      0038301C 
 138 058f 700FE007 		.ascii	"p\017\340\007\300\000\000\000\000\000\000\000\000\000"
 138      C0000000 
 138      00000000 
 138      0000
 139 059d 00000000 		.ascii	"\000\000\000\000\000\000\000\177\200\177\3000\3400p"
 139      0000007F 
 139      807FC030 
 139      E03070
 140 05ac 30303030 		.ascii	"000000000p0\340\177\300\177\200\000\000\000\000\000"
 140      30303030 
ARM GAS  C:\Users\zhmis\AppData\Local\Temp\ccSdrUcm.s 			page 9


 140      307030E0 
 140      7FC07F80 
 140      00000000 
 141 05c1 00000000 		.ascii	"\000\000\000\000\000\000\000\000\000\000\000?\360?\360"
 141      00000000 
 141      0000003F 
 141      F03FF0
 142 05d0 18301830 		.ascii	"\0300\0300\031\200\037\200\037\200\031\200\0300\030"
 142      19801F80 
 142      1F801980 
 142      183018
 143 05df 303FF03F 		.ascii	"0?\360?\360\000\000\000\000\000\000\000\000\000\000"
 143      F0000000 
 143      00000000 
 143      000000
 144 05ee 00000000 		.ascii	"\000\000\000\000\000\000?\360?\360\0300\0300\031\200"
 144      00003FF0 
 144      3FF01830 
 144      18301980 
 145 05fe 1F801F80 		.ascii	"\037\200\037\200\031\200\030\000\030\000?\000?\000\000"
 145      19801800 
 145      18003F00 
 145      3F0000
 146 060d 00000000 		.ascii	"\000\000\000\000\000\000\000\000\000\000\000\000\000"
 146      00000000 
 146      00000000 
 146      00
 147 061a 000007B0 		.ascii	"\000\000\007\260\037\360\030p000\0000\0001\3701\370"
 147      1FF01870 
 147      30303000 
 147      300031F8 
 147      31F8
 148 062c 30301830 		.ascii	"00\0300\037\360\007\300\000\000\000\000\000\000\000"
 148      1FF007C0 
 148      00000000 
 148      000000
 149 063b 00000000 		.ascii	"\000\000\000\000\000\000\000\000\000<\360<\360\030`"
 149      00000000 
 149      003CF03C 
 149      F01860
 150 064a 18601860 		.ascii	"\030`\030`\037\340\037\340\030`\030`\030`<\360<\360"
 150      1FE01FE0 
 150      18601860 
 150      18603CF0 
 150      3CF0
 151 065c 00000000 		.ascii	"\000\000\000\000\000\000\000\000\000\000\000\000\000"
 151      00000000 
 151      00000000 
 151      00
 152 0669 0000001F 		.ascii	"\000\000\000\037\340\037\340\003\000\003\000\003\000"
 152      E01FE003 
 152      00030003 
 152      00
 153 0676 03000300 		.ascii	"\003\000\003\000\003\000\003\000\003\000\037\340\037"
 153      03000300 
 153      03001FE0 
 153      1F
ARM GAS  C:\Users\zhmis\AppData\Local\Temp\ccSdrUcm.s 			page 10


 154 0683 E0000000 		.ascii	"\340\000\000\000\000\000\000\000\000\000\000\000\000"
 154      00000000 
 154      00000000 
 154      00
 155 0690 00000000 		.ascii	"\000\000\000\000\003\370\003\370\000`\000`\000`\000"
 155      03F803F8 
 155      00600060 
 155      006000
 156 069f 60306030 		.ascii	"`0`0`0`0\340?\300\017\200\000\000\000\000\000\000\000"
 156      60306030 
 156      E03FC00F 
 156      80000000 
 156      00000000 
 157 06b3 00000000 		.ascii	"\000\000\000\000\000\000\000\000\000>\370>\370\030\340"
 157      00000000 
 157      003EF83E 
 157      F818E0
 158 06c2 19801B00 		.ascii	"\031\200\033\000\037\000\035\200\030\300\030\300\030"
 158      1F001D80 
 158      18C018C0 
 158      18
 159 06cf 603E783E 		.ascii	"`>x>8\000\000\000\000\000\000\000\000\000\000\000\000"
 159      38000000 
 159      00000000 
 159      00000000 
 159      00
 160 06e0 00000000 		.ascii	"\000\000\000\000?\000?\000\014\000\014\000\014\000\014"
 160      3F003F00 
 160      0C000C00 
 160      0C000C
 161 06ef 000C000C 		.ascii	"\000\014\000\0140\0140\0140?\360?\360\000\000\000\000"
 161      300C300C 
 161      303FF03F 
 161      F0000000 
 161      00
 162 0700 00000000 		.ascii	"\000\000\000\000\000\000\000\000\000\000\000\000xxx"
 162      00000000 
 162      00000000 
 162      787878
 163 070f 7838703C 		.ascii	"x8p<\3604\2607\2607\260303000|\370|\370\000\000\000"
 163      F034B037 
 163      B037B033 
 163      30333030 
 163      307CF87C 
 164 0727 00000000 		.ascii	"\000\000\000\000\000\000\000\000\000\000\000\000\000"
 164      00000000 
 164      00000000 
 164      00
 165 0734 39F03DF0 		.ascii	"9\360=\360\034`\036`\036`\033`\033`\031\340\031\340"
 165      1C601E60 
 165      1E601B60 
 165      1B6019E0 
 165      19E0
 166 0746 18E03EE0 		.ascii	"\030\340>\340>`\000\000\000\000\000\000\000\000\000"
 166      3E600000 
 166      00000000 
 166      000000
ARM GAS  C:\Users\zhmis\AppData\Local\Temp\ccSdrUcm.s 			page 11


 167 0755 00000000 		.ascii	"\000\000\000\000\000\000\000\007\200\017\300\034\340"
 167      00000007 
 167      800FC01C 
 167      E0
 168 0762 38703030 		.ascii	"8p000000008p\034\340\017\300\007\200\000\000\000\000"
 168      30303030 
 168      30303870 
 168      1CE00FC0 
 168      07800000 
 169 0778 00000000 		.ascii	"\000\000\000\000\000\000\000\000\000\000\000\000?\300"
 169      00000000 
 169      00000000 
 169      3FC0
 170 0786 3FE01870 		.ascii	"?\340\030p\0300\0300\030p\037\340\037\300\030\000\030"
 170      18301830 
 170      18701FE0 
 170      1FC01800 
 170      18
 171 0797 003F003F 		.ascii	"\000?\000?\000\000\000\000\000\000\000\000\000\000\000"
 171      00000000 
 171      00000000 
 171      000000
 172 07a6 00000000 		.ascii	"\000\000\000\000\000\000\007\200\017\300\034\3408p0"
 172      00000780 
 172      0FC01CE0 
 172      387030
 173 07b5 30303030 		.ascii	"00000008p\034\340\017\300\007\200\007\260\017\360\014"
 173      30303038 
 173      701CE00F 
 173      C0078007 
 173      B00FF00C 
 174 07c9 E0000000 		.ascii	"\340\000\000\000\000\000\000"
 174      000000
 175 07d0 00000000 		.ascii	"\000\000\000\000?\300?\340\030p\0300\030p\037\340\037"
 175      3FC03FE0 
 175      18701830 
 175      18701FE0 
 175      1F
 176 07e1 C018E018 		.ascii	"\300\030\340\030`\030p>8>\030\000\000\000\000\000\000"
 176      6018703E 
 176      383E1800 
 176      00000000 
 176      00
 177 07f2 00000000 		.ascii	"\000\000\000\000\000\000\000\000\000\000\017\260\037"
 177      00000000 
 177      00000FB0 
 177      1F
 178 07ff F0387030 		.ascii	"\3608p008\000\037\200\007\340\000p008p?\3407\300\000"
 178      3038001F 
 178      8007E000 
 178      70303038 
 178      703FE037 
 179 0815 00000000 		.ascii	"\000\000\000\000\000\000\000\000\000\000\000\000\000"
 179      00000000 
 179      00000000 
 179      00
 180 0822 00003FF0 		.ascii	"\000\000?\360?\360303030\003\000\003\000\003\000\003"
ARM GAS  C:\Users\zhmis\AppData\Local\Temp\ccSdrUcm.s 			page 12


 180      3FF03330 
 180      33303330 
 180      03000300 
 180      030003
 181 0835 0003000F 		.ascii	"\000\003\000\017\300\017\300\000\000\000\000\000\000"
 181      C00FC000 
 181      00000000 
 181      00
 182 0842 00000000 		.ascii	"\000\000\000\000\000\000\000\000\000\000<\360<\360\030"
 182      00000000 
 182      00003CF0 
 182      3CF018
 183 0851 60186018 		.ascii	"`\030`\030`\030`\030`\030`\030`\034\340\017\300\007"
 183      60186018 
 183      60186018 
 183      601CE00F 
 183      C007
 184 0863 80000000 		.ascii	"\200\000\000\000\000\000\000\000\000\000\000\000\000"
 184      00000000 
 184      00000000 
 184      00
 185 0870 00000000 		.ascii	"\000\000\000\000x\360x\3600`0`\030\300\030\300\015\200"
 185      78F078F0 
 185      30603060 
 185      18C018C0 
 185      0D80
 186 0882 0D800D80 		.ascii	"\015\200\015\200\007\000\007\000\007\000\000\000\000"
 186      07000700 
 186      07000000 
 186      00
 187 088f 00000000 		.ascii	"\000\000\000\000\000\000\000\000\000\000\000\000\000"
 187      00000000 
 187      00000000 
 187      00
 188 089c 7C7C7C7C 		.ascii	"||||0\0303\2303\2303\2306\330\026\320\034p\034p\034"
 188      30183398 
 188      33983398 
 188      36D816D0 
 188      1C701C70 
 189 08b1 70183000 		.ascii	"p\0300\000\000\000\000\000\000\000\000\000\000\000\000"
 189      00000000 
 189      00000000 
 189      000000
 190 08c0 00000000 		.ascii	"\000\000\000\000x\360x\3600`\030\300\015\200\007\000"
 190      78F078F0 
 190      306018C0 
 190      0D800700 
 191 08d0 07000D80 		.ascii	"\007\000\015\200\030\3000`x\360x\360\000\000\000\000"
 191      18C03060 
 191      78F078F0 
 191      00000000 
 192 08e0 00000000 		.ascii	"\000\000\000\000\000\000\000\000\000\000\000\000<\360"
 192      00000000 
 192      00000000 
 192      3CF0
 193 08ee 3CF01860 		.ascii	"<\360\030`\014\300\007\200\007\200\003\000\003\000\003"
 193      0CC00780 
ARM GAS  C:\Users\zhmis\AppData\Local\Temp\ccSdrUcm.s 			page 13


 193      07800300 
 193      030003
 194 08fd 0003000F 		.ascii	"\000\003\000\017\300\017\300\000\000\000\000\000\000"
 194      C00FC000 
 194      00000000 
 194      00
 195 090a 00000000 		.ascii	"\000\000\000\000\000\000\000\000\000\000\037\340\037"
 195      00000000 
 195      00001FE0 
 195      1F
 196 0917 E0186018 		.ascii	"\340\030`\030\300\001\200\003\000\003\000\006\000\014"
 196      C0018003 
 196      00030006 
 196      000C
 197 0925 6018601F 		.ascii	"`\030`\037\340\037\340\000\000\000\000\000\000\000\000"
 197      E01FE000 
 197      00000000 
 197      000000
 198 0934 00000000 		.ascii	"\000\000\000\000\000\000\003\300\003\300\003\000\003"
 198      000003C0 
 198      03C00300 
 198      03
 199 0941 00030003 		.ascii	"\000\003\000\003\000\003\000\003\000\003\000\003\000"
 199      00030003 
 199      00030003 
 199      00
 200 094e 03000300 		.ascii	"\003\000\003\000\003\000\003\000\003\300\003\300\000"
 200      03000300 
 200      03C003C0 
 200      00
 201 095b 00000000 		.ascii	"\000\000\000\000\000\030\000\030\000\014\000\014\000"
 201      00180018 
 201      000C000C 
 201      00
 202 0968 0C000600 		.ascii	"\014\000\006\000\006\000\003\000\003\000\001\200\001"
 202      06000300 
 202      03000180 
 202      01
 203 0975 8000C000 		.ascii	"\200\000\300\000\300\000\300\000`\000`\000\000\000\000"
 203      C000C000 
 203      60006000 
 203      000000
 204 0984 00000000 		.ascii	"\000\000\000\000\000\000\017\000\017\000\003\000\003"
 204      00000F00 
 204      0F000300 
 204      03
 205 0991 00030003 		.ascii	"\000\003\000\003\000\003\000\003\000\003\000\003\000"
 205      00030003 
 205      00030003 
 205      00
 206 099e 03000300 		.ascii	"\003\000\003\000\003\000\003\000\017\000\017\000\000"
 206      03000300 
 206      0F000F00 
 206      00
 207 09ab 00000000 		.ascii	"\000\000\000\000\000\000\000\002\000\007\000\015\200"
 207      00000002 
 207      0007000D 
ARM GAS  C:\Users\zhmis\AppData\Local\Temp\ccSdrUcm.s 			page 14


 207      80
 208 09b8 18C03060 		.ascii	"\030\3000`  \000\000\000\000\000\000\000\000\000\000"
 208      20200000 
 208      00000000 
 208      00000000 
 209 09c8 00000000 		.ascii	"\000\000\000\000\000\000\000\000\000\000\000\000\000"
 209      00000000 
 209      00000000 
 209      00
 210 09d5 00000000 		.ascii	"\000\000\000\000\000\000\000\000\000\000\000\000\000"
 210      00000000 
 210      00000000 
 210      00
 211 09e2 00000000 		.ascii	"\000\000\000\000\000\000\000\000\000\000\000\000\000"
 211      00000000 
 211      00000000 
 211      00
 212 09ef 00000000 		.ascii	"\000\000\000\000\000\000\000\000\000\000\000\000\000"
 212      00000000 
 212      00000000 
 212      00
 213 09fc FFFCFFFC 		.ascii	"\377\374\377\374\000\000\004\000\003\000\000\200\000"
 213      00000400 
 213      03000080 
 213      00
 214 0a09 00000000 		.ascii	"\000\000\000\000\000\000\000\000\000\000\000\000\000"
 214      00000000 
 214      00000000 
 214      00
 215 0a16 00000000 		.ascii	"\000\000\000\000\000\000\000\000\000\000\000\000\000"
 215      00000000 
 215      00000000 
 215      00
 216 0a23 00000000 		.ascii	"\000\000\000\000\000\000\000\000\000\000\000\000\000"
 216      00000000 
 216      00000000 
 216      00
 217 0a30 00000FC0 		.ascii	"\000\000\017\300\037\340\000`\017\340\037\3408`0\340"
 217      1FE00060 
 217      0FE01FE0 
 217      386030E0 
 218 0a40 3FF01F70 		.ascii	"?\360\037p\000\000\000\000\000\000\000\000\000\000\000"
 218      00000000 
 218      00000000 
 218      000000
 219 0a4f 00000070 		.ascii	"\000\000\000p\000p\0000\0000\0007\200?\3408`0000008"
 219      00700030 
 219      00300037 
 219      803FE038 
 219      60303030 
 220 0a67 607FE077 		.ascii	"`\177\340w\200\000\000\000\000\000\000\000\000\000\000"
 220      80000000 
 220      00000000 
 220      000000
 221 0a76 00000000 		.ascii	"\000\000\000\000\000\000\000\000\000\000\000\000\007"
 221      00000000 
 221      00000000 
ARM GAS  C:\Users\zhmis\AppData\Local\Temp\ccSdrUcm.s 			page 15


 221      07
 222 0a83 B01FF018 		.ascii	"\260\037\360\0300000\0000\00080\037\360\017\300\000"
 222      30303030 
 222      00300038 
 222      301FF00F 
 222      C000
 223 0a95 00000000 		.ascii	"\000\000\000\000\000\000\000\000\000\000\000\000\000"
 223      00000000 
 223      00000000 
 223      00
 224 0aa2 00700070 		.ascii	"\000p\000p\0000\0000\007\260\037\360\030p0000008p\037"
 224      00300030 
 224      07B01FF0 
 224      18703030 
 224      30303030 
 225 0ab9 F807B800 		.ascii	"\370\007\270\000\000\000\000\000\000\000\000\000\000"
 225      00000000 
 225      00000000 
 225      00
 226 0ac6 00000000 		.ascii	"\000\000\000\000\000\000\000\000\000\000\000\000\007"
 226      00000000 
 226      00000000 
 226      07
 227 0ad3 801FE018 		.ascii	"\200\037\340\030`?\360?\3600\000\0300\037\360\007\300"
 227      603FF03F 
 227      F0300018 
 227      301FF007 
 227      C0
 228 0ae4 00000000 		.ascii	"\000\000\000\000\000\000\000\000\000\000\000\000\000"
 228      00000000 
 228      00000000 
 228      00
 229 0af1 0003F007 		.ascii	"\000\003\360\007\360\006\000\006\000\037\340\037\340"
 229      F0060006 
 229      001FE01F 
 229      E0
 230 0afe 06000600 		.ascii	"\006\000\006\000\006\000\006\000\006\000\037\340\037"
 230      06000600 
 230      06001FE0 
 230      1F
 231 0b0b E0000000 		.ascii	"\340\000\000\000\000\000\000\000\000\000\000\000\000"
 231      00000000 
 231      00000000 
 231      00
 232 0b18 00000000 		.ascii	"\000\000\000\000\000\000\000\000\000\000\007\270\037"
 232      00000000 
 232      000007B8 
 232      1F
 233 0b25 F8187030 		.ascii	"\370\030p000000\030p\037\360\007\260\0000\000p\017\340"
 233      30303030 
 233      3018701F 
 233      F007B000 
 233      3000700F 
 234 0b3a 0FC00000 		.ascii	"\017\300\000\000\000\000\000\0008\0008\000\030\000\030"
 234      00000000 
 234      38003800 
 234      180018
ARM GAS  C:\Users\zhmis\AppData\Local\Temp\ccSdrUcm.s 			page 16


 235 0b49 001BC01F 		.ascii	"\000\033\300\037\340\034`\030`\030`\030`\030`<\360<"
 235      E01C6018 
 235      60186018 
 235      6018603C 
 235      F03C
 236 0b5b F0000000 		.ascii	"\360\000\000\000\000\000\000\000\000\000\000\000\000"
 236      00000000 
 236      00000000 
 236      00
 237 0b68 00000300 		.ascii	"\000\000\003\000\003\000\000\000\000\000\037\000\037"
 237      03000000 
 237      00001F00 
 237      1F
 238 0b75 00030003 		.ascii	"\000\003\000\003\000\003\000\003\000\003\000\037\340"
 238      00030003 
 238      0003001F 
 238      E0
 239 0b82 1FE00000 		.ascii	"\037\340\000\000\000\000\000\000\000\000\000\000\000"
 239      00000000 
 239      00000000 
 239      00
 240 0b8f 00000003 		.ascii	"\000\000\000\003\000\003\000\000\000\000\000\037\300"
 240      00030000 
 240      0000001F 
 240      C0
 241 0b9c 1FC000C0 		.ascii	"\037\300\000\300\000\300\000\300\000\300\000\300\000"
 241      00C000C0 
 241      00C000C0 
 241      00
 242 0ba9 C000C000 		.ascii	"\300\000\300\000\300\001\300?\200?\000\000\000\000\000"
 242      C001C03F 
 242      803F0000 
 242      000000
 243 0bb8 00003800 		.ascii	"\000\0008\0008\000\030\000\030\000\033\340\033\340\033"
 243      38001800 
 243      18001BE0 
 243      1BE01B
 244 0bc7 001E001E 		.ascii	"\000\036\000\036\000\033\000\031\2009\3609\360\000\000"
 244      001B0019 
 244      8039F039 
 244      F00000
 245 0bd6 00000000 		.ascii	"\000\000\000\000\000\000\000\000\000\000\000\000\037"
 245      00000000 
 245      00000000 
 245      1F
 246 0be3 001F0003 		.ascii	"\000\037\000\003\000\003\000\003\000\003\000\003\000"
 246      00030003 
 246      00030003 
 246      00
 247 0bf0 03000300 		.ascii	"\003\000\003\000\003\000\003\000\037\340\037\340\000"
 247      03000300 
 247      1FE01FE0 
 247      00
 248 0bfd 00000000 		.ascii	"\000\000\000\000\000\000\000\000\000\000\000\000\000"
 248      00000000 
 248      00000000 
 248      00
ARM GAS  C:\Users\zhmis\AppData\Local\Temp\ccSdrUcm.s 			page 17


 249 0c0a 00000000 		.ascii	"\000\000\000\000\000\000\000\000~\340\177\360303030"
 249      00000000 
 249      7EE07FF0 
 249      33303330 
 249      3330
 250 0c1c 33303330 		.ascii	"3030{\270{\270\000\000\000\000\000\000\000\000\000\000"
 250      7BB87BB8 
 250      00000000 
 250      00000000 
 250      0000
 251 0c2e 00000000 		.ascii	"\000\000\000\000\000\000\000\000\000\000\000\000;\300"
 251      00000000 
 251      00000000 
 251      3BC0
 252 0c3c 3FE01C60 		.ascii	"?\340\034`\030`\030`\030`\030`<\360<\360\000\000\000"
 252      18601860 
 252      18601860 
 252      3CF03CF0 
 252      000000
 253 0c4f 00000000 		.ascii	"\000\000\000\000\000\000\000\000\000\000\000\000\000"
 253      00000000 
 253      00000000 
 253      00
 254 0c5c 00000000 		.ascii	"\000\000\000\000\000\000\007\200\037\340\030`000000"
 254      00000780 
 254      1FE01860 
 254      30303030 
 254      3030
 255 0c6e 18601FE0 		.ascii	"\030`\037\340\007\200\000\000\000\000\000\000\000\000"
 255      07800000 
 255      00000000 
 255      0000
 256 0c7c 00000000 		.ascii	"\000\000\000\000\000\000\000\000\000\000\000\000\000"
 256      00000000 
 256      00000000 
 256      00
 257 0c89 0077807F 		.ascii	"\000w\200\177\3408`0000008`?\3407\2000\0000\000|\000"
 257      E0386030 
 257      30303030 
 257      3038603F 
 257      E0378030 
 258 0ca2 7C000000 		.ascii	"|\000\000\000\000\000\000\000\000\000\000\000\000\000"
 258      00000000 
 258      00000000 
 258      0000
 259 0cb0 000007B8 		.ascii	"\000\000\007\270\037\370\030p000000\030p\037\360\007"
 259      1FF81870 
 259      30303030 
 259      30301870 
 259      1FF007
 260 0cc3 B0003000 		.ascii	"\260\0000\0000\000\370\000\370\000\000\000\000\000\000"
 260      3000F800 
 260      F8000000 
 260      000000
 261 0cd2 00000000 		.ascii	"\000\000\000\000\000\000\000\000<\340=\360\0170\016"
 261      00000000 
 261      3CE03DF0 
ARM GAS  C:\Users\zhmis\AppData\Local\Temp\ccSdrUcm.s 			page 18


 261      0F300E
 262 0ce1 000C000C 		.ascii	"\000\014\000\014\000\014\000?\300?\300\000\000\000\000"
 262      000C003F 
 262      C03FC000 
 262      000000
 263 0cf0 00000000 		.ascii	"\000\000\000\000\000\000\000\000\000\000\000\000\000"
 263      00000000 
 263      00000000 
 263      00
 264 0cfd 00000000 		.ascii	"\000\000\000\000\000\007\340\037\340\030`\036\000\017"
 264      0007E01F 
 264      E018601E 
 264      000F
 265 0d0b C001E018 		.ascii	"\300\001\340\030`\037\340\037\200\000\000\000\000\000"
 265      601FE01F 
 265      80000000 
 265      0000
 266 0d19 00000000 		.ascii	"\000\000\000\000\000\000\000\000\000\000\000\014\000"
 266      00000000 
 266      0000000C 
 266      00
 267 0d26 0C000C00 		.ascii	"\014\000\014\000?\340?\340\014\000\014\000\014\000\014"
 267      3FE03FE0 
 267      0C000C00 
 267      0C000C
 268 0d35 000C300F 		.ascii	"\000\0140\017\360\007\300\000\000\000\000\000\000\000"
 268      F007C000 
 268      00000000 
 268      0000
 269 0d43 00000000 		.ascii	"\000\000\000\000\000\000\000\000\000\000\000\000\000"
 269      00000000 
 269      00000000 
 269      00
 270 0d50 000038E0 		.ascii	"\000\0008\3408\340\030`\030`\030`\030`\030\340\037\360"
 270      38E01860 
 270      18601860 
 270      186018E0 
 270      1FF0
 271 0d62 0F700000 		.ascii	"\017p\000\000\000\000\000\000\000\000\000\000\000\000"
 271      00000000 
 271      00000000 
 271      0000
 272 0d70 00000000 		.ascii	"\000\000\000\000\000\000\000\000\000\000x\360x\3600"
 272      00000000 
 272      000078F0 
 272      78F030
 273 0d7f 6018C018 		.ascii	"`\030\300\030\300\015\200\015\200\007\000\007\000\000"
 273      C00D800D 
 273      80070007 
 273      0000
 274 0d8d 00000000 		.ascii	"\000\000\000\000\000\000\000\000\000\000\000\000\000"
 274      00000000 
 274      00000000 
 274      00
 275 0d9a 00000000 		.ascii	"\000\000\000\000\000\000\000\000x\360x\3602`2`7\340"
 275      00000000 
 275      78F078F0 
ARM GAS  C:\Users\zhmis\AppData\Local\Temp\ccSdrUcm.s 			page 19


 275      32603260 
 275      37E0
 276 0dac 1DC01DC0 		.ascii	"\035\300\035\300\030\300\030\300\000\000\000\000\000"
 276      18C018C0 
 276      00000000 
 276      00
 277 0db9 00000000 		.ascii	"\000\000\000\000\000\000\000\000\000\000\000\000\000"
 277      00000000 
 277      00000000 
 277      00
 278 0dc6 00000000 		.ascii	"\000\000\000\000<\360<\360\014\300\007\200\003\000\007"
 278      3CF03CF0 
 278      0CC00780 
 278      030007
 279 0dd5 800CC03C 		.ascii	"\200\014\300<\360<\360\000\000\000\000\000\000\000\000"
 279      F03CF000 
 279      00000000 
 279      000000
 280 0de4 00000000 		.ascii	"\000\000\000\000\000\000\000\000\000\000\000\000\000"
 280      00000000 
 280      00000000 
 280      00
 281 0df1 0078F078 		.ascii	"\000x\360x\3600`\030\300\030\300\015\200\017\200\007"
 281      F0306018 
 281      C018C00D 
 281      800F8007 
 282 0e01 00060006 		.ascii	"\000\006\000\006\000\014\000\177\000\177\000\000\000"
 282      000C007F 
 282      007F0000 
 282      00
 283 0e0e 00000000 		.ascii	"\000\000\000\000\000\000\000\000\000\000\000\000\037"
 283      00000000 
 283      00000000 
 283      1F
 284 0e1b E01FE018 		.ascii	"\340\037\340\030\300\001\200\003\000\006\000\014`\037"
 284      C0018003 
 284      0006000C 
 284      601F
 285 0e29 E01FE000 		.ascii	"\340\037\340\000\000\000\000\000\000\000\000\000\000"
 285      00000000 
 285      00000000 
 285      00
 286 0e36 00000000 		.ascii	"\000\000\000\000\001\300\003\300\003\000\003\000\003"
 286      01C003C0 
 286      03000300 
 286      03
 287 0e43 00030003 		.ascii	"\000\003\000\003\000\007\000\016\000\007\000\003\000"
 287      0007000E 
 287      00070003 
 287      00
 288 0e50 03000300 		.ascii	"\003\000\003\000\003\000\003\300\001\300\000\000\000"
 288      030003C0 
 288      01C00000 
 288      00
 289 0e5d 00000000 		.ascii	"\000\000\000\000\000\003\000\003\000\003\000\003\000"
 289      00030003 
 289      00030003 
ARM GAS  C:\Users\zhmis\AppData\Local\Temp\ccSdrUcm.s 			page 20


 289      00
 290 0e6a 03000300 		.ascii	"\003\000\003\000\003\000\003\000\003\000\003\000\003"
 290      03000300 
 290      03000300 
 290      03
 291 0e77 00030003 		.ascii	"\000\003\000\003\000\003\000\003\000\003\000\000\000"
 291      00030003 
 291      00030000 
 291      00
 292 0e84 00000000 		.ascii	"\000\000\000\000\000\000\034\000\036\000\006\000\006"
 292      00001C00 
 292      1E000600 
 292      06
 293 0e91 00060006 		.ascii	"\000\006\000\006\000\006\000\007\000\003\200\007\000"
 293      00060007 
 293      00038007 
 293      00
 294 0e9e 06000600 		.ascii	"\006\000\006\000\006\000\006\000\036\000\034\000\000"
 294      06000600 
 294      1E001C00 
 294      00
 295 0eab 00000000 		.ascii	"\000\000\000\000\000\000\000\000\000\000\000\000\000"
 295      00000000 
 295      00000000 
 295      00
 296 0eb8 00000000 		.ascii	"\000\000\000\000\016\000?03\360\001\340\000\000\000"
 296      0E003F30 
 296      33F001E0 
 296      000000
 297 0ec7 00000000 		.ascii	"\000\000\000\000\000\000\000\000\000\000\000\000\000"
 297      00000000 
 297      00000000 
 297      00
 298 0ed4 00000000 		.ascii	"\000\000\000\000"
 299              		.text
 300              	.Letext0:
 301              		.file 2 "C:/Users/zhmis/AppData/Roaming/Code/User/globalStorage/bmd.stm32-for-vscode/@xpack-dev-to
 302              		.file 3 "C:/Users/zhmis/AppData/Roaming/Code/User/globalStorage/bmd.stm32-for-vscode/@xpack-dev-to
 303              		.file 4 "Core/Inc/fonts.h"
ARM GAS  C:\Users\zhmis\AppData\Local\Temp\ccSdrUcm.s 			page 21


DEFINED SYMBOLS
                            *ABS*:00000000 font20.c
C:\Users\zhmis\AppData\Local\Temp\ccSdrUcm.s:25     .data.Font20:00000000 Font20
C:\Users\zhmis\AppData\Local\Temp\ccSdrUcm.s:22     .data.Font20:00000000 $d
C:\Users\zhmis\AppData\Local\Temp\ccSdrUcm.s:36     .rodata.Font20_Table:00000000 Font20_Table
C:\Users\zhmis\AppData\Local\Temp\ccSdrUcm.s:33     .rodata.Font20_Table:00000000 $d

NO UNDEFINED SYMBOLS
