ARM GAS  C:\Users\zhmis\AppData\Local\Temp\ccZIqYCR.s 			page 1


   1              		.cpu cortex-m4
   2              		.arch armv7e-m
   3              		.fpu fpv4-sp-d16
   4              		.eabi_attribute 27, 1
   5              		.eabi_attribute 28, 1
   6              		.eabi_attribute 20, 1
   7              		.eabi_attribute 21, 1
   8              		.eabi_attribute 23, 3
   9              		.eabi_attribute 24, 1
  10              		.eabi_attribute 25, 1
  11              		.eabi_attribute 26, 1
  12              		.eabi_attribute 30, 1
  13              		.eabi_attribute 34, 1
  14              		.eabi_attribute 18, 4
  15              		.file	"font8.c"
  16              		.text
  17              	.Ltext0:
  18              		.cfi_sections	.debug_frame
  19              		.file 1 "Core/Src/font8.c"
  20              		.global	Font8
  21              		.section	.data.Font8,"aw"
  22              		.align	2
  25              	Font8:
  26 0000 00000000 		.word	Font8_Table
  27 0004 0500     		.short	5
  28 0006 0800     		.short	8
  29 0008 01       		.byte	1
  30 0009 000000   		.space	3
  31              		.global	Font8_Table
  32              		.section	.rodata.Font8_Table,"a"
  33              		.align	2
  36              	Font8_Table:
  37 0000 00000000 		.ascii	"\000\000\000\000\000\000\000\000    \000 \000\000PP"
  37      00000000 
  37      20202020 
  37      00200000 
  37      5050
  38 0012 00000000 		.ascii	"\000\000\000\000\000\000(P\370P\370P\240\000 0`0\020"
  38      00002850 
  38      F850F850 
  38      A0002030 
  38      603010
  39 0025 60200020 		.ascii	"` \000  \030`\020\020\000\000\0008 `Px\000\000   \000"
  39      20186010 
  39      10000000 
  39      38206050 
  39      78000020 
  40 003c 00000000 		.ascii	"\000\000\000\000\020     \020\000@     @\000 p P\000"
  40      10202020 
  40      20201000 
  40      40202020 
  40      20204000 
  41 0055 00000000 		.ascii	"\000\000\000\000  \370  \000\000\000\000\000\000\020"
  41      2020F820 
  41      20000000 
  41      00000010 
  42 0065 20200000 		.ascii	"  \000\000\000\000p\000\000\000\000\000\000\000\000"
ARM GAS  C:\Users\zhmis\AppData\Local\Temp\ccZIqYCR.s 			page 2


  42      00007000 
  42      00000000 
  42      000000
  43 0074 00200000 		.ascii	"\000 \000\000\020   @@\200\000 PPPP \000\000`    \370"
  43      10202020 
  43      40408000 
  43      20505050 
  43      50200000 
  44 008e 00002050 		.ascii	"\000\000 P  @p\000\000 P\020 \020`\000\000\0200Px\020"
  44      20204070 
  44      00002050 
  44      10201060 
  44      00001030 
  45 00a5 38000070 		.ascii	"8\000\000p@`\020P \000\0000@`PP`\000\000pP\020   \000"
  45      40601050 
  45      20000030 
  45      40605050 
  45      60000070 
  46 00bf 00205020 		.ascii	"\000 P PP \000\0000PP0\020`\000\000\000\000 \000\000"
  46      50502000 
  46      00305050 
  46      30106000 
  46      00000020 
  47 00d5 20000000 		.ascii	" \000\000\000\000\020\000\020 \000\000\000\020 \300"
  47      00100010 
  47      20000000 
  47      1020C0
  48 00e4 20100000 		.ascii	" \020\000\000\000p\000p\000\000\000\000\000@ \030 @"
  48      00700070 
  48      00000000 
  48      00402018 
  48      2040
  49 00f6 00002050 		.ascii	"\000\000 P\020 \000 \000\0000HHXH@8\000` Pp\210\330"
  49      10200020 
  49      00003048 
  49      48584840 
  49      38006020 
  50 010e 0000F048 		.ascii	"\000\000\360HpHH\360\000\000pP@@@0\000\000\360HHHH\360"
  50      704848F0 
  50      00007050 
  50      40404030 
  50      0000F048 
  51 0126 0000F848 		.ascii	"\000\000\370H`@H\370\000\000\370H`@@\340\000\000p@@"
  51      604048F8 
  51      0000F848 
  51      604040E0 
  51      00007040 
  52 013b 58503000 		.ascii	"XP0\000\000\350HxHH\350\000\000p    p\000\0008\020\020"
  52      00E84878 
  52      4848E800 
  52      00702020 
  52      20207000 
  53 0153 50502000 		.ascii	"PP \000\000\330P`pP\330\000\000\340@@@H\370\000\000"
  53      00D85060 
  53      7050D800 
  53      00E04040 
  53      4048F800 
ARM GAS  C:\Users\zhmis\AppData\Local\Temp\ccZIqYCR.s 			page 3


  54 0168 D8D8D8A8 		.ascii	"\330\330\330\250\210\330\000\000\330hhXX\350\000\000"
  54      88D80000 
  54      D8686858 
  54      58E80000 
  55 0178 30484848 		.ascii	"0HHHH0\000\000\360HHp@\340\000\0000HHHH0\030\000\360"
  55      48300000 
  55      F0484870 
  55      40E00000 
  55      30484848 
  56 0191 48487048 		.ascii	"HHpH\350\000\000pP \020Pp\000\000\370\250   p\000\000"
  56      E8000070 
  56      50201050 
  56      700000F8 
  56      A8202020 
  57 01a8 D8484848 		.ascii	"\330HHHH0\000\000\330\210HPP0\000\000\330\210\250\250"
  57      48300000 
  57      D8884850 
  57      50300000 
  57      D888A8A8 
  58 01bc A8500000 		.ascii	"\250P\000\000\330P  P\330\000\000\330\210P  p\000\000"
  58      D8502020 
  58      50D80000 
  58      D8885020 
  58      20700000 
  59 01d0 78481020 		.ascii	"xH\020 Hx\000\0000     0\000\200@@   \020\000`     "
  59      48780000 
  59      30202020 
  59      20203000 
  59      80404020 
  60 01ee 60002020 		.ascii	"`\000  P\000\000\000\000\000\000\000\000\000\000\000"
  60      50000000 
  60      00000000 
  60      00000000 
  61 01fe 00F82010 		.ascii	"\000\370 \020\000\000\000\000\000\000\000\0000\020p"
  61      00000000 
  61      00000000 
  61      301070
  62 020d 780000C0 		.ascii	"x\000\000\300@pHH\360\000\000\000\000p@@p\000\000\030"
  62      40704848 
  62      F0000000 
  62      00704040 
  62      70000018 
  63 0221 08384848 		.ascii	"\0108HH8\000\000\000\000pp@0\000\000\020 p  p\000\000"
  63      38000000 
  63      00707040 
  63      30000010 
  63      20702020 
  64 0238 00003848 		.ascii	"\000\0008HH8\0100\300@pHH\350\000\000 \000`  p\000\000"
  64      48380830 
  64      C0407048 
  64      48E80000 
  64      20006020 
  65 0250 20007010 		.ascii	" \000p\020\020\020\020p\300@XpP\330\000\000`    p\000"
  65      10101070 
  65      C0405870 
  65      50D80000 
  65      60202020 
ARM GAS  C:\Users\zhmis\AppData\Local\Temp\ccZIqYCR.s 			page 4


  66 0267 000000D0 		.ascii	"\000\000\000\320\250\250\250\000\000\000\000\360HH\310"
  66      A8A8A800 
  66      000000F0 
  66      4848C8
  67 0276 00000000 		.ascii	"\000\000\000\0000HH0\000\000\000\000\360HHp@\340\000"
  67      30484830 
  67      00000000 
  67      F0484870 
  67      40E000
  68 0289 00384848 		.ascii	"\0008HH8\010\030\000\000x  p\000\000\000\0000 \020`"
  68      38081800 
  68      00782020 
  68      70000000 
  68      00302010 
  69 029e 00000040 		.ascii	"\000\000\000@\360@H0\000\000\000\000\330HH8\000\000"
  69      F0404830 
  69      00000000 
  69      D8484838 
  69      0000
  70 02b0 0000C848 		.ascii	"\000\000\310H00\000\000\000\000\330\250\250P\000\000"
  70      30300000 
  70      0000D8A8 
  70      A8500000 
  71 02c0 00004830 		.ascii	"\000\000H00H\000\000\000\000\330PP  `\000\000xP(x\000"
  71      30480000 
  71      0000D850 
  71      50202060 
  71      00007850 
  72 02d7 00102020 		.ascii	"\000\020  `  \020\000       \000@  0  @\000\000\000"
  72      60202010 
  72      00202020 
  72      20202020 
  72      00402020 
  73 02f2 00285000 		.ascii	"\000(P\000\000\000"
  73      0000
  74              		.text
  75              	.Letext0:
  76              		.file 2 "C:/Users/zhmis/AppData/Roaming/Code/User/globalStorage/bmd.stm32-for-vscode/@xpack-dev-to
  77              		.file 3 "C:/Users/zhmis/AppData/Roaming/Code/User/globalStorage/bmd.stm32-for-vscode/@xpack-dev-to
  78              		.file 4 "Core/Inc/fonts.h"
ARM GAS  C:\Users\zhmis\AppData\Local\Temp\ccZIqYCR.s 			page 5


DEFINED SYMBOLS
                            *ABS*:00000000 font8.c
C:\Users\zhmis\AppData\Local\Temp\ccZIqYCR.s:25     .data.Font8:00000000 Font8
C:\Users\zhmis\AppData\Local\Temp\ccZIqYCR.s:22     .data.Font8:00000000 $d
C:\Users\zhmis\AppData\Local\Temp\ccZIqYCR.s:36     .rodata.Font8_Table:00000000 Font8_Table
C:\Users\zhmis\AppData\Local\Temp\ccZIqYCR.s:33     .rodata.Font8_Table:00000000 $d

NO UNDEFINED SYMBOLS
