ARM GAS  C:\Users\zhmis\AppData\Local\Temp\cc3S1H5r.s 			page 1


   1              		.cpu cortex-m4
   2              		.arch armv7e-m
   3              		.fpu fpv4-sp-d16
   4              		.eabi_attribute 27, 1
   5              		.eabi_attribute 28, 1
   6              		.eabi_attribute 20, 1
   7              		.eabi_attribute 21, 1
   8              		.eabi_attribute 23, 3
   9              		.eabi_attribute 24, 1
  10              		.eabi_attribute 25, 1
  11              		.eabi_attribute 26, 1
  12              		.eabi_attribute 30, 1
  13              		.eabi_attribute 34, 1
  14              		.eabi_attribute 18, 4
  15              		.file	"gpio.c"
  16              		.text
  17              	.Ltext0:
  18              		.cfi_sections	.debug_frame
  19              		.file 1 "Core/Src/gpio.c"
  20              		.section	.text.MX_GPIO_Init,"ax",%progbits
  21              		.align	1
  22              		.global	MX_GPIO_Init
  23              		.syntax unified
  24              		.thumb
  25              		.thumb_func
  27              	MX_GPIO_Init:
  28              	.LFB134:
   1:Core/Src/gpio.c **** /* USER CODE BEGIN Header */
   2:Core/Src/gpio.c **** /**
   3:Core/Src/gpio.c ****   ******************************************************************************
   4:Core/Src/gpio.c ****   * @file    gpio.c
   5:Core/Src/gpio.c ****   * @brief   This file provides code for the configuration
   6:Core/Src/gpio.c ****   *          of all used GPIO pins.
   7:Core/Src/gpio.c ****   ******************************************************************************
   8:Core/Src/gpio.c ****   * @attention
   9:Core/Src/gpio.c ****   *
  10:Core/Src/gpio.c ****   * Copyright (c) 2024 STMicroelectronics.
  11:Core/Src/gpio.c ****   * All rights reserved.
  12:Core/Src/gpio.c ****   *
  13:Core/Src/gpio.c ****   * This software is licensed under terms that can be found in the LICENSE file
  14:Core/Src/gpio.c ****   * in the root directory of this software component.
  15:Core/Src/gpio.c ****   * If no LICENSE file comes with this software, it is provided AS-IS.
  16:Core/Src/gpio.c ****   *
  17:Core/Src/gpio.c ****   ******************************************************************************
  18:Core/Src/gpio.c ****   */
  19:Core/Src/gpio.c **** /* USER CODE END Header */
  20:Core/Src/gpio.c **** 
  21:Core/Src/gpio.c **** /* Includes ------------------------------------------------------------------*/
  22:Core/Src/gpio.c **** #include "gpio.h"
  23:Core/Src/gpio.c **** 
  24:Core/Src/gpio.c **** /* USER CODE BEGIN 0 */
  25:Core/Src/gpio.c **** 
  26:Core/Src/gpio.c **** /* USER CODE END 0 */
  27:Core/Src/gpio.c **** 
  28:Core/Src/gpio.c **** /*----------------------------------------------------------------------------*/
  29:Core/Src/gpio.c **** /* Configure GPIO                                                             */
  30:Core/Src/gpio.c **** /*----------------------------------------------------------------------------*/
ARM GAS  C:\Users\zhmis\AppData\Local\Temp\cc3S1H5r.s 			page 2


  31:Core/Src/gpio.c **** /* USER CODE BEGIN 1 */
  32:Core/Src/gpio.c **** 
  33:Core/Src/gpio.c **** /* USER CODE END 1 */
  34:Core/Src/gpio.c **** 
  35:Core/Src/gpio.c **** /** Configure pins as
  36:Core/Src/gpio.c ****         * Analog
  37:Core/Src/gpio.c ****         * Input
  38:Core/Src/gpio.c ****         * Output
  39:Core/Src/gpio.c ****         * EVENT_OUT
  40:Core/Src/gpio.c ****         * EXTI
  41:Core/Src/gpio.c **** */
  42:Core/Src/gpio.c **** void MX_GPIO_Init(void)
  43:Core/Src/gpio.c **** {
  29              		.loc 1 43 1 view -0
  30              		.cfi_startproc
  31              		@ args = 0, pretend = 0, frame = 40
  32              		@ frame_needed = 0, uses_anonymous_args = 0
  33 0000 2DE9F041 		push	{r4, r5, r6, r7, r8, lr}
  34              		.cfi_def_cfa_offset 24
  35              		.cfi_offset 4, -24
  36              		.cfi_offset 5, -20
  37              		.cfi_offset 6, -16
  38              		.cfi_offset 7, -12
  39              		.cfi_offset 8, -8
  40              		.cfi_offset 14, -4
  41 0004 8AB0     		sub	sp, sp, #40
  42              		.cfi_def_cfa_offset 64
  44:Core/Src/gpio.c **** 
  45:Core/Src/gpio.c ****   GPIO_InitTypeDef GPIO_InitStruct = {0};
  43              		.loc 1 45 3 view .LVU1
  44              		.loc 1 45 20 is_stmt 0 view .LVU2
  45 0006 0024     		movs	r4, #0
  46 0008 0594     		str	r4, [sp, #20]
  47 000a 0694     		str	r4, [sp, #24]
  48 000c 0794     		str	r4, [sp, #28]
  49 000e 0894     		str	r4, [sp, #32]
  50 0010 0994     		str	r4, [sp, #36]
  46:Core/Src/gpio.c **** 
  47:Core/Src/gpio.c ****   /* GPIO Ports Clock Enable */
  48:Core/Src/gpio.c ****   __HAL_RCC_GPIOE_CLK_ENABLE();
  51              		.loc 1 48 3 is_stmt 1 view .LVU3
  52              	.LBB2:
  53              		.loc 1 48 3 view .LVU4
  54 0012 0094     		str	r4, [sp]
  55              		.loc 1 48 3 view .LVU5
  56 0014 354B     		ldr	r3, .L3
  57 0016 1A6B     		ldr	r2, [r3, #48]
  58 0018 42F01002 		orr	r2, r2, #16
  59 001c 1A63     		str	r2, [r3, #48]
  60              		.loc 1 48 3 view .LVU6
  61 001e 1A6B     		ldr	r2, [r3, #48]
  62 0020 02F01002 		and	r2, r2, #16
  63 0024 0092     		str	r2, [sp]
  64              		.loc 1 48 3 view .LVU7
  65 0026 009A     		ldr	r2, [sp]
  66              	.LBE2:
  67              		.loc 1 48 3 view .LVU8
ARM GAS  C:\Users\zhmis\AppData\Local\Temp\cc3S1H5r.s 			page 3


  49:Core/Src/gpio.c ****   __HAL_RCC_GPIOC_CLK_ENABLE();
  68              		.loc 1 49 3 view .LVU9
  69              	.LBB3:
  70              		.loc 1 49 3 view .LVU10
  71 0028 0194     		str	r4, [sp, #4]
  72              		.loc 1 49 3 view .LVU11
  73 002a 1A6B     		ldr	r2, [r3, #48]
  74 002c 42F00402 		orr	r2, r2, #4
  75 0030 1A63     		str	r2, [r3, #48]
  76              		.loc 1 49 3 view .LVU12
  77 0032 1A6B     		ldr	r2, [r3, #48]
  78 0034 02F00402 		and	r2, r2, #4
  79 0038 0192     		str	r2, [sp, #4]
  80              		.loc 1 49 3 view .LVU13
  81 003a 019A     		ldr	r2, [sp, #4]
  82              	.LBE3:
  83              		.loc 1 49 3 view .LVU14
  50:Core/Src/gpio.c ****   __HAL_RCC_GPIOH_CLK_ENABLE();
  84              		.loc 1 50 3 view .LVU15
  85              	.LBB4:
  86              		.loc 1 50 3 view .LVU16
  87 003c 0294     		str	r4, [sp, #8]
  88              		.loc 1 50 3 view .LVU17
  89 003e 1A6B     		ldr	r2, [r3, #48]
  90 0040 42F08002 		orr	r2, r2, #128
  91 0044 1A63     		str	r2, [r3, #48]
  92              		.loc 1 50 3 view .LVU18
  93 0046 1A6B     		ldr	r2, [r3, #48]
  94 0048 02F08002 		and	r2, r2, #128
  95 004c 0292     		str	r2, [sp, #8]
  96              		.loc 1 50 3 view .LVU19
  97 004e 029A     		ldr	r2, [sp, #8]
  98              	.LBE4:
  99              		.loc 1 50 3 view .LVU20
  51:Core/Src/gpio.c ****   __HAL_RCC_GPIOA_CLK_ENABLE();
 100              		.loc 1 51 3 view .LVU21
 101              	.LBB5:
 102              		.loc 1 51 3 view .LVU22
 103 0050 0394     		str	r4, [sp, #12]
 104              		.loc 1 51 3 view .LVU23
 105 0052 1A6B     		ldr	r2, [r3, #48]
 106 0054 42F00102 		orr	r2, r2, #1
 107 0058 1A63     		str	r2, [r3, #48]
 108              		.loc 1 51 3 view .LVU24
 109 005a 1A6B     		ldr	r2, [r3, #48]
 110 005c 02F00102 		and	r2, r2, #1
 111 0060 0392     		str	r2, [sp, #12]
 112              		.loc 1 51 3 view .LVU25
 113 0062 039A     		ldr	r2, [sp, #12]
 114              	.LBE5:
 115              		.loc 1 51 3 view .LVU26
  52:Core/Src/gpio.c ****   __HAL_RCC_GPIOB_CLK_ENABLE();
 116              		.loc 1 52 3 view .LVU27
 117              	.LBB6:
 118              		.loc 1 52 3 view .LVU28
 119 0064 0494     		str	r4, [sp, #16]
 120              		.loc 1 52 3 view .LVU29
ARM GAS  C:\Users\zhmis\AppData\Local\Temp\cc3S1H5r.s 			page 4


 121 0066 1A6B     		ldr	r2, [r3, #48]
 122 0068 42F00202 		orr	r2, r2, #2
 123 006c 1A63     		str	r2, [r3, #48]
 124              		.loc 1 52 3 view .LVU30
 125 006e 1B6B     		ldr	r3, [r3, #48]
 126 0070 03F00203 		and	r3, r3, #2
 127 0074 0493     		str	r3, [sp, #16]
 128              		.loc 1 52 3 view .LVU31
 129 0076 049B     		ldr	r3, [sp, #16]
 130              	.LBE6:
 131              		.loc 1 52 3 view .LVU32
  53:Core/Src/gpio.c **** 
  54:Core/Src/gpio.c ****   /*Configure GPIO pin Output Level */
  55:Core/Src/gpio.c ****   HAL_GPIO_WritePin(LED_GPIO_Port, LED_Pin, GPIO_PIN_RESET);
 132              		.loc 1 55 3 view .LVU33
 133 0078 DFF88080 		ldr	r8, .L3+16
 134 007c 2246     		mov	r2, r4
 135 007e 4021     		movs	r1, #64
 136 0080 4046     		mov	r0, r8
 137 0082 FFF7FEFF 		bl	HAL_GPIO_WritePin
 138              	.LVL0:
  56:Core/Src/gpio.c **** 
  57:Core/Src/gpio.c ****   /*Configure GPIO pin Output Level */
  58:Core/Src/gpio.c ****   HAL_GPIO_WritePin(GPIOC, DISPL_LED_Pin|DISPL_DC_Pin, GPIO_PIN_RESET);
 139              		.loc 1 58 3 view .LVU34
 140 0086 1A4F     		ldr	r7, .L3+4
 141 0088 2246     		mov	r2, r4
 142 008a 3021     		movs	r1, #48
 143 008c 3846     		mov	r0, r7
 144 008e FFF7FEFF 		bl	HAL_GPIO_WritePin
 145              	.LVL1:
  59:Core/Src/gpio.c **** 
  60:Core/Src/gpio.c ****   /*Configure GPIO pin Output Level */
  61:Core/Src/gpio.c ****   HAL_GPIO_WritePin(DISPL_RST_GPIO_Port, DISPL_RST_Pin, GPIO_PIN_RESET);
 146              		.loc 1 61 3 view .LVU35
 147 0092 184E     		ldr	r6, .L3+8
 148 0094 2246     		mov	r2, r4
 149 0096 0121     		movs	r1, #1
 150 0098 3046     		mov	r0, r6
 151 009a FFF7FEFF 		bl	HAL_GPIO_WritePin
 152              	.LVL2:
  62:Core/Src/gpio.c **** 
  63:Core/Src/gpio.c ****   /*Configure GPIO pins : PEPin PEPin */
  64:Core/Src/gpio.c ****   GPIO_InitStruct.Pin = BUT1_Pin|BUT0_Pin;
 153              		.loc 1 64 3 view .LVU36
 154              		.loc 1 64 23 is_stmt 0 view .LVU37
 155 009e 1823     		movs	r3, #24
 156 00a0 0593     		str	r3, [sp, #20]
  65:Core/Src/gpio.c ****   GPIO_InitStruct.Mode = GPIO_MODE_INPUT;
 157              		.loc 1 65 3 is_stmt 1 view .LVU38
 158              		.loc 1 65 24 is_stmt 0 view .LVU39
 159 00a2 0694     		str	r4, [sp, #24]
  66:Core/Src/gpio.c ****   GPIO_InitStruct.Pull = GPIO_PULLUP;
 160              		.loc 1 66 3 is_stmt 1 view .LVU40
 161              		.loc 1 66 24 is_stmt 0 view .LVU41
 162 00a4 0125     		movs	r5, #1
 163 00a6 0795     		str	r5, [sp, #28]
ARM GAS  C:\Users\zhmis\AppData\Local\Temp\cc3S1H5r.s 			page 5


  67:Core/Src/gpio.c ****   HAL_GPIO_Init(GPIOE, &GPIO_InitStruct);
 164              		.loc 1 67 3 is_stmt 1 view .LVU42
 165 00a8 05A9     		add	r1, sp, #20
 166 00aa 1348     		ldr	r0, .L3+12
 167 00ac FFF7FEFF 		bl	HAL_GPIO_Init
 168              	.LVL3:
  68:Core/Src/gpio.c **** 
  69:Core/Src/gpio.c ****   /*Configure GPIO pin : PtPin */
  70:Core/Src/gpio.c ****   GPIO_InitStruct.Pin = LED_Pin;
 169              		.loc 1 70 3 view .LVU43
 170              		.loc 1 70 23 is_stmt 0 view .LVU44
 171 00b0 4023     		movs	r3, #64
 172 00b2 0593     		str	r3, [sp, #20]
  71:Core/Src/gpio.c ****   GPIO_InitStruct.Mode = GPIO_MODE_OUTPUT_PP;
 173              		.loc 1 71 3 is_stmt 1 view .LVU45
 174              		.loc 1 71 24 is_stmt 0 view .LVU46
 175 00b4 0695     		str	r5, [sp, #24]
  72:Core/Src/gpio.c ****   GPIO_InitStruct.Pull = GPIO_NOPULL;
 176              		.loc 1 72 3 is_stmt 1 view .LVU47
 177              		.loc 1 72 24 is_stmt 0 view .LVU48
 178 00b6 0794     		str	r4, [sp, #28]
  73:Core/Src/gpio.c ****   GPIO_InitStruct.Speed = GPIO_SPEED_FREQ_LOW;
 179              		.loc 1 73 3 is_stmt 1 view .LVU49
 180              		.loc 1 73 25 is_stmt 0 view .LVU50
 181 00b8 0894     		str	r4, [sp, #32]
  74:Core/Src/gpio.c ****   HAL_GPIO_Init(LED_GPIO_Port, &GPIO_InitStruct);
 182              		.loc 1 74 3 is_stmt 1 view .LVU51
 183 00ba 05A9     		add	r1, sp, #20
 184 00bc 4046     		mov	r0, r8
 185 00be FFF7FEFF 		bl	HAL_GPIO_Init
 186              	.LVL4:
  75:Core/Src/gpio.c **** 
  76:Core/Src/gpio.c ****   /*Configure GPIO pins : PCPin PCPin */
  77:Core/Src/gpio.c ****   GPIO_InitStruct.Pin = DISPL_LED_Pin|DISPL_DC_Pin;
 187              		.loc 1 77 3 view .LVU52
 188              		.loc 1 77 23 is_stmt 0 view .LVU53
 189 00c2 3023     		movs	r3, #48
 190 00c4 0593     		str	r3, [sp, #20]
  78:Core/Src/gpio.c ****   GPIO_InitStruct.Mode = GPIO_MODE_OUTPUT_PP;
 191              		.loc 1 78 3 is_stmt 1 view .LVU54
 192              		.loc 1 78 24 is_stmt 0 view .LVU55
 193 00c6 0695     		str	r5, [sp, #24]
  79:Core/Src/gpio.c ****   GPIO_InitStruct.Pull = GPIO_NOPULL;
 194              		.loc 1 79 3 is_stmt 1 view .LVU56
 195              		.loc 1 79 24 is_stmt 0 view .LVU57
 196 00c8 0794     		str	r4, [sp, #28]
  80:Core/Src/gpio.c ****   GPIO_InitStruct.Speed = GPIO_SPEED_FREQ_LOW;
 197              		.loc 1 80 3 is_stmt 1 view .LVU58
 198              		.loc 1 80 25 is_stmt 0 view .LVU59
 199 00ca 0894     		str	r4, [sp, #32]
  81:Core/Src/gpio.c ****   HAL_GPIO_Init(GPIOC, &GPIO_InitStruct);
 200              		.loc 1 81 3 is_stmt 1 view .LVU60
 201 00cc 05A9     		add	r1, sp, #20
 202 00ce 3846     		mov	r0, r7
 203 00d0 FFF7FEFF 		bl	HAL_GPIO_Init
 204              	.LVL5:
  82:Core/Src/gpio.c **** 
ARM GAS  C:\Users\zhmis\AppData\Local\Temp\cc3S1H5r.s 			page 6


  83:Core/Src/gpio.c ****   /*Configure GPIO pin : PtPin */
  84:Core/Src/gpio.c ****   GPIO_InitStruct.Pin = DISPL_RST_Pin;
 205              		.loc 1 84 3 view .LVU61
 206              		.loc 1 84 23 is_stmt 0 view .LVU62
 207 00d4 0595     		str	r5, [sp, #20]
  85:Core/Src/gpio.c ****   GPIO_InitStruct.Mode = GPIO_MODE_OUTPUT_PP;
 208              		.loc 1 85 3 is_stmt 1 view .LVU63
 209              		.loc 1 85 24 is_stmt 0 view .LVU64
 210 00d6 0695     		str	r5, [sp, #24]
  86:Core/Src/gpio.c ****   GPIO_InitStruct.Pull = GPIO_NOPULL;
 211              		.loc 1 86 3 is_stmt 1 view .LVU65
 212              		.loc 1 86 24 is_stmt 0 view .LVU66
 213 00d8 0794     		str	r4, [sp, #28]
  87:Core/Src/gpio.c ****   GPIO_InitStruct.Speed = GPIO_SPEED_FREQ_LOW;
 214              		.loc 1 87 3 is_stmt 1 view .LVU67
 215              		.loc 1 87 25 is_stmt 0 view .LVU68
 216 00da 0894     		str	r4, [sp, #32]
  88:Core/Src/gpio.c ****   HAL_GPIO_Init(DISPL_RST_GPIO_Port, &GPIO_InitStruct);
 217              		.loc 1 88 3 is_stmt 1 view .LVU69
 218 00dc 05A9     		add	r1, sp, #20
 219 00de 3046     		mov	r0, r6
 220 00e0 FFF7FEFF 		bl	HAL_GPIO_Init
 221              	.LVL6:
  89:Core/Src/gpio.c **** 
  90:Core/Src/gpio.c **** }
 222              		.loc 1 90 1 is_stmt 0 view .LVU70
 223 00e4 0AB0     		add	sp, sp, #40
 224              		.cfi_def_cfa_offset 24
 225              		@ sp needed
 226 00e6 BDE8F081 		pop	{r4, r5, r6, r7, r8, pc}
 227              	.L4:
 228 00ea 00BF     		.align	2
 229              	.L3:
 230 00ec 00380240 		.word	1073887232
 231 00f0 00080240 		.word	1073874944
 232 00f4 00040240 		.word	1073873920
 233 00f8 00100240 		.word	1073876992
 234 00fc 00000240 		.word	1073872896
 235              		.cfi_endproc
 236              	.LFE134:
 238              		.text
 239              	.Letext0:
 240              		.file 2 "C:/Users/zhmis/AppData/Roaming/Code/User/globalStorage/bmd.stm32-for-vscode/@xpack-dev-to
 241              		.file 3 "C:/Users/zhmis/AppData/Roaming/Code/User/globalStorage/bmd.stm32-for-vscode/@xpack-dev-to
 242              		.file 4 "Drivers/CMSIS/Device/ST/STM32F4xx/Include/stm32f407xx.h"
 243              		.file 5 "Drivers/STM32F4xx_HAL_Driver/Inc/stm32f4xx_hal_gpio.h"
ARM GAS  C:\Users\zhmis\AppData\Local\Temp\cc3S1H5r.s 			page 7


DEFINED SYMBOLS
                            *ABS*:00000000 gpio.c
C:\Users\zhmis\AppData\Local\Temp\cc3S1H5r.s:21     .text.MX_GPIO_Init:00000000 $t
C:\Users\zhmis\AppData\Local\Temp\cc3S1H5r.s:27     .text.MX_GPIO_Init:00000000 MX_GPIO_Init
C:\Users\zhmis\AppData\Local\Temp\cc3S1H5r.s:230    .text.MX_GPIO_Init:000000ec $d

UNDEFINED SYMBOLS
HAL_GPIO_WritePin
HAL_GPIO_Init
