ARM GAS  C:\Users\zhmis\AppData\Local\Temp\ccWh830b.s 			page 1


   1              		.cpu cortex-m4
   2              		.arch armv7e-m
   3              		.fpu fpv4-sp-d16
   4              		.eabi_attribute 27, 1
   5              		.eabi_attribute 28, 1
   6              		.eabi_attribute 20, 1
   7              		.eabi_attribute 21, 1
   8              		.eabi_attribute 23, 3
   9              		.eabi_attribute 24, 1
  10              		.eabi_attribute 25, 1
  11              		.eabi_attribute 26, 1
  12              		.eabi_attribute 30, 1
  13              		.eabi_attribute 34, 1
  14              		.eabi_attribute 18, 4
  15              		.file	"Leds.c"
  16              		.text
  17              	.Ltext0:
  18              		.cfi_sections	.debug_frame
  19              		.file 1 "Core/Src/Leds.c"
  20              		.section	.text.led_init,"ax",%progbits
  21              		.align	1
  22              		.global	led_init
  23              		.syntax unified
  24              		.thumb
  25              		.thumb_func
  27              	led_init:
  28              	.LVL0:
  29              	.LFB134:
   1:Core/Src/Leds.c **** #include "Leds.h"
   2:Core/Src/Leds.c **** LEDS hled;
   3:Core/Src/Leds.c **** LEDS* alarm_led = &hled;
   4:Core/Src/Leds.c **** 
   5:Core/Src/Leds.c **** void led_init(uint16_t timer_frequency,
   6:Core/Src/Leds.c **** 	uint16_t led_frequency, uint16_t blink_time) {
  30              		.loc 1 6 47 view -0
  31              		.cfi_startproc
  32              		@ args = 0, pretend = 0, frame = 0
  33              		@ frame_needed = 0, uses_anonymous_args = 0
  34              		.loc 1 6 47 is_stmt 0 view .LVU1
  35 0000 10B5     		push	{r4, lr}
  36              		.cfi_def_cfa_offset 8
  37              		.cfi_offset 4, -8
  38              		.cfi_offset 14, -4
   7:Core/Src/Leds.c **** 	alarm_led->led_cur_state = DIM;
  39              		.loc 1 7 2 is_stmt 1 view .LVU2
  40              		.loc 1 7 11 is_stmt 0 view .LVU3
  41 0002 0B4B     		ldr	r3, .L3
  42              		.loc 1 7 27 view .LVU4
  43 0004 4FF0000C 		mov	ip, #0
  44 0008 1C68     		ldr	r4, [r3]
  45 000a 84F800C0 		strb	ip, [r4]
   8:Core/Src/Leds.c **** 	alarm_led->timer_frequency = timer_frequency;
  46              		.loc 1 8 2 is_stmt 1 view .LVU5
  47              		.loc 1 8 29 is_stmt 0 view .LVU6
  48 000e 1C68     		ldr	r4, [r3]
  49 0010 6080     		strh	r0, [r4, #2]	@ movhi
   9:Core/Src/Leds.c **** 	alarm_led->led_frequency = led_frequency;
ARM GAS  C:\Users\zhmis\AppData\Local\Temp\ccWh830b.s 			page 2


  50              		.loc 1 9 2 is_stmt 1 view .LVU7
  51              		.loc 1 9 11 is_stmt 0 view .LVU8
  52 0012 1B68     		ldr	r3, [r3]
  53              		.loc 1 9 27 view .LVU9
  54 0014 9980     		strh	r1, [r3, #4]	@ movhi
  10:Core/Src/Leds.c **** 	alarm_led->blink_time = blink_time;
  55              		.loc 1 10 2 is_stmt 1 view .LVU10
  56              		.loc 1 10 24 is_stmt 0 view .LVU11
  57 0016 1A81     		strh	r2, [r3, #8]	@ movhi
  11:Core/Src/Leds.c **** 	alarm_led->is_on = 1;
  58              		.loc 1 11 2 is_stmt 1 view .LVU12
  59              		.loc 1 11 19 is_stmt 0 view .LVU13
  60 0018 0122     		movs	r2, #1
  61              	.LVL1:
  62              		.loc 1 11 19 view .LVU14
  63 001a 9A72     		strb	r2, [r3, #10]
  12:Core/Src/Leds.c **** 	alarm_led->counter = 0;
  64              		.loc 1 12 2 is_stmt 1 view .LVU15
  65              		.loc 1 12 21 is_stmt 0 view .LVU16
  66 001c 83F80BC0 		strb	ip, [r3, #11]
  13:Core/Src/Leds.c **** 	alarm_led->counter_max = 0;
  67              		.loc 1 13 2 is_stmt 1 view .LVU17
  68              		.loc 1 13 25 is_stmt 0 view .LVU18
  69 0020 A3F80CC0 		strh	ip, [r3, #12]	@ movhi
  14:Core/Src/Leds.c **** 	HAL_GPIO_WritePin(LED_GPIO_Port, LED_Pin, 1);
  70              		.loc 1 14 2 is_stmt 1 view .LVU19
  71 0024 4021     		movs	r1, #64
  72              	.LVL2:
  73              		.loc 1 14 2 is_stmt 0 view .LVU20
  74 0026 0348     		ldr	r0, .L3+4
  75              	.LVL3:
  76              		.loc 1 14 2 view .LVU21
  77 0028 FFF7FEFF 		bl	HAL_GPIO_WritePin
  78              	.LVL4:
  15:Core/Src/Leds.c **** }
  79              		.loc 1 15 1 view .LVU22
  80 002c 10BD     		pop	{r4, pc}
  81              	.L4:
  82 002e 00BF     		.align	2
  83              	.L3:
  84 0030 00000000 		.word	alarm_led
  85 0034 00000240 		.word	1073872896
  86              		.cfi_endproc
  87              	.LFE134:
  89              		.section	.text.leds_calculation,"ax",%progbits
  90              		.align	1
  91              		.global	leds_calculation
  92              		.syntax unified
  93              		.thumb
  94              		.thumb_func
  96              	leds_calculation:
  97              	.LFB135:
  16:Core/Src/Leds.c **** 
  17:Core/Src/Leds.c **** void leds_calculation() {
  98              		.loc 1 17 25 is_stmt 1 view -0
  99              		.cfi_startproc
 100              		@ args = 0, pretend = 0, frame = 0
ARM GAS  C:\Users\zhmis\AppData\Local\Temp\ccWh830b.s 			page 3


 101              		@ frame_needed = 0, uses_anonymous_args = 0
 102 0000 08B5     		push	{r3, lr}
 103              		.cfi_def_cfa_offset 8
 104              		.cfi_offset 3, -8
 105              		.cfi_offset 14, -4
  18:Core/Src/Leds.c **** 	
  19:Core/Src/Leds.c **** 	if (alarm_led->led_cur_state == BLINKING){
 106              		.loc 1 19 2 view .LVU24
 107              		.loc 1 19 15 is_stmt 0 view .LVU25
 108 0002 214B     		ldr	r3, .L11
 109 0004 1B68     		ldr	r3, [r3]
 110 0006 1A78     		ldrb	r2, [r3]	@ zero_extendqisi2
 111              		.loc 1 19 5 view .LVU26
 112 0008 012A     		cmp	r2, #1
 113 000a 37D1     		bne	.L6
  20:Core/Src/Leds.c **** 		alarm_led->counter++;
 114              		.loc 1 20 3 is_stmt 1 view .LVU27
 115              		.loc 1 20 12 is_stmt 0 view .LVU28
 116 000c D97A     		ldrb	r1, [r3, #11]	@ zero_extendqisi2
 117              		.loc 1 20 21 view .LVU29
 118 000e 0131     		adds	r1, r1, #1
 119 0010 C9B2     		uxtb	r1, r1
 120 0012 D972     		strb	r1, [r3, #11]
  21:Core/Src/Leds.c **** 		alarm_led->counter_max++;
 121              		.loc 1 21 3 is_stmt 1 view .LVU30
 122              		.loc 1 21 12 is_stmt 0 view .LVU31
 123 0014 9A89     		ldrh	r2, [r3, #12]
 124              		.loc 1 21 25 view .LVU32
 125 0016 0132     		adds	r2, r2, #1
 126 0018 92B2     		uxth	r2, r2
 127 001a 9A81     		strh	r2, [r3, #12]	@ movhi
  22:Core/Src/Leds.c **** 
  23:Core/Src/Leds.c **** 		alarm_led->trigger_time = alarm_led->timer_frequency / (alarm_led->led_frequency * 2);
 128              		.loc 1 23 3 is_stmt 1 view .LVU33
 129              		.loc 1 23 38 is_stmt 0 view .LVU34
 130 001c B3F802C0 		ldrh	ip, [r3, #2]
 131              		.loc 1 23 68 view .LVU35
 132 0020 9888     		ldrh	r0, [r3, #4]
 133              		.loc 1 23 84 view .LVU36
 134 0022 4000     		lsls	r0, r0, #1
 135              		.loc 1 23 27 view .LVU37
 136 0024 9CFBF0F0 		sdiv	r0, ip, r0
 137 0028 D880     		strh	r0, [r3, #6]	@ movhi
  24:Core/Src/Leds.c **** 
  25:Core/Src/Leds.c **** 		if (alarm_led->counter_max >= (alarm_led->blink_time * alarm_led->timer_frequency)) {
 138              		.loc 1 25 3 is_stmt 1 view .LVU38
 139              		.loc 1 25 43 is_stmt 0 view .LVU39
 140 002a B3F808E0 		ldrh	lr, [r3, #8]
 141              		.loc 1 25 56 view .LVU40
 142 002e 0EFB0CFC 		mul	ip, lr, ip
 143              		.loc 1 25 6 view .LVU41
 144 0032 6245     		cmp	r2, ip
 145 0034 17DA     		bge	.L10
  26:Core/Src/Leds.c **** 			HAL_GPIO_WritePin(LED_GPIO_Port, LED_Pin, 1);
  27:Core/Src/Leds.c **** 			alarm_led->counter_max = 0;
  28:Core/Src/Leds.c **** 			alarm_led->led_cur_state = DIM;
  29:Core/Src/Leds.c **** 		}
ARM GAS  C:\Users\zhmis\AppData\Local\Temp\ccWh830b.s 			page 4


  30:Core/Src/Leds.c **** 		else if (alarm_led->counter <= alarm_led->trigger_time) {
 146              		.loc 1 30 8 is_stmt 1 view .LVU42
 147              		.loc 1 30 11 is_stmt 0 view .LVU43
 148 0036 8842     		cmp	r0, r1
 149 0038 25D3     		bcc	.L5
  31:Core/Src/Leds.c **** 			HAL_GPIO_WritePin(LED_GPIO_Port, LED_Pin, !alarm_led->is_on);
 150              		.loc 1 31 4 is_stmt 1 view .LVU44
 151              		.loc 1 31 56 is_stmt 0 view .LVU45
 152 003a 9A7A     		ldrb	r2, [r3, #10]	@ zero_extendqisi2
 153              		.loc 1 31 4 view .LVU46
 154 003c B2FA82F2 		clz	r2, r2
 155 0040 5209     		lsrs	r2, r2, #5
 156 0042 4021     		movs	r1, #64
 157 0044 1148     		ldr	r0, .L11+4
 158 0046 FFF7FEFF 		bl	HAL_GPIO_WritePin
 159              	.LVL5:
  32:Core/Src/Leds.c **** 			if(alarm_led->counter == alarm_led->trigger_time) {
 160              		.loc 1 32 4 is_stmt 1 view .LVU47
 161              		.loc 1 32 16 is_stmt 0 view .LVU48
 162 004a 0F4B     		ldr	r3, .L11
 163 004c 1B68     		ldr	r3, [r3]
 164 004e D97A     		ldrb	r1, [r3, #11]	@ zero_extendqisi2
 165              		.loc 1 32 38 view .LVU49
 166 0050 DA88     		ldrh	r2, [r3, #6]
 167              		.loc 1 32 6 view .LVU50
 168 0052 9142     		cmp	r1, r2
 169 0054 17D1     		bne	.L5
  33:Core/Src/Leds.c **** 				alarm_led->is_on = !alarm_led->is_on;
 170              		.loc 1 33 5 is_stmt 1 view .LVU51
 171              		.loc 1 33 34 is_stmt 0 view .LVU52
 172 0056 9A7A     		ldrb	r2, [r3, #10]	@ zero_extendqisi2
 173              		.loc 1 33 24 view .LVU53
 174 0058 B2FA82F2 		clz	r2, r2
 175 005c 5209     		lsrs	r2, r2, #5
 176              		.loc 1 33 22 view .LVU54
 177 005e 9A72     		strb	r2, [r3, #10]
  34:Core/Src/Leds.c **** 				alarm_led->counter = 0;
 178              		.loc 1 34 5 is_stmt 1 view .LVU55
 179              		.loc 1 34 24 is_stmt 0 view .LVU56
 180 0060 0022     		movs	r2, #0
 181 0062 DA72     		strb	r2, [r3, #11]
 182 0064 0FE0     		b	.L5
 183              	.L10:
  26:Core/Src/Leds.c **** 			alarm_led->counter_max = 0;
 184              		.loc 1 26 4 is_stmt 1 view .LVU57
 185 0066 0122     		movs	r2, #1
 186 0068 4021     		movs	r1, #64
 187 006a 0848     		ldr	r0, .L11+4
 188 006c FFF7FEFF 		bl	HAL_GPIO_WritePin
 189              	.LVL6:
  27:Core/Src/Leds.c **** 			alarm_led->led_cur_state = DIM;
 190              		.loc 1 27 4 view .LVU58
  27:Core/Src/Leds.c **** 			alarm_led->led_cur_state = DIM;
 191              		.loc 1 27 13 is_stmt 0 view .LVU59
 192 0070 054B     		ldr	r3, .L11
 193 0072 1B68     		ldr	r3, [r3]
  27:Core/Src/Leds.c **** 			alarm_led->led_cur_state = DIM;
ARM GAS  C:\Users\zhmis\AppData\Local\Temp\ccWh830b.s 			page 5


 194              		.loc 1 27 27 view .LVU60
 195 0074 0022     		movs	r2, #0
 196 0076 9A81     		strh	r2, [r3, #12]	@ movhi
  28:Core/Src/Leds.c **** 		}
 197              		.loc 1 28 4 is_stmt 1 view .LVU61
  28:Core/Src/Leds.c **** 		}
 198              		.loc 1 28 29 is_stmt 0 view .LVU62
 199 0078 1A70     		strb	r2, [r3]
 200 007a 04E0     		b	.L5
 201              	.L6:
  35:Core/Src/Leds.c **** 			}
  36:Core/Src/Leds.c **** 		}
  37:Core/Src/Leds.c **** 	} else{
  38:Core/Src/Leds.c **** 		HAL_GPIO_WritePin(LED_GPIO_Port, LED_Pin, 1);
 202              		.loc 1 38 3 is_stmt 1 view .LVU63
 203 007c 0122     		movs	r2, #1
 204 007e 4021     		movs	r1, #64
 205 0080 0248     		ldr	r0, .L11+4
 206 0082 FFF7FEFF 		bl	HAL_GPIO_WritePin
 207              	.LVL7:
 208              	.L5:
  39:Core/Src/Leds.c **** 	}
  40:Core/Src/Leds.c **** }
 209              		.loc 1 40 1 is_stmt 0 view .LVU64
 210 0086 08BD     		pop	{r3, pc}
 211              	.L12:
 212              		.align	2
 213              	.L11:
 214 0088 00000000 		.word	alarm_led
 215 008c 00000240 		.word	1073872896
 216              		.cfi_endproc
 217              	.LFE135:
 219              		.section	.text.leds_blink_start,"ax",%progbits
 220              		.align	1
 221              		.global	leds_blink_start
 222              		.syntax unified
 223              		.thumb
 224              		.thumb_func
 226              	leds_blink_start:
 227              	.LFB136:
  41:Core/Src/Leds.c **** 
  42:Core/Src/Leds.c **** void leds_blink_start(){
 228              		.loc 1 42 24 is_stmt 1 view -0
 229              		.cfi_startproc
 230              		@ args = 0, pretend = 0, frame = 0
 231              		@ frame_needed = 0, uses_anonymous_args = 0
 232              		@ link register save eliminated.
  43:Core/Src/Leds.c **** 	alarm_led->counter_max = 0;
 233              		.loc 1 43 2 view .LVU66
 234              		.loc 1 43 11 is_stmt 0 view .LVU67
 235 0000 044B     		ldr	r3, .L14
 236 0002 1B68     		ldr	r3, [r3]
 237              		.loc 1 43 25 view .LVU68
 238 0004 0022     		movs	r2, #0
 239 0006 9A81     		strh	r2, [r3, #12]	@ movhi
  44:Core/Src/Leds.c **** 	alarm_led->counter = 0;
 240              		.loc 1 44 2 is_stmt 1 view .LVU69
ARM GAS  C:\Users\zhmis\AppData\Local\Temp\ccWh830b.s 			page 6


 241              		.loc 1 44 21 is_stmt 0 view .LVU70
 242 0008 DA72     		strb	r2, [r3, #11]
  45:Core/Src/Leds.c **** 	alarm_led->is_on = 1;
 243              		.loc 1 45 2 is_stmt 1 view .LVU71
 244              		.loc 1 45 19 is_stmt 0 view .LVU72
 245 000a 0122     		movs	r2, #1
 246 000c 9A72     		strb	r2, [r3, #10]
  46:Core/Src/Leds.c **** 	alarm_led->led_cur_state = BLINKING;
 247              		.loc 1 46 2 is_stmt 1 view .LVU73
 248              		.loc 1 46 27 is_stmt 0 view .LVU74
 249 000e 1A70     		strb	r2, [r3]
  47:Core/Src/Leds.c **** }
 250              		.loc 1 47 1 view .LVU75
 251 0010 7047     		bx	lr
 252              	.L15:
 253 0012 00BF     		.align	2
 254              	.L14:
 255 0014 00000000 		.word	alarm_led
 256              		.cfi_endproc
 257              	.LFE136:
 259              		.section	.text.leds_blink_stop,"ax",%progbits
 260              		.align	1
 261              		.global	leds_blink_stop
 262              		.syntax unified
 263              		.thumb
 264              		.thumb_func
 266              	leds_blink_stop:
 267              	.LFB137:
  48:Core/Src/Leds.c **** 
  49:Core/Src/Leds.c **** void leds_blink_stop(){
 268              		.loc 1 49 23 is_stmt 1 view -0
 269              		.cfi_startproc
 270              		@ args = 0, pretend = 0, frame = 0
 271              		@ frame_needed = 0, uses_anonymous_args = 0
 272              		@ link register save eliminated.
  50:Core/Src/Leds.c **** 	alarm_led->counter_max = 0;
 273              		.loc 1 50 2 view .LVU77
 274              		.loc 1 50 11 is_stmt 0 view .LVU78
 275 0000 034B     		ldr	r3, .L17
 276 0002 1B68     		ldr	r3, [r3]
 277              		.loc 1 50 25 view .LVU79
 278 0004 0022     		movs	r2, #0
 279 0006 9A81     		strh	r2, [r3, #12]	@ movhi
  51:Core/Src/Leds.c **** 	alarm_led->counter = 0;
 280              		.loc 1 51 2 is_stmt 1 view .LVU80
 281              		.loc 1 51 21 is_stmt 0 view .LVU81
 282 0008 DA72     		strb	r2, [r3, #11]
  52:Core/Src/Leds.c **** 	alarm_led->is_on = 0;
 283              		.loc 1 52 2 is_stmt 1 view .LVU82
 284              		.loc 1 52 19 is_stmt 0 view .LVU83
 285 000a 9A72     		strb	r2, [r3, #10]
  53:Core/Src/Leds.c **** 	alarm_led->led_cur_state = DIM;
 286              		.loc 1 53 2 is_stmt 1 view .LVU84
 287              		.loc 1 53 27 is_stmt 0 view .LVU85
 288 000c 1A70     		strb	r2, [r3]
  54:Core/Src/Leds.c **** }...
 289              		.loc 1 54 1 view .LVU86
ARM GAS  C:\Users\zhmis\AppData\Local\Temp\ccWh830b.s 			page 7


 290 000e 7047     		bx	lr
 291              	.L18:
 292              		.align	2
 293              	.L17:
 294 0010 00000000 		.word	alarm_led
 295              		.cfi_endproc
 296              	.LFE137:
 298              		.global	alarm_led
 299              		.section	.data.alarm_led,"aw"
 300              		.align	2
 303              	alarm_led:
 304 0000 00000000 		.word	hled
 305              		.global	hled
 306              		.section	.bss.hled,"aw",%nobits
 307              		.align	2
 310              	hled:
 311 0000 00000000 		.space	14
 311      00000000 
 311      00000000 
 311      0000
 312              		.text
 313              	.Letext0:
 314              		.file 2 "C:/Users/zhmis/AppData/Roaming/Code/User/globalStorage/bmd.stm32-for-vscode/@xpack-dev-to
 315              		.file 3 "C:/Users/zhmis/AppData/Roaming/Code/User/globalStorage/bmd.stm32-for-vscode/@xpack-dev-to
 316              		.file 4 "Drivers/CMSIS/Device/ST/STM32F4xx/Include/stm32f407xx.h"
 317              		.file 5 "Drivers/STM32F4xx_HAL_Driver/Inc/stm32f4xx_hal_gpio.h"
 318              		.file 6 "Core/Inc/Leds.h"
ARM GAS  C:\Users\zhmis\AppData\Local\Temp\ccWh830b.s 			page 8


DEFINED SYMBOLS
                            *ABS*:00000000 Leds.c
C:\Users\zhmis\AppData\Local\Temp\ccWh830b.s:21     .text.led_init:00000000 $t
C:\Users\zhmis\AppData\Local\Temp\ccWh830b.s:27     .text.led_init:00000000 led_init
C:\Users\zhmis\AppData\Local\Temp\ccWh830b.s:84     .text.led_init:00000030 $d
C:\Users\zhmis\AppData\Local\Temp\ccWh830b.s:303    .data.alarm_led:00000000 alarm_led
C:\Users\zhmis\AppData\Local\Temp\ccWh830b.s:90     .text.leds_calculation:00000000 $t
C:\Users\zhmis\AppData\Local\Temp\ccWh830b.s:96     .text.leds_calculation:00000000 leds_calculation
C:\Users\zhmis\AppData\Local\Temp\ccWh830b.s:214    .text.leds_calculation:00000088 $d
C:\Users\zhmis\AppData\Local\Temp\ccWh830b.s:220    .text.leds_blink_start:00000000 $t
C:\Users\zhmis\AppData\Local\Temp\ccWh830b.s:226    .text.leds_blink_start:00000000 leds_blink_start
C:\Users\zhmis\AppData\Local\Temp\ccWh830b.s:255    .text.leds_blink_start:00000014 $d
C:\Users\zhmis\AppData\Local\Temp\ccWh830b.s:260    .text.leds_blink_stop:00000000 $t
C:\Users\zhmis\AppData\Local\Temp\ccWh830b.s:266    .text.leds_blink_stop:00000000 leds_blink_stop
C:\Users\zhmis\AppData\Local\Temp\ccWh830b.s:294    .text.leds_blink_stop:00000010 $d
C:\Users\zhmis\AppData\Local\Temp\ccWh830b.s:300    .data.alarm_led:00000000 $d
C:\Users\zhmis\AppData\Local\Temp\ccWh830b.s:310    .bss.hled:00000000 hled
C:\Users\zhmis\AppData\Local\Temp\ccWh830b.s:307    .bss.hled:00000000 $d

UNDEFINED SYMBOLS
HAL_GPIO_WritePin
