ARM GAS  C:\Users\zhmis\AppData\Local\Temp\ccDlgaKx.s 			page 1


   1              		.cpu cortex-m4
   2              		.arch armv7e-m
   3              		.fpu fpv4-sp-d16
   4              		.eabi_attribute 27, 1
   5              		.eabi_attribute 28, 1
   6              		.eabi_attribute 20, 1
   7              		.eabi_attribute 21, 1
   8              		.eabi_attribute 23, 3
   9              		.eabi_attribute 24, 1
  10              		.eabi_attribute 25, 1
  11              		.eabi_attribute 26, 1
  12              		.eabi_attribute 30, 1
  13              		.eabi_attribute 34, 1
  14              		.eabi_attribute 18, 4
  15              		.file	"rtc.c"
  16              		.text
  17              	.Ltext0:
  18              		.cfi_sections	.debug_frame
  19              		.file 1 "Core/Src/rtc.c"
  20              		.section	.text.MX_RTC_Init,"ax",%progbits
  21              		.align	1
  22              		.global	MX_RTC_Init
  23              		.syntax unified
  24              		.thumb
  25              		.thumb_func
  27              	MX_RTC_Init:
  28              	.LFB134:
   1:Core/Src/rtc.c **** /* USER CODE BEGIN Header */
   2:Core/Src/rtc.c **** /**
   3:Core/Src/rtc.c ****   ******************************************************************************
   4:Core/Src/rtc.c ****   * @file    rtc.c
   5:Core/Src/rtc.c ****   * @brief   This file provides code for the configuration
   6:Core/Src/rtc.c ****   *          of the RTC instances.
   7:Core/Src/rtc.c ****   ******************************************************************************
   8:Core/Src/rtc.c ****   * @attention
   9:Core/Src/rtc.c ****   *
  10:Core/Src/rtc.c ****   * Copyright (c) 2024 STMicroelectronics.
  11:Core/Src/rtc.c ****   * All rights reserved.
  12:Core/Src/rtc.c ****   *
  13:Core/Src/rtc.c ****   * This software is licensed under terms that can be found in the LICENSE file
  14:Core/Src/rtc.c ****   * in the root directory of this software component.
  15:Core/Src/rtc.c ****   * If no LICENSE file comes with this software, it is provided AS-IS.
  16:Core/Src/rtc.c ****   *
  17:Core/Src/rtc.c ****   ******************************************************************************
  18:Core/Src/rtc.c ****   */
  19:Core/Src/rtc.c **** /* USER CODE END Header */
  20:Core/Src/rtc.c **** /* Includes ------------------------------------------------------------------*/
  21:Core/Src/rtc.c **** #include "rtc.h"
  22:Core/Src/rtc.c **** 
  23:Core/Src/rtc.c **** /* USER CODE BEGIN 0 */
  24:Core/Src/rtc.c **** 
  25:Core/Src/rtc.c **** /* USER CODE END 0 */
  26:Core/Src/rtc.c **** 
  27:Core/Src/rtc.c **** RTC_HandleTypeDef hrtc;
  28:Core/Src/rtc.c **** 
  29:Core/Src/rtc.c **** /* RTC init function */
  30:Core/Src/rtc.c **** void MX_RTC_Init(void)
ARM GAS  C:\Users\zhmis\AppData\Local\Temp\ccDlgaKx.s 			page 2


  31:Core/Src/rtc.c **** {
  29              		.loc 1 31 1 view -0
  30              		.cfi_startproc
  31              		@ args = 0, pretend = 0, frame = 64
  32              		@ frame_needed = 0, uses_anonymous_args = 0
  33 0000 10B5     		push	{r4, lr}
  34              		.cfi_def_cfa_offset 8
  35              		.cfi_offset 4, -8
  36              		.cfi_offset 14, -4
  37 0002 90B0     		sub	sp, sp, #64
  38              		.cfi_def_cfa_offset 72
  32:Core/Src/rtc.c **** 
  33:Core/Src/rtc.c ****   /* USER CODE BEGIN RTC_Init 0 */
  34:Core/Src/rtc.c **** 
  35:Core/Src/rtc.c ****   /* USER CODE END RTC_Init 0 */
  36:Core/Src/rtc.c **** 
  37:Core/Src/rtc.c ****   RTC_TimeTypeDef sTime = {0};
  39              		.loc 1 37 3 view .LVU1
  40              		.loc 1 37 19 is_stmt 0 view .LVU2
  41 0004 0024     		movs	r4, #0
  42 0006 0B94     		str	r4, [sp, #44]
  43 0008 0C94     		str	r4, [sp, #48]
  44 000a 0D94     		str	r4, [sp, #52]
  45 000c 0E94     		str	r4, [sp, #56]
  46 000e 0F94     		str	r4, [sp, #60]
  38:Core/Src/rtc.c ****   RTC_DateTypeDef sDate = {0};
  47              		.loc 1 38 3 is_stmt 1 view .LVU3
  48              		.loc 1 38 19 is_stmt 0 view .LVU4
  49 0010 0A94     		str	r4, [sp, #40]
  39:Core/Src/rtc.c ****   RTC_AlarmTypeDef sAlarm = {0};
  50              		.loc 1 39 3 is_stmt 1 view .LVU5
  51              		.loc 1 39 20 is_stmt 0 view .LVU6
  52 0012 2822     		movs	r2, #40
  53 0014 2146     		mov	r1, r4
  54 0016 6846     		mov	r0, sp
  55 0018 FFF7FEFF 		bl	memset
  56              	.LVL0:
  40:Core/Src/rtc.c **** 
  41:Core/Src/rtc.c ****   /* USER CODE BEGIN RTC_Init 1 */
  42:Core/Src/rtc.c **** 
  43:Core/Src/rtc.c ****   /* USER CODE END RTC_Init 1 */
  44:Core/Src/rtc.c **** 
  45:Core/Src/rtc.c ****   /** Initialize RTC Only
  46:Core/Src/rtc.c ****   */
  47:Core/Src/rtc.c ****   hrtc.Instance = RTC;
  57              		.loc 1 47 3 is_stmt 1 view .LVU7
  58              		.loc 1 47 17 is_stmt 0 view .LVU8
  59 001c 2C48     		ldr	r0, .L11
  60 001e 2D4B     		ldr	r3, .L11+4
  61 0020 0360     		str	r3, [r0]
  48:Core/Src/rtc.c ****   hrtc.Init.HourFormat = RTC_HOURFORMAT_24;
  62              		.loc 1 48 3 is_stmt 1 view .LVU9
  63              		.loc 1 48 24 is_stmt 0 view .LVU10
  64 0022 4460     		str	r4, [r0, #4]
  49:Core/Src/rtc.c ****   hrtc.Init.AsynchPrediv = 127;
  65              		.loc 1 49 3 is_stmt 1 view .LVU11
  66              		.loc 1 49 26 is_stmt 0 view .LVU12
ARM GAS  C:\Users\zhmis\AppData\Local\Temp\ccDlgaKx.s 			page 3


  67 0024 7F23     		movs	r3, #127
  68 0026 8360     		str	r3, [r0, #8]
  50:Core/Src/rtc.c ****   hrtc.Init.SynchPrediv = 255;
  69              		.loc 1 50 3 is_stmt 1 view .LVU13
  70              		.loc 1 50 25 is_stmt 0 view .LVU14
  71 0028 FF23     		movs	r3, #255
  72 002a C360     		str	r3, [r0, #12]
  51:Core/Src/rtc.c ****   hrtc.Init.OutPut = RTC_OUTPUT_DISABLE;
  73              		.loc 1 51 3 is_stmt 1 view .LVU15
  74              		.loc 1 51 20 is_stmt 0 view .LVU16
  75 002c 0461     		str	r4, [r0, #16]
  52:Core/Src/rtc.c ****   hrtc.Init.OutPutPolarity = RTC_OUTPUT_POLARITY_HIGH;
  76              		.loc 1 52 3 is_stmt 1 view .LVU17
  77              		.loc 1 52 28 is_stmt 0 view .LVU18
  78 002e 4461     		str	r4, [r0, #20]
  53:Core/Src/rtc.c ****   hrtc.Init.OutPutType = RTC_OUTPUT_TYPE_OPENDRAIN;
  79              		.loc 1 53 3 is_stmt 1 view .LVU19
  80              		.loc 1 53 24 is_stmt 0 view .LVU20
  81 0030 8461     		str	r4, [r0, #24]
  54:Core/Src/rtc.c ****   if (HAL_RTC_Init(&hrtc) != HAL_OK)
  82              		.loc 1 54 3 is_stmt 1 view .LVU21
  83              		.loc 1 54 7 is_stmt 0 view .LVU22
  84 0032 FFF7FEFF 		bl	HAL_RTC_Init
  85              	.LVL1:
  86              		.loc 1 54 6 discriminator 1 view .LVU23
  87 0036 0028     		cmp	r0, #0
  88 0038 3ED1     		bne	.L7
  89              	.L2:
  55:Core/Src/rtc.c ****   {
  56:Core/Src/rtc.c ****     Error_Handler();
  57:Core/Src/rtc.c ****   }
  58:Core/Src/rtc.c **** 
  59:Core/Src/rtc.c ****   /* USER CODE BEGIN Check_RTC_BKUP */
  60:Core/Src/rtc.c **** 
  61:Core/Src/rtc.c ****   /* USER CODE END Check_RTC_BKUP */
  62:Core/Src/rtc.c **** 
  63:Core/Src/rtc.c ****   /** Initialize RTC and set the Time and Date
  64:Core/Src/rtc.c ****   */
  65:Core/Src/rtc.c ****   sTime.Hours = 0x17;
  90              		.loc 1 65 3 is_stmt 1 view .LVU24
  91              		.loc 1 65 15 is_stmt 0 view .LVU25
  92 003a 1723     		movs	r3, #23
  93 003c 8DF82C30 		strb	r3, [sp, #44]
  66:Core/Src/rtc.c ****   sTime.Minutes = 0x10;
  94              		.loc 1 66 3 is_stmt 1 view .LVU26
  95              		.loc 1 66 17 is_stmt 0 view .LVU27
  96 0040 1023     		movs	r3, #16
  97 0042 8DF82D30 		strb	r3, [sp, #45]
  67:Core/Src/rtc.c ****   sTime.Seconds = 0x0;
  98              		.loc 1 67 3 is_stmt 1 view .LVU28
  99              		.loc 1 67 17 is_stmt 0 view .LVU29
 100 0046 0023     		movs	r3, #0
 101 0048 8DF82E30 		strb	r3, [sp, #46]
  68:Core/Src/rtc.c ****   sTime.DayLightSaving = RTC_DAYLIGHTSAVING_NONE;
 102              		.loc 1 68 3 is_stmt 1 view .LVU30
 103              		.loc 1 68 24 is_stmt 0 view .LVU31
 104 004c 0E93     		str	r3, [sp, #56]
ARM GAS  C:\Users\zhmis\AppData\Local\Temp\ccDlgaKx.s 			page 4


  69:Core/Src/rtc.c ****   sTime.StoreOperation = RTC_STOREOPERATION_RESET;
 105              		.loc 1 69 3 is_stmt 1 view .LVU32
 106              		.loc 1 69 24 is_stmt 0 view .LVU33
 107 004e 0F93     		str	r3, [sp, #60]
  70:Core/Src/rtc.c ****   if (HAL_RTC_SetTime(&hrtc, &sTime, RTC_FORMAT_BCD) != HAL_OK)
 108              		.loc 1 70 3 is_stmt 1 view .LVU34
 109              		.loc 1 70 7 is_stmt 0 view .LVU35
 110 0050 0122     		movs	r2, #1
 111 0052 0BA9     		add	r1, sp, #44
 112 0054 1E48     		ldr	r0, .L11
 113 0056 FFF7FEFF 		bl	HAL_RTC_SetTime
 114              	.LVL2:
 115              		.loc 1 70 6 discriminator 1 view .LVU36
 116 005a 80BB     		cbnz	r0, .L8
 117              	.L3:
  71:Core/Src/rtc.c ****   {
  72:Core/Src/rtc.c ****     Error_Handler();
  73:Core/Src/rtc.c ****   }
  74:Core/Src/rtc.c ****   sDate.WeekDay = RTC_WEEKDAY_TUESDAY;
 118              		.loc 1 74 3 is_stmt 1 view .LVU37
 119              		.loc 1 74 17 is_stmt 0 view .LVU38
 120 005c 0223     		movs	r3, #2
 121 005e 8DF82830 		strb	r3, [sp, #40]
  75:Core/Src/rtc.c ****   sDate.Month = RTC_MONTH_OCTOBER;
 122              		.loc 1 75 3 is_stmt 1 view .LVU39
 123              		.loc 1 75 15 is_stmt 0 view .LVU40
 124 0062 1023     		movs	r3, #16
 125 0064 8DF82930 		strb	r3, [sp, #41]
  76:Core/Src/rtc.c ****   sDate.Date = 0x8;
 126              		.loc 1 76 3 is_stmt 1 view .LVU41
 127              		.loc 1 76 14 is_stmt 0 view .LVU42
 128 0068 0823     		movs	r3, #8
 129 006a 8DF82A30 		strb	r3, [sp, #42]
  77:Core/Src/rtc.c ****   sDate.Year = 0x24;
 130              		.loc 1 77 3 is_stmt 1 view .LVU43
 131              		.loc 1 77 14 is_stmt 0 view .LVU44
 132 006e 2423     		movs	r3, #36
 133 0070 8DF82B30 		strb	r3, [sp, #43]
  78:Core/Src/rtc.c **** 
  79:Core/Src/rtc.c ****   if (HAL_RTC_SetDate(&hrtc, &sDate, RTC_FORMAT_BCD) != HAL_OK)
 134              		.loc 1 79 3 is_stmt 1 view .LVU45
 135              		.loc 1 79 7 is_stmt 0 view .LVU46
 136 0074 0122     		movs	r2, #1
 137 0076 0AA9     		add	r1, sp, #40
 138 0078 1548     		ldr	r0, .L11
 139 007a FFF7FEFF 		bl	HAL_RTC_SetDate
 140              	.LVL3:
 141              		.loc 1 79 6 discriminator 1 view .LVU47
 142 007e 08BB     		cbnz	r0, .L9
 143              	.L4:
  80:Core/Src/rtc.c ****   {
  81:Core/Src/rtc.c ****     Error_Handler();
  82:Core/Src/rtc.c ****   }
  83:Core/Src/rtc.c **** 
  84:Core/Src/rtc.c ****   /** Enable the Alarm A
  85:Core/Src/rtc.c ****   */
  86:Core/Src/rtc.c ****   sAlarm.AlarmTime.Hours = 0x0;
ARM GAS  C:\Users\zhmis\AppData\Local\Temp\ccDlgaKx.s 			page 5


 144              		.loc 1 86 3 is_stmt 1 view .LVU48
 145              		.loc 1 86 26 is_stmt 0 view .LVU49
 146 0080 0023     		movs	r3, #0
 147 0082 8DF80030 		strb	r3, [sp]
  87:Core/Src/rtc.c ****   sAlarm.AlarmTime.Minutes = 0x0;
 148              		.loc 1 87 3 is_stmt 1 view .LVU50
 149              		.loc 1 87 28 is_stmt 0 view .LVU51
 150 0086 8DF80130 		strb	r3, [sp, #1]
  88:Core/Src/rtc.c ****   sAlarm.AlarmTime.Seconds = 0x0;
 151              		.loc 1 88 3 is_stmt 1 view .LVU52
 152              		.loc 1 88 28 is_stmt 0 view .LVU53
 153 008a 8DF80230 		strb	r3, [sp, #2]
  89:Core/Src/rtc.c ****   sAlarm.AlarmTime.SubSeconds = 0x0;
 154              		.loc 1 89 3 is_stmt 1 view .LVU54
 155              		.loc 1 89 31 is_stmt 0 view .LVU55
 156 008e 0193     		str	r3, [sp, #4]
  90:Core/Src/rtc.c ****   sAlarm.AlarmTime.DayLightSaving = RTC_DAYLIGHTSAVING_NONE;
 157              		.loc 1 90 3 is_stmt 1 view .LVU56
 158              		.loc 1 90 35 is_stmt 0 view .LVU57
 159 0090 0393     		str	r3, [sp, #12]
  91:Core/Src/rtc.c ****   sAlarm.AlarmTime.StoreOperation = RTC_STOREOPERATION_RESET;
 160              		.loc 1 91 3 is_stmt 1 view .LVU58
 161              		.loc 1 91 35 is_stmt 0 view .LVU59
 162 0092 0493     		str	r3, [sp, #16]
  92:Core/Src/rtc.c ****   sAlarm.AlarmMask = RTC_ALARMMASK_DATEWEEKDAY;
 163              		.loc 1 92 3 is_stmt 1 view .LVU60
 164              		.loc 1 92 20 is_stmt 0 view .LVU61
 165 0094 4FF00042 		mov	r2, #-2147483648
 166 0098 0592     		str	r2, [sp, #20]
  93:Core/Src/rtc.c ****   sAlarm.AlarmSubSecondMask = RTC_ALARMSUBSECONDMASK_ALL;
 167              		.loc 1 93 3 is_stmt 1 view .LVU62
 168              		.loc 1 93 29 is_stmt 0 view .LVU63
 169 009a 0693     		str	r3, [sp, #24]
  94:Core/Src/rtc.c ****   sAlarm.AlarmDateWeekDaySel = RTC_ALARMDATEWEEKDAYSEL_DATE;
 170              		.loc 1 94 3 is_stmt 1 view .LVU64
 171              		.loc 1 94 30 is_stmt 0 view .LVU65
 172 009c 0793     		str	r3, [sp, #28]
  95:Core/Src/rtc.c ****   sAlarm.AlarmDateWeekDay = 0x1;
 173              		.loc 1 95 3 is_stmt 1 view .LVU66
 174              		.loc 1 95 27 is_stmt 0 view .LVU67
 175 009e 0122     		movs	r2, #1
 176 00a0 8DF82020 		strb	r2, [sp, #32]
  96:Core/Src/rtc.c ****   sAlarm.Alarm = RTC_ALARM_A;
 177              		.loc 1 96 3 is_stmt 1 view .LVU68
 178              		.loc 1 96 16 is_stmt 0 view .LVU69
 179 00a4 4FF48073 		mov	r3, #256
 180 00a8 0993     		str	r3, [sp, #36]
  97:Core/Src/rtc.c ****   if (HAL_RTC_SetAlarm_IT(&hrtc, &sAlarm, RTC_FORMAT_BCD) != HAL_OK)
 181              		.loc 1 97 3 is_stmt 1 view .LVU70
 182              		.loc 1 97 7 is_stmt 0 view .LVU71
 183 00aa 6946     		mov	r1, sp
 184 00ac 0848     		ldr	r0, .L11
 185 00ae FFF7FEFF 		bl	HAL_RTC_SetAlarm_IT
 186              	.LVL4:
 187              		.loc 1 97 6 discriminator 1 view .LVU72
 188 00b2 50B9     		cbnz	r0, .L10
 189              	.L1:
ARM GAS  C:\Users\zhmis\AppData\Local\Temp\ccDlgaKx.s 			page 6


  98:Core/Src/rtc.c ****   {
  99:Core/Src/rtc.c ****     Error_Handler();
 100:Core/Src/rtc.c ****   }
 101:Core/Src/rtc.c ****   /* USER CODE BEGIN RTC_Init 2 */
 102:Core/Src/rtc.c **** 
 103:Core/Src/rtc.c ****   /* USER CODE END RTC_Init 2 */
 104:Core/Src/rtc.c **** 
 105:Core/Src/rtc.c **** }
 190              		.loc 1 105 1 view .LVU73
 191 00b4 10B0     		add	sp, sp, #64
 192              		.cfi_remember_state
 193              		.cfi_def_cfa_offset 8
 194              		@ sp needed
 195 00b6 10BD     		pop	{r4, pc}
 196              	.L7:
 197              		.cfi_restore_state
  56:Core/Src/rtc.c ****   }
 198              		.loc 1 56 5 is_stmt 1 view .LVU74
 199 00b8 FFF7FEFF 		bl	Error_Handler
 200              	.LVL5:
 201 00bc BDE7     		b	.L2
 202              	.L8:
  72:Core/Src/rtc.c ****   }
 203              		.loc 1 72 5 view .LVU75
 204 00be FFF7FEFF 		bl	Error_Handler
 205              	.LVL6:
 206 00c2 CBE7     		b	.L3
 207              	.L9:
  81:Core/Src/rtc.c ****   }
 208              		.loc 1 81 5 view .LVU76
 209 00c4 FFF7FEFF 		bl	Error_Handler
 210              	.LVL7:
 211 00c8 DAE7     		b	.L4
 212              	.L10:
  99:Core/Src/rtc.c ****   }
 213              		.loc 1 99 5 view .LVU77
 214 00ca FFF7FEFF 		bl	Error_Handler
 215              	.LVL8:
 216              		.loc 1 105 1 is_stmt 0 view .LVU78
 217 00ce F1E7     		b	.L1
 218              	.L12:
 219              		.align	2
 220              	.L11:
 221 00d0 00000000 		.word	hrtc
 222 00d4 00280040 		.word	1073752064
 223              		.cfi_endproc
 224              	.LFE134:
 226              		.section	.text.HAL_RTC_MspInit,"ax",%progbits
 227              		.align	1
 228              		.global	HAL_RTC_MspInit
 229              		.syntax unified
 230              		.thumb
 231              		.thumb_func
 233              	HAL_RTC_MspInit:
 234              	.LVL9:
 235              	.LFB135:
 106:Core/Src/rtc.c **** 
ARM GAS  C:\Users\zhmis\AppData\Local\Temp\ccDlgaKx.s 			page 7


 107:Core/Src/rtc.c **** void HAL_RTC_MspInit(RTC_HandleTypeDef* rtcHandle)
 108:Core/Src/rtc.c **** {
 236              		.loc 1 108 1 is_stmt 1 view -0
 237              		.cfi_startproc
 238              		@ args = 0, pretend = 0, frame = 16
 239              		@ frame_needed = 0, uses_anonymous_args = 0
 240              		.loc 1 108 1 is_stmt 0 view .LVU80
 241 0000 00B5     		push	{lr}
 242              		.cfi_def_cfa_offset 4
 243              		.cfi_offset 14, -4
 244 0002 85B0     		sub	sp, sp, #20
 245              		.cfi_def_cfa_offset 24
 109:Core/Src/rtc.c **** 
 110:Core/Src/rtc.c ****   RCC_PeriphCLKInitTypeDef PeriphClkInitStruct = {0};
 246              		.loc 1 110 3 is_stmt 1 view .LVU81
 247              		.loc 1 110 28 is_stmt 0 view .LVU82
 248 0004 0023     		movs	r3, #0
 249 0006 0093     		str	r3, [sp]
 250 0008 0193     		str	r3, [sp, #4]
 251 000a 0293     		str	r3, [sp, #8]
 252 000c 0393     		str	r3, [sp, #12]
 111:Core/Src/rtc.c ****   if(rtcHandle->Instance==RTC)
 253              		.loc 1 111 3 is_stmt 1 view .LVU83
 254              		.loc 1 111 15 is_stmt 0 view .LVU84
 255 000e 0268     		ldr	r2, [r0]
 256              		.loc 1 111 5 view .LVU85
 257 0010 0F4B     		ldr	r3, .L19
 258 0012 9A42     		cmp	r2, r3
 259 0014 02D0     		beq	.L17
 260              	.LVL10:
 261              	.L13:
 112:Core/Src/rtc.c ****   {
 113:Core/Src/rtc.c ****   /* USER CODE BEGIN RTC_MspInit 0 */
 114:Core/Src/rtc.c **** 
 115:Core/Src/rtc.c ****   /* USER CODE END RTC_MspInit 0 */
 116:Core/Src/rtc.c **** 
 117:Core/Src/rtc.c ****   /** Initializes the peripherals clock
 118:Core/Src/rtc.c ****   */
 119:Core/Src/rtc.c ****     PeriphClkInitStruct.PeriphClockSelection = RCC_PERIPHCLK_RTC;
 120:Core/Src/rtc.c ****     PeriphClkInitStruct.RTCClockSelection = RCC_RTCCLKSOURCE_LSE;
 121:Core/Src/rtc.c ****     if (HAL_RCCEx_PeriphCLKConfig(&PeriphClkInitStruct) != HAL_OK)
 122:Core/Src/rtc.c ****     {
 123:Core/Src/rtc.c ****       Error_Handler();
 124:Core/Src/rtc.c ****     }
 125:Core/Src/rtc.c **** 
 126:Core/Src/rtc.c ****     /* RTC clock enable */
 127:Core/Src/rtc.c ****     __HAL_RCC_RTC_ENABLE();
 128:Core/Src/rtc.c **** 
 129:Core/Src/rtc.c ****     /* RTC interrupt Init */
 130:Core/Src/rtc.c ****     HAL_NVIC_SetPriority(RTC_Alarm_IRQn, 0, 0);
 131:Core/Src/rtc.c ****     HAL_NVIC_EnableIRQ(RTC_Alarm_IRQn);
 132:Core/Src/rtc.c ****   /* USER CODE BEGIN RTC_MspInit 1 */
 133:Core/Src/rtc.c **** 
 134:Core/Src/rtc.c ****   /* USER CODE END RTC_MspInit 1 */
 135:Core/Src/rtc.c ****   }
 136:Core/Src/rtc.c **** }
 262              		.loc 1 136 1 view .LVU86
ARM GAS  C:\Users\zhmis\AppData\Local\Temp\ccDlgaKx.s 			page 8


 263 0016 05B0     		add	sp, sp, #20
 264              		.cfi_remember_state
 265              		.cfi_def_cfa_offset 4
 266              		@ sp needed
 267 0018 5DF804FB 		ldr	pc, [sp], #4
 268              	.LVL11:
 269              	.L17:
 270              		.cfi_restore_state
 119:Core/Src/rtc.c ****     PeriphClkInitStruct.RTCClockSelection = RCC_RTCCLKSOURCE_LSE;
 271              		.loc 1 119 5 is_stmt 1 view .LVU87
 119:Core/Src/rtc.c ****     PeriphClkInitStruct.RTCClockSelection = RCC_RTCCLKSOURCE_LSE;
 272              		.loc 1 119 46 is_stmt 0 view .LVU88
 273 001c 0223     		movs	r3, #2
 274 001e 0093     		str	r3, [sp]
 120:Core/Src/rtc.c ****     if (HAL_RCCEx_PeriphCLKConfig(&PeriphClkInitStruct) != HAL_OK)
 275              		.loc 1 120 5 is_stmt 1 view .LVU89
 120:Core/Src/rtc.c ****     if (HAL_RCCEx_PeriphCLKConfig(&PeriphClkInitStruct) != HAL_OK)
 276              		.loc 1 120 43 is_stmt 0 view .LVU90
 277 0020 4FF48073 		mov	r3, #256
 278 0024 0393     		str	r3, [sp, #12]
 121:Core/Src/rtc.c ****     {
 279              		.loc 1 121 5 is_stmt 1 view .LVU91
 121:Core/Src/rtc.c ****     {
 280              		.loc 1 121 9 is_stmt 0 view .LVU92
 281 0026 6846     		mov	r0, sp
 282              	.LVL12:
 121:Core/Src/rtc.c ****     {
 283              		.loc 1 121 9 view .LVU93
 284 0028 FFF7FEFF 		bl	HAL_RCCEx_PeriphCLKConfig
 285              	.LVL13:
 121:Core/Src/rtc.c ****     {
 286              		.loc 1 121 8 discriminator 1 view .LVU94
 287 002c 60B9     		cbnz	r0, .L18
 288              	.L15:
 127:Core/Src/rtc.c **** 
 289              		.loc 1 127 5 is_stmt 1 view .LVU95
 290 002e 094B     		ldr	r3, .L19+4
 291 0030 0122     		movs	r2, #1
 292 0032 C3F83C2E 		str	r2, [r3, #3644]
 130:Core/Src/rtc.c ****     HAL_NVIC_EnableIRQ(RTC_Alarm_IRQn);
 293              		.loc 1 130 5 view .LVU96
 294 0036 0022     		movs	r2, #0
 295 0038 1146     		mov	r1, r2
 296 003a 2920     		movs	r0, #41
 297 003c FFF7FEFF 		bl	HAL_NVIC_SetPriority
 298              	.LVL14:
 131:Core/Src/rtc.c ****   /* USER CODE BEGIN RTC_MspInit 1 */
 299              		.loc 1 131 5 view .LVU97
 300 0040 2920     		movs	r0, #41
 301 0042 FFF7FEFF 		bl	HAL_NVIC_EnableIRQ
 302              	.LVL15:
 303              		.loc 1 136 1 is_stmt 0 view .LVU98
 304 0046 E6E7     		b	.L13
 305              	.L18:
 123:Core/Src/rtc.c ****     }
 306              		.loc 1 123 7 is_stmt 1 view .LVU99
 307 0048 FFF7FEFF 		bl	Error_Handler
ARM GAS  C:\Users\zhmis\AppData\Local\Temp\ccDlgaKx.s 			page 9


 308              	.LVL16:
 309 004c EFE7     		b	.L15
 310              	.L20:
 311 004e 00BF     		.align	2
 312              	.L19:
 313 0050 00280040 		.word	1073752064
 314 0054 00004742 		.word	1111949312
 315              		.cfi_endproc
 316              	.LFE135:
 318              		.section	.text.HAL_RTC_MspDeInit,"ax",%progbits
 319              		.align	1
 320              		.global	HAL_RTC_MspDeInit
 321              		.syntax unified
 322              		.thumb
 323              		.thumb_func
 325              	HAL_RTC_MspDeInit:
 326              	.LVL17:
 327              	.LFB136:
 137:Core/Src/rtc.c **** 
 138:Core/Src/rtc.c **** void HAL_RTC_MspDeInit(RTC_HandleTypeDef* rtcHandle)
 139:Core/Src/rtc.c **** {
 328              		.loc 1 139 1 view -0
 329              		.cfi_startproc
 330              		@ args = 0, pretend = 0, frame = 0
 331              		@ frame_needed = 0, uses_anonymous_args = 0
 332              		.loc 1 139 1 is_stmt 0 view .LVU101
 333 0000 08B5     		push	{r3, lr}
 334              		.cfi_def_cfa_offset 8
 335              		.cfi_offset 3, -8
 336              		.cfi_offset 14, -4
 140:Core/Src/rtc.c **** 
 141:Core/Src/rtc.c ****   if(rtcHandle->Instance==RTC)
 337              		.loc 1 141 3 is_stmt 1 view .LVU102
 338              		.loc 1 141 15 is_stmt 0 view .LVU103
 339 0002 0268     		ldr	r2, [r0]
 340              		.loc 1 141 5 view .LVU104
 341 0004 054B     		ldr	r3, .L25
 342 0006 9A42     		cmp	r2, r3
 343 0008 00D0     		beq	.L24
 344              	.LVL18:
 345              	.L21:
 142:Core/Src/rtc.c ****   {
 143:Core/Src/rtc.c ****   /* USER CODE BEGIN RTC_MspDeInit 0 */
 144:Core/Src/rtc.c **** 
 145:Core/Src/rtc.c ****   /* USER CODE END RTC_MspDeInit 0 */
 146:Core/Src/rtc.c ****     /* Peripheral clock disable */
 147:Core/Src/rtc.c ****     __HAL_RCC_RTC_DISABLE();
 148:Core/Src/rtc.c **** 
 149:Core/Src/rtc.c ****     /* RTC interrupt Deinit */
 150:Core/Src/rtc.c ****     HAL_NVIC_DisableIRQ(RTC_Alarm_IRQn);
 151:Core/Src/rtc.c ****   /* USER CODE BEGIN RTC_MspDeInit 1 */
 152:Core/Src/rtc.c **** 
 153:Core/Src/rtc.c ****   /* USER CODE END RTC_MspDeInit 1 */
 154:Core/Src/rtc.c ****   }
 155:Core/Src/rtc.c **** }
 346              		.loc 1 155 1 view .LVU105
 347 000a 08BD     		pop	{r3, pc}
ARM GAS  C:\Users\zhmis\AppData\Local\Temp\ccDlgaKx.s 			page 10


 348              	.LVL19:
 349              	.L24:
 147:Core/Src/rtc.c **** 
 350              		.loc 1 147 5 is_stmt 1 view .LVU106
 351 000c 044B     		ldr	r3, .L25+4
 352 000e 0022     		movs	r2, #0
 353 0010 C3F83C2E 		str	r2, [r3, #3644]
 150:Core/Src/rtc.c ****   /* USER CODE BEGIN RTC_MspDeInit 1 */
 354              		.loc 1 150 5 view .LVU107
 355 0014 2920     		movs	r0, #41
 356              	.LVL20:
 150:Core/Src/rtc.c ****   /* USER CODE BEGIN RTC_MspDeInit 1 */
 357              		.loc 1 150 5 is_stmt 0 view .LVU108
 358 0016 FFF7FEFF 		bl	HAL_NVIC_DisableIRQ
 359              	.LVL21:
 360              		.loc 1 155 1 view .LVU109
 361 001a F6E7     		b	.L21
 362              	.L26:
 363              		.align	2
 364              	.L25:
 365 001c 00280040 		.word	1073752064
 366 0020 00004742 		.word	1111949312
 367              		.cfi_endproc
 368              	.LFE136:
 370              		.global	hrtc
 371              		.section	.bss.hrtc,"aw",%nobits
 372              		.align	2
 375              	hrtc:
 376 0000 00000000 		.space	32
 376      00000000 
 376      00000000 
 376      00000000 
 376      00000000 
 377              		.text
 378              	.Letext0:
 379              		.file 2 "Drivers/CMSIS/Device/ST/STM32F4xx/Include/stm32f407xx.h"
 380              		.file 3 "C:/Users/zhmis/AppData/Roaming/Code/User/globalStorage/bmd.stm32-for-vscode/@xpack-dev-to
 381              		.file 4 "C:/Users/zhmis/AppData/Roaming/Code/User/globalStorage/bmd.stm32-for-vscode/@xpack-dev-to
 382              		.file 5 "Drivers/CMSIS/Device/ST/STM32F4xx/Include/stm32f4xx.h"
 383              		.file 6 "Drivers/STM32F4xx_HAL_Driver/Inc/stm32f4xx_hal_def.h"
 384              		.file 7 "Drivers/STM32F4xx_HAL_Driver/Inc/stm32f4xx_hal_rcc_ex.h"
 385              		.file 8 "Drivers/STM32F4xx_HAL_Driver/Inc/stm32f4xx_hal_rtc.h"
 386              		.file 9 "Drivers/STM32F4xx_HAL_Driver/Inc/stm32f4xx_hal_cortex.h"
 387              		.file 10 "Core/Inc/rtc.h"
 388              		.file 11 "Core/Inc/main.h"
 389              		.file 12 "<built-in>"
ARM GAS  C:\Users\zhmis\AppData\Local\Temp\ccDlgaKx.s 			page 11


DEFINED SYMBOLS
                            *ABS*:00000000 rtc.c
C:\Users\zhmis\AppData\Local\Temp\ccDlgaKx.s:21     .text.MX_RTC_Init:00000000 $t
C:\Users\zhmis\AppData\Local\Temp\ccDlgaKx.s:27     .text.MX_RTC_Init:00000000 MX_RTC_Init
C:\Users\zhmis\AppData\Local\Temp\ccDlgaKx.s:221    .text.MX_RTC_Init:000000d0 $d
C:\Users\zhmis\AppData\Local\Temp\ccDlgaKx.s:375    .bss.hrtc:00000000 hrtc
C:\Users\zhmis\AppData\Local\Temp\ccDlgaKx.s:227    .text.HAL_RTC_MspInit:00000000 $t
C:\Users\zhmis\AppData\Local\Temp\ccDlgaKx.s:233    .text.HAL_RTC_MspInit:00000000 HAL_RTC_MspInit
C:\Users\zhmis\AppData\Local\Temp\ccDlgaKx.s:313    .text.HAL_RTC_MspInit:00000050 $d
C:\Users\zhmis\AppData\Local\Temp\ccDlgaKx.s:319    .text.HAL_RTC_MspDeInit:00000000 $t
C:\Users\zhmis\AppData\Local\Temp\ccDlgaKx.s:325    .text.HAL_RTC_MspDeInit:00000000 HAL_RTC_MspDeInit
C:\Users\zhmis\AppData\Local\Temp\ccDlgaKx.s:365    .text.HAL_RTC_MspDeInit:0000001c $d
C:\Users\zhmis\AppData\Local\Temp\ccDlgaKx.s:372    .bss.hrtc:00000000 $d

UNDEFINED SYMBOLS
memset
HAL_RTC_Init
HAL_RTC_SetTime
HAL_RTC_SetDate
HAL_RTC_SetAlarm_IT
Error_Handler
HAL_RCCEx_PeriphCLKConfig
HAL_NVIC_SetPriority
HAL_NVIC_EnableIRQ
HAL_NVIC_DisableIRQ
