ARM GAS  C:\Users\zhmis\AppData\Local\Temp\ccV0kMnc.s 			page 1


   1              		.cpu cortex-m4
   2              		.arch armv7e-m
   3              		.fpu fpv4-sp-d16
   4              		.eabi_attribute 27, 1
   5              		.eabi_attribute 28, 1
   6              		.eabi_attribute 20, 1
   7              		.eabi_attribute 21, 1
   8              		.eabi_attribute 23, 3
   9              		.eabi_attribute 24, 1
  10              		.eabi_attribute 25, 1
  11              		.eabi_attribute 26, 1
  12              		.eabi_attribute 30, 1
  13              		.eabi_attribute 34, 1
  14              		.eabi_attribute 18, 4
  15              		.file	"stm32f4xx_it.c"
  16              		.text
  17              	.Ltext0:
  18              		.cfi_sections	.debug_frame
  19              		.file 1 "Core/Src/stm32f4xx_it.c"
  20              		.section	.text.NMI_Handler,"ax",%progbits
  21              		.align	1
  22              		.global	NMI_Handler
  23              		.syntax unified
  24              		.thumb
  25              		.thumb_func
  27              	NMI_Handler:
  28              	.LFB134:
   1:Core/Src/stm32f4xx_it.c **** /* USER CODE BEGIN Header */
   2:Core/Src/stm32f4xx_it.c **** /**
   3:Core/Src/stm32f4xx_it.c ****   ******************************************************************************
   4:Core/Src/stm32f4xx_it.c ****   * @file    stm32f4xx_it.c
   5:Core/Src/stm32f4xx_it.c ****   * @brief   Interrupt Service Routines.
   6:Core/Src/stm32f4xx_it.c ****   ******************************************************************************
   7:Core/Src/stm32f4xx_it.c ****   * @attention
   8:Core/Src/stm32f4xx_it.c ****   *
   9:Core/Src/stm32f4xx_it.c ****   * Copyright (c) 2024 STMicroelectronics.
  10:Core/Src/stm32f4xx_it.c ****   * All rights reserved.
  11:Core/Src/stm32f4xx_it.c ****   *
  12:Core/Src/stm32f4xx_it.c ****   * This software is licensed under terms that can be found in the LICENSE file
  13:Core/Src/stm32f4xx_it.c ****   * in the root directory of this software component.
  14:Core/Src/stm32f4xx_it.c ****   * If no LICENSE file comes with this software, it is provided AS-IS.
  15:Core/Src/stm32f4xx_it.c ****   *
  16:Core/Src/stm32f4xx_it.c ****   ******************************************************************************
  17:Core/Src/stm32f4xx_it.c ****   */
  18:Core/Src/stm32f4xx_it.c **** /* USER CODE END Header */
  19:Core/Src/stm32f4xx_it.c **** 
  20:Core/Src/stm32f4xx_it.c **** /* Includes ------------------------------------------------------------------*/
  21:Core/Src/stm32f4xx_it.c **** #include "main.h"
  22:Core/Src/stm32f4xx_it.c **** #include "stm32f4xx_it.h"
  23:Core/Src/stm32f4xx_it.c **** /* Private includes ----------------------------------------------------------*/
  24:Core/Src/stm32f4xx_it.c **** /* USER CODE BEGIN Includes */
  25:Core/Src/stm32f4xx_it.c **** #include "rtc.h"
  26:Core/Src/stm32f4xx_it.c **** #include "alrm_logic.h"
  27:Core/Src/stm32f4xx_it.c **** /* USER CODE END Includes */
  28:Core/Src/stm32f4xx_it.c **** 
  29:Core/Src/stm32f4xx_it.c **** /* Private typedef -----------------------------------------------------------*/
  30:Core/Src/stm32f4xx_it.c **** /* USER CODE BEGIN TD */
ARM GAS  C:\Users\zhmis\AppData\Local\Temp\ccV0kMnc.s 			page 2


  31:Core/Src/stm32f4xx_it.c **** 
  32:Core/Src/stm32f4xx_it.c **** /* USER CODE END TD */
  33:Core/Src/stm32f4xx_it.c **** 
  34:Core/Src/stm32f4xx_it.c **** /* Private define ------------------------------------------------------------*/
  35:Core/Src/stm32f4xx_it.c **** /* USER CODE BEGIN PD */
  36:Core/Src/stm32f4xx_it.c **** 
  37:Core/Src/stm32f4xx_it.c **** /* USER CODE END PD */
  38:Core/Src/stm32f4xx_it.c **** 
  39:Core/Src/stm32f4xx_it.c **** /* Private macro -------------------------------------------------------------*/
  40:Core/Src/stm32f4xx_it.c **** /* USER CODE BEGIN PM */
  41:Core/Src/stm32f4xx_it.c **** 
  42:Core/Src/stm32f4xx_it.c **** /* USER CODE END PM */
  43:Core/Src/stm32f4xx_it.c **** 
  44:Core/Src/stm32f4xx_it.c **** /* Private variables ---------------------------------------------------------*/
  45:Core/Src/stm32f4xx_it.c **** /* USER CODE BEGIN PV */
  46:Core/Src/stm32f4xx_it.c **** uint8_t debug_settime_trig,debug_setalarm_trig;
  47:Core/Src/stm32f4xx_it.c **** uint8_t ab_alarm_hour, ab_alarm_min, ab_alarm_sec, db_hr, db_min, db_sec;
  48:Core/Src/stm32f4xx_it.c **** 
  49:Core/Src/stm32f4xx_it.c **** uint16_t timer_cnt;
  50:Core/Src/stm32f4xx_it.c **** 
  51:Core/Src/stm32f4xx_it.c **** uint8_t init_buttons_flag;
  52:Core/Src/stm32f4xx_it.c **** 
  53:Core/Src/stm32f4xx_it.c **** uint8_t db_b0_short_cnt, db_b1_short_cnt;
  54:Core/Src/stm32f4xx_it.c **** 
  55:Core/Src/stm32f4xx_it.c **** /* USER CODE END PV */
  56:Core/Src/stm32f4xx_it.c **** 
  57:Core/Src/stm32f4xx_it.c **** /* Private function prototypes -----------------------------------------------*/
  58:Core/Src/stm32f4xx_it.c **** /* USER CODE BEGIN PFP */
  59:Core/Src/stm32f4xx_it.c **** 
  60:Core/Src/stm32f4xx_it.c **** /* USER CODE END PFP */
  61:Core/Src/stm32f4xx_it.c **** 
  62:Core/Src/stm32f4xx_it.c **** /* Private user code ---------------------------------------------------------*/
  63:Core/Src/stm32f4xx_it.c **** /* USER CODE BEGIN 0 */
  64:Core/Src/stm32f4xx_it.c **** 
  65:Core/Src/stm32f4xx_it.c **** /* USER CODE END 0 */
  66:Core/Src/stm32f4xx_it.c **** 
  67:Core/Src/stm32f4xx_it.c **** /* External variables --------------------------------------------------------*/
  68:Core/Src/stm32f4xx_it.c **** extern RTC_HandleTypeDef hrtc;
  69:Core/Src/stm32f4xx_it.c **** extern DMA_HandleTypeDef hdma_spi1_tx;
  70:Core/Src/stm32f4xx_it.c **** extern SPI_HandleTypeDef hspi1;
  71:Core/Src/stm32f4xx_it.c **** extern TIM_HandleTypeDef htim6;
  72:Core/Src/stm32f4xx_it.c **** /* USER CODE BEGIN EV */
  73:Core/Src/stm32f4xx_it.c **** 
  74:Core/Src/stm32f4xx_it.c **** 
  75:Core/Src/stm32f4xx_it.c **** /* USER CODE END EV */
  76:Core/Src/stm32f4xx_it.c **** 
  77:Core/Src/stm32f4xx_it.c **** /******************************************************************************/
  78:Core/Src/stm32f4xx_it.c **** /*           Cortex-M4 Processor Interruption and Exception Handlers          */
  79:Core/Src/stm32f4xx_it.c **** /******************************************************************************/
  80:Core/Src/stm32f4xx_it.c **** /**
  81:Core/Src/stm32f4xx_it.c ****   * @brief This function handles Non maskable interrupt.
  82:Core/Src/stm32f4xx_it.c ****   */
  83:Core/Src/stm32f4xx_it.c **** void NMI_Handler(void)
  84:Core/Src/stm32f4xx_it.c **** {
  29              		.loc 1 84 1 view -0
  30              		.cfi_startproc
  31              		@ Volatile: function does not return.
ARM GAS  C:\Users\zhmis\AppData\Local\Temp\ccV0kMnc.s 			page 3


  32              		@ args = 0, pretend = 0, frame = 0
  33              		@ frame_needed = 0, uses_anonymous_args = 0
  34              		@ link register save eliminated.
  35              	.L2:
  85:Core/Src/stm32f4xx_it.c ****   /* USER CODE BEGIN NonMaskableInt_IRQn 0 */
  86:Core/Src/stm32f4xx_it.c **** 
  87:Core/Src/stm32f4xx_it.c ****   /* USER CODE END NonMaskableInt_IRQn 0 */
  88:Core/Src/stm32f4xx_it.c ****   /* USER CODE BEGIN NonMaskableInt_IRQn 1 */
  89:Core/Src/stm32f4xx_it.c ****    while (1)
  36              		.loc 1 89 4 view .LVU1
  90:Core/Src/stm32f4xx_it.c ****   {
  91:Core/Src/stm32f4xx_it.c ****   }
  37              		.loc 1 91 3 view .LVU2
  89:Core/Src/stm32f4xx_it.c ****   {
  38              		.loc 1 89 10 view .LVU3
  39 0000 FEE7     		b	.L2
  40              		.cfi_endproc
  41              	.LFE134:
  43              		.section	.text.HardFault_Handler,"ax",%progbits
  44              		.align	1
  45              		.global	HardFault_Handler
  46              		.syntax unified
  47              		.thumb
  48              		.thumb_func
  50              	HardFault_Handler:
  51              	.LFB135:
  92:Core/Src/stm32f4xx_it.c ****   /* USER CODE END NonMaskableInt_IRQn 1 */
  93:Core/Src/stm32f4xx_it.c **** }
  94:Core/Src/stm32f4xx_it.c **** 
  95:Core/Src/stm32f4xx_it.c **** /**
  96:Core/Src/stm32f4xx_it.c ****   * @brief This function handles Hard fault interrupt.
  97:Core/Src/stm32f4xx_it.c ****   */
  98:Core/Src/stm32f4xx_it.c **** void HardFault_Handler(void)
  99:Core/Src/stm32f4xx_it.c **** {
  52              		.loc 1 99 1 view -0
  53              		.cfi_startproc
  54              		@ Volatile: function does not return.
  55              		@ args = 0, pretend = 0, frame = 0
  56              		@ frame_needed = 0, uses_anonymous_args = 0
  57              		@ link register save eliminated.
  58              	.L4:
 100:Core/Src/stm32f4xx_it.c ****   /* USER CODE BEGIN HardFault_IRQn 0 */
 101:Core/Src/stm32f4xx_it.c **** 
 102:Core/Src/stm32f4xx_it.c ****   /* USER CODE END HardFault_IRQn 0 */
 103:Core/Src/stm32f4xx_it.c ****   while (1)
  59              		.loc 1 103 3 view .LVU5
 104:Core/Src/stm32f4xx_it.c ****   {
 105:Core/Src/stm32f4xx_it.c ****     /* USER CODE BEGIN W1_HardFault_IRQn 0 */
 106:Core/Src/stm32f4xx_it.c ****     /* USER CODE END W1_HardFault_IRQn 0 */
 107:Core/Src/stm32f4xx_it.c ****   }
  60              		.loc 1 107 3 view .LVU6
 103:Core/Src/stm32f4xx_it.c ****   {
  61              		.loc 1 103 9 view .LVU7
  62 0000 FEE7     		b	.L4
  63              		.cfi_endproc
  64              	.LFE135:
  66              		.section	.text.MemManage_Handler,"ax",%progbits
ARM GAS  C:\Users\zhmis\AppData\Local\Temp\ccV0kMnc.s 			page 4


  67              		.align	1
  68              		.global	MemManage_Handler
  69              		.syntax unified
  70              		.thumb
  71              		.thumb_func
  73              	MemManage_Handler:
  74              	.LFB136:
 108:Core/Src/stm32f4xx_it.c **** }
 109:Core/Src/stm32f4xx_it.c **** 
 110:Core/Src/stm32f4xx_it.c **** /**
 111:Core/Src/stm32f4xx_it.c ****   * @brief This function handles Memory management fault.
 112:Core/Src/stm32f4xx_it.c ****   */
 113:Core/Src/stm32f4xx_it.c **** void MemManage_Handler(void)
 114:Core/Src/stm32f4xx_it.c **** {
  75              		.loc 1 114 1 view -0
  76              		.cfi_startproc
  77              		@ Volatile: function does not return.
  78              		@ args = 0, pretend = 0, frame = 0
  79              		@ frame_needed = 0, uses_anonymous_args = 0
  80              		@ link register save eliminated.
  81              	.L6:
 115:Core/Src/stm32f4xx_it.c ****   /* USER CODE BEGIN MemoryManagement_IRQn 0 */
 116:Core/Src/stm32f4xx_it.c **** 
 117:Core/Src/stm32f4xx_it.c ****   /* USER CODE END MemoryManagement_IRQn 0 */
 118:Core/Src/stm32f4xx_it.c ****   while (1)
  82              		.loc 1 118 3 view .LVU9
 119:Core/Src/stm32f4xx_it.c ****   {
 120:Core/Src/stm32f4xx_it.c ****     /* USER CODE BEGIN W1_MemoryManagement_IRQn 0 */
 121:Core/Src/stm32f4xx_it.c ****     /* USER CODE END W1_MemoryManagement_IRQn 0 */
 122:Core/Src/stm32f4xx_it.c ****   }
  83              		.loc 1 122 3 view .LVU10
 118:Core/Src/stm32f4xx_it.c ****   {
  84              		.loc 1 118 9 view .LVU11
  85 0000 FEE7     		b	.L6
  86              		.cfi_endproc
  87              	.LFE136:
  89              		.section	.text.BusFault_Handler,"ax",%progbits
  90              		.align	1
  91              		.global	BusFault_Handler
  92              		.syntax unified
  93              		.thumb
  94              		.thumb_func
  96              	BusFault_Handler:
  97              	.LFB137:
 123:Core/Src/stm32f4xx_it.c **** }
 124:Core/Src/stm32f4xx_it.c **** 
 125:Core/Src/stm32f4xx_it.c **** /**
 126:Core/Src/stm32f4xx_it.c ****   * @brief This function handles Pre-fetch fault, memory access fault.
 127:Core/Src/stm32f4xx_it.c ****   */
 128:Core/Src/stm32f4xx_it.c **** void BusFault_Handler(void)
 129:Core/Src/stm32f4xx_it.c **** {
  98              		.loc 1 129 1 view -0
  99              		.cfi_startproc
 100              		@ Volatile: function does not return.
 101              		@ args = 0, pretend = 0, frame = 0
 102              		@ frame_needed = 0, uses_anonymous_args = 0
 103              		@ link register save eliminated.
ARM GAS  C:\Users\zhmis\AppData\Local\Temp\ccV0kMnc.s 			page 5


 104              	.L8:
 130:Core/Src/stm32f4xx_it.c ****   /* USER CODE BEGIN BusFault_IRQn 0 */
 131:Core/Src/stm32f4xx_it.c **** 
 132:Core/Src/stm32f4xx_it.c ****   /* USER CODE END BusFault_IRQn 0 */
 133:Core/Src/stm32f4xx_it.c ****   while (1)
 105              		.loc 1 133 3 view .LVU13
 134:Core/Src/stm32f4xx_it.c ****   {
 135:Core/Src/stm32f4xx_it.c ****     /* USER CODE BEGIN W1_BusFault_IRQn 0 */
 136:Core/Src/stm32f4xx_it.c ****     /* USER CODE END W1_BusFault_IRQn 0 */
 137:Core/Src/stm32f4xx_it.c ****   }
 106              		.loc 1 137 3 view .LVU14
 133:Core/Src/stm32f4xx_it.c ****   {
 107              		.loc 1 133 9 view .LVU15
 108 0000 FEE7     		b	.L8
 109              		.cfi_endproc
 110              	.LFE137:
 112              		.section	.text.UsageFault_Handler,"ax",%progbits
 113              		.align	1
 114              		.global	UsageFault_Handler
 115              		.syntax unified
 116              		.thumb
 117              		.thumb_func
 119              	UsageFault_Handler:
 120              	.LFB138:
 138:Core/Src/stm32f4xx_it.c **** }
 139:Core/Src/stm32f4xx_it.c **** 
 140:Core/Src/stm32f4xx_it.c **** /**
 141:Core/Src/stm32f4xx_it.c ****   * @brief This function handles Undefined instruction or illegal state.
 142:Core/Src/stm32f4xx_it.c ****   */
 143:Core/Src/stm32f4xx_it.c **** void UsageFault_Handler(void)
 144:Core/Src/stm32f4xx_it.c **** {
 121              		.loc 1 144 1 view -0
 122              		.cfi_startproc
 123              		@ Volatile: function does not return.
 124              		@ args = 0, pretend = 0, frame = 0
 125              		@ frame_needed = 0, uses_anonymous_args = 0
 126              		@ link register save eliminated.
 127              	.L10:
 145:Core/Src/stm32f4xx_it.c ****   /* USER CODE BEGIN UsageFault_IRQn 0 */
 146:Core/Src/stm32f4xx_it.c **** 
 147:Core/Src/stm32f4xx_it.c ****   /* USER CODE END UsageFault_IRQn 0 */
 148:Core/Src/stm32f4xx_it.c ****   while (1)
 128              		.loc 1 148 3 view .LVU17
 149:Core/Src/stm32f4xx_it.c ****   {
 150:Core/Src/stm32f4xx_it.c ****     /* USER CODE BEGIN W1_UsageFault_IRQn 0 */
 151:Core/Src/stm32f4xx_it.c ****     /* USER CODE END W1_UsageFault_IRQn 0 */
 152:Core/Src/stm32f4xx_it.c ****   }
 129              		.loc 1 152 3 view .LVU18
 148:Core/Src/stm32f4xx_it.c ****   {
 130              		.loc 1 148 9 view .LVU19
 131 0000 FEE7     		b	.L10
 132              		.cfi_endproc
 133              	.LFE138:
 135              		.section	.text.SVC_Handler,"ax",%progbits
 136              		.align	1
 137              		.global	SVC_Handler
 138              		.syntax unified
ARM GAS  C:\Users\zhmis\AppData\Local\Temp\ccV0kMnc.s 			page 6


 139              		.thumb
 140              		.thumb_func
 142              	SVC_Handler:
 143              	.LFB139:
 153:Core/Src/stm32f4xx_it.c **** }
 154:Core/Src/stm32f4xx_it.c **** 
 155:Core/Src/stm32f4xx_it.c **** /**
 156:Core/Src/stm32f4xx_it.c ****   * @brief This function handles System service call via SWI instruction.
 157:Core/Src/stm32f4xx_it.c ****   */
 158:Core/Src/stm32f4xx_it.c **** void SVC_Handler(void)
 159:Core/Src/stm32f4xx_it.c **** {
 144              		.loc 1 159 1 view -0
 145              		.cfi_startproc
 146              		@ args = 0, pretend = 0, frame = 0
 147              		@ frame_needed = 0, uses_anonymous_args = 0
 148              		@ link register save eliminated.
 160:Core/Src/stm32f4xx_it.c ****   /* USER CODE BEGIN SVCall_IRQn 0 */
 161:Core/Src/stm32f4xx_it.c **** 
 162:Core/Src/stm32f4xx_it.c ****   /* USER CODE END SVCall_IRQn 0 */
 163:Core/Src/stm32f4xx_it.c ****   /* USER CODE BEGIN SVCall_IRQn 1 */
 164:Core/Src/stm32f4xx_it.c **** 
 165:Core/Src/stm32f4xx_it.c ****   /* USER CODE END SVCall_IRQn 1 */
 166:Core/Src/stm32f4xx_it.c **** }
 149              		.loc 1 166 1 view .LVU21
 150 0000 7047     		bx	lr
 151              		.cfi_endproc
 152              	.LFE139:
 154              		.section	.text.DebugMon_Handler,"ax",%progbits
 155              		.align	1
 156              		.global	DebugMon_Handler
 157              		.syntax unified
 158              		.thumb
 159              		.thumb_func
 161              	DebugMon_Handler:
 162              	.LFB140:
 167:Core/Src/stm32f4xx_it.c **** 
 168:Core/Src/stm32f4xx_it.c **** /**
 169:Core/Src/stm32f4xx_it.c ****   * @brief This function handles Debug monitor.
 170:Core/Src/stm32f4xx_it.c ****   */
 171:Core/Src/stm32f4xx_it.c **** void DebugMon_Handler(void)
 172:Core/Src/stm32f4xx_it.c **** {
 163              		.loc 1 172 1 view -0
 164              		.cfi_startproc
 165              		@ args = 0, pretend = 0, frame = 0
 166              		@ frame_needed = 0, uses_anonymous_args = 0
 167              		@ link register save eliminated.
 173:Core/Src/stm32f4xx_it.c ****   /* USER CODE BEGIN DebugMonitor_IRQn 0 */
 174:Core/Src/stm32f4xx_it.c **** 
 175:Core/Src/stm32f4xx_it.c ****   /* USER CODE END DebugMonitor_IRQn 0 */
 176:Core/Src/stm32f4xx_it.c ****   /* USER CODE BEGIN DebugMonitor_IRQn 1 */
 177:Core/Src/stm32f4xx_it.c **** 
 178:Core/Src/stm32f4xx_it.c ****   /* USER CODE END DebugMonitor_IRQn 1 */
 179:Core/Src/stm32f4xx_it.c **** }
 168              		.loc 1 179 1 view .LVU23
 169 0000 7047     		bx	lr
 170              		.cfi_endproc
 171              	.LFE140:
ARM GAS  C:\Users\zhmis\AppData\Local\Temp\ccV0kMnc.s 			page 7


 173              		.section	.text.PendSV_Handler,"ax",%progbits
 174              		.align	1
 175              		.global	PendSV_Handler
 176              		.syntax unified
 177              		.thumb
 178              		.thumb_func
 180              	PendSV_Handler:
 181              	.LFB141:
 180:Core/Src/stm32f4xx_it.c **** 
 181:Core/Src/stm32f4xx_it.c **** /**
 182:Core/Src/stm32f4xx_it.c ****   * @brief This function handles Pendable request for system service.
 183:Core/Src/stm32f4xx_it.c ****   */
 184:Core/Src/stm32f4xx_it.c **** void PendSV_Handler(void)
 185:Core/Src/stm32f4xx_it.c **** {
 182              		.loc 1 185 1 view -0
 183              		.cfi_startproc
 184              		@ args = 0, pretend = 0, frame = 0
 185              		@ frame_needed = 0, uses_anonymous_args = 0
 186              		@ link register save eliminated.
 186:Core/Src/stm32f4xx_it.c ****   /* USER CODE BEGIN PendSV_IRQn 0 */
 187:Core/Src/stm32f4xx_it.c **** 
 188:Core/Src/stm32f4xx_it.c ****   /* USER CODE END PendSV_IRQn 0 */
 189:Core/Src/stm32f4xx_it.c ****   /* USER CODE BEGIN PendSV_IRQn 1 */
 190:Core/Src/stm32f4xx_it.c **** 
 191:Core/Src/stm32f4xx_it.c ****   /* USER CODE END PendSV_IRQn 1 */
 192:Core/Src/stm32f4xx_it.c **** }
 187              		.loc 1 192 1 view .LVU25
 188 0000 7047     		bx	lr
 189              		.cfi_endproc
 190              	.LFE141:
 192              		.section	.text.SysTick_Handler,"ax",%progbits
 193              		.align	1
 194              		.global	SysTick_Handler
 195              		.syntax unified
 196              		.thumb
 197              		.thumb_func
 199              	SysTick_Handler:
 200              	.LFB142:
 193:Core/Src/stm32f4xx_it.c **** 
 194:Core/Src/stm32f4xx_it.c **** /**
 195:Core/Src/stm32f4xx_it.c ****   * @brief This function handles System tick timer.
 196:Core/Src/stm32f4xx_it.c ****   */
 197:Core/Src/stm32f4xx_it.c **** void SysTick_Handler(void)
 198:Core/Src/stm32f4xx_it.c **** {
 201              		.loc 1 198 1 view -0
 202              		.cfi_startproc
 203              		@ args = 0, pretend = 0, frame = 0
 204              		@ frame_needed = 0, uses_anonymous_args = 0
 205 0000 08B5     		push	{r3, lr}
 206              		.cfi_def_cfa_offset 8
 207              		.cfi_offset 3, -8
 208              		.cfi_offset 14, -4
 199:Core/Src/stm32f4xx_it.c ****   /* USER CODE BEGIN SysTick_IRQn 0 */
 200:Core/Src/stm32f4xx_it.c **** 
 201:Core/Src/stm32f4xx_it.c ****   /* USER CODE END SysTick_IRQn 0 */
 202:Core/Src/stm32f4xx_it.c ****   HAL_IncTick();
 209              		.loc 1 202 3 view .LVU27
ARM GAS  C:\Users\zhmis\AppData\Local\Temp\ccV0kMnc.s 			page 8


 210 0002 FFF7FEFF 		bl	HAL_IncTick
 211              	.LVL0:
 203:Core/Src/stm32f4xx_it.c ****   /* USER CODE BEGIN SysTick_IRQn 1 */
 204:Core/Src/stm32f4xx_it.c **** 
 205:Core/Src/stm32f4xx_it.c ****   /* USER CODE END SysTick_IRQn 1 */
 206:Core/Src/stm32f4xx_it.c **** }
 212              		.loc 1 206 1 is_stmt 0 view .LVU28
 213 0006 08BD     		pop	{r3, pc}
 214              		.cfi_endproc
 215              	.LFE142:
 217              		.section	.text.SPI1_IRQHandler,"ax",%progbits
 218              		.align	1
 219              		.global	SPI1_IRQHandler
 220              		.syntax unified
 221              		.thumb
 222              		.thumb_func
 224              	SPI1_IRQHandler:
 225              	.LFB143:
 207:Core/Src/stm32f4xx_it.c **** 
 208:Core/Src/stm32f4xx_it.c **** /******************************************************************************/
 209:Core/Src/stm32f4xx_it.c **** /* STM32F4xx Peripheral Interrupt Handlers                                    */
 210:Core/Src/stm32f4xx_it.c **** /* Add here the Interrupt Handlers for the used peripherals.                  */
 211:Core/Src/stm32f4xx_it.c **** /* For the available peripheral interrupt handler names,                      */
 212:Core/Src/stm32f4xx_it.c **** /* please refer to the startup file (startup_stm32f4xx.s).                    */
 213:Core/Src/stm32f4xx_it.c **** /******************************************************************************/
 214:Core/Src/stm32f4xx_it.c **** 
 215:Core/Src/stm32f4xx_it.c **** /**
 216:Core/Src/stm32f4xx_it.c ****   * @brief This function handles SPI1 global interrupt.
 217:Core/Src/stm32f4xx_it.c ****   */
 218:Core/Src/stm32f4xx_it.c **** void SPI1_IRQHandler(void)
 219:Core/Src/stm32f4xx_it.c **** {
 226              		.loc 1 219 1 is_stmt 1 view -0
 227              		.cfi_startproc
 228              		@ args = 0, pretend = 0, frame = 0
 229              		@ frame_needed = 0, uses_anonymous_args = 0
 230 0000 08B5     		push	{r3, lr}
 231              		.cfi_def_cfa_offset 8
 232              		.cfi_offset 3, -8
 233              		.cfi_offset 14, -4
 220:Core/Src/stm32f4xx_it.c ****   /* USER CODE BEGIN SPI1_IRQn 0 */
 221:Core/Src/stm32f4xx_it.c **** 
 222:Core/Src/stm32f4xx_it.c ****   /* USER CODE END SPI1_IRQn 0 */
 223:Core/Src/stm32f4xx_it.c ****   HAL_SPI_IRQHandler(&hspi1);
 234              		.loc 1 223 3 view .LVU30
 235 0002 0248     		ldr	r0, .L18
 236 0004 FFF7FEFF 		bl	HAL_SPI_IRQHandler
 237              	.LVL1:
 224:Core/Src/stm32f4xx_it.c ****   /* USER CODE BEGIN SPI1_IRQn 1 */
 225:Core/Src/stm32f4xx_it.c **** 
 226:Core/Src/stm32f4xx_it.c ****   /* USER CODE END SPI1_IRQn 1 */
 227:Core/Src/stm32f4xx_it.c **** }
 238              		.loc 1 227 1 is_stmt 0 view .LVU31
 239 0008 08BD     		pop	{r3, pc}
 240              	.L19:
 241 000a 00BF     		.align	2
 242              	.L18:
 243 000c 00000000 		.word	hspi1
ARM GAS  C:\Users\zhmis\AppData\Local\Temp\ccV0kMnc.s 			page 9


 244              		.cfi_endproc
 245              	.LFE143:
 247              		.section	.text.RTC_Alarm_IRQHandler,"ax",%progbits
 248              		.align	1
 249              		.global	RTC_Alarm_IRQHandler
 250              		.syntax unified
 251              		.thumb
 252              		.thumb_func
 254              	RTC_Alarm_IRQHandler:
 255              	.LFB144:
 228:Core/Src/stm32f4xx_it.c **** 
 229:Core/Src/stm32f4xx_it.c **** /**
 230:Core/Src/stm32f4xx_it.c ****   * @brief This function handles RTC alarms A and B interrupt through EXTI line 17.
 231:Core/Src/stm32f4xx_it.c ****   */
 232:Core/Src/stm32f4xx_it.c **** void RTC_Alarm_IRQHandler(void)
 233:Core/Src/stm32f4xx_it.c **** {
 256              		.loc 1 233 1 is_stmt 1 view -0
 257              		.cfi_startproc
 258              		@ args = 0, pretend = 0, frame = 0
 259              		@ frame_needed = 0, uses_anonymous_args = 0
 260 0000 08B5     		push	{r3, lr}
 261              		.cfi_def_cfa_offset 8
 262              		.cfi_offset 3, -8
 263              		.cfi_offset 14, -4
 234:Core/Src/stm32f4xx_it.c ****   /* USER CODE BEGIN RTC_Alarm_IRQn 0 */
 235:Core/Src/stm32f4xx_it.c **** 
 236:Core/Src/stm32f4xx_it.c ****   /* USER CODE END RTC_Alarm_IRQn 0 */
 237:Core/Src/stm32f4xx_it.c ****   HAL_RTC_AlarmIRQHandler(&hrtc);
 264              		.loc 1 237 3 view .LVU33
 265 0002 0248     		ldr	r0, .L22
 266 0004 FFF7FEFF 		bl	HAL_RTC_AlarmIRQHandler
 267              	.LVL2:
 238:Core/Src/stm32f4xx_it.c ****   /* USER CODE BEGIN RTC_Alarm_IRQn 1 */
 239:Core/Src/stm32f4xx_it.c **** 
 240:Core/Src/stm32f4xx_it.c ****   /* USER CODE END RTC_Alarm_IRQn 1 */
 241:Core/Src/stm32f4xx_it.c **** }
 268              		.loc 1 241 1 is_stmt 0 view .LVU34
 269 0008 08BD     		pop	{r3, pc}
 270              	.L23:
 271 000a 00BF     		.align	2
 272              	.L22:
 273 000c 00000000 		.word	hrtc
 274              		.cfi_endproc
 275              	.LFE144:
 277              		.section	.text.TIM6_DAC_IRQHandler,"ax",%progbits
 278              		.align	1
 279              		.global	TIM6_DAC_IRQHandler
 280              		.syntax unified
 281              		.thumb
 282              		.thumb_func
 284              	TIM6_DAC_IRQHandler:
 285              	.LFB145:
 242:Core/Src/stm32f4xx_it.c **** 
 243:Core/Src/stm32f4xx_it.c **** /**
 244:Core/Src/stm32f4xx_it.c ****   * @brief This function handles TIM6 global interrupt, DAC1 and DAC2 underrun error interrupts.
 245:Core/Src/stm32f4xx_it.c ****   */
 246:Core/Src/stm32f4xx_it.c **** void TIM6_DAC_IRQHandler(void)
ARM GAS  C:\Users\zhmis\AppData\Local\Temp\ccV0kMnc.s 			page 10


 247:Core/Src/stm32f4xx_it.c **** {
 286              		.loc 1 247 1 is_stmt 1 view -0
 287              		.cfi_startproc
 288              		@ args = 0, pretend = 0, frame = 0
 289              		@ frame_needed = 0, uses_anonymous_args = 0
 290 0000 08B5     		push	{r3, lr}
 291              		.cfi_def_cfa_offset 8
 292              		.cfi_offset 3, -8
 293              		.cfi_offset 14, -4
 248:Core/Src/stm32f4xx_it.c ****   /* USER CODE BEGIN TIM6_DAC_IRQn 0 */
 249:Core/Src/stm32f4xx_it.c **** 
 250:Core/Src/stm32f4xx_it.c ****   /* USER CODE END TIM6_DAC_IRQn 0 */
 251:Core/Src/stm32f4xx_it.c ****   HAL_TIM_IRQHandler(&htim6);
 294              		.loc 1 251 3 view .LVU36
 295 0002 0248     		ldr	r0, .L26
 296 0004 FFF7FEFF 		bl	HAL_TIM_IRQHandler
 297              	.LVL3:
 252:Core/Src/stm32f4xx_it.c ****   /* USER CODE BEGIN TIM6_DAC_IRQn 1 */
 253:Core/Src/stm32f4xx_it.c **** 	
 254:Core/Src/stm32f4xx_it.c **** 	// Here we set alarm (not sure why but all the things aside time are necessary)
 255:Core/Src/stm32f4xx_it.c **** 	
 256:Core/Src/stm32f4xx_it.c **** //	timer_cnt++;
 257:Core/Src/stm32f4xx_it.c **** 
 258:Core/Src/stm32f4xx_it.c ****   /* USER CODE END TIM6_DAC_IRQn 1 */
 259:Core/Src/stm32f4xx_it.c **** }
 298              		.loc 1 259 1 is_stmt 0 view .LVU37
 299 0008 08BD     		pop	{r3, pc}
 300              	.L27:
 301 000a 00BF     		.align	2
 302              	.L26:
 303 000c 00000000 		.word	htim6
 304              		.cfi_endproc
 305              	.LFE145:
 307              		.section	.text.DMA2_Stream3_IRQHandler,"ax",%progbits
 308              		.align	1
 309              		.global	DMA2_Stream3_IRQHandler
 310              		.syntax unified
 311              		.thumb
 312              		.thumb_func
 314              	DMA2_Stream3_IRQHandler:
 315              	.LFB146:
 260:Core/Src/stm32f4xx_it.c **** 
 261:Core/Src/stm32f4xx_it.c **** /**
 262:Core/Src/stm32f4xx_it.c ****   * @brief This function handles DMA2 stream3 global interrupt.
 263:Core/Src/stm32f4xx_it.c ****   */
 264:Core/Src/stm32f4xx_it.c **** void DMA2_Stream3_IRQHandler(void)
 265:Core/Src/stm32f4xx_it.c **** {
 316              		.loc 1 265 1 is_stmt 1 view -0
 317              		.cfi_startproc
 318              		@ args = 0, pretend = 0, frame = 0
 319              		@ frame_needed = 0, uses_anonymous_args = 0
 320 0000 08B5     		push	{r3, lr}
 321              		.cfi_def_cfa_offset 8
 322              		.cfi_offset 3, -8
 323              		.cfi_offset 14, -4
 266:Core/Src/stm32f4xx_it.c ****   /* USER CODE BEGIN DMA2_Stream3_IRQn 0 */
 267:Core/Src/stm32f4xx_it.c **** 
ARM GAS  C:\Users\zhmis\AppData\Local\Temp\ccV0kMnc.s 			page 11


 268:Core/Src/stm32f4xx_it.c ****   /* USER CODE END DMA2_Stream3_IRQn 0 */
 269:Core/Src/stm32f4xx_it.c ****   HAL_DMA_IRQHandler(&hdma_spi1_tx);
 324              		.loc 1 269 3 view .LVU39
 325 0002 0248     		ldr	r0, .L30
 326 0004 FFF7FEFF 		bl	HAL_DMA_IRQHandler
 327              	.LVL4:
 270:Core/Src/stm32f4xx_it.c ****   /* USER CODE BEGIN DMA2_Stream3_IRQn 1 */
 271:Core/Src/stm32f4xx_it.c **** 
 272:Core/Src/stm32f4xx_it.c ****   /* USER CODE END DMA2_Stream3_IRQn 1 */
 273:Core/Src/stm32f4xx_it.c **** }
 328              		.loc 1 273 1 is_stmt 0 view .LVU40
 329 0008 08BD     		pop	{r3, pc}
 330              	.L31:
 331 000a 00BF     		.align	2
 332              	.L30:
 333 000c 00000000 		.word	hdma_spi1_tx
 334              		.cfi_endproc
 335              	.LFE146:
 337              		.section	.text.HAL_TIM_PeriodElapsedCallback,"ax",%progbits
 338              		.align	1
 339              		.global	HAL_TIM_PeriodElapsedCallback
 340              		.syntax unified
 341              		.thumb
 342              		.thumb_func
 344              	HAL_TIM_PeriodElapsedCallback:
 345              	.LVL5:
 346              	.LFB147:
 274:Core/Src/stm32f4xx_it.c **** 
 275:Core/Src/stm32f4xx_it.c **** /* USER CODE BEGIN 1 */
 276:Core/Src/stm32f4xx_it.c **** 
 277:Core/Src/stm32f4xx_it.c **** void HAL_TIM_PeriodElapsedCallback(TIM_HandleTypeDef *htim) {
 347              		.loc 1 277 61 is_stmt 1 view -0
 348              		.cfi_startproc
 349              		@ args = 0, pretend = 0, frame = 0
 350              		@ frame_needed = 0, uses_anonymous_args = 0
 351              		.loc 1 277 61 is_stmt 0 view .LVU42
 352 0000 08B5     		push	{r3, lr}
 353              		.cfi_def_cfa_offset 8
 354              		.cfi_offset 3, -8
 355              		.cfi_offset 14, -4
 278:Core/Src/stm32f4xx_it.c **** 	if(htim->Instance == TIM6){
 356              		.loc 1 278 2 is_stmt 1 view .LVU43
 357              		.loc 1 278 9 is_stmt 0 view .LVU44
 358 0002 0268     		ldr	r2, [r0]
 359              		.loc 1 278 4 view .LVU45
 360 0004 084B     		ldr	r3, .L38
 361 0006 9A42     		cmp	r2, r3
 362 0008 00D0     		beq	.L36
 363              	.LVL6:
 364              	.L32:
 279:Core/Src/stm32f4xx_it.c **** 		
 280:Core/Src/stm32f4xx_it.c **** 		// Init buttons and led on first interrupt
 281:Core/Src/stm32f4xx_it.c **** 		if(!init_buttons_flag){
 282:Core/Src/stm32f4xx_it.c **** 			alarm_init_components();
 283:Core/Src/stm32f4xx_it.c **** 			init_buttons_flag = 1;
 284:Core/Src/stm32f4xx_it.c **** 		}
 285:Core/Src/stm32f4xx_it.c **** 		
ARM GAS  C:\Users\zhmis\AppData\Local\Temp\ccV0kMnc.s 			page 12


 286:Core/Src/stm32f4xx_it.c **** 		alarm_periph_handler();
 287:Core/Src/stm32f4xx_it.c **** 		
 288:Core/Src/stm32f4xx_it.c **** 		alarm_state_machine();
 289:Core/Src/stm32f4xx_it.c **** 		
 290:Core/Src/stm32f4xx_it.c **** 		
 291:Core/Src/stm32f4xx_it.c **** //		// debug stuff, will be deleted
 292:Core/Src/stm32f4xx_it.c **** //		if (But0_press_state == BUTTON_SHORT_PRESS) db_b0_short_cnt++;
 293:Core/Src/stm32f4xx_it.c **** //		if (But1_press_state == BUTTON_SHORT_PRESS) db_b1_short_cnt++;
 294:Core/Src/stm32f4xx_it.c **** //		
 295:Core/Src/stm32f4xx_it.c **** //		if(debug_settime_trig){
 296:Core/Src/stm32f4xx_it.c **** //			alrm_SetTime(db_hr, db_min, db_sec);
 297:Core/Src/stm32f4xx_it.c **** //			debug_settime_trig = 0;
 298:Core/Src/stm32f4xx_it.c **** //		}
 299:Core/Src/stm32f4xx_it.c **** //		if(debug_setalarm_trig){
 300:Core/Src/stm32f4xx_it.c **** //			alrm_SetAlarm(ab_alarm_hour, ab_alarm_min, ab_alarm_sec);
 301:Core/Src/stm32f4xx_it.c **** //			debug_setalarm_trig = 0;
 302:Core/Src/stm32f4xx_it.c **** //		}
 303:Core/Src/stm32f4xx_it.c **** 	}
 304:Core/Src/stm32f4xx_it.c **** }
 365              		.loc 1 304 1 view .LVU46
 366 000a 08BD     		pop	{r3, pc}
 367              	.LVL7:
 368              	.L36:
 281:Core/Src/stm32f4xx_it.c **** 			alarm_init_components();
 369              		.loc 1 281 3 is_stmt 1 view .LVU47
 281:Core/Src/stm32f4xx_it.c **** 			alarm_init_components();
 370              		.loc 1 281 6 is_stmt 0 view .LVU48
 371 000c 074B     		ldr	r3, .L38+4
 372 000e 1B78     		ldrb	r3, [r3]	@ zero_extendqisi2
 281:Core/Src/stm32f4xx_it.c **** 			alarm_init_components();
 373              		.loc 1 281 5 view .LVU49
 374 0010 23B1     		cbz	r3, .L37
 375              	.LVL8:
 376              	.L34:
 286:Core/Src/stm32f4xx_it.c **** 		
 377              		.loc 1 286 3 is_stmt 1 view .LVU50
 378 0012 FFF7FEFF 		bl	alarm_periph_handler
 379              	.LVL9:
 288:Core/Src/stm32f4xx_it.c **** 		
 380              		.loc 1 288 3 view .LVU51
 381 0016 FFF7FEFF 		bl	alarm_state_machine
 382              	.LVL10:
 383              		.loc 1 304 1 is_stmt 0 view .LVU52
 384 001a F6E7     		b	.L32
 385              	.LVL11:
 386              	.L37:
 282:Core/Src/stm32f4xx_it.c **** 			init_buttons_flag = 1;
 387              		.loc 1 282 4 is_stmt 1 view .LVU53
 388 001c FFF7FEFF 		bl	alarm_init_components
 389              	.LVL12:
 283:Core/Src/stm32f4xx_it.c **** 		}
 390              		.loc 1 283 4 view .LVU54
 283:Core/Src/stm32f4xx_it.c **** 		}
 391              		.loc 1 283 22 is_stmt 0 view .LVU55
 392 0020 024B     		ldr	r3, .L38+4
 393 0022 0122     		movs	r2, #1
 394 0024 1A70     		strb	r2, [r3]
ARM GAS  C:\Users\zhmis\AppData\Local\Temp\ccV0kMnc.s 			page 13


 395 0026 F4E7     		b	.L34
 396              	.L39:
 397              		.align	2
 398              	.L38:
 399 0028 00100040 		.word	1073745920
 400 002c 00000000 		.word	init_buttons_flag
 401              		.cfi_endproc
 402              	.LFE147:
 404              		.global	db_b1_short_cnt
 405              		.section	.bss.db_b1_short_cnt,"aw",%nobits
 408              	db_b1_short_cnt:
 409 0000 00       		.space	1
 410              		.global	db_b0_short_cnt
 411              		.section	.bss.db_b0_short_cnt,"aw",%nobits
 414              	db_b0_short_cnt:
 415 0000 00       		.space	1
 416              		.global	init_buttons_flag
 417              		.section	.bss.init_buttons_flag,"aw",%nobits
 420              	init_buttons_flag:
 421 0000 00       		.space	1
 422              		.global	timer_cnt
 423              		.section	.bss.timer_cnt,"aw",%nobits
 424              		.align	1
 427              	timer_cnt:
 428 0000 0000     		.space	2
 429              		.global	db_sec
 430              		.section	.bss.db_sec,"aw",%nobits
 433              	db_sec:
 434 0000 00       		.space	1
 435              		.global	db_min
 436              		.section	.bss.db_min,"aw",%nobits
 439              	db_min:
 440 0000 00       		.space	1
 441              		.global	db_hr
 442              		.section	.bss.db_hr,"aw",%nobits
 445              	db_hr:
 446 0000 00       		.space	1
 447              		.global	ab_alarm_sec
 448              		.section	.bss.ab_alarm_sec,"aw",%nobits
 451              	ab_alarm_sec:
 452 0000 00       		.space	1
 453              		.global	ab_alarm_min
 454              		.section	.bss.ab_alarm_min,"aw",%nobits
 457              	ab_alarm_min:
 458 0000 00       		.space	1
 459              		.global	ab_alarm_hour
 460              		.section	.bss.ab_alarm_hour,"aw",%nobits
 463              	ab_alarm_hour:
 464 0000 00       		.space	1
 465              		.global	debug_setalarm_trig
 466              		.section	.bss.debug_setalarm_trig,"aw",%nobits
 469              	debug_setalarm_trig:
 470 0000 00       		.space	1
 471              		.global	debug_settime_trig
 472              		.section	.bss.debug_settime_trig,"aw",%nobits
 475              	debug_settime_trig:
 476 0000 00       		.space	1
ARM GAS  C:\Users\zhmis\AppData\Local\Temp\ccV0kMnc.s 			page 14


 477              		.text
 478              	.Letext0:
 479              		.file 2 "C:/Users/zhmis/AppData/Roaming/Code/User/globalStorage/bmd.stm32-for-vscode/@xpack-dev-to
 480              		.file 3 "C:/Users/zhmis/AppData/Roaming/Code/User/globalStorage/bmd.stm32-for-vscode/@xpack-dev-to
 481              		.file 4 "Drivers/CMSIS/Device/ST/STM32F4xx/Include/stm32f407xx.h"
 482              		.file 5 "Drivers/STM32F4xx_HAL_Driver/Inc/stm32f4xx_hal_def.h"
 483              		.file 6 "Drivers/STM32F4xx_HAL_Driver/Inc/stm32f4xx_hal_dma.h"
 484              		.file 7 "Drivers/STM32F4xx_HAL_Driver/Inc/stm32f4xx_hal_rtc.h"
 485              		.file 8 "Drivers/STM32F4xx_HAL_Driver/Inc/stm32f4xx_hal_spi.h"
 486              		.file 9 "Drivers/STM32F4xx_HAL_Driver/Inc/stm32f4xx_hal_tim.h"
 487              		.file 10 "Core/Inc/rtc.h"
 488              		.file 11 "Core/Inc/tim.h"
 489              		.file 12 "Core/Inc/alrm_logic.h"
 490              		.file 13 "Drivers/STM32F4xx_HAL_Driver/Inc/stm32f4xx_hal.h"
ARM GAS  C:\Users\zhmis\AppData\Local\Temp\ccV0kMnc.s 			page 15


DEFINED SYMBOLS
                            *ABS*:00000000 stm32f4xx_it.c
C:\Users\zhmis\AppData\Local\Temp\ccV0kMnc.s:21     .text.NMI_Handler:00000000 $t
C:\Users\zhmis\AppData\Local\Temp\ccV0kMnc.s:27     .text.NMI_Handler:00000000 NMI_Handler
C:\Users\zhmis\AppData\Local\Temp\ccV0kMnc.s:44     .text.HardFault_Handler:00000000 $t
C:\Users\zhmis\AppData\Local\Temp\ccV0kMnc.s:50     .text.HardFault_Handler:00000000 HardFault_Handler
C:\Users\zhmis\AppData\Local\Temp\ccV0kMnc.s:67     .text.MemManage_Handler:00000000 $t
C:\Users\zhmis\AppData\Local\Temp\ccV0kMnc.s:73     .text.MemManage_Handler:00000000 MemManage_Handler
C:\Users\zhmis\AppData\Local\Temp\ccV0kMnc.s:90     .text.BusFault_Handler:00000000 $t
C:\Users\zhmis\AppData\Local\Temp\ccV0kMnc.s:96     .text.BusFault_Handler:00000000 BusFault_Handler
C:\Users\zhmis\AppData\Local\Temp\ccV0kMnc.s:113    .text.UsageFault_Handler:00000000 $t
C:\Users\zhmis\AppData\Local\Temp\ccV0kMnc.s:119    .text.UsageFault_Handler:00000000 UsageFault_Handler
C:\Users\zhmis\AppData\Local\Temp\ccV0kMnc.s:136    .text.SVC_Handler:00000000 $t
C:\Users\zhmis\AppData\Local\Temp\ccV0kMnc.s:142    .text.SVC_Handler:00000000 SVC_Handler
C:\Users\zhmis\AppData\Local\Temp\ccV0kMnc.s:155    .text.DebugMon_Handler:00000000 $t
C:\Users\zhmis\AppData\Local\Temp\ccV0kMnc.s:161    .text.DebugMon_Handler:00000000 DebugMon_Handler
C:\Users\zhmis\AppData\Local\Temp\ccV0kMnc.s:174    .text.PendSV_Handler:00000000 $t
C:\Users\zhmis\AppData\Local\Temp\ccV0kMnc.s:180    .text.PendSV_Handler:00000000 PendSV_Handler
C:\Users\zhmis\AppData\Local\Temp\ccV0kMnc.s:193    .text.SysTick_Handler:00000000 $t
C:\Users\zhmis\AppData\Local\Temp\ccV0kMnc.s:199    .text.SysTick_Handler:00000000 SysTick_Handler
C:\Users\zhmis\AppData\Local\Temp\ccV0kMnc.s:218    .text.SPI1_IRQHandler:00000000 $t
C:\Users\zhmis\AppData\Local\Temp\ccV0kMnc.s:224    .text.SPI1_IRQHandler:00000000 SPI1_IRQHandler
C:\Users\zhmis\AppData\Local\Temp\ccV0kMnc.s:243    .text.SPI1_IRQHandler:0000000c $d
C:\Users\zhmis\AppData\Local\Temp\ccV0kMnc.s:248    .text.RTC_Alarm_IRQHandler:00000000 $t
C:\Users\zhmis\AppData\Local\Temp\ccV0kMnc.s:254    .text.RTC_Alarm_IRQHandler:00000000 RTC_Alarm_IRQHandler
C:\Users\zhmis\AppData\Local\Temp\ccV0kMnc.s:273    .text.RTC_Alarm_IRQHandler:0000000c $d
C:\Users\zhmis\AppData\Local\Temp\ccV0kMnc.s:278    .text.TIM6_DAC_IRQHandler:00000000 $t
C:\Users\zhmis\AppData\Local\Temp\ccV0kMnc.s:284    .text.TIM6_DAC_IRQHandler:00000000 TIM6_DAC_IRQHandler
C:\Users\zhmis\AppData\Local\Temp\ccV0kMnc.s:303    .text.TIM6_DAC_IRQHandler:0000000c $d
C:\Users\zhmis\AppData\Local\Temp\ccV0kMnc.s:308    .text.DMA2_Stream3_IRQHandler:00000000 $t
C:\Users\zhmis\AppData\Local\Temp\ccV0kMnc.s:314    .text.DMA2_Stream3_IRQHandler:00000000 DMA2_Stream3_IRQHandler
C:\Users\zhmis\AppData\Local\Temp\ccV0kMnc.s:333    .text.DMA2_Stream3_IRQHandler:0000000c $d
C:\Users\zhmis\AppData\Local\Temp\ccV0kMnc.s:338    .text.HAL_TIM_PeriodElapsedCallback:00000000 $t
C:\Users\zhmis\AppData\Local\Temp\ccV0kMnc.s:344    .text.HAL_TIM_PeriodElapsedCallback:00000000 HAL_TIM_PeriodElapsedCallback
C:\Users\zhmis\AppData\Local\Temp\ccV0kMnc.s:399    .text.HAL_TIM_PeriodElapsedCallback:00000028 $d
C:\Users\zhmis\AppData\Local\Temp\ccV0kMnc.s:420    .bss.init_buttons_flag:00000000 init_buttons_flag
C:\Users\zhmis\AppData\Local\Temp\ccV0kMnc.s:408    .bss.db_b1_short_cnt:00000000 db_b1_short_cnt
C:\Users\zhmis\AppData\Local\Temp\ccV0kMnc.s:409    .bss.db_b1_short_cnt:00000000 $d
C:\Users\zhmis\AppData\Local\Temp\ccV0kMnc.s:414    .bss.db_b0_short_cnt:00000000 db_b0_short_cnt
C:\Users\zhmis\AppData\Local\Temp\ccV0kMnc.s:415    .bss.db_b0_short_cnt:00000000 $d
C:\Users\zhmis\AppData\Local\Temp\ccV0kMnc.s:421    .bss.init_buttons_flag:00000000 $d
C:\Users\zhmis\AppData\Local\Temp\ccV0kMnc.s:427    .bss.timer_cnt:00000000 timer_cnt
C:\Users\zhmis\AppData\Local\Temp\ccV0kMnc.s:424    .bss.timer_cnt:00000000 $d
C:\Users\zhmis\AppData\Local\Temp\ccV0kMnc.s:433    .bss.db_sec:00000000 db_sec
C:\Users\zhmis\AppData\Local\Temp\ccV0kMnc.s:434    .bss.db_sec:00000000 $d
C:\Users\zhmis\AppData\Local\Temp\ccV0kMnc.s:439    .bss.db_min:00000000 db_min
C:\Users\zhmis\AppData\Local\Temp\ccV0kMnc.s:440    .bss.db_min:00000000 $d
C:\Users\zhmis\AppData\Local\Temp\ccV0kMnc.s:445    .bss.db_hr:00000000 db_hr
C:\Users\zhmis\AppData\Local\Temp\ccV0kMnc.s:446    .bss.db_hr:00000000 $d
C:\Users\zhmis\AppData\Local\Temp\ccV0kMnc.s:451    .bss.ab_alarm_sec:00000000 ab_alarm_sec
C:\Users\zhmis\AppData\Local\Temp\ccV0kMnc.s:452    .bss.ab_alarm_sec:00000000 $d
C:\Users\zhmis\AppData\Local\Temp\ccV0kMnc.s:457    .bss.ab_alarm_min:00000000 ab_alarm_min
C:\Users\zhmis\AppData\Local\Temp\ccV0kMnc.s:458    .bss.ab_alarm_min:00000000 $d
C:\Users\zhmis\AppData\Local\Temp\ccV0kMnc.s:463    .bss.ab_alarm_hour:00000000 ab_alarm_hour
C:\Users\zhmis\AppData\Local\Temp\ccV0kMnc.s:464    .bss.ab_alarm_hour:00000000 $d
C:\Users\zhmis\AppData\Local\Temp\ccV0kMnc.s:469    .bss.debug_setalarm_trig:00000000 debug_setalarm_trig
C:\Users\zhmis\AppData\Local\Temp\ccV0kMnc.s:470    .bss.debug_setalarm_trig:00000000 $d
ARM GAS  C:\Users\zhmis\AppData\Local\Temp\ccV0kMnc.s 			page 16


C:\Users\zhmis\AppData\Local\Temp\ccV0kMnc.s:475    .bss.debug_settime_trig:00000000 debug_settime_trig
C:\Users\zhmis\AppData\Local\Temp\ccV0kMnc.s:476    .bss.debug_settime_trig:00000000 $d

UNDEFINED SYMBOLS
HAL_IncTick
HAL_SPI_IRQHandler
hspi1
HAL_RTC_AlarmIRQHandler
hrtc
HAL_TIM_IRQHandler
htim6
HAL_DMA_IRQHandler
hdma_spi1_tx
alarm_periph_handler
alarm_state_machine
alarm_init_components
