ARM GAS  C:\Users\zhmis\AppData\Local\Temp\cc4GhJ9j.s 			page 1


   1              		.cpu cortex-m4
   2              		.arch armv7e-m
   3              		.fpu fpv4-sp-d16
   4              		.eabi_attribute 27, 1
   5              		.eabi_attribute 28, 1
   6              		.eabi_attribute 20, 1
   7              		.eabi_attribute 21, 1
   8              		.eabi_attribute 23, 3
   9              		.eabi_attribute 24, 1
  10              		.eabi_attribute 25, 1
  11              		.eabi_attribute 26, 1
  12              		.eabi_attribute 30, 1
  13              		.eabi_attribute 34, 1
  14              		.eabi_attribute 18, 4
  15              		.file	"tim.c"
  16              		.text
  17              	.Ltext0:
  18              		.cfi_sections	.debug_frame
  19              		.file 1 "Core/Src/tim.c"
  20              		.section	.text.MX_TIM6_Init,"ax",%progbits
  21              		.align	1
  22              		.global	MX_TIM6_Init
  23              		.syntax unified
  24              		.thumb
  25              		.thumb_func
  27              	MX_TIM6_Init:
  28              	.LFB135:
   1:Core/Src/tim.c **** /* USER CODE BEGIN Header */
   2:Core/Src/tim.c **** /**
   3:Core/Src/tim.c ****   ******************************************************************************
   4:Core/Src/tim.c ****   * @file    tim.c
   5:Core/Src/tim.c ****   * @brief   This file provides code for the configuration
   6:Core/Src/tim.c ****   *          of the TIM instances.
   7:Core/Src/tim.c ****   ******************************************************************************
   8:Core/Src/tim.c ****   * @attention
   9:Core/Src/tim.c ****   *
  10:Core/Src/tim.c ****   * Copyright (c) 2024 STMicroelectronics.
  11:Core/Src/tim.c ****   * All rights reserved.
  12:Core/Src/tim.c ****   *
  13:Core/Src/tim.c ****   * This software is licensed under terms that can be found in the LICENSE file
  14:Core/Src/tim.c ****   * in the root directory of this software component.
  15:Core/Src/tim.c ****   * If no LICENSE file comes with this software, it is provided AS-IS.
  16:Core/Src/tim.c ****   *
  17:Core/Src/tim.c ****   ******************************************************************************
  18:Core/Src/tim.c ****   */
  19:Core/Src/tim.c **** /* USER CODE END Header */
  20:Core/Src/tim.c **** /* Includes ------------------------------------------------------------------*/
  21:Core/Src/tim.c **** #include "tim.h"
  22:Core/Src/tim.c **** 
  23:Core/Src/tim.c **** /* USER CODE BEGIN 0 */
  24:Core/Src/tim.c **** 
  25:Core/Src/tim.c **** /* USER CODE END 0 */
  26:Core/Src/tim.c **** 
  27:Core/Src/tim.c **** TIM_HandleTypeDef htim3;
  28:Core/Src/tim.c **** TIM_HandleTypeDef htim6;
  29:Core/Src/tim.c **** 
  30:Core/Src/tim.c **** /* TIM3 init function */
ARM GAS  C:\Users\zhmis\AppData\Local\Temp\cc4GhJ9j.s 			page 2


  31:Core/Src/tim.c **** void MX_TIM3_Init(void)
  32:Core/Src/tim.c **** {
  33:Core/Src/tim.c **** 
  34:Core/Src/tim.c ****   /* USER CODE BEGIN TIM3_Init 0 */
  35:Core/Src/tim.c **** 
  36:Core/Src/tim.c ****   /* USER CODE END TIM3_Init 0 */
  37:Core/Src/tim.c **** 
  38:Core/Src/tim.c ****   TIM_MasterConfigTypeDef sMasterConfig = {0};
  39:Core/Src/tim.c ****   TIM_OC_InitTypeDef sConfigOC = {0};
  40:Core/Src/tim.c **** 
  41:Core/Src/tim.c ****   /* USER CODE BEGIN TIM3_Init 1 */
  42:Core/Src/tim.c **** 
  43:Core/Src/tim.c ****   /* USER CODE END TIM3_Init 1 */
  44:Core/Src/tim.c ****   htim3.Instance = TIM3;
  45:Core/Src/tim.c ****   htim3.Init.Prescaler = 105-1;
  46:Core/Src/tim.c ****   htim3.Init.CounterMode = TIM_COUNTERMODE_UP;
  47:Core/Src/tim.c ****   htim3.Init.Period = 1000-1;
  48:Core/Src/tim.c ****   htim3.Init.ClockDivision = TIM_CLOCKDIVISION_DIV1;
  49:Core/Src/tim.c ****   htim3.Init.AutoReloadPreload = TIM_AUTORELOAD_PRELOAD_DISABLE;
  50:Core/Src/tim.c ****   if (HAL_TIM_PWM_Init(&htim3) != HAL_OK)
  51:Core/Src/tim.c ****   {
  52:Core/Src/tim.c ****     Error_Handler();
  53:Core/Src/tim.c ****   }
  54:Core/Src/tim.c ****   sMasterConfig.MasterOutputTrigger = TIM_TRGO_RESET;
  55:Core/Src/tim.c ****   sMasterConfig.MasterSlaveMode = TIM_MASTERSLAVEMODE_DISABLE;
  56:Core/Src/tim.c ****   if (HAL_TIMEx_MasterConfigSynchronization(&htim3, &sMasterConfig) != HAL_OK)
  57:Core/Src/tim.c ****   {
  58:Core/Src/tim.c ****     Error_Handler();
  59:Core/Src/tim.c ****   }
  60:Core/Src/tim.c ****   sConfigOC.OCMode = TIM_OCMODE_PWM1;
  61:Core/Src/tim.c ****   sConfigOC.Pulse = 500;
  62:Core/Src/tim.c ****   sConfigOC.OCPolarity = TIM_OCPOLARITY_LOW;
  63:Core/Src/tim.c ****   sConfigOC.OCFastMode = TIM_OCFAST_DISABLE;
  64:Core/Src/tim.c ****   if (HAL_TIM_PWM_ConfigChannel(&htim3, &sConfigOC, TIM_CHANNEL_4) != HAL_OK)
  65:Core/Src/tim.c ****   {
  66:Core/Src/tim.c ****     Error_Handler();
  67:Core/Src/tim.c ****   }
  68:Core/Src/tim.c ****   /* USER CODE BEGIN TIM3_Init 2 */
  69:Core/Src/tim.c **** 
  70:Core/Src/tim.c ****   /* USER CODE END TIM3_Init 2 */
  71:Core/Src/tim.c ****   HAL_TIM_MspPostInit(&htim3);
  72:Core/Src/tim.c **** 
  73:Core/Src/tim.c **** }
  74:Core/Src/tim.c **** /* TIM6 init function */
  75:Core/Src/tim.c **** void MX_TIM6_Init(void)
  76:Core/Src/tim.c **** {
  29              		.loc 1 76 1 view -0
  30              		.cfi_startproc
  31              		@ args = 0, pretend = 0, frame = 8
  32              		@ frame_needed = 0, uses_anonymous_args = 0
  33 0000 00B5     		push	{lr}
  34              		.cfi_def_cfa_offset 4
  35              		.cfi_offset 14, -4
  36 0002 83B0     		sub	sp, sp, #12
  37              		.cfi_def_cfa_offset 16
  77:Core/Src/tim.c **** 
  78:Core/Src/tim.c ****   /* USER CODE BEGIN TIM6_Init 0 */
ARM GAS  C:\Users\zhmis\AppData\Local\Temp\cc4GhJ9j.s 			page 3


  79:Core/Src/tim.c **** 
  80:Core/Src/tim.c ****   /* USER CODE END TIM6_Init 0 */
  81:Core/Src/tim.c **** 
  82:Core/Src/tim.c ****   TIM_MasterConfigTypeDef sMasterConfig = {0};
  38              		.loc 1 82 3 view .LVU1
  39              		.loc 1 82 27 is_stmt 0 view .LVU2
  40 0004 0023     		movs	r3, #0
  41 0006 0093     		str	r3, [sp]
  42 0008 0193     		str	r3, [sp, #4]
  83:Core/Src/tim.c **** 
  84:Core/Src/tim.c ****   /* USER CODE BEGIN TIM6_Init 1 */
  85:Core/Src/tim.c **** 
  86:Core/Src/tim.c ****   /* USER CODE END TIM6_Init 1 */
  87:Core/Src/tim.c ****   htim6.Instance = TIM6;
  43              		.loc 1 87 3 is_stmt 1 view .LVU3
  44              		.loc 1 87 18 is_stmt 0 view .LVU4
  45 000a 0F48     		ldr	r0, .L7
  46 000c 0F4A     		ldr	r2, .L7+4
  47 000e 0260     		str	r2, [r0]
  88:Core/Src/tim.c ****   htim6.Init.Prescaler = 4200-1;
  48              		.loc 1 88 3 is_stmt 1 view .LVU5
  49              		.loc 1 88 24 is_stmt 0 view .LVU6
  50 0010 41F26702 		movw	r2, #4199
  51 0014 4260     		str	r2, [r0, #4]
  89:Core/Src/tim.c ****   htim6.Init.CounterMode = TIM_COUNTERMODE_UP;
  52              		.loc 1 89 3 is_stmt 1 view .LVU7
  53              		.loc 1 89 26 is_stmt 0 view .LVU8
  54 0016 8360     		str	r3, [r0, #8]
  90:Core/Src/tim.c ****   htim6.Init.Period = 200-1;
  55              		.loc 1 90 3 is_stmt 1 view .LVU9
  56              		.loc 1 90 21 is_stmt 0 view .LVU10
  57 0018 C722     		movs	r2, #199
  58 001a C260     		str	r2, [r0, #12]
  91:Core/Src/tim.c ****   htim6.Init.AutoReloadPreload = TIM_AUTORELOAD_PRELOAD_DISABLE;
  59              		.loc 1 91 3 is_stmt 1 view .LVU11
  60              		.loc 1 91 32 is_stmt 0 view .LVU12
  61 001c 8361     		str	r3, [r0, #24]
  92:Core/Src/tim.c ****   if (HAL_TIM_Base_Init(&htim6) != HAL_OK)
  62              		.loc 1 92 3 is_stmt 1 view .LVU13
  63              		.loc 1 92 7 is_stmt 0 view .LVU14
  64 001e FFF7FEFF 		bl	HAL_TIM_Base_Init
  65              	.LVL0:
  66              		.loc 1 92 6 discriminator 1 view .LVU15
  67 0022 50B9     		cbnz	r0, .L5
  68              	.L2:
  93:Core/Src/tim.c ****   {
  94:Core/Src/tim.c ****     Error_Handler();
  95:Core/Src/tim.c ****   }
  96:Core/Src/tim.c ****   sMasterConfig.MasterOutputTrigger = TIM_TRGO_RESET;
  69              		.loc 1 96 3 is_stmt 1 view .LVU16
  70              		.loc 1 96 37 is_stmt 0 view .LVU17
  71 0024 0023     		movs	r3, #0
  72 0026 0093     		str	r3, [sp]
  97:Core/Src/tim.c ****   sMasterConfig.MasterSlaveMode = TIM_MASTERSLAVEMODE_DISABLE;
  73              		.loc 1 97 3 is_stmt 1 view .LVU18
  74              		.loc 1 97 33 is_stmt 0 view .LVU19
  75 0028 0193     		str	r3, [sp, #4]
ARM GAS  C:\Users\zhmis\AppData\Local\Temp\cc4GhJ9j.s 			page 4


  98:Core/Src/tim.c ****   if (HAL_TIMEx_MasterConfigSynchronization(&htim6, &sMasterConfig) != HAL_OK)
  76              		.loc 1 98 3 is_stmt 1 view .LVU20
  77              		.loc 1 98 7 is_stmt 0 view .LVU21
  78 002a 6946     		mov	r1, sp
  79 002c 0648     		ldr	r0, .L7
  80 002e FFF7FEFF 		bl	HAL_TIMEx_MasterConfigSynchronization
  81              	.LVL1:
  82              		.loc 1 98 6 discriminator 1 view .LVU22
  83 0032 28B9     		cbnz	r0, .L6
  84              	.L1:
  99:Core/Src/tim.c ****   {
 100:Core/Src/tim.c ****     Error_Handler();
 101:Core/Src/tim.c ****   }
 102:Core/Src/tim.c ****   /* USER CODE BEGIN TIM6_Init 2 */
 103:Core/Src/tim.c **** 
 104:Core/Src/tim.c ****   /* USER CODE END TIM6_Init 2 */
 105:Core/Src/tim.c **** 
 106:Core/Src/tim.c **** }
  85              		.loc 1 106 1 view .LVU23
  86 0034 03B0     		add	sp, sp, #12
  87              		.cfi_remember_state
  88              		.cfi_def_cfa_offset 4
  89              		@ sp needed
  90 0036 5DF804FB 		ldr	pc, [sp], #4
  91              	.L5:
  92              		.cfi_restore_state
  94:Core/Src/tim.c ****   }
  93              		.loc 1 94 5 is_stmt 1 view .LVU24
  94 003a FFF7FEFF 		bl	Error_Handler
  95              	.LVL2:
  96 003e F1E7     		b	.L2
  97              	.L6:
 100:Core/Src/tim.c ****   }
  98              		.loc 1 100 5 view .LVU25
  99 0040 FFF7FEFF 		bl	Error_Handler
 100              	.LVL3:
 101              		.loc 1 106 1 is_stmt 0 view .LVU26
 102 0044 F6E7     		b	.L1
 103              	.L8:
 104 0046 00BF     		.align	2
 105              	.L7:
 106 0048 00000000 		.word	htim6
 107 004c 00100040 		.word	1073745920
 108              		.cfi_endproc
 109              	.LFE135:
 111              		.section	.text.HAL_TIM_PWM_MspInit,"ax",%progbits
 112              		.align	1
 113              		.global	HAL_TIM_PWM_MspInit
 114              		.syntax unified
 115              		.thumb
 116              		.thumb_func
 118              	HAL_TIM_PWM_MspInit:
 119              	.LVL4:
 120              	.LFB136:
 107:Core/Src/tim.c **** 
 108:Core/Src/tim.c **** void HAL_TIM_PWM_MspInit(TIM_HandleTypeDef* tim_pwmHandle)
 109:Core/Src/tim.c **** {
ARM GAS  C:\Users\zhmis\AppData\Local\Temp\cc4GhJ9j.s 			page 5


 121              		.loc 1 109 1 is_stmt 1 view -0
 122              		.cfi_startproc
 123              		@ args = 0, pretend = 0, frame = 8
 124              		@ frame_needed = 0, uses_anonymous_args = 0
 125              		@ link register save eliminated.
 110:Core/Src/tim.c **** 
 111:Core/Src/tim.c ****   if(tim_pwmHandle->Instance==TIM3)
 126              		.loc 1 111 3 view .LVU28
 127              		.loc 1 111 19 is_stmt 0 view .LVU29
 128 0000 0268     		ldr	r2, [r0]
 129              		.loc 1 111 5 view .LVU30
 130 0002 094B     		ldr	r3, .L16
 131 0004 9A42     		cmp	r2, r3
 132 0006 00D0     		beq	.L15
 133 0008 7047     		bx	lr
 134              	.L15:
 109:Core/Src/tim.c **** 
 135              		.loc 1 109 1 view .LVU31
 136 000a 82B0     		sub	sp, sp, #8
 137              		.cfi_def_cfa_offset 8
 112:Core/Src/tim.c ****   {
 113:Core/Src/tim.c ****   /* USER CODE BEGIN TIM3_MspInit 0 */
 114:Core/Src/tim.c **** 
 115:Core/Src/tim.c ****   /* USER CODE END TIM3_MspInit 0 */
 116:Core/Src/tim.c ****     /* TIM3 clock enable */
 117:Core/Src/tim.c ****     __HAL_RCC_TIM3_CLK_ENABLE();
 138              		.loc 1 117 5 is_stmt 1 view .LVU32
 139              	.LBB2:
 140              		.loc 1 117 5 view .LVU33
 141 000c 0023     		movs	r3, #0
 142 000e 0193     		str	r3, [sp, #4]
 143              		.loc 1 117 5 view .LVU34
 144 0010 064B     		ldr	r3, .L16+4
 145 0012 1A6C     		ldr	r2, [r3, #64]
 146 0014 42F00202 		orr	r2, r2, #2
 147 0018 1A64     		str	r2, [r3, #64]
 148              		.loc 1 117 5 view .LVU35
 149 001a 1B6C     		ldr	r3, [r3, #64]
 150 001c 03F00203 		and	r3, r3, #2
 151 0020 0193     		str	r3, [sp, #4]
 152              		.loc 1 117 5 view .LVU36
 153 0022 019B     		ldr	r3, [sp, #4]
 154              	.LBE2:
 155              		.loc 1 117 5 discriminator 1 view .LVU37
 118:Core/Src/tim.c ****   /* USER CODE BEGIN TIM3_MspInit 1 */
 119:Core/Src/tim.c **** 
 120:Core/Src/tim.c ****   /* USER CODE END TIM3_MspInit 1 */
 121:Core/Src/tim.c ****   }
 122:Core/Src/tim.c **** }
 156              		.loc 1 122 1 is_stmt 0 view .LVU38
 157 0024 02B0     		add	sp, sp, #8
 158              		.cfi_def_cfa_offset 0
 159              		@ sp needed
 160 0026 7047     		bx	lr
 161              	.L17:
 162              		.align	2
 163              	.L16:
ARM GAS  C:\Users\zhmis\AppData\Local\Temp\cc4GhJ9j.s 			page 6


 164 0028 00040040 		.word	1073742848
 165 002c 00380240 		.word	1073887232
 166              		.cfi_endproc
 167              	.LFE136:
 169              		.section	.text.HAL_TIM_Base_MspInit,"ax",%progbits
 170              		.align	1
 171              		.global	HAL_TIM_Base_MspInit
 172              		.syntax unified
 173              		.thumb
 174              		.thumb_func
 176              	HAL_TIM_Base_MspInit:
 177              	.LVL5:
 178              	.LFB137:
 123:Core/Src/tim.c **** 
 124:Core/Src/tim.c **** void HAL_TIM_Base_MspInit(TIM_HandleTypeDef* tim_baseHandle)
 125:Core/Src/tim.c **** {
 179              		.loc 1 125 1 is_stmt 1 view -0
 180              		.cfi_startproc
 181              		@ args = 0, pretend = 0, frame = 8
 182              		@ frame_needed = 0, uses_anonymous_args = 0
 126:Core/Src/tim.c **** 
 127:Core/Src/tim.c ****   if(tim_baseHandle->Instance==TIM6)
 183              		.loc 1 127 3 view .LVU40
 184              		.loc 1 127 20 is_stmt 0 view .LVU41
 185 0000 0268     		ldr	r2, [r0]
 186              		.loc 1 127 5 view .LVU42
 187 0002 0E4B     		ldr	r3, .L25
 188 0004 9A42     		cmp	r2, r3
 189 0006 00D0     		beq	.L24
 190 0008 7047     		bx	lr
 191              	.L24:
 125:Core/Src/tim.c **** 
 192              		.loc 1 125 1 view .LVU43
 193 000a 00B5     		push	{lr}
 194              		.cfi_def_cfa_offset 4
 195              		.cfi_offset 14, -4
 196 000c 83B0     		sub	sp, sp, #12
 197              		.cfi_def_cfa_offset 16
 128:Core/Src/tim.c ****   {
 129:Core/Src/tim.c ****   /* USER CODE BEGIN TIM6_MspInit 0 */
 130:Core/Src/tim.c **** 
 131:Core/Src/tim.c ****   /* USER CODE END TIM6_MspInit 0 */
 132:Core/Src/tim.c ****     /* TIM6 clock enable */
 133:Core/Src/tim.c ****     __HAL_RCC_TIM6_CLK_ENABLE();
 198              		.loc 1 133 5 is_stmt 1 view .LVU44
 199              	.LBB3:
 200              		.loc 1 133 5 view .LVU45
 201 000e 0022     		movs	r2, #0
 202 0010 0192     		str	r2, [sp, #4]
 203              		.loc 1 133 5 view .LVU46
 204 0012 03F50A33 		add	r3, r3, #141312
 205 0016 196C     		ldr	r1, [r3, #64]
 206 0018 41F01001 		orr	r1, r1, #16
 207 001c 1964     		str	r1, [r3, #64]
 208              		.loc 1 133 5 view .LVU47
 209 001e 1B6C     		ldr	r3, [r3, #64]
 210 0020 03F01003 		and	r3, r3, #16
ARM GAS  C:\Users\zhmis\AppData\Local\Temp\cc4GhJ9j.s 			page 7


 211 0024 0193     		str	r3, [sp, #4]
 212              		.loc 1 133 5 view .LVU48
 213 0026 019B     		ldr	r3, [sp, #4]
 214              	.LBE3:
 215              		.loc 1 133 5 view .LVU49
 134:Core/Src/tim.c **** 
 135:Core/Src/tim.c ****     /* TIM6 interrupt Init */
 136:Core/Src/tim.c ****     HAL_NVIC_SetPriority(TIM6_DAC_IRQn, 1, 0);
 216              		.loc 1 136 5 view .LVU50
 217 0028 0121     		movs	r1, #1
 218 002a 3620     		movs	r0, #54
 219              	.LVL6:
 220              		.loc 1 136 5 is_stmt 0 view .LVU51
 221 002c FFF7FEFF 		bl	HAL_NVIC_SetPriority
 222              	.LVL7:
 137:Core/Src/tim.c ****     HAL_NVIC_EnableIRQ(TIM6_DAC_IRQn);
 223              		.loc 1 137 5 is_stmt 1 view .LVU52
 224 0030 3620     		movs	r0, #54
 225 0032 FFF7FEFF 		bl	HAL_NVIC_EnableIRQ
 226              	.LVL8:
 138:Core/Src/tim.c ****   /* USER CODE BEGIN TIM6_MspInit 1 */
 139:Core/Src/tim.c **** 
 140:Core/Src/tim.c ****   /* USER CODE END TIM6_MspInit 1 */
 141:Core/Src/tim.c ****   }
 142:Core/Src/tim.c **** }
 227              		.loc 1 142 1 is_stmt 0 view .LVU53
 228 0036 03B0     		add	sp, sp, #12
 229              		.cfi_def_cfa_offset 4
 230              		@ sp needed
 231 0038 5DF804FB 		ldr	pc, [sp], #4
 232              	.L26:
 233              		.align	2
 234              	.L25:
 235 003c 00100040 		.word	1073745920
 236              		.cfi_endproc
 237              	.LFE137:
 239              		.section	.text.HAL_TIM_MspPostInit,"ax",%progbits
 240              		.align	1
 241              		.global	HAL_TIM_MspPostInit
 242              		.syntax unified
 243              		.thumb
 244              		.thumb_func
 246              	HAL_TIM_MspPostInit:
 247              	.LVL9:
 248              	.LFB138:
 143:Core/Src/tim.c **** void HAL_TIM_MspPostInit(TIM_HandleTypeDef* timHandle)
 144:Core/Src/tim.c **** {
 249              		.loc 1 144 1 is_stmt 1 view -0
 250              		.cfi_startproc
 251              		@ args = 0, pretend = 0, frame = 24
 252              		@ frame_needed = 0, uses_anonymous_args = 0
 253              		.loc 1 144 1 is_stmt 0 view .LVU55
 254 0000 00B5     		push	{lr}
 255              		.cfi_def_cfa_offset 4
 256              		.cfi_offset 14, -4
 257 0002 87B0     		sub	sp, sp, #28
 258              		.cfi_def_cfa_offset 32
ARM GAS  C:\Users\zhmis\AppData\Local\Temp\cc4GhJ9j.s 			page 8


 145:Core/Src/tim.c **** 
 146:Core/Src/tim.c ****   GPIO_InitTypeDef GPIO_InitStruct = {0};
 259              		.loc 1 146 3 is_stmt 1 view .LVU56
 260              		.loc 1 146 20 is_stmt 0 view .LVU57
 261 0004 0023     		movs	r3, #0
 262 0006 0193     		str	r3, [sp, #4]
 263 0008 0293     		str	r3, [sp, #8]
 264 000a 0393     		str	r3, [sp, #12]
 265 000c 0493     		str	r3, [sp, #16]
 266 000e 0593     		str	r3, [sp, #20]
 147:Core/Src/tim.c ****   if(timHandle->Instance==TIM3)
 267              		.loc 1 147 3 is_stmt 1 view .LVU58
 268              		.loc 1 147 15 is_stmt 0 view .LVU59
 269 0010 0268     		ldr	r2, [r0]
 270              		.loc 1 147 5 view .LVU60
 271 0012 0D4B     		ldr	r3, .L31
 272 0014 9A42     		cmp	r2, r3
 273 0016 02D0     		beq	.L30
 274              	.LVL10:
 275              	.L27:
 148:Core/Src/tim.c ****   {
 149:Core/Src/tim.c ****   /* USER CODE BEGIN TIM3_MspPostInit 0 */
 150:Core/Src/tim.c **** 
 151:Core/Src/tim.c ****   /* USER CODE END TIM3_MspPostInit 0 */
 152:Core/Src/tim.c **** 
 153:Core/Src/tim.c ****     __HAL_RCC_GPIOB_CLK_ENABLE();
 154:Core/Src/tim.c ****     /**TIM3 GPIO Configuration
 155:Core/Src/tim.c ****     PB1     ------> TIM3_CH4
 156:Core/Src/tim.c ****     */
 157:Core/Src/tim.c ****     GPIO_InitStruct.Pin = BUZZER_PWM_Pin;
 158:Core/Src/tim.c ****     GPIO_InitStruct.Mode = GPIO_MODE_AF_PP;
 159:Core/Src/tim.c ****     GPIO_InitStruct.Pull = GPIO_NOPULL;
 160:Core/Src/tim.c ****     GPIO_InitStruct.Speed = GPIO_SPEED_FREQ_LOW;
 161:Core/Src/tim.c ****     GPIO_InitStruct.Alternate = GPIO_AF2_TIM3;
 162:Core/Src/tim.c ****     HAL_GPIO_Init(BUZZER_PWM_GPIO_Port, &GPIO_InitStruct);
 163:Core/Src/tim.c **** 
 164:Core/Src/tim.c ****   /* USER CODE BEGIN TIM3_MspPostInit 1 */
 165:Core/Src/tim.c **** 
 166:Core/Src/tim.c ****   /* USER CODE END TIM3_MspPostInit 1 */
 167:Core/Src/tim.c ****   }
 168:Core/Src/tim.c **** 
 169:Core/Src/tim.c **** }
 276              		.loc 1 169 1 view .LVU61
 277 0018 07B0     		add	sp, sp, #28
 278              		.cfi_remember_state
 279              		.cfi_def_cfa_offset 4
 280              		@ sp needed
 281 001a 5DF804FB 		ldr	pc, [sp], #4
 282              	.LVL11:
 283              	.L30:
 284              		.cfi_restore_state
 153:Core/Src/tim.c ****     /**TIM3 GPIO Configuration
 285              		.loc 1 153 5 is_stmt 1 view .LVU62
 286              	.LBB4:
 153:Core/Src/tim.c ****     /**TIM3 GPIO Configuration
 287              		.loc 1 153 5 view .LVU63
 288 001e 0023     		movs	r3, #0
ARM GAS  C:\Users\zhmis\AppData\Local\Temp\cc4GhJ9j.s 			page 9


 289 0020 0093     		str	r3, [sp]
 153:Core/Src/tim.c ****     /**TIM3 GPIO Configuration
 290              		.loc 1 153 5 view .LVU64
 291 0022 0A4B     		ldr	r3, .L31+4
 292 0024 1A6B     		ldr	r2, [r3, #48]
 293 0026 42F00202 		orr	r2, r2, #2
 294 002a 1A63     		str	r2, [r3, #48]
 153:Core/Src/tim.c ****     /**TIM3 GPIO Configuration
 295              		.loc 1 153 5 view .LVU65
 296 002c 1B6B     		ldr	r3, [r3, #48]
 297 002e 03F00203 		and	r3, r3, #2
 298 0032 0093     		str	r3, [sp]
 153:Core/Src/tim.c ****     /**TIM3 GPIO Configuration
 299              		.loc 1 153 5 view .LVU66
 300 0034 009B     		ldr	r3, [sp]
 301              	.LBE4:
 153:Core/Src/tim.c ****     /**TIM3 GPIO Configuration
 302              		.loc 1 153 5 view .LVU67
 157:Core/Src/tim.c ****     GPIO_InitStruct.Mode = GPIO_MODE_AF_PP;
 303              		.loc 1 157 5 view .LVU68
 157:Core/Src/tim.c ****     GPIO_InitStruct.Mode = GPIO_MODE_AF_PP;
 304              		.loc 1 157 25 is_stmt 0 view .LVU69
 305 0036 0223     		movs	r3, #2
 306 0038 0193     		str	r3, [sp, #4]
 158:Core/Src/tim.c ****     GPIO_InitStruct.Pull = GPIO_NOPULL;
 307              		.loc 1 158 5 is_stmt 1 view .LVU70
 158:Core/Src/tim.c ****     GPIO_InitStruct.Pull = GPIO_NOPULL;
 308              		.loc 1 158 26 is_stmt 0 view .LVU71
 309 003a 0293     		str	r3, [sp, #8]
 159:Core/Src/tim.c ****     GPIO_InitStruct.Speed = GPIO_SPEED_FREQ_LOW;
 310              		.loc 1 159 5 is_stmt 1 view .LVU72
 160:Core/Src/tim.c ****     GPIO_InitStruct.Alternate = GPIO_AF2_TIM3;
 311              		.loc 1 160 5 view .LVU73
 161:Core/Src/tim.c ****     HAL_GPIO_Init(BUZZER_PWM_GPIO_Port, &GPIO_InitStruct);
 312              		.loc 1 161 5 view .LVU74
 161:Core/Src/tim.c ****     HAL_GPIO_Init(BUZZER_PWM_GPIO_Port, &GPIO_InitStruct);
 313              		.loc 1 161 31 is_stmt 0 view .LVU75
 314 003c 0593     		str	r3, [sp, #20]
 162:Core/Src/tim.c **** 
 315              		.loc 1 162 5 is_stmt 1 view .LVU76
 316 003e 01A9     		add	r1, sp, #4
 317 0040 0348     		ldr	r0, .L31+8
 318              	.LVL12:
 162:Core/Src/tim.c **** 
 319              		.loc 1 162 5 is_stmt 0 view .LVU77
 320 0042 FFF7FEFF 		bl	HAL_GPIO_Init
 321              	.LVL13:
 322              		.loc 1 169 1 view .LVU78
 323 0046 E7E7     		b	.L27
 324              	.L32:
 325              		.align	2
 326              	.L31:
 327 0048 00040040 		.word	1073742848
 328 004c 00380240 		.word	1073887232
 329 0050 00040240 		.word	1073873920
 330              		.cfi_endproc
 331              	.LFE138:
ARM GAS  C:\Users\zhmis\AppData\Local\Temp\cc4GhJ9j.s 			page 10


 333              		.section	.text.MX_TIM3_Init,"ax",%progbits
 334              		.align	1
 335              		.global	MX_TIM3_Init
 336              		.syntax unified
 337              		.thumb
 338              		.thumb_func
 340              	MX_TIM3_Init:
 341              	.LFB134:
  32:Core/Src/tim.c **** 
 342              		.loc 1 32 1 is_stmt 1 view -0
 343              		.cfi_startproc
 344              		@ args = 0, pretend = 0, frame = 40
 345              		@ frame_needed = 0, uses_anonymous_args = 0
 346 0000 00B5     		push	{lr}
 347              		.cfi_def_cfa_offset 4
 348              		.cfi_offset 14, -4
 349 0002 8BB0     		sub	sp, sp, #44
 350              		.cfi_def_cfa_offset 48
  38:Core/Src/tim.c ****   TIM_OC_InitTypeDef sConfigOC = {0};
 351              		.loc 1 38 3 view .LVU80
  38:Core/Src/tim.c ****   TIM_OC_InitTypeDef sConfigOC = {0};
 352              		.loc 1 38 27 is_stmt 0 view .LVU81
 353 0004 0023     		movs	r3, #0
 354 0006 0893     		str	r3, [sp, #32]
 355 0008 0993     		str	r3, [sp, #36]
  39:Core/Src/tim.c **** 
 356              		.loc 1 39 3 is_stmt 1 view .LVU82
  39:Core/Src/tim.c **** 
 357              		.loc 1 39 22 is_stmt 0 view .LVU83
 358 000a 0193     		str	r3, [sp, #4]
 359 000c 0293     		str	r3, [sp, #8]
 360 000e 0393     		str	r3, [sp, #12]
 361 0010 0493     		str	r3, [sp, #16]
 362 0012 0593     		str	r3, [sp, #20]
 363 0014 0693     		str	r3, [sp, #24]
 364 0016 0793     		str	r3, [sp, #28]
  44:Core/Src/tim.c ****   htim3.Init.Prescaler = 105-1;
 365              		.loc 1 44 3 is_stmt 1 view .LVU84
  44:Core/Src/tim.c ****   htim3.Init.Prescaler = 105-1;
 366              		.loc 1 44 18 is_stmt 0 view .LVU85
 367 0018 1948     		ldr	r0, .L41
 368 001a 1A4A     		ldr	r2, .L41+4
 369 001c 0260     		str	r2, [r0]
  45:Core/Src/tim.c ****   htim3.Init.CounterMode = TIM_COUNTERMODE_UP;
 370              		.loc 1 45 3 is_stmt 1 view .LVU86
  45:Core/Src/tim.c ****   htim3.Init.CounterMode = TIM_COUNTERMODE_UP;
 371              		.loc 1 45 24 is_stmt 0 view .LVU87
 372 001e 6822     		movs	r2, #104
 373 0020 4260     		str	r2, [r0, #4]
  46:Core/Src/tim.c ****   htim3.Init.Period = 1000-1;
 374              		.loc 1 46 3 is_stmt 1 view .LVU88
  46:Core/Src/tim.c ****   htim3.Init.Period = 1000-1;
 375              		.loc 1 46 26 is_stmt 0 view .LVU89
 376 0022 8360     		str	r3, [r0, #8]
  47:Core/Src/tim.c ****   htim3.Init.ClockDivision = TIM_CLOCKDIVISION_DIV1;
 377              		.loc 1 47 3 is_stmt 1 view .LVU90
  47:Core/Src/tim.c ****   htim3.Init.ClockDivision = TIM_CLOCKDIVISION_DIV1;
ARM GAS  C:\Users\zhmis\AppData\Local\Temp\cc4GhJ9j.s 			page 11


 378              		.loc 1 47 21 is_stmt 0 view .LVU91
 379 0024 40F2E732 		movw	r2, #999
 380 0028 C260     		str	r2, [r0, #12]
  48:Core/Src/tim.c ****   htim3.Init.AutoReloadPreload = TIM_AUTORELOAD_PRELOAD_DISABLE;
 381              		.loc 1 48 3 is_stmt 1 view .LVU92
  48:Core/Src/tim.c ****   htim3.Init.AutoReloadPreload = TIM_AUTORELOAD_PRELOAD_DISABLE;
 382              		.loc 1 48 28 is_stmt 0 view .LVU93
 383 002a 0361     		str	r3, [r0, #16]
  49:Core/Src/tim.c ****   if (HAL_TIM_PWM_Init(&htim3) != HAL_OK)
 384              		.loc 1 49 3 is_stmt 1 view .LVU94
  49:Core/Src/tim.c ****   if (HAL_TIM_PWM_Init(&htim3) != HAL_OK)
 385              		.loc 1 49 32 is_stmt 0 view .LVU95
 386 002c 8361     		str	r3, [r0, #24]
  50:Core/Src/tim.c ****   {
 387              		.loc 1 50 3 is_stmt 1 view .LVU96
  50:Core/Src/tim.c ****   {
 388              		.loc 1 50 7 is_stmt 0 view .LVU97
 389 002e FFF7FEFF 		bl	HAL_TIM_PWM_Init
 390              	.LVL14:
  50:Core/Src/tim.c ****   {
 391              		.loc 1 50 6 discriminator 1 view .LVU98
 392 0032 E0B9     		cbnz	r0, .L38
 393              	.L34:
  54:Core/Src/tim.c ****   sMasterConfig.MasterSlaveMode = TIM_MASTERSLAVEMODE_DISABLE;
 394              		.loc 1 54 3 is_stmt 1 view .LVU99
  54:Core/Src/tim.c ****   sMasterConfig.MasterSlaveMode = TIM_MASTERSLAVEMODE_DISABLE;
 395              		.loc 1 54 37 is_stmt 0 view .LVU100
 396 0034 0023     		movs	r3, #0
 397 0036 0893     		str	r3, [sp, #32]
  55:Core/Src/tim.c ****   if (HAL_TIMEx_MasterConfigSynchronization(&htim3, &sMasterConfig) != HAL_OK)
 398              		.loc 1 55 3 is_stmt 1 view .LVU101
  55:Core/Src/tim.c ****   if (HAL_TIMEx_MasterConfigSynchronization(&htim3, &sMasterConfig) != HAL_OK)
 399              		.loc 1 55 33 is_stmt 0 view .LVU102
 400 0038 0993     		str	r3, [sp, #36]
  56:Core/Src/tim.c ****   {
 401              		.loc 1 56 3 is_stmt 1 view .LVU103
  56:Core/Src/tim.c ****   {
 402              		.loc 1 56 7 is_stmt 0 view .LVU104
 403 003a 08A9     		add	r1, sp, #32
 404 003c 1048     		ldr	r0, .L41
 405 003e FFF7FEFF 		bl	HAL_TIMEx_MasterConfigSynchronization
 406              	.LVL15:
  56:Core/Src/tim.c ****   {
 407              		.loc 1 56 6 discriminator 1 view .LVU105
 408 0042 B8B9     		cbnz	r0, .L39
 409              	.L35:
  60:Core/Src/tim.c ****   sConfigOC.Pulse = 500;
 410              		.loc 1 60 3 is_stmt 1 view .LVU106
  60:Core/Src/tim.c ****   sConfigOC.Pulse = 500;
 411              		.loc 1 60 20 is_stmt 0 view .LVU107
 412 0044 6023     		movs	r3, #96
 413 0046 0193     		str	r3, [sp, #4]
  61:Core/Src/tim.c ****   sConfigOC.OCPolarity = TIM_OCPOLARITY_LOW;
 414              		.loc 1 61 3 is_stmt 1 view .LVU108
  61:Core/Src/tim.c ****   sConfigOC.OCPolarity = TIM_OCPOLARITY_LOW;
 415              		.loc 1 61 19 is_stmt 0 view .LVU109
 416 0048 4FF4FA73 		mov	r3, #500
ARM GAS  C:\Users\zhmis\AppData\Local\Temp\cc4GhJ9j.s 			page 12


 417 004c 0293     		str	r3, [sp, #8]
  62:Core/Src/tim.c ****   sConfigOC.OCFastMode = TIM_OCFAST_DISABLE;
 418              		.loc 1 62 3 is_stmt 1 view .LVU110
  62:Core/Src/tim.c ****   sConfigOC.OCFastMode = TIM_OCFAST_DISABLE;
 419              		.loc 1 62 24 is_stmt 0 view .LVU111
 420 004e 0223     		movs	r3, #2
 421 0050 0393     		str	r3, [sp, #12]
  63:Core/Src/tim.c ****   if (HAL_TIM_PWM_ConfigChannel(&htim3, &sConfigOC, TIM_CHANNEL_4) != HAL_OK)
 422              		.loc 1 63 3 is_stmt 1 view .LVU112
  63:Core/Src/tim.c ****   if (HAL_TIM_PWM_ConfigChannel(&htim3, &sConfigOC, TIM_CHANNEL_4) != HAL_OK)
 423              		.loc 1 63 24 is_stmt 0 view .LVU113
 424 0052 0023     		movs	r3, #0
 425 0054 0593     		str	r3, [sp, #20]
  64:Core/Src/tim.c ****   {
 426              		.loc 1 64 3 is_stmt 1 view .LVU114
  64:Core/Src/tim.c ****   {
 427              		.loc 1 64 7 is_stmt 0 view .LVU115
 428 0056 0C22     		movs	r2, #12
 429 0058 01A9     		add	r1, sp, #4
 430 005a 0948     		ldr	r0, .L41
 431 005c FFF7FEFF 		bl	HAL_TIM_PWM_ConfigChannel
 432              	.LVL16:
  64:Core/Src/tim.c ****   {
 433              		.loc 1 64 6 discriminator 1 view .LVU116
 434 0060 58B9     		cbnz	r0, .L40
 435              	.L36:
  71:Core/Src/tim.c **** 
 436              		.loc 1 71 3 is_stmt 1 view .LVU117
 437 0062 0748     		ldr	r0, .L41
 438 0064 FFF7FEFF 		bl	HAL_TIM_MspPostInit
 439              	.LVL17:
  73:Core/Src/tim.c **** /* TIM6 init function */
 440              		.loc 1 73 1 is_stmt 0 view .LVU118
 441 0068 0BB0     		add	sp, sp, #44
 442              		.cfi_remember_state
 443              		.cfi_def_cfa_offset 4
 444              		@ sp needed
 445 006a 5DF804FB 		ldr	pc, [sp], #4
 446              	.L38:
 447              		.cfi_restore_state
  52:Core/Src/tim.c ****   }
 448              		.loc 1 52 5 is_stmt 1 view .LVU119
 449 006e FFF7FEFF 		bl	Error_Handler
 450              	.LVL18:
 451 0072 DFE7     		b	.L34
 452              	.L39:
  58:Core/Src/tim.c ****   }
 453              		.loc 1 58 5 view .LVU120
 454 0074 FFF7FEFF 		bl	Error_Handler
 455              	.LVL19:
 456 0078 E4E7     		b	.L35
 457              	.L40:
  66:Core/Src/tim.c ****   }
 458              		.loc 1 66 5 view .LVU121
 459 007a FFF7FEFF 		bl	Error_Handler
 460              	.LVL20:
 461 007e F0E7     		b	.L36
ARM GAS  C:\Users\zhmis\AppData\Local\Temp\cc4GhJ9j.s 			page 13


 462              	.L42:
 463              		.align	2
 464              	.L41:
 465 0080 00000000 		.word	htim3
 466 0084 00040040 		.word	1073742848
 467              		.cfi_endproc
 468              	.LFE134:
 470              		.section	.text.HAL_TIM_PWM_MspDeInit,"ax",%progbits
 471              		.align	1
 472              		.global	HAL_TIM_PWM_MspDeInit
 473              		.syntax unified
 474              		.thumb
 475              		.thumb_func
 477              	HAL_TIM_PWM_MspDeInit:
 478              	.LVL21:
 479              	.LFB139:
 170:Core/Src/tim.c **** 
 171:Core/Src/tim.c **** void HAL_TIM_PWM_MspDeInit(TIM_HandleTypeDef* tim_pwmHandle)
 172:Core/Src/tim.c **** {
 480              		.loc 1 172 1 view -0
 481              		.cfi_startproc
 482              		@ args = 0, pretend = 0, frame = 0
 483              		@ frame_needed = 0, uses_anonymous_args = 0
 484              		@ link register save eliminated.
 173:Core/Src/tim.c **** 
 174:Core/Src/tim.c ****   if(tim_pwmHandle->Instance==TIM3)
 485              		.loc 1 174 3 view .LVU123
 486              		.loc 1 174 19 is_stmt 0 view .LVU124
 487 0000 0268     		ldr	r2, [r0]
 488              		.loc 1 174 5 view .LVU125
 489 0002 054B     		ldr	r3, .L46
 490 0004 9A42     		cmp	r2, r3
 491 0006 00D0     		beq	.L45
 492              	.L43:
 175:Core/Src/tim.c ****   {
 176:Core/Src/tim.c ****   /* USER CODE BEGIN TIM3_MspDeInit 0 */
 177:Core/Src/tim.c **** 
 178:Core/Src/tim.c ****   /* USER CODE END TIM3_MspDeInit 0 */
 179:Core/Src/tim.c ****     /* Peripheral clock disable */
 180:Core/Src/tim.c ****     __HAL_RCC_TIM3_CLK_DISABLE();
 181:Core/Src/tim.c ****   /* USER CODE BEGIN TIM3_MspDeInit 1 */
 182:Core/Src/tim.c **** 
 183:Core/Src/tim.c ****   /* USER CODE END TIM3_MspDeInit 1 */
 184:Core/Src/tim.c ****   }
 185:Core/Src/tim.c **** }
 493              		.loc 1 185 1 view .LVU126
 494 0008 7047     		bx	lr
 495              	.L45:
 180:Core/Src/tim.c ****   /* USER CODE BEGIN TIM3_MspDeInit 1 */
 496              		.loc 1 180 5 is_stmt 1 view .LVU127
 497 000a 044A     		ldr	r2, .L46+4
 498 000c 136C     		ldr	r3, [r2, #64]
 499 000e 23F00203 		bic	r3, r3, #2
 500 0012 1364     		str	r3, [r2, #64]
 501              		.loc 1 185 1 is_stmt 0 view .LVU128
 502 0014 F8E7     		b	.L43
 503              	.L47:
ARM GAS  C:\Users\zhmis\AppData\Local\Temp\cc4GhJ9j.s 			page 14


 504 0016 00BF     		.align	2
 505              	.L46:
 506 0018 00040040 		.word	1073742848
 507 001c 00380240 		.word	1073887232
 508              		.cfi_endproc
 509              	.LFE139:
 511              		.section	.text.HAL_TIM_Base_MspDeInit,"ax",%progbits
 512              		.align	1
 513              		.global	HAL_TIM_Base_MspDeInit
 514              		.syntax unified
 515              		.thumb
 516              		.thumb_func
 518              	HAL_TIM_Base_MspDeInit:
 519              	.LVL22:
 520              	.LFB140:
 186:Core/Src/tim.c **** 
 187:Core/Src/tim.c **** void HAL_TIM_Base_MspDeInit(TIM_HandleTypeDef* tim_baseHandle)
 188:Core/Src/tim.c **** {
 521              		.loc 1 188 1 is_stmt 1 view -0
 522              		.cfi_startproc
 523              		@ args = 0, pretend = 0, frame = 0
 524              		@ frame_needed = 0, uses_anonymous_args = 0
 525              		.loc 1 188 1 is_stmt 0 view .LVU130
 526 0000 08B5     		push	{r3, lr}
 527              		.cfi_def_cfa_offset 8
 528              		.cfi_offset 3, -8
 529              		.cfi_offset 14, -4
 189:Core/Src/tim.c **** 
 190:Core/Src/tim.c ****   if(tim_baseHandle->Instance==TIM6)
 530              		.loc 1 190 3 is_stmt 1 view .LVU131
 531              		.loc 1 190 20 is_stmt 0 view .LVU132
 532 0002 0268     		ldr	r2, [r0]
 533              		.loc 1 190 5 view .LVU133
 534 0004 064B     		ldr	r3, .L52
 535 0006 9A42     		cmp	r2, r3
 536 0008 00D0     		beq	.L51
 537              	.LVL23:
 538              	.L48:
 191:Core/Src/tim.c ****   {
 192:Core/Src/tim.c ****   /* USER CODE BEGIN TIM6_MspDeInit 0 */
 193:Core/Src/tim.c **** 
 194:Core/Src/tim.c ****   /* USER CODE END TIM6_MspDeInit 0 */
 195:Core/Src/tim.c ****     /* Peripheral clock disable */
 196:Core/Src/tim.c ****     __HAL_RCC_TIM6_CLK_DISABLE();
 197:Core/Src/tim.c **** 
 198:Core/Src/tim.c ****     /* TIM6 interrupt Deinit */
 199:Core/Src/tim.c ****     HAL_NVIC_DisableIRQ(TIM6_DAC_IRQn);
 200:Core/Src/tim.c ****   /* USER CODE BEGIN TIM6_MspDeInit 1 */
 201:Core/Src/tim.c **** 
 202:Core/Src/tim.c ****   /* USER CODE END TIM6_MspDeInit 1 */
 203:Core/Src/tim.c ****   }
 204:Core/Src/tim.c **** }
 539              		.loc 1 204 1 view .LVU134
 540 000a 08BD     		pop	{r3, pc}
 541              	.LVL24:
 542              	.L51:
 196:Core/Src/tim.c **** 
ARM GAS  C:\Users\zhmis\AppData\Local\Temp\cc4GhJ9j.s 			page 15


 543              		.loc 1 196 5 is_stmt 1 view .LVU135
 544 000c 054A     		ldr	r2, .L52+4
 545 000e 136C     		ldr	r3, [r2, #64]
 546 0010 23F01003 		bic	r3, r3, #16
 547 0014 1364     		str	r3, [r2, #64]
 199:Core/Src/tim.c ****   /* USER CODE BEGIN TIM6_MspDeInit 1 */
 548              		.loc 1 199 5 view .LVU136
 549 0016 3620     		movs	r0, #54
 550              	.LVL25:
 199:Core/Src/tim.c ****   /* USER CODE BEGIN TIM6_MspDeInit 1 */
 551              		.loc 1 199 5 is_stmt 0 view .LVU137
 552 0018 FFF7FEFF 		bl	HAL_NVIC_DisableIRQ
 553              	.LVL26:
 554              		.loc 1 204 1 view .LVU138
 555 001c F5E7     		b	.L48
 556              	.L53:
 557 001e 00BF     		.align	2
 558              	.L52:
 559 0020 00100040 		.word	1073745920
 560 0024 00380240 		.word	1073887232
 561              		.cfi_endproc
 562              	.LFE140:
 564              		.global	htim6
 565              		.section	.bss.htim6,"aw",%nobits
 566              		.align	2
 569              	htim6:
 570 0000 00000000 		.space	72
 570      00000000 
 570      00000000 
 570      00000000 
 570      00000000 
 571              		.global	htim3
 572              		.section	.bss.htim3,"aw",%nobits
 573              		.align	2
 576              	htim3:
 577 0000 00000000 		.space	72
 577      00000000 
 577      00000000 
 577      00000000 
 577      00000000 
 578              		.text
 579              	.Letext0:
 580              		.file 2 "Drivers/CMSIS/Device/ST/STM32F4xx/Include/stm32f407xx.h"
 581              		.file 3 "C:/Users/zhmis/AppData/Roaming/Code/User/globalStorage/bmd.stm32-for-vscode/@xpack-dev-to
 582              		.file 4 "C:/Users/zhmis/AppData/Roaming/Code/User/globalStorage/bmd.stm32-for-vscode/@xpack-dev-to
 583              		.file 5 "Drivers/STM32F4xx_HAL_Driver/Inc/stm32f4xx_hal_def.h"
 584              		.file 6 "Drivers/STM32F4xx_HAL_Driver/Inc/stm32f4xx_hal_gpio.h"
 585              		.file 7 "Drivers/STM32F4xx_HAL_Driver/Inc/stm32f4xx_hal_dma.h"
 586              		.file 8 "Drivers/STM32F4xx_HAL_Driver/Inc/stm32f4xx_hal_tim.h"
 587              		.file 9 "Core/Inc/tim.h"
 588              		.file 10 "Drivers/STM32F4xx_HAL_Driver/Inc/stm32f4xx_hal_cortex.h"
 589              		.file 11 "Drivers/STM32F4xx_HAL_Driver/Inc/stm32f4xx_hal_tim_ex.h"
 590              		.file 12 "Core/Inc/main.h"
ARM GAS  C:\Users\zhmis\AppData\Local\Temp\cc4GhJ9j.s 			page 16


DEFINED SYMBOLS
                            *ABS*:00000000 tim.c
C:\Users\zhmis\AppData\Local\Temp\cc4GhJ9j.s:21     .text.MX_TIM6_Init:00000000 $t
C:\Users\zhmis\AppData\Local\Temp\cc4GhJ9j.s:27     .text.MX_TIM6_Init:00000000 MX_TIM6_Init
C:\Users\zhmis\AppData\Local\Temp\cc4GhJ9j.s:106    .text.MX_TIM6_Init:00000048 $d
C:\Users\zhmis\AppData\Local\Temp\cc4GhJ9j.s:569    .bss.htim6:00000000 htim6
C:\Users\zhmis\AppData\Local\Temp\cc4GhJ9j.s:112    .text.HAL_TIM_PWM_MspInit:00000000 $t
C:\Users\zhmis\AppData\Local\Temp\cc4GhJ9j.s:118    .text.HAL_TIM_PWM_MspInit:00000000 HAL_TIM_PWM_MspInit
C:\Users\zhmis\AppData\Local\Temp\cc4GhJ9j.s:164    .text.HAL_TIM_PWM_MspInit:00000028 $d
C:\Users\zhmis\AppData\Local\Temp\cc4GhJ9j.s:170    .text.HAL_TIM_Base_MspInit:00000000 $t
C:\Users\zhmis\AppData\Local\Temp\cc4GhJ9j.s:176    .text.HAL_TIM_Base_MspInit:00000000 HAL_TIM_Base_MspInit
C:\Users\zhmis\AppData\Local\Temp\cc4GhJ9j.s:235    .text.HAL_TIM_Base_MspInit:0000003c $d
C:\Users\zhmis\AppData\Local\Temp\cc4GhJ9j.s:240    .text.HAL_TIM_MspPostInit:00000000 $t
C:\Users\zhmis\AppData\Local\Temp\cc4GhJ9j.s:246    .text.HAL_TIM_MspPostInit:00000000 HAL_TIM_MspPostInit
C:\Users\zhmis\AppData\Local\Temp\cc4GhJ9j.s:327    .text.HAL_TIM_MspPostInit:00000048 $d
C:\Users\zhmis\AppData\Local\Temp\cc4GhJ9j.s:334    .text.MX_TIM3_Init:00000000 $t
C:\Users\zhmis\AppData\Local\Temp\cc4GhJ9j.s:340    .text.MX_TIM3_Init:00000000 MX_TIM3_Init
C:\Users\zhmis\AppData\Local\Temp\cc4GhJ9j.s:465    .text.MX_TIM3_Init:00000080 $d
C:\Users\zhmis\AppData\Local\Temp\cc4GhJ9j.s:576    .bss.htim3:00000000 htim3
C:\Users\zhmis\AppData\Local\Temp\cc4GhJ9j.s:471    .text.HAL_TIM_PWM_MspDeInit:00000000 $t
C:\Users\zhmis\AppData\Local\Temp\cc4GhJ9j.s:477    .text.HAL_TIM_PWM_MspDeInit:00000000 HAL_TIM_PWM_MspDeInit
C:\Users\zhmis\AppData\Local\Temp\cc4GhJ9j.s:506    .text.HAL_TIM_PWM_MspDeInit:00000018 $d
C:\Users\zhmis\AppData\Local\Temp\cc4GhJ9j.s:512    .text.HAL_TIM_Base_MspDeInit:00000000 $t
C:\Users\zhmis\AppData\Local\Temp\cc4GhJ9j.s:518    .text.HAL_TIM_Base_MspDeInit:00000000 HAL_TIM_Base_MspDeInit
C:\Users\zhmis\AppData\Local\Temp\cc4GhJ9j.s:559    .text.HAL_TIM_Base_MspDeInit:00000020 $d
C:\Users\zhmis\AppData\Local\Temp\cc4GhJ9j.s:566    .bss.htim6:00000000 $d
C:\Users\zhmis\AppData\Local\Temp\cc4GhJ9j.s:573    .bss.htim3:00000000 $d

UNDEFINED SYMBOLS
HAL_TIM_Base_Init
HAL_TIMEx_MasterConfigSynchronization
Error_Handler
HAL_NVIC_SetPriority
HAL_NVIC_EnableIRQ
HAL_GPIO_Init
HAL_TIM_PWM_Init
HAL_TIM_PWM_ConfigChannel
HAL_NVIC_DisableIRQ
