Component: Arm Compiler for Embedded 6.22 Tool: armlink [5ee90200]

==============================================================================

Section Cross References

    startup_stm32f407xx.o(STACK) refers (Special) to heapauxi.o(.text) for __use_two_region_memory
    startup_stm32f407xx.o(HEAP) refers (Special) to heapauxi.o(.text) for __use_two_region_memory
    startup_stm32f407xx.o(RESET) refers (Special) to heapauxi.o(.text) for __use_two_region_memory
    startup_stm32f407xx.o(RESET) refers to startup_stm32f407xx.o(STACK) for __initial_sp
    startup_stm32f407xx.o(RESET) refers to startup_stm32f407xx.o(.text) for Reset_Handler
    startup_stm32f407xx.o(RESET) refers to stm32f4xx_it.o(.text.NMI_Handler) for NMI_Handler
    startup_stm32f407xx.o(RESET) refers to stm32f4xx_it.o(.text.HardFault_Handler) for HardFault_Handler
    startup_stm32f407xx.o(RESET) refers to stm32f4xx_it.o(.text.MemManage_Handler) for MemManage_Handler
    startup_stm32f407xx.o(RESET) refers to stm32f4xx_it.o(.text.BusFault_Handler) for BusFault_Handler
    startup_stm32f407xx.o(RESET) refers to stm32f4xx_it.o(.text.UsageFault_Handler) for UsageFault_Handler
    startup_stm32f407xx.o(RESET) refers to stm32f4xx_it.o(.text.SVC_Handler) for SVC_Handler
    startup_stm32f407xx.o(RESET) refers to stm32f4xx_it.o(.text.DebugMon_Handler) for DebugMon_Handler
    startup_stm32f407xx.o(RESET) refers to stm32f4xx_it.o(.text.PendSV_Handler) for PendSV_Handler
    startup_stm32f407xx.o(RESET) refers to stm32f4xx_it.o(.text.SysTick_Handler) for SysTick_Handler
    startup_stm32f407xx.o(RESET) refers to stm32f4xx_it.o(.text.RTC_Alarm_IRQHandler) for RTC_Alarm_IRQHandler
    startup_stm32f407xx.o(RESET) refers to stm32f4xx_it.o(.text.TIM6_DAC_IRQHandler) for TIM6_DAC_IRQHandler
    startup_stm32f407xx.o(.text) refers (Special) to heapauxi.o(.text) for __use_two_region_memory
    startup_stm32f407xx.o(.text) refers to system_stm32f4xx.o(.text.SystemInit) for SystemInit
    startup_stm32f407xx.o(.text) refers to __main.o(!!!main) for __main
    startup_stm32f407xx.o(.text) refers to startup_stm32f407xx.o(HEAP) for Heap_Mem
    startup_stm32f407xx.o(.text) refers to startup_stm32f407xx.o(STACK) for Stack_Mem
    alrm.o(.text.alrm_SetTime) refers to alrm.o(.bss.sTime) for sTime
    alrm.o(.text.alrm_SetTime) refers to rtc.o(.bss.hrtc) for hrtc
    alrm.o(.text.alrm_SetTime) refers to stm32f4xx_hal_rtc.o(.text.HAL_RTC_SetTime) for HAL_RTC_SetTime
    alrm.o(.ARM.exidx.text.alrm_SetTime) refers to alrm.o(.text.alrm_SetTime) for [Anonymous Symbol]
    alrm.o(.text.alrm_SetAlarm) refers to alrm.o(.bss.sAlarm) for sAlarm
    alrm.o(.text.alrm_SetAlarm) refers to rtc.o(.bss.hrtc) for hrtc
    alrm.o(.text.alrm_SetAlarm) refers to stm32f4xx_hal_rtc.o(.text.HAL_RTC_SetAlarm_IT) for HAL_RTC_SetAlarm_IT
    alrm.o(.ARM.exidx.text.alrm_SetAlarm) refers to alrm.o(.text.alrm_SetAlarm) for [Anonymous Symbol]
    alrm.o(.text.HAL_RTC_AlarmAEventCallback) refers to alrm.o(.bss.alarm_A_flag) for alarm_A_flag
    alrm.o(.ARM.exidx.text.HAL_RTC_AlarmAEventCallback) refers to alrm.o(.text.HAL_RTC_AlarmAEventCallback) for [Anonymous Symbol]
    alrm.o(.ARM.exidx.text.increment_bcd) refers to alrm.o(.text.increment_bcd) for [Anonymous Symbol]
    button.o(.text.buttonInit) refers to h1_alloc.o(.text) for malloc
    button.o(.ARM.exidx.text.buttonInit) refers to button.o(.text.buttonInit) for [Anonymous Symbol]
    button.o(.ARM.exidx.text.getDebouncedButton) refers to button.o(.text.getDebouncedButton) for [Anonymous Symbol]
    alrm_logic.o(.text.alarm_init_components) refers to button.o(.text.buttonInit) for buttonInit
    alrm_logic.o(.text.alarm_init_components) refers to press_detection.o(.bss.hbut0) for hbut0
    alrm_logic.o(.text.alarm_init_components) refers to press_detection.o(.bss.hbut1) for hbut1
    alrm_logic.o(.text.alarm_init_components) refers to leds.o(.text.led_init) for led_init
    alrm_logic.o(.ARM.exidx.text.alarm_init_components) refers to alrm_logic.o(.text.alarm_init_components) for [Anonymous Symbol]
    alrm_logic.o(.text.alarm_periph_handler) refers to press_detection.o(.bss.hbut0) for hbut0
    alrm_logic.o(.text.alarm_periph_handler) refers to stm32f4xx_hal_gpio.o(.text.HAL_GPIO_ReadPin) for HAL_GPIO_ReadPin
    alrm_logic.o(.text.alarm_periph_handler) refers to button.o(.text.getDebouncedButton) for getDebouncedButton
    alrm_logic.o(.text.alarm_periph_handler) refers to press_detection.o(.bss.But0_State) for But0_State
    alrm_logic.o(.text.alarm_periph_handler) refers to press_detection.o(.bss.hbut1) for hbut1
    alrm_logic.o(.text.alarm_periph_handler) refers to press_detection.o(.bss.But1_State) for But1_State
    alrm_logic.o(.text.alarm_periph_handler) refers to press_detection.o(.text.PressDetection_Update) for PressDetection_Update
    alrm_logic.o(.text.alarm_periph_handler) refers to press_detection.o(.bss.But0_press_state) for But0_press_state
[...]
    ../clib/angel/rt.s                       0x00000000   Number         0  rt_heap_descriptor.o ABSOLUTE
    ../clib/angel/rt.s                       0x00000000   Number         0  rt_heap_descriptor_intlibspace.o ABSOLUTE
    ../clib/angel/rt.s                       0x00000000   Number         0  rt_div0.o ABSOLUTE
    ../clib/angel/rt.s                       0x00000000   Number         0  rt_raise.o ABSOLUTE
    ../clib/angel/scatter.s                  0x00000000   Number         0  __scatter.o ABSOLUTE
    ../clib/angel/startup.s                  0x00000000   Number         0  __main.o ABSOLUTE
    ../clib/angel/sys.s                      0x00000000   Number         0  mutex_dummy.o ABSOLUTE
    ../clib/angel/sys.s                      0x00000000   Number         0  libspace.o ABSOLUTE
    ../clib/angel/sys.s                      0x00000000   Number         0  use_no_semi.o ABSOLUTE
    ../clib/angel/sys.s                      0x00000000   Number         0  indicate_semi.o ABSOLUTE
    ../clib/angel/sys.s                      0x00000000   Number         0  sys_stackheap_outer.o ABSOLUTE
    ../clib/angel/sysapp.c                   0x00000000   Number         0  sys_command.o ABSOLUTE
    ../clib/angel/sysapp.c                   0x00000000   Number         0  sys_command_hlt.o ABSOLUTE
    ../clib/angel/sysapp.c                   0x00000000   Number         0  sys_exit.o ABSOLUTE
    ../clib/angel/sysapp.c                   0x00000000   Number         0  sys_exit_hlt.o ABSOLUTE
    ../clib/angel/sysapp.c                   0x00000000   Number         0  sys_wrch.o ABSOLUTE
    ../clib/angel/sysapp.c                   0x00000000   Number         0  sys_wrch_hlt.o ABSOLUTE
    ../clib/armsys.c                         0x00000000   Number         0  _get_argv.o ABSOLUTE
    ../clib/armsys.c                         0x00000000   Number         0  argv_veneer.o ABSOLUTE
    ../clib/armsys.c                         0x00000000   Number         0  argv_veneer.o ABSOLUTE
    ../clib/armsys.c                         0x00000000   Number         0  _get_argv_nomalloc.o ABSOLUTE
    ../clib/armsys.c                         0x00000000   Number         0  no_argv.o ABSOLUTE
    ../clib/heap1.c                          0x00000000   Number         0  h1_alloc.o ABSOLUTE
    ../clib/heap1.c                          0x00000000   Number         0  h1_alloc_threads.o ABSOLUTE
    ../clib/heap1.c                          0x00000000   Number         0  h1_init.o ABSOLUTE
    ../clib/heap1.c                          0x00000000   Number         0  h1_free.o ABSOLUTE
    ../clib/heap1.c                          0x00000000   Number         0  h1_init_threads.o ABSOLUTE
    ../clib/heap1.c                          0x00000000   Number         0  h1_free_threads.o ABSOLUTE
    ../clib/heap1.c                          0x00000000   Number         0  h1_extend.o ABSOLUTE
    ../clib/heap1.c                          0x00000000   Number         0  h1_extend_threads.o ABSOLUTE
    ../clib/heap1.c                          0x00000000   Number         0  h1_final.o ABSOLUTE
    ../clib/heap1.c                          0x00000000   Number         0  h1_final_threads.o ABSOLUTE
    ../clib/heap2.c                          0x00000000   Number         0  heap2.o ABSOLUTE
    ../clib/heap2.c                          0x00000000   Number         0  heap2_threads.o ABSOLUTE
    ../clib/heap2.c                          0x00000000   Number         0  fdtree.o ABSOLUTE
    ../clib/heapalloc.c                      0x00000000   Number         0  malloc.o ABSOLUTE
    ../clib/heapalloc.c                      0x00000000   Number         0  hguard.o ABSOLUTE
    ../clib/heapalloc.c                      0x00000000   Number         0  init_alloc.o ABSOLUTE
    ../clib/heapalloc.c                      0x00000000   Number         0  free.o ABSOLUTE
    ../clib/heapalloc.c                      0x00000000   Number         0  heapstubs.o ABSOLUTE
    ../clib/heapalloc.c                      0x00000000   Number         0  hrguard.o ABSOLUTE
    ../clib/heapalloc.c                      0x00000000   Number         0  term_alloc.o ABSOLUTE
    ../clib/heapaux.c                        0x00000000   Number         0  heapauxi.o ABSOLUTE
    ../clib/heapaux.c                        0x00000000   Number         0  heapauxa.o ABSOLUTE
    ../clib/libinit.s                        0x00000000   Number         0  libinit2.o ABSOLUTE
    ../clib/libinit.s                        0x00000000   Number         0  libinit.o ABSOLUTE
    ../clib/libinit.s                        0x00000000   Number         0  libshutdown2.o ABSOLUTE
    ../clib/libinit.s                        0x00000000   Number         0  libshutdown.o ABSOLUTE
    ../clib/longlong.s                       0x00000000   Number         0  lludivv7m.o ABSOLUTE
    ../clib/maybe.s                          0x00000000   Number         0  maybetermalloc1.o ABSOLUTE
    ../clib/maybe.s                          0x00000000   Number         0  maybetermalloc2.o ABSOLUTE
    ../clib/memcpset.s                       0x00000000   Number         0  rt_memclr_w.o ABSOLUTE
    ../clib/memcpset.s                       0x00000000   Number         0  rt_memcpy_w.o ABSOLUTE
    ../clib/signal.c                         0x00000000   Number         0  defsig_rtmem_outer.o ABSOLUTE
    ../clib/signal.c                         0x00000000   Number         0  defsig_rtmem_formal.o ABSOLUTE
    ../clib/signal.c                         0x00000000   Number         0  defsig_exit.o ABSOLUTE
    ../clib/signal.c                         0x00000000   Number         0  defsig_fpe_outer.o ABSOLUTE
    ../clib/signal.c                         0x00000000   Number         0  defsig_fpe_formal.o ABSOLUTE
    ../clib/signal.c                         0x00000000   Number         0  defsig_rtmem_inner.o ABSOLUTE
    ../clib/signal.c                         0x00000000   Number         0  __raise.o ABSOLUTE
    ../clib/signal.c                         0x00000000   Number         0  defsig_general.o ABSOLUTE
    ../clib/signal.c                         0x00000000   Number         0  defsig_fpe_inner.o ABSOLUTE
    ../clib/signal.c                         0x00000000   Number         0  defsig_abrt_inner.o ABSOLUTE
    ../clib/signal.c                         0x00000000   Number         0  defsig_rtred_inner.o ABSOLUTE
    ../clib/signal.c                         0x00000000   Number         0  defsig_stak_inner.o ABSOLUTE
    ../clib/signal.c                         0x00000000   Number         0  defsig_pvfn_inner.o ABSOLUTE
    ../clib/signal.c                         0x00000000   Number         0  defsig_cppl_inner.o ABSOLUTE
    ../clib/signal.c                         0x00000000   Number         0  defsig_segv_inner.o ABSOLUTE
    ../clib/signal.c                         0x00000000   Number         0  defsig_other.o ABSOLUTE
    ../clib/signal.s                         0x00000000   Number         0  defsig.o ABSOLUTE
    ../clib/stdlib.c                         0x00000000   Number         0  exit.o ABSOLUTE
    ../fplib/fpinit.s                        0x00000000   Number         0  fpinit.o ABSOLUTE
    Leds.c                                   0x00000000   Number         0  leds.o ABSOLUTE
    alrm.c                                   0x00000000   Number         0  alrm.o ABSOLUTE
    alrm_logic.c                             0x00000000   Number         0  alrm_logic.o ABSOLUTE
    button.c                                 0x00000000   Number         0  button.o ABSOLUTE
    dc.s                                     0x00000000   Number         0  dc.o ABSOLUTE
    gpio.c                                   0x00000000   Number         0  gpio.o ABSOLUTE
    main.c                                   0x00000000   Number         0  main.o ABSOLUTE
    press_detection.c                        0x00000000   Number         0  press_detection.o ABSOLUTE
    rtc.c                                    0x00000000   Number         0  rtc.o ABSOLUTE
    startup_stm32f407xx.s                    0x00000000   Number         0  startup_stm32f407xx.o ABSOLUTE
    stm32f4xx_hal.c                          0x00000000   Number         0  stm32f4xx_hal.o ABSOLUTE
    stm32f4xx_hal_cortex.c                   0x00000000   Number         0  stm32f4xx_hal_cortex.o ABSOLUTE
    stm32f4xx_hal_dma.c                      0x00000000   Number         0  stm32f4xx_hal_dma.o ABSOLUTE
    stm32f4xx_hal_dma_ex.c                   0x00000000   Number         0  stm32f4xx_hal_dma_ex.o ABSOLUTE
    stm32f4xx_hal_exti.c                     0x00000000   Number         0  stm32f4xx_hal_exti.o ABSOLUTE
    stm32f4xx_hal_flash.c                    0x00000000   Number         0  stm32f4xx_hal_flash.o ABSOLUTE
    stm32f4xx_hal_flash_ex.c                 0x00000000   Number         0  stm32f4xx_hal_flash_ex.o ABSOLUTE
    stm32f4xx_hal_flash_ramfunc.c            0x00000000   Number         0  stm32f4xx_hal_flash_ramfunc.o ABSOLUTE
    stm32f4xx_hal_gpio.c                     0x00000000   Number         0  stm32f4xx_hal_gpio.o ABSOLUTE
    stm32f4xx_hal_msp.c                      0x00000000   Number         0  stm32f4xx_hal_msp.o ABSOLUTE
    stm32f4xx_hal_pwr.c                      0x00000000   Number         0  stm32f4xx_hal_pwr.o ABSOLUTE
    stm32f4xx_hal_pwr_ex.c                   0x00000000   Number         0  stm32f4xx_hal_pwr_ex.o ABSOLUTE
    stm32f4xx_hal_rcc.c                      0x00000000   Number         0  stm32f4xx_hal_rcc.o ABSOLUTE
    stm32f4xx_hal_rcc_ex.c                   0x00000000   Number         0  stm32f4xx_hal_rcc_ex.o ABSOLUTE
    stm32f4xx_hal_rtc.c                      0x00000000   Number         0  stm32f4xx_hal_rtc.o ABSOLUTE
    stm32f4xx_hal_rtc_ex.c                   0x00000000   Number         0  stm32f4xx_hal_rtc_ex.o ABSOLUTE
    stm32f4xx_hal_tim.c                      0x00000000   Number         0  stm32f4xx_hal_tim.o ABSOLUTE
    stm32f4xx_hal_tim_ex.c                   0x00000000   Number         0  stm32f4xx_hal_tim_ex.o ABSOLUTE
    stm32f4xx_it.c                           0x00000000   Number         0  stm32f4xx_it.o ABSOLUTE
    system_stm32f4xx.c                       0x00000000   Number         0  system_stm32f4xx.o ABSOLUTE
    tim.c                                    0x00000000   Number         0  tim.o ABSOLUTE
    RESET                                    0x08000000   Section      392  startup_stm32f407xx.o(RESET)
    !!!main                                  0x08000188   Section        8  __main.o(!!!main)
    !!!scatter                               0x08000190   Section       92  __scatter.o(!!!scatter)
    !!handler_copy                           0x080001ec   Section       26  __scatter_copy.o(!!handler_copy)
    !!handler_null                           0x08000208   Section        2  __scatter.o(!!handler_null)
    !!handler_zi                             0x0800020c   Section       28  __scatter_zi.o(!!handler_zi)
    .ARM.Collect$$libinit$$00000000          0x08000228   Section        2  libinit.o(.ARM.Collect$$libinit$$00000000)
    .ARM.Collect$$libinit$$00000001          0x0800022a   Section        4  libinit2.o(.ARM.Collect$$libinit$$00000001)
    .ARM.Collect$$libinit$$00000004          0x0800022e   Section        0  libinit2.o(.ARM.Collect$$libinit$$00000004)
    .ARM.Collect$$libinit$$00000006          0x0800022e   Section        0  libinit2.o(.ARM.Collect$$libinit$$00000006)
    .ARM.Collect$$libinit$$00000007          0x0800022e   Section        8  libinit2.o(.ARM.Collect$$libinit$$00000007)
    .ARM.Collect$$libinit$$0000000C          0x08000236   Section        0  libinit2.o(.ARM.Collect$$libinit$$0000000C)
    .ARM.Collect$$libinit$$0000000E          0x08000236   Section        0  libinit2.o(.ARM.Collect$$libinit$$0000000E)
    .ARM.Collect$$libinit$$00000010          0x08000236   Section        0  libinit2.o(.ARM.Collect$$libinit$$00000010)
    .ARM.Collect$$libinit$$00000013          0x08000236   Section        0  libinit2.o(.ARM.Collect$$libinit$$00000013)
    .ARM.Collect$$libinit$$00000015          0x08000236   Section        0  libinit2.o(.ARM.Collect$$libinit$$00000015)
    .ARM.Collect$$libinit$$00000017          0x08000236   Section        0  libinit2.o(.ARM.Collect$$libinit$$00000017)
    .ARM.Collect$$libinit$$00000019          0x08000236   Section        0  libinit2.o(.ARM.Collect$$libinit$$00000019)
    .ARM.Collect$$libinit$$0000001B          0x08000236   Section        0  libinit2.o(.ARM.Collect$$libinit$$0000001B)
    .ARM.Collect$$libinit$$0000001D          0x08000236   Section        0  libinit2.o(.ARM.Collect$$libinit$$0000001D)
    .ARM.Collect$$libinit$$0000001F          0x08000236   Section        0  libinit2.o(.ARM.Collect$$libinit$$0000001F)
    .ARM.Collect$$libinit$$00000021          0x08000236   Section        0  libinit2.o(.ARM.Collect$$libinit$$00000021)
    .ARM.Collect$$libinit$$00000023          0x08000236   Section        0  libinit2.o(.ARM.Collect$$libinit$$00000023)
    .ARM.Collect$$libinit$$00000025          0x08000236   Section        0  libinit2.o(.ARM.Collect$$libinit$$00000025)
    .ARM.Collect$$libinit$$00000027          0x08000236   Section        0  libinit2.o(.ARM.Collect$$libinit$$00000027)
    .ARM.Collect$$libinit$$0000002E          0x08000236   Section        0  libinit2.o(.ARM.Collect$$libinit$$0000002E)
    .ARM.Collect$$libinit$$00000030          0x08000236   Section        0  libinit2.o(.ARM.Collect$$libinit$$00000030)
    .ARM.Collect$$libinit$$00000032          0x08000236   Section        0  libinit2.o(.ARM.Collect$$libinit$$00000032)
    .ARM.Collect$$libinit$$00000034          0x08000236   Section        0  libinit2.o(.ARM.Collect$$libinit$$00000034)
    .ARM.Collect$$libinit$$00000035          0x08000236   Section        2  libinit2.o(.ARM.Collect$$libinit$$00000035)
    .ARM.Collect$$libshutdown$$00000000      0x08000238   Section        2  libshutdown.o(.ARM.Collect$$libshutdown$$00000000)
    .ARM.Collect$$libshutdown$$00000002      0x0800023a   Section        0  libshutdown2.o(.ARM.Collect$$libshutdown$$00000002)
    .ARM.Collect$$libshutdown$$00000004      0x0800023a   Section        0  libshutdown2.o(.ARM.Collect$$libshutdown$$00000004)
    .ARM.Collect$$libshutdown$$00000007      0x0800023a   Section        0  libshutdown2.o(.ARM.Collect$$libshutdown$$00000007)
    .ARM.Collect$$libshutdown$$0000000A      0x0800023a   Section        0  libshutdown2.o(.ARM.Collect$$libshutdown$$0000000A)
    .ARM.Collect$$libshutdown$$0000000C      0x0800023a   Section        0  libshutdown2.o(.ARM.Collect$$libshutdown$$0000000C)
    .ARM.Collect$$libshutdown$$0000000F      0x0800023a   Section        0  libshutdown2.o(.ARM.Collect$$libshutdown$$0000000F)
    .ARM.Collect$$libshutdown$$00000010      0x0800023a   Section        2  libshutdown2.o(.ARM.Collect$$libshutdown$$00000010)
    .ARM.Collect$$rtentry$$00000000          0x0800023c   Section        0  __rtentry.o(.ARM.Collect$$rtentry$$00000000)
    .ARM.Collect$$rtentry$$00000002          0x0800023c   Section        0  __rtentry2.o(.ARM.Collect$$rtentry$$00000002)
    .ARM.Collect$$rtentry$$00000004          0x0800023c   Section        6  __rtentry4.o(.ARM.Collect$$rtentry$$00000004)
    .ARM.Collect$$rtentry$$00000009          0x08000242   Section        0  __rtentry2.o(.ARM.Collect$$rtentry$$00000009)
    .ARM.Collect$$rtentry$$0000000A          0x08000242   Section        4  __rtentry2.o(.ARM.Collect$$rtentry$$0000000A)
    .ARM.Collect$$rtentry$$0000000C          0x08000246   Section        0  __rtentry2.o(.ARM.Collect$$rtentry$$0000000C)
    .ARM.Collect$$rtentry$$0000000D          0x08000246   Section        8  __rtentry2.o(.ARM.Collect$$rtentry$$0000000D)
    .ARM.Collect$$rtexit$$00000000           0x0800024e   Section        2  rtexit.o(.ARM.Collect$$rtexit$$00000000)
    .ARM.Collect$$rtexit$$00000002           0x08000250   Section        0  rtexit2.o(.ARM.Collect$$rtexit$$00000002)
    .ARM.Collect$$rtexit$$00000003           0x08000250   Section        4  rtexit2.o(.ARM.Collect$$rtexit$$00000003)
    .ARM.Collect$$rtexit$$00000004           0x08000254   Section        6  rtexit2.o(.ARM.Collect$$rtexit$$00000004)
    $v0                                      0x0800025c   Number         0  startup_stm32f407xx.o(.text)
    .text                                    0x0800025c   Section       64  startup_stm32f407xx.o(.text)
    .text                                    0x0800029c   Section        0  h1_alloc.o(.text)
    .text                                    0x080002fa   Section      240  lludivv7m.o(.text)
    .text                                    0x080003ea   Section       78  rt_memclr_w.o(.text)
    .text                                    0x08000438   Section        0  heapauxi.o(.text)
    .text                                    0x08000440   Section        8  rt_heap_descriptor_intlibspace.o(.text)
    .text                                    0x08000448   Section        0  hguard.o(.text)
    .text                                    0x0800044c   Section        0  init_alloc.o(.text)
    .text                                    0x080004d6   Section        0  h1_init.o(.text)
    .text                                    0x080004e2   Section        0  h1_free.o(.text)
    .text                                    0x08000530   Section        8  libspace.o(.text)
    .text                                    0x08000538   Section        0  maybetermalloc1.o(.text)
    .text                                    0x08000538   Section        0  h1_extend.o(.text)
    .text                                    0x0800056c   Section        0  defsig_rtmem_outer.o(.text)
    .text                                    0x0800057a   Section        2  use_no_semi.o(.text)
    .text                                    0x0800057c   Section        0  indicate_semi.o(.text)
    .text                                    0x0800057c   Section       74  sys_stackheap_outer.o(.text)
    .text                                    0x080005c6   Section        0  exit.o(.text)
    .text                                    0x080005d8   Section        0  defsig_exit.o(.text)
    .text                                    0x080005e4   Section        0  defsig_rtmem_inner.o(.text)
    .text                                    0x08000634   Section        0  sys_exit.o(.text)
    .text                                    0x08000640   Section        0  defsig_general.o(.text)
    .text                                    0x08000672   Section        0  sys_wrch.o(.text)
    [Anonymous Symbol]                       0x08000680   Section        0  stm32f4xx_it.o(.text.BusFault_Handler)
    [Anonymous Symbol]                       0x08000684   Section        0  stm32f4xx_it.o(.text.DebugMon_Handler)
    [Anonymous Symbol]                       0x08000688   Section        0  main.o(.text.Error_Handler)
    [Anonymous Symbol]                       0x08000690   Section        0  press_detection.o(.text.Get_Button0_PressState)
    [Anonymous Symbol]                       0x080006ac   Section        0  press_detection.o(.text.Get_Button1_PressState)
    [Anonymous Symbol]                       0x080006c8   Section        0  stm32f4xx_hal_gpio.o(.text.HAL_GPIO_Init)
    [Anonymous Symbol]                       0x08000a80   Section        0  stm32f4xx_hal_gpio.o(.text.HAL_GPIO_ReadPin)
    [Anonymous Symbol]                       0x08000ab0   Section        0  stm32f4xx_hal_gpio.o(.text.HAL_GPIO_WritePin)
    [Anonymous Symbol]                       0x08000ae0   Section        0  stm32f4xx_hal.o(.text.HAL_GetTick)
    [Anonymous Symbol]                       0x08000aec   Section        0  stm32f4xx_hal.o(.text.HAL_IncTick)
    [Anonymous Symbol]                       0x08000b08   Section        0  stm32f4xx_hal.o(.text.HAL_Init)
    [Anonymous Symbol]                       0x08000b40   Section        0  stm32f4xx_hal.o(.text.HAL_InitTick)
    [Anonymous Symbol]                       0x08000bb0   Section        0  stm32f4xx_hal_msp.o(.text.HAL_MspInit)
    [Anonymous Symbol]                       0x08000bfc   Section        0  stm32f4xx_hal_cortex.o(.text.HAL_NVIC_EnableIRQ)
    [Anonymous Symbol]                       0x08000c10   Section        0  stm32f4xx_hal_cortex.o(.text.HAL_NVIC_SetPriority)
    [Anonymous Symbol]                       0x08000c44   Section        0  stm32f4xx_hal_cortex.o(.text.HAL_NVIC_SetPriorityGrouping)
    [Anonymous Symbol]                       0x08000c54   Section        0  stm32f4xx_hal_rcc_ex.o(.text.HAL_RCCEx_PeriphCLKConfig)
    [Anonymous Symbol]                       0x08000e8c   Section        0  stm32f4xx_hal_rcc.o(.text.HAL_RCC_ClockConfig)
    [Anonymous Symbol]                       0x080010f0   Section        0  stm32f4xx_hal_rcc.o(.text.HAL_RCC_GetSysClockFreq)
    [Anonymous Symbol]                       0x080011d8   Section        0  stm32f4xx_hal_rcc.o(.text.HAL_RCC_OscConfig)
    [Anonymous Symbol]                       0x08001898   Section        0  stm32f4xx_hal_rtc_ex.o(.text.HAL_RTCEx_AlarmBEventCallback)
    [Anonymous Symbol]                       0x080018a0   Section        0  alrm.o(.text.HAL_RTC_AlarmAEventCallback)
    [Anonymous Symbol]                       0x080018b4   Section        0  stm32f4xx_hal_rtc.o(.text.HAL_RTC_AlarmIRQHandler)
    [Anonymous Symbol]                       0x08001960   Section        0  stm32f4xx_hal_rtc.o(.text.HAL_RTC_GetDate)
    [Anonymous Symbol]                       0x080019d8   Section        0  stm32f4xx_hal_rtc.o(.text.HAL_RTC_GetTime)
    [Anonymous Symbol]                       0x08001a6c   Section        0  stm32f4xx_hal_rtc.o(.text.HAL_RTC_Init)
    [Anonymous Symbol]                       0x08001b80   Section        0  rtc.o(.text.HAL_RTC_MspInit)
    [Anonymous Symbol]                       0x08001be0   Section        0  stm32f4xx_hal_rtc.o(.text.HAL_RTC_SetAlarm_IT)
    [Anonymous Symbol]                       0x08001ebc   Section        0  stm32f4xx_hal_rtc.o(.text.HAL_RTC_SetTime)
    [Anonymous Symbol]                       0x08002014   Section        0  stm32f4xx_hal_rtc.o(.text.HAL_RTC_WaitForSynchro)
    [Anonymous Symbol]                       0x0800206c   Section        0  stm32f4xx_hal_cortex.o(.text.HAL_SYSTICK_Config)
    [Anonymous Symbol]                       0x0800207c   Section        0  stm32f4xx_hal_tim_ex.o(.text.HAL_TIMEx_BreakCallback)
    [Anonymous Symbol]                       0x08002084   Section        0  stm32f4xx_hal_tim_ex.o(.text.HAL_TIMEx_CommutCallback)
    [Anonymous Symbol]                       0x0800208c   Section        0  stm32f4xx_hal_tim_ex.o(.text.HAL_TIMEx_MasterConfigSynchronization)
    [Anonymous Symbol]                       0x080021b0   Section        0  stm32f4xx_hal_tim.o(.text.HAL_TIM_Base_Init)
    [Anonymous Symbol]                       0x0800224c   Section        0  tim.o(.text.HAL_TIM_Base_MspInit)
    [Anonymous Symbol]                       0x080022a0   Section        0  stm32f4xx_hal_tim.o(.text.HAL_TIM_Base_Start_IT)
    [Anonymous Symbol]                       0x08002398   Section        0  stm32f4xx_hal_tim.o(.text.HAL_TIM_IC_CaptureCallback)
    [Anonymous Symbol]                       0x080023a0   Section        0  stm32f4xx_hal_tim.o(.text.HAL_TIM_IRQHandler)
    [Anonymous Symbol]                       0x080025bc   Section        0  stm32f4xx_hal_tim.o(.text.HAL_TIM_OC_DelayElapsedCallback)
    [Anonymous Symbol]                       0x080025c4   Section        0  stm32f4xx_hal_tim.o(.text.HAL_TIM_PWM_PulseFinishedCallback)
    [Anonymous Symbol]                       0x080025cc   Section        0  stm32f4xx_it.o(.text.HAL_TIM_PeriodElapsedCallback)
    [Anonymous Symbol]                       0x08002614   Section        0  stm32f4xx_hal_tim.o(.text.HAL_TIM_TriggerCallback)
    [Anonymous Symbol]                       0x0800261c   Section        0  stm32f4xx_it.o(.text.HardFault_Handler)
    [Anonymous Symbol]                       0x08002620   Section        0  gpio.o(.text.MX_GPIO_Init)
    [Anonymous Symbol]                       0x08002708   Section        0  rtc.o(.text.MX_RTC_Init)
    [Anonymous Symbol]                       0x0800275c   Section        0  tim.o(.text.MX_TIM6_Init)
    [Anonymous Symbol]                       0x080027b8   Section        0  stm32f4xx_it.o(.text.MemManage_Handler)
    [Anonymous Symbol]                       0x080027bc   Section        0  stm32f4xx_it.o(.text.NMI_Handler)
    NVIC_EncodePriority                      0x080027c1   Thumb Code   108  stm32f4xx_hal_cortex.o(.text.NVIC_EncodePriority)
    [Anonymous Symbol]                       0x080027c0   Section        0  stm32f4xx_hal_cortex.o(.text.NVIC_EncodePriority)
    [Anonymous Symbol]                       0x0800282c   Section        0  stm32f4xx_it.o(.text.PendSV_Handler)
    [Anonymous Symbol]                       0x08002830   Section        0  press_detection.o(.text.PressDetection_Update)
    [Anonymous Symbol]                       0x08002918   Section        0  stm32f4xx_it.o(.text.RTC_Alarm_IRQHandler)
    [Anonymous Symbol]                       0x08002928   Section        0  stm32f4xx_hal_rtc.o(.text.RTC_Bcd2ToByte)
    [Anonymous Symbol]                       0x08002954   Section        0  stm32f4xx_hal_rtc.o(.text.RTC_ByteToBcd2)
    [Anonymous Symbol]                       0x08002990   Section        0  stm32f4xx_hal_rtc.o(.text.RTC_EnterInitMode)
    [Anonymous Symbol]                       0x08002a14   Section        0  stm32f4xx_hal_rtc.o(.text.RTC_ExitInitMode)
    [Anonymous Symbol]                       0x08002a5c   Section        0  stm32f4xx_it.o(.text.SVC_Handler)
    SysTick_Config                           0x08002a61   Thumb Code    82  stm32f4xx_hal_cortex.o(.text.SysTick_Config)
    [Anonymous Symbol]                       0x08002a60   Section        0  stm32f4xx_hal_cortex.o(.text.SysTick_Config)
    [Anonymous Symbol]                       0x08002ab4   Section        0  stm32f4xx_it.o(.text.SysTick_Handler)
    [Anonymous Symbol]                       0x08002abc   Section        0  main.o(.text.SystemClock_Config)
    [Anonymous Symbol]                       0x08002b7c   Section        0  system_stm32f4xx.o(.text.SystemInit)
    [Anonymous Symbol]                       0x08002b90   Section        0  stm32f4xx_it.o(.text.TIM6_DAC_IRQHandler)
    [Anonymous Symbol]                       0x08002ba0   Section        0  stm32f4xx_hal_tim.o(.text.TIM_Base_SetConfig)
    [Anonymous Symbol]                       0x08002d50   Section        0  stm32f4xx_it.o(.text.UsageFault_Handler)
    __NVIC_EnableIRQ                         0x08002d55   Thumb Code    48  stm32f4xx_hal_cortex.o(.text.__NVIC_EnableIRQ)
    [Anonymous Symbol]                       0x08002d54   Section        0  stm32f4xx_hal_cortex.o(.text.__NVIC_EnableIRQ)
    __NVIC_GetPriorityGrouping               0x08002d85   Thumb Code    16  stm32f4xx_hal_cortex.o(.text.__NVIC_GetPriorityGrouping)
    [Anonymous Symbol]                       0x08002d84   Section        0  stm32f4xx_hal_cortex.o(.text.__NVIC_GetPriorityGrouping)
    __NVIC_SetPriority                       0x08002d95   Thumb Code    66  stm32f4xx_hal_cortex.o(.text.__NVIC_SetPriority)
    [Anonymous Symbol]                       0x08002d94   Section        0  stm32f4xx_hal_cortex.o(.text.__NVIC_SetPriority)
    __NVIC_SetPriorityGrouping               0x08002dd9   Thumb Code    60  stm32f4xx_hal_cortex.o(.text.__NVIC_SetPriorityGrouping)
    [Anonymous Symbol]                       0x08002dd8   Section        0  stm32f4xx_hal_cortex.o(.text.__NVIC_SetPriorityGrouping)
    [Anonymous Symbol]                       0x08002e14   Section        0  alrm_logic.o(.text.alarm_init_components)
    [Anonymous Symbol]                       0x08002e64   Section        0  alrm_logic.o(.text.alarm_periph_handler)
    [Anonymous Symbol]                       0x08002f3c   Section        0  alrm_logic.o(.text.alarm_state_machine)
    [Anonymous Symbol]                       0x08003630   Section        0  alrm.o(.text.alrm_SetAlarm)
    [Anonymous Symbol]                       0x08003690   Section        0  alrm.o(.text.alrm_SetTime)
    [Anonymous Symbol]                       0x080036dc   Section        0  button.o(.text.buttonInit)
    [Anonymous Symbol]                       0x0800370c   Section        0  button.o(.text.getDebouncedButton)
    [Anonymous Symbol]                       0x0800377c   Section        0  alrm.o(.text.increment_bcd)
    [Anonymous Symbol]                       0x080037c8   Section        0  leds.o(.text.led_init)
    [Anonymous Symbol]                       0x0800381c   Section        0  leds.o(.text.leds_blink_start)
    [Anonymous Symbol]                       0x0800383c   Section        0  leds.o(.text.leds_blink_stop)
    [Anonymous Symbol]                       0x08003858   Section        0  leds.o(.text.leds_calculation)
    [Anonymous Symbol]                       0x08003940   Section        0  main.o(.text.main)
    $v0                                      0x0800396c   Number         0  fpinit.o(x$fpl$fpinit)
    x$fpl$fpinit                             0x0800396c   Section       26  fpinit.o(x$fpl$fpinit)
    .bss                                     0x20000018   Section       96  libspace.o(.bss)
    But0_PressCounter                        0x20000078   Data           2  press_detection.o(.bss.But0_PressCounter)
    [Anonymous Symbol]                       0x20000078   Section        0  press_detection.o(.bss.But0_PressCounter)
    But0_PressState                          0x2000007a   Data           1  press_detection.o(.bss.But0_PressState)
    [Anonymous Symbol]                       0x2000007a   Section        0  press_detection.o(.bss.But0_PressState)
    But1_PressCounter                        0x2000007e   Data           2  press_detection.o(.bss.But1_PressCounter)
    [Anonymous Symbol]                       0x2000007e   Section        0  press_detection.o(.bss.But1_PressCounter)
    But1_PressState                          0x20000080   Data           1  press_detection.o(.bss.But1_PressState)
    [Anonymous Symbol]                       0x20000080   Section        0  press_detection.o(.bss.But1_PressState)
    Heap_Mem                                 0x20000160   Data         512  startup_stm32f407xx.o(HEAP)
    HEAP                                     0x20000160   Section      512  startup_stm32f407xx.o(HEAP)
    Stack_Mem                                0x20000360   Data        1024  startup_stm32f407xx.o(STACK)
    STACK                                    0x20000360   Section     1024  startup_stm32f407xx.o(STACK)
    __initial_sp                             0x20000760   Data           0  startup_stm32f407xx.o(STACK)

    Global Symbols

    Symbol Name                              Value     Ov Type        Size  Object(Section)

    BuildAttributes$$THM_ISAv4$E$P$D$K$B$S$7EM$VFPi3$EXTD16$VFPS$VFMA$PE$A:L22UL41UL21$X:L11$S22US41US21$IEEE1$IW$~IW$USESV6$~STKCKD$USESV7$~SHL$OTIME$ROPI$EBA8$UX$STANDARDLIB$REQ8$PRES8$EABIv2 0x00000000   Number         0  anon$$obj.o ABSOLUTE
    __ARM_exceptions_init                     - Undefined Weak Reference
    __alloca_initialize                       - Undefined Weak Reference
    __arm_preinit_                            - Undefined Weak Reference
    __arm_relocate_pie_                       - Undefined Weak Reference
    __cpp_initialize__aeabi_                  - Undefined Weak Reference
    __cxa_finalize                            - Undefined Weak Reference
    __rt_locale                               - Undefined Weak Reference
    __sigvec_lookup                           - Undefined Weak Reference
    __user_heap_extent                        - Undefined Weak Reference
    _atexit_init                              - Undefined Weak Reference
    _call_atexit_fns                          - Undefined Weak Reference
    _clock_init                               - Undefined Weak Reference
    _fp_trap_init                             - Undefined Weak Reference
    _fp_trap_shutdown                         - Undefined Weak Reference
    _get_lc_collate                           - Undefined Weak Reference
    _get_lc_ctype                             - Undefined Weak Reference
    _get_lc_monetary                          - Undefined Weak Reference
    _get_lc_numeric                           - Undefined Weak Reference
    _get_lc_time                              - Undefined Weak Reference
    _getenv_init                              - Undefined Weak Reference
    _handle_redirection                       - Undefined Weak Reference
    _initio                                   - Undefined Weak Reference
    _mutex_acquire                            - Undefined Weak Reference
    _mutex_free                               - Undefined Weak Reference
    _mutex_release                            - Undefined Weak Reference
    _rand_init                                - Undefined Weak Reference
    _signal_finish                            - Undefined Weak Reference
    _signal_init                              - Undefined Weak Reference
    _terminateio                              - Undefined Weak Reference
    __Vectors_Size                           0x00000188   Number         0  startup_stm32f407xx.o ABSOLUTE
    __Vectors                                0x08000000   Data           4  startup_stm32f407xx.o(RESET)
    __Vectors_End                            0x08000188   Data           0  startup_stm32f407xx.o(RESET)
    __main                                   0x08000189   Thumb Code     8  __main.o(!!!main)
    __scatterload                            0x08000191   Thumb Code     0  __scatter.o(!!!scatter)
    __scatterload_rt2                        0x08000191   Thumb Code    84  __scatter.o(!!!scatter)
    __scatterload_rt2_thumb_only             0x08000191   Thumb Code     0  __scatter.o(!!!scatter)
    __scatterload_loop                       0x0800019b   Thumb Code     0  __scatter.o(!!!scatter)
    __scatterload_copy                       0x080001ed   Thumb Code    26  __scatter_copy.o(!!handler_copy)
    __scatterload_null                       0x08000209   Thumb Code     2  __scatter.o(!!handler_null)
    __scatterload_zeroinit                   0x0800020d   Thumb Code    28  __scatter_zi.o(!!handler_zi)
    __rt_lib_init                            0x08000229   Thumb Code     0  libinit.o(.ARM.Collect$$libinit$$00000000)
    __rt_lib_init_fp_1                       0x0800022b   Thumb Code     0  libinit2.o(.ARM.Collect$$libinit$$00000001)
    __rt_lib_init_heap_2                     0x0800022f   Thumb Code     0  libinit2.o(.ARM.Collect$$libinit$$00000007)
    __rt_lib_init_preinit_1                  0x0800022f   Thumb Code     0  libinit2.o(.ARM.Collect$$libinit$$00000006)
    __rt_lib_init_relocate_pie_1             0x0800022f   Thumb Code     0  libinit2.o(.ARM.Collect$$libinit$$00000004)
    __rt_lib_init_alloca_1                   0x08000237   Thumb Code     0  libinit2.o(.ARM.Collect$$libinit$$00000030)
    __rt_lib_init_argv_1                     0x08000237   Thumb Code     0  libinit2.o(.ARM.Collect$$libinit$$0000002E)
    __rt_lib_init_atexit_1                   0x08000237   Thumb Code     0  libinit2.o(.ARM.Collect$$libinit$$0000001D)
    __rt_lib_init_clock_1                    0x08000237   Thumb Code     0  libinit2.o(.ARM.Collect$$libinit$$00000023)
    __rt_lib_init_cpp_1                      0x08000237   Thumb Code     0  libinit2.o(.ARM.Collect$$libinit$$00000034)
    __rt_lib_init_exceptions_1               0x08000237   Thumb Code     0  libinit2.o(.ARM.Collect$$libinit$$00000032)
    __rt_lib_init_fp_trap_1                  0x08000237   Thumb Code     0  libinit2.o(.ARM.Collect$$libinit$$00000021)
    __rt_lib_init_getenv_1                   0x08000237   Thumb Code     0  libinit2.o(.ARM.Collect$$libinit$$00000025)
    __rt_lib_init_heap_1                     0x08000237   Thumb Code     0  libinit2.o(.ARM.Collect$$libinit$$0000000C)
    __rt_lib_init_lc_collate_1               0x08000237   Thumb Code     0  libinit2.o(.ARM.Collect$$libinit$$00000013)
    __rt_lib_init_lc_ctype_1                 0x08000237   Thumb Code     0  libinit2.o(.ARM.Collect$$libinit$$00000015)
    __rt_lib_init_lc_monetary_1              0x08000237   Thumb Code     0  libinit2.o(.ARM.Collect$$libinit$$00000017)
    __rt_lib_init_lc_numeric_1               0x08000237   Thumb Code     0  libinit2.o(.ARM.Collect$$libinit$$00000019)
    __rt_lib_init_lc_time_1                  0x08000237   Thumb Code     0  libinit2.o(.ARM.Collect$$libinit$$0000001B)
    __rt_lib_init_rand_1                     0x08000237   Thumb Code     0  libinit2.o(.ARM.Collect$$libinit$$00000010)
    __rt_lib_init_return                     0x08000237   Thumb Code     0  libinit2.o(.ARM.Collect$$libinit$$00000035)
    __rt_lib_init_signal_1                   0x08000237   Thumb Code     0  libinit2.o(.ARM.Collect$$libinit$$0000001F)
    __rt_lib_init_stdio_1                    0x08000237   Thumb Code     0  libinit2.o(.ARM.Collect$$libinit$$00000027)
    __rt_lib_init_user_alloc_1               0x08000237   Thumb Code     0  libinit2.o(.ARM.Collect$$libinit$$0000000E)
    __rt_lib_shutdown                        0x08000239   Thumb Code     0  libshutdown.o(.ARM.Collect$$libshutdown$$00000000)
    __rt_lib_shutdown_cpp_1                  0x0800023b   Thumb Code     0  libshutdown2.o(.ARM.Collect$$libshutdown$$00000002)
    __rt_lib_shutdown_fp_trap_1              0x0800023b   Thumb Code     0  libshutdown2.o(.ARM.Collect$$libshutdown$$00000007)
    __rt_lib_shutdown_heap_1                 0x0800023b   Thumb Code     0  libshutdown2.o(.ARM.Collect$$libshutdown$$0000000F)
    __rt_lib_shutdown_return                 0x0800023b   Thumb Code     0  libshutdown2.o(.ARM.Collect$$libshutdown$$00000010)
    __rt_lib_shutdown_signal_1               0x0800023b   Thumb Code     0  libshutdown2.o(.ARM.Collect$$libshutdown$$0000000A)
    __rt_lib_shutdown_stdio_1                0x0800023b   Thumb Code     0  libshutdown2.o(.ARM.Collect$$libshutdown$$00000004)
    __rt_lib_shutdown_user_alloc_1           0x0800023b   Thumb Code     0  libshutdown2.o(.ARM.Collect$$libshutdown$$0000000C)
    __rt_entry                               0x0800023d   Thumb Code     0  __rtentry.o(.ARM.Collect$$rtentry$$00000000)
    __rt_entry_presh_1                       0x0800023d   Thumb Code     0  __rtentry2.o(.ARM.Collect$$rtentry$$00000002)
    __rt_entry_sh                            0x0800023d   Thumb Code     0  __rtentry4.o(.ARM.Collect$$rtentry$$00000004)
    __rt_entry_li                            0x08000243   Thumb Code     0  __rtentry2.o(.ARM.Collect$$rtentry$$0000000A)
    __rt_entry_postsh_1                      0x08000243   Thumb Code     0  __rtentry2.o(.ARM.Collect$$rtentry$$00000009)
    __rt_entry_main                          0x08000247   Thumb Code     0  __rtentry2.o(.ARM.Collect$$rtentry$$0000000D)
    __rt_entry_postli_1                      0x08000247   Thumb Code     0  __rtentry2.o(.ARM.Collect$$rtentry$$0000000C)
    __rt_exit                                0x0800024f   Thumb Code     0  rtexit.o(.ARM.Collect$$rtexit$$00000000)
    __rt_exit_ls                             0x08000251   Thumb Code     0  rtexit2.o(.ARM.Collect$$rtexit$$00000003)
    __rt_exit_prels_1                        0x08000251   Thumb Code     0  rtexit2.o(.ARM.Collect$$rtexit$$00000002)
    __rt_exit_exit                           0x08000255   Thumb Code     0  rtexit2.o(.ARM.Collect$$rtexit$$00000004)
    Reset_Handler                            0x0800025d   Thumb Code     8  startup_stm32f407xx.o(.text)
    ADC_IRQHandler                           0x08000277   Thumb Code     0  startup_stm32f407xx.o(.text)
    CAN1_RX0_IRQHandler                      0x08000277   Thumb Code     0  startup_stm32f407xx.o(.text)
    CAN1_RX1_IRQHandler                      0x08000277   Thumb Code     0  startup_stm32f407xx.o(.text)
    CAN1_SCE_IRQHandler                      0x08000277   Thumb Code     0  startup_stm32f407xx.o(.text)
    CAN1_TX_IRQHandler                       0x08000277   Thumb Code     0  startup_stm32f407xx.o(.text)
    CAN2_RX0_IRQHandler                      0x08000277   Thumb Code     0  startup_stm32f407xx.o(.text)
    CAN2_RX1_IRQHandler                      0x08000277   Thumb Code     0  startup_stm32f407xx.o(.text)
    CAN2_SCE_IRQHandler                      0x08000277   Thumb Code     0  startup_stm32f407xx.o(.text)
    CAN2_TX_IRQHandler                       0x08000277   Thumb Code     0  startup_stm32f407xx.o(.text)
    DCMI_IRQHandler                          0x08000277   Thumb Code     0  startup_stm32f407xx.o(.text)
    DMA1_Stream0_IRQHandler                  0x08000277   Thumb Code     0  startup_stm32f407xx.o(.text)
    DMA1_Stream1_IRQHandler                  0x08000277   Thumb Code     0  startup_stm32f407xx.o(.text)
    DMA1_Stream2_IRQHandler                  0x08000277   Thumb Code     0  startup_stm32f407xx.o(.text)
    DMA1_Stream3_IRQHandler                  0x08000277   Thumb Code     0  startup_stm32f407xx.o(.text)
    DMA1_Stream4_IRQHandler                  0x08000277   Thumb Code     0  startup_stm32f407xx.o(.text)
    DMA1_Stream5_IRQHandler                  0x08000277   Thumb Code     0  startup_stm32f407xx.o(.text)
    DMA1_Stream6_IRQHandler                  0x08000277   Thumb Code     0  startup_stm32f407xx.o(.text)
    DMA1_Stream7_IRQHandler                  0x08000277   Thumb Code     0  startup_stm32f407xx.o(.text)
    DMA2_Stream0_IRQHandler                  0x08000277   Thumb Code     0  startup_stm32f407xx.o(.text)
    DMA2_Stream1_IRQHandler                  0x08000277   Thumb Code     0  startup_stm32f407xx.o(.text)
    DMA2_Stream2_IRQHandler                  0x08000277   Thumb Code     0  startup_stm32f407xx.o(.text)
    DMA2_Stream3_IRQHandler                  0x08000277   Thumb Code     0  startup_stm32f407xx.o(.text)
    DMA2_Stream4_IRQHandler                  0x08000277   Thumb Code     0  startup_stm32f407xx.o(.text)
    DMA2_Stream5_IRQHandler                  0x08000277   Thumb Code     0  startup_stm32f407xx.o(.text)
    DMA2_Stream6_IRQHandler                  0x08000277   Thumb Code     0  startup_stm32f407xx.o(.text)
    DMA2_Stream7_IRQHandler                  0x08000277   Thumb Code     0  startup_stm32f407xx.o(.text)
    ETH_IRQHandler                           0x08000277   Thumb Code     0  startup_stm32f407xx.o(.text)
    ETH_WKUP_IRQHandler                      0x08000277   Thumb Code     0  startup_stm32f407xx.o(.text)
    EXTI0_IRQHandler                         0x08000277   Thumb Code     0  startup_stm32f407xx.o(.text)
    EXTI15_10_IRQHandler                     0x08000277   Thumb Code     0  startup_stm32f407xx.o(.text)
    EXTI1_IRQHandler                         0x08000277   Thumb Code     0  startup_stm32f407xx.o(.text)
    EXTI2_IRQHandler                         0x08000277   Thumb Code     0  startup_stm32f407xx.o(.text)
    EXTI3_IRQHandler                         0x08000277   Thumb Code     0  startup_stm32f407xx.o(.text)
    EXTI4_IRQHandler                         0x08000277   Thumb Code     0  startup_stm32f407xx.o(.text)
    EXTI9_5_IRQHandler                       0x08000277   Thumb Code     0  startup_stm32f407xx.o(.text)
    FLASH_IRQHandler                         0x08000277   Thumb Code     0  startup_stm32f407xx.o(.text)
    FMC_IRQHandler                           0x08000277   Thumb Code     0  startup_stm32f407xx.o(.text)
    FPU_IRQHandler                           0x08000277   Thumb Code     0  startup_stm32f407xx.o(.text)
    HASH_RNG_IRQHandler                      0x08000277   Thumb Code     0  startup_stm32f407xx.o(.text)
    I2C1_ER_IRQHandler                       0x08000277   Thumb Code     0  startup_stm32f407xx.o(.text)
    I2C1_EV_IRQHandler                       0x08000277   Thumb Code     0  startup_stm32f407xx.o(.text)
    I2C2_ER_IRQHandler                       0x08000277   Thumb Code     0  startup_stm32f407xx.o(.text)
    I2C2_EV_IRQHandler                       0x08000277   Thumb Code     0  startup_stm32f407xx.o(.text)
    I2C3_ER_IRQHandler                       0x08000277   Thumb Code     0  startup_stm32f407xx.o(.text)
    I2C3_EV_IRQHandler                       0x08000277   Thumb Code     0  startup_stm32f407xx.o(.text)
    OTG_FS_IRQHandler                        0x08000277   Thumb Code     0  startup_stm32f407xx.o(.text)
    OTG_FS_WKUP_IRQHandler                   0x08000277   Thumb Code     0  startup_stm32f407xx.o(.text)
    OTG_HS_EP1_IN_IRQHandler                 0x08000277   Thumb Code     0  startup_stm32f407xx.o(.text)
    OTG_HS_EP1_OUT_IRQHandler                0x08000277   Thumb Code     0  startup_stm32f407xx.o(.text)
    OTG_HS_IRQHandler                        0x08000277   Thumb Code     0  startup_stm32f407xx.o(.text)
    OTG_HS_WKUP_IRQHandler                   0x08000277   Thumb Code     0  startup_stm32f407xx.o(.text)
    PVD_IRQHandler                           0x08000277   Thumb Code     0  startup_stm32f407xx.o(.text)
    RCC_IRQHandler                           0x08000277   Thumb Code     0  startup_stm32f407xx.o(.text)
    RTC_WKUP_IRQHandler                      0x08000277   Thumb Code     0  startup_stm32f407xx.o(.text)
    SDIO_IRQHandler                          0x08000277   Thumb Code     0  startup_stm32f407xx.o(.text)
    SPI1_IRQHandler                          0x08000277   Thumb Code     0  startup_stm32f407xx.o(.text)
    SPI2_IRQHandler                          0x08000277   Thumb Code     0  startup_stm32f407xx.o(.text)
    SPI3_IRQHandler                          0x08000277   Thumb Code     0  startup_stm32f407xx.o(.text)
    TAMP_STAMP_IRQHandler                    0x08000277   Thumb Code     0  startup_stm32f407xx.o(.text)
    TIM1_BRK_TIM9_IRQHandler                 0x08000277   Thumb Code     0  startup_stm32f407xx.o(.text)
    TIM1_CC_IRQHandler                       0x08000277   Thumb Code     0  startup_stm32f407xx.o(.text)
    TIM1_TRG_COM_TIM11_IRQHandler            0x08000277   Thumb Code     0  startup_stm32f407xx.o(.text)
    TIM1_UP_TIM10_IRQHandler                 0x08000277   Thumb Code     0  startup_stm32f407xx.o(.text)
    TIM2_IRQHandler                          0x08000277   Thumb Code     0  startup_stm32f407xx.o(.text)
    TIM3_IRQHandler                          0x08000277   Thumb Code     0  startup_stm32f407xx.o(.text)
    TIM4_IRQHandler                          0x08000277   Thumb Code     0  startup_stm32f407xx.o(.text)
    TIM5_IRQHandler                          0x08000277   Thumb Code     0  startup_stm32f407xx.o(.text)
    TIM7_IRQHandler                          0x08000277   Thumb Code     0  startup_stm32f407xx.o(.text)
    TIM8_BRK_TIM12_IRQHandler                0x08000277   Thumb Code     0  startup_stm32f407xx.o(.text)
    TIM8_CC_IRQHandler                       0x08000277   Thumb Code     0  startup_stm32f407xx.o(.text)
    TIM8_TRG_COM_TIM14_IRQHandler            0x08000277   Thumb Code     0  startup_stm32f407xx.o(.text)
    TIM8_UP_TIM13_IRQHandler                 0x08000277   Thumb Code     0  startup_stm32f407xx.o(.text)
    UART4_IRQHandler                         0x08000277   Thumb Code     0  startup_stm32f407xx.o(.text)
    UART5_IRQHandler                         0x08000277   Thumb Code     0  startup_stm32f407xx.o(.text)
    USART1_IRQHandler                        0x08000277   Thumb Code     0  startup_stm32f407xx.o(.text)
    USART2_IRQHandler                        0x08000277   Thumb Code     0  startup_stm32f407xx.o(.text)
    USART3_IRQHandler                        0x08000277   Thumb Code     0  startup_stm32f407xx.o(.text)
    USART6_IRQHandler                        0x08000277   Thumb Code     0  startup_stm32f407xx.o(.text)
    WWDG_IRQHandler                          0x08000277   Thumb Code     0  startup_stm32f407xx.o(.text)
    __user_initial_stackheap                 0x08000279   Thumb Code     0  startup_stm32f407xx.o(.text)
    malloc                                   0x0800029d   Thumb Code    94  h1_alloc.o(.text)
    __aeabi_uldivmod                         0x080002fb   Thumb Code     0  lludivv7m.o(.text)
    _ll_udiv                                 0x080002fb   Thumb Code   240  lludivv7m.o(.text)
    __aeabi_memclr4                          0x080003eb   Thumb Code     0  rt_memclr_w.o(.text)
    __aeabi_memclr8                          0x080003eb   Thumb Code     0  rt_memclr_w.o(.text)
    __rt_memclr_w                            0x080003eb   Thumb Code     0  rt_memclr_w.o(.text)
    _memset_w                                0x080003ef   Thumb Code    74  rt_memclr_w.o(.text)
    __use_two_region_memory                  0x08000439   Thumb Code     2  heapauxi.o(.text)
    __rt_heap_escrow                         0x0800043b   Thumb Code     2  heapauxi.o(.text)
    __rt_heap_expand                         0x0800043d   Thumb Code     2  heapauxi.o(.text)
    __rt_heap_descriptor                     0x08000441   Thumb Code     8  rt_heap_descriptor_intlibspace.o(.text)
    __use_no_heap                            0x08000449   Thumb Code     2  hguard.o(.text)
    __heap$guard                             0x0800044b   Thumb Code     2  hguard.o(.text)
    _terminate_user_alloc                    0x0800044d   Thumb Code     2  init_alloc.o(.text)
    _init_user_alloc                         0x0800044f   Thumb Code     2  init_alloc.o(.text)
    __Heap_Full                              0x08000451   Thumb Code    34  init_alloc.o(.text)
    __Heap_Broken                            0x08000473   Thumb Code     6  init_alloc.o(.text)
    _init_alloc                              0x08000479   Thumb Code    94  init_alloc.o(.text)
    __Heap_Initialize                        0x080004d7   Thumb Code     8  h1_init.o(.text)
    __Heap_DescSize                          0x080004df   Thumb Code     4  h1_init.o(.text)
    free                                     0x080004e3   Thumb Code    78  h1_free.o(.text)
    __user_libspace                          0x08000531   Thumb Code     8  libspace.o(.text)
    __user_perproc_libspace                  0x08000531   Thumb Code     0  libspace.o(.text)
    __user_perthread_libspace                0x08000531   Thumb Code     0  libspace.o(.text)
    __Heap_ProvideMemory                     0x08000539   Thumb Code    52  h1_extend.o(.text)
    _maybe_terminate_alloc                   0x08000539   Thumb Code     0  maybetermalloc1.o(.text)
    __rt_SIGRTMEM                            0x0800056d   Thumb Code    14  defsig_rtmem_outer.o(.text)
    __I$use$semihosting                      0x0800057b   Thumb Code     0  use_no_semi.o(.text)
    __use_no_semihosting_swi                 0x0800057b   Thumb Code     2  use_no_semi.o(.text)
    __semihosting_library_function           0x0800057d   Thumb Code     0  indicate_semi.o(.text)
    __user_setup_stackheap                   0x0800057d   Thumb Code    74  sys_stackheap_outer.o(.text)
    exit                                     0x080005c7   Thumb Code    18  exit.o(.text)
    __sig_exit                               0x080005d9   Thumb Code    10  defsig_exit.o(.text)
    __rt_SIGRTMEM_inner                      0x080005e5   Thumb Code    22  defsig_rtmem_inner.o(.text)
    _sys_exit                                0x08000635   Thumb Code     8  sys_exit.o(.text)
    __default_signal_display                 0x08000641   Thumb Code    50  defsig_general.o(.text)
    _ttywrch                                 0x08000673   Thumb Code    14  sys_wrch.o(.text)
    BusFault_Handler                         0x08000681   Thumb Code     4  stm32f4xx_it.o(.text.BusFault_Handler)
    DebugMon_Handler                         0x08000685   Thumb Code     2  stm32f4xx_it.o(.text.DebugMon_Handler)
    Error_Handler                            0x08000689   Thumb Code     6  main.o(.text.Error_Handler)
    Get_Button0_PressState                   0x08000691   Thumb Code    28  press_detection.o(.text.Get_Button0_PressState)
    Get_Button1_PressState                   0x080006ad   Thumb Code    28  press_detection.o(.text.Get_Button1_PressState)
    HAL_GPIO_Init                            0x080006c9   Thumb Code   950  stm32f4xx_hal_gpio.o(.text.HAL_GPIO_Init)
    HAL_GPIO_ReadPin                         0x08000a81   Thumb Code    46  stm32f4xx_hal_gpio.o(.text.HAL_GPIO_ReadPin)
    HAL_GPIO_WritePin                        0x08000ab1   Thumb Code    46  stm32f4xx_hal_gpio.o(.text.HAL_GPIO_WritePin)
    HAL_GetTick                              0x08000ae1   Thumb Code    12  stm32f4xx_hal.o(.text.HAL_GetTick)
    HAL_IncTick                              0x08000aed   Thumb Code    26  stm32f4xx_hal.o(.text.HAL_IncTick)
    HAL_Init                                 0x08000b09   Thumb Code    54  stm32f4xx_hal.o(.text.HAL_Init)
    HAL_InitTick                             0x08000b41   Thumb Code   112  stm32f4xx_hal.o(.text.HAL_InitTick)
    HAL_MspInit                              0x08000bb1   Thumb Code    74  stm32f4xx_hal_msp.o(.text.HAL_MspInit)
    HAL_NVIC_EnableIRQ                       0x08000bfd   Thumb Code    20  stm32f4xx_hal_cortex.o(.text.HAL_NVIC_EnableIRQ)
    HAL_NVIC_SetPriority                     0x08000c11   Thumb Code    50  stm32f4xx_hal_cortex.o(.text.HAL_NVIC_SetPriority)
    HAL_NVIC_SetPriorityGrouping             0x08000c45   Thumb Code    16  stm32f4xx_hal_cortex.o(.text.HAL_NVIC_SetPriorityGrouping)
    HAL_RCCEx_PeriphCLKConfig                0x08000c55   Thumb Code   568  stm32f4xx_hal_rcc_ex.o(.text.HAL_RCCEx_PeriphCLKConfig)
    HAL_RCC_ClockConfig                      0x08000e8d   Thumb Code   610  stm32f4xx_hal_rcc.o(.text.HAL_RCC_ClockConfig)
    HAL_RCC_GetSysClockFreq                  0x080010f1   Thumb Code   230  stm32f4xx_hal_rcc.o(.text.HAL_RCC_GetSysClockFreq)
    HAL_RCC_OscConfig                        0x080011d9   Thumb Code  1726  stm32f4xx_hal_rcc.o(.text.HAL_RCC_OscConfig)
    HAL_RTCEx_AlarmBEventCallback            0x08001899   Thumb Code     8  stm32f4xx_hal_rtc_ex.o(.text.HAL_RTCEx_AlarmBEventCallback)
    HAL_RTC_AlarmAEventCallback              0x080018a1   Thumb Code    20  alrm.o(.text.HAL_RTC_AlarmAEventCallback)
    HAL_RTC_AlarmIRQHandler                  0x080018b5   Thumb Code   170  stm32f4xx_hal_rtc.o(.text.HAL_RTC_AlarmIRQHandler)
    HAL_RTC_GetDate                          0x08001961   Thumb Code   120  stm32f4xx_hal_rtc.o(.text.HAL_RTC_GetDate)
    HAL_RTC_GetTime                          0x080019d9   Thumb Code   146  stm32f4xx_hal_rtc.o(.text.HAL_RTC_GetTime)
    HAL_RTC_Init                             0x08001a6d   Thumb Code   274  stm32f4xx_hal_rtc.o(.text.HAL_RTC_Init)
    HAL_RTC_MspInit                          0x08001b81   Thumb Code    96  rtc.o(.text.HAL_RTC_MspInit)
    HAL_RTC_SetAlarm_IT                      0x08001be1   Thumb Code   730  stm32f4xx_hal_rtc.o(.text.HAL_RTC_SetAlarm_IT)
    HAL_RTC_SetTime                          0x08001ebd   Thumb Code   342  stm32f4xx_hal_rtc.o(.text.HAL_RTC_SetTime)
    HAL_RTC_WaitForSynchro                   0x08002015   Thumb Code    88  stm32f4xx_hal_rtc.o(.text.HAL_RTC_WaitForSynchro)
    HAL_SYSTICK_Config                       0x0800206d   Thumb Code    16  stm32f4xx_hal_cortex.o(.text.HAL_SYSTICK_Config)
    HAL_TIMEx_BreakCallback                  0x0800207d   Thumb Code     8  stm32f4xx_hal_tim_ex.o(.text.HAL_TIMEx_BreakCallback)
    HAL_TIMEx_CommutCallback                 0x08002085   Thumb Code     8  stm32f4xx_hal_tim_ex.o(.text.HAL_TIMEx_CommutCallback)
    HAL_TIMEx_MasterConfigSynchronization    0x0800208d   Thumb Code   290  stm32f4xx_hal_tim_ex.o(.text.HAL_TIMEx_MasterConfigSynchronization)
    HAL_TIM_Base_Init                        0x080021b1   Thumb Code   156  stm32f4xx_hal_tim.o(.text.HAL_TIM_Base_Init)
    HAL_TIM_Base_MspInit                     0x0800224d   Thumb Code    82  tim.o(.text.HAL_TIM_Base_MspInit)
    HAL_TIM_Base_Start_IT                    0x080022a1   Thumb Code   246  stm32f4xx_hal_tim.o(.text.HAL_TIM_Base_Start_IT)
    HAL_TIM_IC_CaptureCallback               0x08002399   Thumb Code     8  stm32f4xx_hal_tim.o(.text.HAL_TIM_IC_CaptureCallback)
    HAL_TIM_IRQHandler                       0x080023a1   Thumb Code   538  stm32f4xx_hal_tim.o(.text.HAL_TIM_IRQHandler)
    HAL_TIM_OC_DelayElapsedCallback          0x080025bd   Thumb Code     8  stm32f4xx_hal_tim.o(.text.HAL_TIM_OC_DelayElapsedCallback)
    HAL_TIM_PWM_PulseFinishedCallback        0x080025c5   Thumb Code     8  stm32f4xx_hal_tim.o(.text.HAL_TIM_PWM_PulseFinishedCallback)
    HAL_TIM_PeriodElapsedCallback            0x080025cd   Thumb Code    70  stm32f4xx_it.o(.text.HAL_TIM_PeriodElapsedCallback)
    HAL_TIM_TriggerCallback                  0x08002615   Thumb Code     8  stm32f4xx_hal_tim.o(.text.HAL_TIM_TriggerCallback)
    HardFault_Handler                        0x0800261d   Thumb Code     4  stm32f4xx_it.o(.text.HardFault_Handler)
    MX_GPIO_Init                             0x08002621   Thumb Code   232  gpio.o(.text.MX_GPIO_Init)
    MX_RTC_Init                              0x08002709   Thumb Code    84  rtc.o(.text.MX_RTC_Init)
    MX_TIM6_Init                             0x0800275d   Thumb Code    90  tim.o(.text.MX_TIM6_Init)
    MemManage_Handler                        0x080027b9   Thumb Code     4  stm32f4xx_it.o(.text.MemManage_Handler)
    NMI_Handler                              0x080027bd   Thumb Code     4  stm32f4xx_it.o(.text.NMI_Handler)
    PendSV_Handler                           0x0800282d   Thumb Code     2  stm32f4xx_it.o(.text.PendSV_Handler)
    PressDetection_Update                    0x08002831   Thumb Code   230  press_detection.o(.text.PressDetection_Update)
    RTC_Alarm_IRQHandler                     0x08002919   Thumb Code    16  stm32f4xx_it.o(.text.RTC_Alarm_IRQHandler)
    RTC_Bcd2ToByte                           0x08002929   Thumb Code    42  stm32f4xx_hal_rtc.o(.text.RTC_Bcd2ToByte)
    RTC_ByteToBcd2                           0x08002955   Thumb Code    58  stm32f4xx_hal_rtc.o(.text.RTC_ByteToBcd2)
    RTC_EnterInitMode                        0x08002991   Thumb Code   130  stm32f4xx_hal_rtc.o(.text.RTC_EnterInitMode)
    RTC_ExitInitMode                         0x08002a15   Thumb Code    72  stm32f4xx_hal_rtc.o(.text.RTC_ExitInitMode)
    SVC_Handler                              0x08002a5d   Thumb Code     2  stm32f4xx_it.o(.text.SVC_Handler)
    SysTick_Handler                          0x08002ab5   Thumb Code     8  stm32f4xx_it.o(.text.SysTick_Handler)
    SystemClock_Config                       0x08002abd   Thumb Code   190  main.o(.text.SystemClock_Config)
    SystemInit                               0x08002b7d   Thumb Code    18  system_stm32f4xx.o(.text.SystemInit)
    TIM6_DAC_IRQHandler                      0x08002b91   Thumb Code    16  stm32f4xx_it.o(.text.TIM6_DAC_IRQHandler)
    TIM_Base_SetConfig                       0x08002ba1   Thumb Code   432  stm32f4xx_hal_tim.o(.text.TIM_Base_SetConfig)
    UsageFault_Handler                       0x08002d51   Thumb Code     4  stm32f4xx_it.o(.text.UsageFault_Handler)
    alarm_init_components                    0x08002e15   Thumb Code    72  alrm_logic.o(.text.alarm_init_components)
    alarm_periph_handler                     0x08002e65   Thumb Code   216  alrm_logic.o(.text.alarm_periph_handler)
    alarm_state_machine                      0x08002f3d   Thumb Code  1778  alrm_logic.o(.text.alarm_state_machine)
    alrm_SetAlarm                            0x08003631   Thumb Code    96  alrm.o(.text.alrm_SetAlarm)
    alrm_SetTime                             0x08003691   Thumb Code    74  alrm.o(.text.alrm_SetTime)
    buttonInit                               0x080036dd   Thumb Code    48  button.o(.text.buttonInit)
    getDebouncedButton                       0x0800370d   Thumb Code   112  button.o(.text.getDebouncedButton)
    increment_bcd                            0x0800377d   Thumb Code    76  alrm.o(.text.increment_bcd)
    led_init                                 0x080037c9   Thumb Code    84  leds.o(.text.led_init)
    leds_blink_start                         0x0800381d   Thumb Code    30  leds.o(.text.leds_blink_start)
    leds_blink_stop                          0x0800383d   Thumb Code    28  leds.o(.text.leds_blink_stop)
    leds_calculation                         0x08003859   Thumb Code   230  leds.o(.text.leds_calculation)
    main                                     0x08003941   Thumb Code    44  main.o(.text.main)
    _fp_init                                 0x0800396d   Thumb Code    26  fpinit.o(x$fpl$fpinit)
    __fplib_config_fpu_vfp                   0x08003985   Thumb Code     0  fpinit.o(x$fpl$fpinit)
    __fplib_config_pureend_doubles           0x08003985   Thumb Code     0  fpinit.o(x$fpl$fpinit)
    AHBPrescTable                            0x08003986   Data          16  system_stm32f4xx.o(.rodata.AHBPrescTable)
    Region$$Table$$Base                      0x08003998   Number         0  anon$$obj.o(Region$$Table)
    Region$$Table$$Limit                     0x080039b8   Number         0  anon$$obj.o(Region$$Table)
    SystemCoreClock                          0x20000000   Data           4  system_stm32f4xx.o(.data.SystemCoreClock)
    alarm_led                                0x20000004   Data           4  leds.o(.data.alarm_led)
    alarm_p                                  0x20000008   Data           4  alrm_logic.o(.data.alarm_p)
    uwTickFreq                               0x2000000c   Data           1  stm32f4xx_hal.o(.data.uwTickFreq)
    uwTickPrio                               0x20000010   Data           4  stm32f4xx_hal.o(.data.uwTickPrio)
    __libspace_start                         0x20000018   Data          96  libspace.o(.bss)
    __temporary_stack_top$libspace           0x20000078   Data           0  libspace.o(.bss)
    But0_State                               0x2000007b   Data           1  press_detection.o(.bss.But0_State)
    But0_press_state                         0x2000007c   Data           1  press_detection.o(.bss.But0_press_state)
    But0_prev_press_state                    0x2000007d   Data           1  press_detection.o(.bss.But0_prev_press_state)
    But1_State                               0x20000081   Data           1  press_detection.o(.bss.But1_State)
    But1_press_state                         0x20000082   Data           1  press_detection.o(.bss.But1_press_state)
    But1_prev_press_state                    0x20000083   Data           1  press_detection.o(.bss.But1_prev_press_state)
    alarm_A_flag                             0x20000084   Data           2  alrm.o(.bss.alarm_A_flag)
    govno                                    0x20000086   Data          14  leds.o(.bss.govno)
    halarm                                   0x20000094   Data          16  alrm_logic.o(.bss.halarm)
    hbut0                                    0x200000a4   Data           4  press_detection.o(.bss.hbut0)
    hbut1                                    0x200000a8   Data           4  press_detection.o(.bss.hbut1)
    hrtc                                     0x200000ac   Data          32  rtc.o(.bss.hrtc)
    htim6                                    0x200000cc   Data          72  tim.o(.bss.htim6)
    init_buttons_flag                        0x20000114   Data           1  stm32f4xx_it.o(.bss.init_buttons_flag)
    sAlarm                                   0x20000118   Data          40  alrm.o(.bss.sAlarm)
    sDate                                    0x20000140   Data           4  alrm.o(.bss.sDate)
    sTime                                    0x20000144   Data          20  alrm.o(.bss.sTime)
    uwTick                                   0x20000158   Data           4  stm32f4xx_hal.o(.bss.uwTick)



==============================================================================

Memory Map of the image

  Image Entry point : 0x08000189

  Load Region LR_IROM1 (Base: 0x08000000, Size: 0x000039d0, Max: 0x00080000, ABSOLUTE)

    Execution Region ER_IROM1 (Exec base: 0x08000000, Load base: 0x08000000, Size: 0x000039b8, Max: 0x00080000, ABSOLUTE)

    Exec Addr    Load Addr    Size         Type   Attr      Idx    E Section Name        Object

    0x08000000   0x08000000   0x00000188   Data   RO            3    RESET               startup_stm32f407xx.o
    0x08000188   0x08000188   0x00000008   Code   RO         1186  * !!!main             c_w.l(__main.o)
    0x08000190   0x08000190   0x0000005c   Code   RO         1411    !!!scatter          c_w.l(__scatter.o)
    0x080001ec   0x080001ec   0x0000001a   Code   RO         1415    !!handler_copy      c_w.l(__scatter_copy.o)
    0x08000206   0x08000206   0x00000002   PAD
    0x08000208   0x08000208   0x00000002   Code   RO         1412    !!handler_null      c_w.l(__scatter.o)
    0x0800020a   0x0800020a   0x00000002   PAD
    0x0800020c   0x0800020c   0x0000001c   Code   RO         1417    !!handler_zi        c_w.l(__scatter_zi.o)
    0x08000228   0x08000228   0x00000002   Code   RO         1346    .ARM.Collect$$libinit$$00000000  c_w.l(libinit.o)
    0x0800022a   0x0800022a   0x00000004   Code   RO         1228    .ARM.Collect$$libinit$$00000001  c_w.l(libinit2.o)
    0x0800022e   0x0800022e   0x00000000   Code   RO         1231    .ARM.Collect$$libinit$$00000004  c_w.l(libinit2.o)
    0x0800022e   0x0800022e   0x00000000   Code   RO         1233    .ARM.Collect$$libinit$$00000006  c_w.l(libinit2.o)
    0x0800022e   0x0800022e   0x00000008   Code   RO         1234    .ARM.Collect$$libinit$$00000007  c_w.l(libinit2.o)
    0x08000236   0x08000236   0x00000000   Code   RO         1236    .ARM.Collect$$libinit$$0000000C  c_w.l(libinit2.o)
    0x08000236   0x08000236   0x00000000   Code   RO         1238    .ARM.Collect$$libinit$$0000000E  c_w.l(libinit2.o)
    0x08000236   0x08000236   0x00000000   Code   RO         1240    .ARM.Collect$$libinit$$00000010  c_w.l(libinit2.o)
    0x08000236   0x08000236   0x00000000   Code   RO         1243    .ARM.Collect$$libinit$$00000013  c_w.l(libinit2.o)
    0x08000236   0x08000236   0x00000000   Code   RO         1245    .ARM.Collect$$libinit$$00000015  c_w.l(libinit2.o)
    0x08000236   0x08000236   0x00000000   Code   RO         1247    .ARM.Collect$$libinit$$00000017  c_w.l(libinit2.o)
    0x08000236   0x08000236   0x00000000   Code   RO         1249    .ARM.Collect$$libinit$$00000019  c_w.l(libinit2.o)
    0x08000236   0x08000236   0x00000000   Code   RO         1251    .ARM.Collect$$libinit$$0000001B  c_w.l(libinit2.o)
    0x08000236   0x08000236   0x00000000   Code   RO         1253    .ARM.Collect$$libinit$$0000001D  c_w.l(libinit2.o)
    0x08000236   0x08000236   0x00000000   Code   RO         1255    .ARM.Collect$$libinit$$0000001F  c_w.l(libinit2.o)
    0x08000236   0x08000236   0x00000000   Code   RO         1257    .ARM.Collect$$libinit$$00000021  c_w.l(libinit2.o)
    0x08000236   0x08000236   0x00000000   Code   RO         1259    .ARM.Collect$$libinit$$00000023  c_w.l(libinit2.o)
    0x08000236   0x08000236   0x00000000   Code   RO         1261    .ARM.Collect$$libinit$$00000025  c_w.l(libinit2.o)
    0x08000236   0x08000236   0x00000000   Code   RO         1263    .ARM.Collect$$libinit$$00000027  c_w.l(libinit2.o)
    0x08000236   0x08000236   0x00000000   Code   RO         1267    .ARM.Collect$$libinit$$0000002E  c_w.l(libinit2.o)
    0x08000236   0x08000236   0x00000000   Code   RO         1269    .ARM.Collect$$libinit$$00000030  c_w.l(libinit2.o)
    0x08000236   0x08000236   0x00000000   Code   RO         1271    .ARM.Collect$$libinit$$00000032  c_w.l(libinit2.o)
    0x08000236   0x08000236   0x00000000   Code   RO         1273    .ARM.Collect$$libinit$$00000034  c_w.l(libinit2.o)
    0x08000236   0x08000236   0x00000002   Code   RO         1274    .ARM.Collect$$libinit$$00000035  c_w.l(libinit2.o)
    0x08000238   0x08000238   0x00000002   Code   RO         1408    .ARM.Collect$$libshutdown$$00000000  c_w.l(libshutdown.o)
    0x0800023a   0x0800023a   0x00000000   Code   RO         1364    .ARM.Collect$$libshutdown$$00000002  c_w.l(libshutdown2.o)
    0x0800023a   0x0800023a   0x00000000   Code   RO         1366    .ARM.Collect$$libshutdown$$00000004  c_w.l(libshutdown2.o)
    0x0800023a   0x0800023a   0x00000000   Code   RO         1369    .ARM.Collect$$libshutdown$$00000007  c_w.l(libshutdown2.o)
    0x0800023a   0x0800023a   0x00000000   Code   RO         1372    .ARM.Collect$$libshutdown$$0000000A  c_w.l(libshutdown2.o)
    0x0800023a   0x0800023a   0x00000000   Code   RO         1374    .ARM.Collect$$libshutdown$$0000000C  c_w.l(libshutdown2.o)
    0x0800023a   0x0800023a   0x00000000   Code   RO         1377    .ARM.Collect$$libshutdown$$0000000F  c_w.l(libshutdown2.o)
    0x0800023a   0x0800023a   0x00000002   Code   RO         1378    .ARM.Collect$$libshutdown$$00000010  c_w.l(libshutdown2.o)
    0x0800023c   0x0800023c   0x00000000   Code   RO         1190    .ARM.Collect$$rtentry$$00000000  c_w.l(__rtentry.o)
    0x0800023c   0x0800023c   0x00000000   Code   RO         1283    .ARM.Collect$$rtentry$$00000002  c_w.l(__rtentry2.o)
    0x0800023c   0x0800023c   0x00000006   Code   RO         1295    .ARM.Collect$$rtentry$$00000004  c_w.l(__rtentry4.o)
    0x08000242   0x08000242   0x00000000   Code   RO         1285    .ARM.Collect$$rtentry$$00000009  c_w.l(__rtentry2.o)
    0x08000242   0x08000242   0x00000004   Code   RO         1286    .ARM.Collect$$rtentry$$0000000A  c_w.l(__rtentry2.o)
    0x08000246   0x08000246   0x00000000   Code   RO         1288    .ARM.Collect$$rtentry$$0000000C  c_w.l(__rtentry2.o)
    0x08000246   0x08000246   0x00000008   Code   RO         1289    .ARM.Collect$$rtentry$$0000000D  c_w.l(__rtentry2.o)
    0x0800024e   0x0800024e   0x00000002   Code   RO         1351    .ARM.Collect$$rtexit$$00000000  c_w.l(rtexit.o)
    0x08000250   0x08000250   0x00000000   Code   RO         1384    .ARM.Collect$$rtexit$$00000002  c_w.l(rtexit2.o)
    0x08000250   0x08000250   0x00000004   Code   RO         1385    .ARM.Collect$$rtexit$$00000003  c_w.l(rtexit2.o)
    0x08000254   0x08000254   0x00000006   Code   RO         1386    .ARM.Collect$$rtexit$$00000004  c_w.l(rtexit2.o)
    0x0800025a   0x0800025a   0x00000002   PAD
    0x0800025c   0x0800025c   0x00000040   Code   RO            4    .text               startup_stm32f407xx.o
    0x0800029c   0x0800029c   0x0000005e   Code   RO         1126    .text               c_w.l(h1_alloc.o)
    0x080002fa   0x080002fa   0x000000f0   Code   RO         1180    .text               c_w.l(lludivv7m.o)
    0x080003ea   0x080003ea   0x0000004e   Code   RO         1182    .text               c_w.l(rt_memclr_w.o)
    0x08000438   0x08000438   0x00000006   Code   RO         1184    .text               c_w.l(heapauxi.o)
    0x0800043e   0x0800043e   0x00000002   PAD
    0x08000440   0x08000440   0x00000008   Code   RO         1198    .text               c_w.l(rt_heap_descriptor_intlibspace.o)
    0x08000448   0x08000448   0x00000004   Code   RO         1200    .text               c_w.l(hguard.o)
    0x0800044c   0x0800044c   0x0000008a   Code   RO         1202    .text               c_w.l(init_alloc.o)
    0x080004d6   0x080004d6   0x0000000c   Code   RO         1208    .text               c_w.l(h1_init.o)
    0x080004e2   0x080004e2   0x0000004e   Code   RO         1210    .text               c_w.l(h1_free.o)
    0x08000530   0x08000530   0x00000008   Code   RO         1279    .text               c_w.l(libspace.o)
    0x08000538   0x08000538   0x00000000   Code   RO         1301    .text               c_w.l(maybetermalloc1.o)
    0x08000538   0x08000538   0x00000034   Code   RO         1303    .text               c_w.l(h1_extend.o)
    0x0800056c   0x0800056c   0x0000000e   Code   RO         1307    .text               c_w.l(defsig_rtmem_outer.o)
    0x0800057a   0x0800057a   0x00000002   Code   RO         1318    .text               c_w.l(use_no_semi.o)
    0x0800057c   0x0800057c   0x00000000   Code   RO         1320    .text               c_w.l(indicate_semi.o)
    0x0800057c   0x0800057c   0x0000004a   Code   RO         1321    .text               c_w.l(sys_stackheap_outer.o)
    0x080005c6   0x080005c6   0x00000012   Code   RO         1327    .text               c_w.l(exit.o)
    0x080005d8   0x080005d8   0x0000000a   Code   RO         1329    .text               c_w.l(defsig_exit.o)
    0x080005e2   0x080005e2   0x00000002   PAD
    0x080005e4   0x080005e4   0x00000050   Code   RO         1335    .text               c_w.l(defsig_rtmem_inner.o)
    0x08000634   0x08000634   0x0000000c   Code   RO         1347    .text               c_w.l(sys_exit.o)
    0x08000640   0x08000640   0x00000032   Code   RO         1359    .text               c_w.l(defsig_general.o)
    0x08000672   0x08000672   0x0000000e   Code   RO         1379    .text               c_w.l(sys_wrch.o)
    0x08000680   0x08000680   0x00000004   Code   RO          154    .text.BusFault_Handler  stm32f4xx_it.o
    0x08000684   0x08000684   0x00000002   Code   RO          160    .text.DebugMon_Handler  stm32f4xx_it.o
    0x08000686   0x08000686   0x00000002   PAD
    0x08000688   0x08000688   0x00000006   Code   RO          102    .text.Error_Handler  main.o
    0x0800068e   0x0800068e   0x00000002   PAD
    0x08000690   0x08000690   0x0000001c   Code   RO           58    .text.Get_Button0_PressState  press_detection.o
    0x080006ac   0x080006ac   0x0000001c   Code   RO           60    .text.Get_Button1_PressState  press_detection.o
    0x080006c8   0x080006c8   0x000003b6   Code   RO          471    .text.HAL_GPIO_Init  stm32f4xx_hal_gpio.o
    0x08000a7e   0x08000a7e   0x00000002   PAD
    0x08000a80   0x08000a80   0x0000002e   Code   RO          475    .text.HAL_GPIO_ReadPin  stm32f4xx_hal_gpio.o
    0x08000aae   0x08000aae   0x00000002   PAD
    0x08000ab0   0x08000ab0   0x0000002e   Code   RO          477    .text.HAL_GPIO_WritePin  stm32f4xx_hal_gpio.o
    0x08000ade   0x08000ade   0x00000002   PAD
    0x08000ae0   0x08000ae0   0x0000000c   Code   RO          696    .text.HAL_GetTick   stm32f4xx_hal.o
    0x08000aec   0x08000aec   0x0000001a   Code   RO          694    .text.HAL_IncTick   stm32f4xx_hal.o
    0x08000b06   0x08000b06   0x00000002   PAD
    0x08000b08   0x08000b08   0x00000036   Code   RO          684    .text.HAL_Init      stm32f4xx_hal.o
    0x08000b3e   0x08000b3e   0x00000002   PAD
    0x08000b40   0x08000b40   0x00000070   Code   RO          686    .text.HAL_InitTick  stm32f4xx_hal.o
    0x08000bb0   0x08000bb0   0x0000004a   Code   RO          191    .text.HAL_MspInit   stm32f4xx_hal_msp.o
    0x08000bfa   0x08000bfa   0x00000002   PAD
    0x08000bfc   0x08000bfc   0x00000014   Code   RO          619    .text.HAL_NVIC_EnableIRQ  stm32f4xx_hal_cortex.o
    0x08000c10   0x08000c10   0x00000032   Code   RO          611    .text.HAL_NVIC_SetPriority  stm32f4xx_hal_cortex.o
    0x08000c42   0x08000c42   0x00000002   PAD
    0x08000c44   0x08000c44   0x00000010   Code   RO          607    .text.HAL_NVIC_SetPriorityGrouping  stm32f4xx_hal_cortex.o
    0x08000c54   0x08000c54   0x00000238   Code   RO          370    .text.HAL_RCCEx_PeriphCLKConfig  stm32f4xx_hal_rcc_ex.o
    0x08000e8c   0x08000e8c   0x00000262   Code   RO          339    .text.HAL_RCC_ClockConfig  stm32f4xx_hal_rcc.o
    0x080010ee   0x080010ee   0x00000002   PAD
    0x080010f0   0x080010f0   0x000000e6   Code   RO          341    .text.HAL_RCC_GetSysClockFreq  stm32f4xx_hal_rcc.o
    0x080011d6   0x080011d6   0x00000002   PAD
    0x080011d8   0x080011d8   0x000006be   Code   RO          337    .text.HAL_RCC_OscConfig  stm32f4xx_hal_rcc.o
    0x08001896   0x08001896   0x00000002   PAD
    0x08001898   0x08001898   0x00000008   Code   RO          324    .text.HAL_RTCEx_AlarmBEventCallback  stm32f4xx_hal_rtc_ex.o
    0x080018a0   0x080018a0   0x00000014   Code   RO           15    .text.HAL_RTC_AlarmAEventCallback  alrm.o
    0x080018b4   0x080018b4   0x000000aa   Code   RO          231    .text.HAL_RTC_AlarmIRQHandler  stm32f4xx_hal_rtc.o
    0x0800195e   0x0800195e   0x00000002   PAD
    0x08001960   0x08001960   0x00000078   Code   RO          221    .text.HAL_RTC_GetDate  stm32f4xx_hal_rtc.o
    0x080019d8   0x080019d8   0x00000092   Code   RO          215    .text.HAL_RTC_GetTime  stm32f4xx_hal_rtc.o
    0x08001a6a   0x08001a6a   0x00000002   PAD
    0x08001a6c   0x08001a6c   0x00000112   Code   RO          199    .text.HAL_RTC_Init  stm32f4xx_hal_rtc.o
    0x08001b7e   0x08001b7e   0x00000002   PAD
    0x08001b80   0x08001b80   0x00000060   Code   RO          122    .text.HAL_RTC_MspInit  rtc.o
    0x08001be0   0x08001be0   0x000002da   Code   RO          225    .text.HAL_RTC_SetAlarm_IT  stm32f4xx_hal_rtc.o
    0x08001eba   0x08001eba   0x00000002   PAD
    0x08001ebc   0x08001ebc   0x00000156   Code   RO          211    .text.HAL_RTC_SetTime  stm32f4xx_hal_rtc.o
    0x08002012   0x08002012   0x00000002   PAD
    0x08002014   0x08002014   0x00000058   Code   RO          237    .text.HAL_RTC_WaitForSynchro  stm32f4xx_hal_rtc.o
    0x0800206c   0x0800206c   0x00000010   Code   RO          631    .text.HAL_SYSTICK_Config  stm32f4xx_hal_cortex.o
    0x0800207c   0x0800207c   0x00000008   Code   RO         1096    .text.HAL_TIMEx_BreakCallback  stm32f4xx_hal_tim_ex.o
    0x08002084   0x08002084   0x00000008   Code   RO         1092    .text.HAL_TIMEx_CommutCallback  stm32f4xx_hal_tim_ex.o
    0x0800208c   0x0800208c   0x00000122   Code   RO         1086    .text.HAL_TIMEx_MasterConfigSynchronization  stm32f4xx_hal_tim_ex.o
    0x080021ae   0x080021ae   0x00000002   PAD
    0x080021b0   0x080021b0   0x0000009c   Code   RO          773    .text.HAL_TIM_Base_Init  stm32f4xx_hal_tim.o
    0x0800224c   0x0800224c   0x00000052   Code   RO          136    .text.HAL_TIM_Base_MspInit  tim.o
    0x0800229e   0x0800229e   0x00000002   PAD
    0x080022a0   0x080022a0   0x000000f6   Code   RO          787    .text.HAL_TIM_Base_Start_IT  stm32f4xx_hal_tim.o
    0x08002396   0x08002396   0x00000002   PAD
    0x08002398   0x08002398   0x00000008   Code   RO          909    .text.HAL_TIM_IC_CaptureCallback  stm32f4xx_hal_tim.o
    0x080023a0   0x080023a0   0x0000021a   Code   RO          907    .text.HAL_TIM_IRQHandler  stm32f4xx_hal_tim.o
    0x080025ba   0x080025ba   0x00000002   PAD
    0x080025bc   0x080025bc   0x00000008   Code   RO          911    .text.HAL_TIM_OC_DelayElapsedCallback  stm32f4xx_hal_tim.o
    0x080025c4   0x080025c4   0x00000008   Code   RO          913    .text.HAL_TIM_PWM_PulseFinishedCallback  stm32f4xx_hal_tim.o
    0x080025cc   0x080025cc   0x00000046   Code   RO          170    .text.HAL_TIM_PeriodElapsedCallback  stm32f4xx_it.o
    0x08002612   0x08002612   0x00000002   PAD
    0x08002614   0x08002614   0x00000008   Code   RO          917    .text.HAL_TIM_TriggerCallback  stm32f4xx_hal_tim.o
    0x0800261c   0x0800261c   0x00000004   Code   RO          150    .text.HardFault_Handler  stm32f4xx_it.o
    0x08002620   0x08002620   0x000000e8   Code   RO          112    .text.MX_GPIO_Init  gpio.o
    0x08002708   0x08002708   0x00000054   Code   RO          120    .text.MX_RTC_Init   rtc.o
    0x0800275c   0x0800275c   0x0000005a   Code   RO          134    .text.MX_TIM6_Init  tim.o
    0x080027b6   0x080027b6   0x00000002   PAD
    0x080027b8   0x080027b8   0x00000004   Code   RO          152    .text.MemManage_Handler  stm32f4xx_it.o
    0x080027bc   0x080027bc   0x00000004   Code   RO          148    .text.NMI_Handler   stm32f4xx_it.o
    0x080027c0   0x080027c0   0x0000006c   Code   RO          617    .text.NVIC_EncodePriority  stm32f4xx_hal_cortex.o
    0x0800282c   0x0800282c   0x00000002   Code   RO          162    .text.PendSV_Handler  stm32f4xx_it.o
    0x0800282e   0x0800282e   0x00000002   PAD
    0x08002830   0x08002830   0x000000e6   Code   RO           56    .text.PressDetection_Update  press_detection.o
    0x08002916   0x08002916   0x00000002   PAD
    0x08002918   0x08002918   0x00000010   Code   RO          166    .text.RTC_Alarm_IRQHandler  stm32f4xx_it.o
    0x08002928   0x08002928   0x0000002a   Code   RO          217    .text.RTC_Bcd2ToByte  stm32f4xx_hal_rtc.o
    0x08002952   0x08002952   0x00000002   PAD
    0x08002954   0x08002954   0x0000003a   Code   RO          213    .text.RTC_ByteToBcd2  stm32f4xx_hal_rtc.o
    0x0800298e   0x0800298e   0x00000002   PAD
    0x08002990   0x08002990   0x00000082   Code   RO          203    .text.RTC_EnterInitMode  stm32f4xx_hal_rtc.o
    0x08002a12   0x08002a12   0x00000002   PAD
    0x08002a14   0x08002a14   0x00000048   Code   RO          205    .text.RTC_ExitInitMode  stm32f4xx_hal_rtc.o
    0x08002a5c   0x08002a5c   0x00000002   Code   RO          158    .text.SVC_Handler   stm32f4xx_it.o
    0x08002a5e   0x08002a5e   0x00000002   PAD
    0x08002a60   0x08002a60   0x00000052   Code   RO          633    .text.SysTick_Config  stm32f4xx_hal_cortex.o
    0x08002ab2   0x08002ab2   0x00000002   PAD
    0x08002ab4   0x08002ab4   0x00000008   Code   RO          164    .text.SysTick_Handler  stm32f4xx_it.o
    0x08002abc   0x08002abc   0x000000be   Code   RO          100    .text.SystemClock_Config  main.o
    0x08002b7a   0x08002b7a   0x00000002   PAD
    0x08002b7c   0x08002b7c   0x00000012   Code   RO         1109    .text.SystemInit    system_stm32f4xx.o
    0x08002b8e   0x08002b8e   0x00000002   PAD
    0x08002b90   0x08002b90   0x00000010   Code   RO          168    .text.TIM6_DAC_IRQHandler  stm32f4xx_it.o
    0x08002ba0   0x08002ba0   0x000001b0   Code   RO          777    .text.TIM_Base_SetConfig  stm32f4xx_hal_tim.o
    0x08002d50   0x08002d50   0x00000004   Code   RO          156    .text.UsageFault_Handler  stm32f4xx_it.o
    0x08002d54   0x08002d54   0x00000030   Code   RO          621    .text.__NVIC_EnableIRQ  stm32f4xx_hal_cortex.o
    0x08002d84   0x08002d84   0x00000010   Code   RO          613    .text.__NVIC_GetPriorityGrouping  stm32f4xx_hal_cortex.o
    0x08002d94   0x08002d94   0x00000042   Code   RO          615    .text.__NVIC_SetPriority  stm32f4xx_hal_cortex.o
    0x08002dd6   0x08002dd6   0x00000002   PAD
    0x08002dd8   0x08002dd8   0x0000003c   Code   RO          609    .text.__NVIC_SetPriorityGrouping  stm32f4xx_hal_cortex.o
    0x08002e14   0x08002e14   0x00000050   Code   RO           41    .text.alarm_init_components  alrm_logic.o
    0x08002e64   0x08002e64   0x000000d8   Code   RO           43    .text.alarm_periph_handler  alrm_logic.o
    0x08002f3c   0x08002f3c   0x000006f2   Code   RO           45    .text.alarm_state_machine  alrm_logic.o
    0x0800362e   0x0800362e   0x00000002   PAD
    0x08003630   0x08003630   0x00000060   Code   RO           13    .text.alrm_SetAlarm  alrm.o
    0x08003690   0x08003690   0x0000004a   Code   RO           11    .text.alrm_SetTime  alrm.o
    0x080036da   0x080036da   0x00000002   PAD
    0x080036dc   0x080036dc   0x00000030   Code   RO           30    .text.buttonInit    button.o
    0x0800370c   0x0800370c   0x00000070   Code   RO           32    .text.getDebouncedButton  button.o
    0x0800377c   0x0800377c   0x0000004c   Code   RO           17    .text.increment_bcd  alrm.o
    0x080037c8   0x080037c8   0x00000054   Code   RO           81    .text.led_init      leds.o
    0x0800381c   0x0800381c   0x0000001e   Code   RO           85    .text.leds_blink_start  leds.o
    0x0800383a   0x0800383a   0x00000002   PAD
    0x0800383c   0x0800383c   0x0000001c   Code   RO           87    .text.leds_blink_stop  leds.o
    0x08003858   0x08003858   0x000000e6   Code   RO           83    .text.leds_calculation  leds.o
    0x0800393e   0x0800393e   0x00000002   PAD
    0x08003940   0x08003940   0x0000002c   Code   RO           98    .text.main          main.o
    0x0800396c   0x0800396c   0x0000001a   Code   RO         1316    x$fpl$fpinit        fz_wm.l(fpinit.o)
    0x08003986   0x08003986   0x00000010   Data   RO         1114    .rodata.AHBPrescTable  system_stm32f4xx.o
    0x08003996   0x08003996   0x00000002   PAD
    0x08003998   0x08003998   0x00000020   Data   RO         1410    Region$$Table       anon$$obj.o


    Execution Region RW_IRAM1 (Exec base: 0x20000000, Load base: 0x080039b8, Size: 0x00000760, Max: 0x0001c000, ABSOLUTE)

    Exec Addr    Load Addr    Size         Type   Attr      Idx    E Section Name        Object

    0x20000000   0x080039b8   0x00000004   Data   RW         1113    .data.SystemCoreClock  system_stm32f4xx.o
    0x20000004   0x080039bc   0x00000004   Data   RW           90    .data.alarm_led     leds.o
    0x20000008   0x080039c0   0x00000004   Data   RW           48    .data.alarm_p       alrm_logic.o
    0x2000000c   0x080039c4   0x00000001   Data   RW          739    .data.uwTickFreq    stm32f4xx_hal.o
    0x2000000d   0x080039c5   0x00000003   PAD
    0x20000010   0x080039c8   0x00000004   Data   RW          738    .data.uwTickPrio    stm32f4xx_hal.o
    0x20000014   0x080039cc   0x00000004   PAD
    0x20000018        -       0x00000060   Zero   RW         1280    .bss                c_w.l(libspace.o)
    0x20000078        -       0x00000002   Zero   RW           63    .bss.But0_PressCounter  press_detection.o
    0x2000007a        -       0x00000001   Zero   RW           64    .bss.But0_PressState  press_detection.o
    0x2000007b        -       0x00000001   Zero   RW           62    .bss.But0_State     press_detection.o
    0x2000007c        -       0x00000001   Zero   RW           70    .bss.But0_press_state  press_detection.o
    0x2000007d        -       0x00000001   Zero   RW           72    .bss.But0_prev_press_state  press_detection.o
    0x2000007e        -       0x00000002   Zero   RW           66    .bss.But1_PressCounter  press_detection.o
    0x20000080        -       0x00000001   Zero   RW           67    .bss.But1_PressState  press_detection.o
    0x20000081        -       0x00000001   Zero   RW           65    .bss.But1_State     press_detection.o
    0x20000082        -       0x00000001   Zero   RW           71    .bss.But1_press_state  press_detection.o
    0x20000083        -       0x00000001   Zero   RW           73    .bss.But1_prev_press_state  press_detection.o
    0x20000084        -       0x00000002   Zero   RW           21    .bss.alarm_A_flag   alrm.o
    0x20000086        -       0x0000000e   Zero   RW           89    .bss.govno          leds.o
    0x20000094        -       0x00000010   Zero   RW           47    .bss.halarm         alrm_logic.o
    0x200000a4        -       0x00000004   Zero   RW           69    .bss.hbut0          press_detection.o
    0x200000a8        -       0x00000004   Zero   RW           68    .bss.hbut1          press_detection.o
    0x200000ac        -       0x00000020   Zero   RW          126    .bss.hrtc           rtc.o
    0x200000cc        -       0x00000048   Zero   RW          140    .bss.htim6          tim.o
    0x20000114        -       0x00000001   Zero   RW          172    .bss.init_buttons_flag  stm32f4xx_it.o
    0x20000115   0x080039cc   0x00000003   PAD
    0x20000118        -       0x00000028   Zero   RW           20    .bss.sAlarm         alrm.o
    0x20000140        -       0x00000004   Zero   RW           22    .bss.sDate          alrm.o
    0x20000144        -       0x00000014   Zero   RW           19    .bss.sTime          alrm.o
    0x20000158        -       0x00000004   Zero   RW          740    .bss.uwTick         stm32f4xx_hal.o
    0x2000015c   0x080039cc   0x00000004   PAD
    0x20000160        -       0x00000200   Zero   RW            2    HEAP                startup_stm32f407xx.o
    0x20000360        -       0x00000400   Zero   RW            1    STACK               startup_stm32f407xx.o


    Execution Region RW_IRAM2 (Exec base: 0x2001c000, Load base: 0x080039d0, Size: 0x00000000, Max: 0x00004000, ABSOLUTE)

    **** No section assigned to this execution region ****


==============================================================================

Image component sizes


      Code (inc. data)   RO Data    RW Data    ZI Data      Debug   Object Name

       266          0          0          0         66       3595   alrm.o
      2074         16          0          4         16       3378   alrm_logic.o
       160          0          0          0          0       1017   button.o
       232          0          0          0          0       2154   gpio.o
       372          0          0          4         14       2053   leds.o
       240          0          0          0          0       2795   main.o
       286          0          0          0         20       1702   press_detection.o
       180          0          0          0         32       5371   rtc.o
        64         26        392          0       1536        836   startup_stm32f407xx.o
       204          0          0          5          4       7121   stm32f4xx_hal.o
       482          0          0          0          0       9732   stm32f4xx_hal_cortex.o
      1042          0          0          0          0       5106   stm32f4xx_hal_gpio.o
        74          0          0          0          0       1487   stm32f4xx_hal_msp.o
      2566          0          0          0          0       7583   stm32f4xx_hal_rcc.o
       568          0          0          0          0       4201   stm32f4xx_hal_rcc_ex.o
      2172          0          0          0          0      10043   stm32f4xx_hal_rtc.o
         8          0          0          0          0      11808   stm32f4xx_hal_rtc_ex.o
      1404          0          0          0          0      36026   stm32f4xx_hal_tim.o
       306          0          0          0          0      15346   stm32f4xx_hal_tim_ex.o
       136          0          0          0          1       5057   stm32f4xx_it.o
        18          0         16          4          0       2534   system_stm32f4xx.o
       172          0          0          0         72       6786   tim.o

    ----------------------------------------------------------------------
     13100         42        442         20       1772     145731   Object Totals
         0          0         32          0          0          0   (incl. Generated)
        74          0          2          3         11          0   (incl. Padding)

    ----------------------------------------------------------------------

      Code (inc. data)   RO Data    RW Data    ZI Data      Debug   Library Member Name

         8          0          0          0          0         68   __main.o
         0          0          0          0          0          0   __rtentry.o
        12          0          0          0          0          0   __rtentry2.o
         6          0          0          0          0          0   __rtentry4.o
        94          8          0          0          0          0   __scatter.o
        26          0          0          0          0          0   __scatter_copy.o
        28          0          0          0          0          0   __scatter_zi.o
        10          0          0          0          0         68   defsig_exit.o
        50          0          0          0          0         88   defsig_general.o
        80         58          0          0          0         76   defsig_rtmem_inner.o
        14          0          0          0          0         80   defsig_rtmem_outer.o
        18          0          0          0          0         80   exit.o
        94          0          0          0          0         80   h1_alloc.o
        52          0          0          0          0         68   h1_extend.o
        78          0          0          0          0         80   h1_free.o
        12          0          0          0          0         84   h1_init.o
         6          0          0          0          0        152   heapauxi.o
         4          0          0          0          0        136   hguard.o
         0          0          0          0          0          0   indicate_semi.o
       138          0          0          0          0        168   init_alloc.o
         2          0          0          0          0          0   libinit.o
        14          0          0          0          0          0   libinit2.o
         2          0          0          0          0          0   libshutdown.o
         2          0          0          0          0          0   libshutdown2.o
         8          4          0          0         96         68   libspace.o
       240          0          0          0          0        100   lludivv7m.o
         0          0          0          0          0          0   maybetermalloc1.o
         8          4          0          0          0         68   rt_heap_descriptor_intlibspace.o
        78          0          0          0          0         80   rt_memclr_w.o
         2          0          0          0          0          0   rtexit.o
        10          0          0          0          0          0   rtexit2.o
        12          4          0          0          0         68   sys_exit.o
        74          0          0          0          0         80   sys_stackheap_outer.o
        14          0          0          0          0         76   sys_wrch.o
         2          0          0          0          0         68   use_no_semi.o
        26          0          0          0          0        116   fpinit.o

    ----------------------------------------------------------------------
      1234         78          0          0         96       1952   Library Totals
        10          0          0          0          0          0   (incl. Padding)

    ----------------------------------------------------------------------

      Code (inc. data)   RO Data    RW Data    ZI Data      Debug   Library Name

      1198         78          0          0         96       1836   c_w.l
        26          0          0          0          0        116   fz_wm.l

    ----------------------------------------------------------------------
      1234         78          0          0         96       1952   Library Totals

    ----------------------------------------------------------------------

==============================================================================


      Code (inc. data)   RO Data    RW Data    ZI Data      Debug   

     14334        120        442         20       1868     146415   Grand Totals
     14334        120        442         20       1868     146415   ELF Image Totals
     14334        120        442         20          0          0   ROM Totals

==============================================================================

    Total RO  Size (Code + RO Data)                14776 (  14.43kB)
    Total RW  Size (RW Data + ZI Data)              1888 (   1.84kB)
    Total ROM Size (Code + RO Data + RW Data)      14796 (  14.45kB)

==============================================================================

